AbutContact_CDNS_7815225788913 METAL1a,NDIFF,NTAP,PSUB,NDIFFCONT,NW1V2 NULL
AbutContact_CDNS_7815225788915 METAL1a,NDIFF,NDIFFCONT NULL
nmos1v2hvt_4_CDNS_781522578890 PW1V2,METAL1a,METAL2a,NDIFF,POLYG3,PSUB,NMOS1V2HVT,NGATE,NDIFFCONT PDIFFCONT,POLYCONT,PTAP,VIA1,PDIFF
nmos1v2hvt_4_CDNS_781522578895 PW1V2,PDIFFCONT,METAL1a,NDIFF,POLYG3,PSUB,NMOS1V2HVT,NGATE,PTAP,NDIFFCONT,PDIFF NULL
nmos1v2hvt_4_CDNS_781522578898 PW1V2,PDIFFCONT,METAL1a,METAL2a,NDIFF,POLYG3,PSUB,NMOS1V2HVT,NGATE,PTAP,NDIFFCONT,PDIFF POLYCONT,VIA1
rnpolym_CDNS_7815225788926 METAL1a,RNPOLYMNW1V2,POLYG3,PSUB,NW1V2 POLYCONT
MASCO__Y1 METAL1a POLYCONT,POLYG3
M1_M2_CDNS_781522578891 METAL1a,METAL2a,VIA1 NULL
M1_M2_CDNS_781522578892 METAL1a,METAL2a,VIA1 NULL
M1_M2_CDNS_781522578893 METAL1a,METAL2a,VIA1 NULL
M1_M2_CDNS_781522578894 METAL1a,METAL2a,VIA1 NULL
Contact_CDNS_781522578891 METAL1a,PSUB NULL
Contact_CDNS_781522578892 METAL1a,METAL2a,VIA1 NULL
Contact_CDNS_781522578893 METAL1a,POLYCONT,POLYG3 NULL
Contact_CDNS_781522578897 METAL1a NULL
Contact_CDNS_781522578899 PW1V2,METAL1a,POLYCONT,POLYG3 NULL
M2_M3_CDNS_781522578898 METAL2a,METAL3a,VIA2 NULL
Contact_CDNS_7815225788912 METAL1a,POLYCONT,POLYG3,NW1V2 NULL
Contact_CDNS_7815225788918 PDIFFCONT,METAL1a,NW1V2 NULL
ncap1v2hvt_CDNS_7815225788923 PW1V2,METAL1a,NCAP1V2HVT,METAL2a,NDIFF,POLYG3,PSUB,NGATE POLYCONT,NDIFFCONT,VIA1
Contact_CDNS_7815225788924 PW1V2,METAL1a,PSUB,NDIFFCONT NULL
Contact_CDNS_7815225788925 PW1V2,METAL1a,POLYCONT,METAL2a,POLYG3,PSUB,VIA1 NULL
Contact_CDNS_7815225788927 METAL1a,POLYCONT,POLYG3 NULL
Contact_CDNS_7815225788930 METAL1a,POLYCONT,POLYG3,PSUB,NW1V2 NULL
M2_M3_CDNS_7815225788910 METAL2a,METAL3a,VIA2 NULL
M2_M3_CDNS_7815225788911 METAL2a,METAL3a,VIA2 NULL
pmos1v2hvt_4_CDNS_7815225788911 PDIFFCONT,METAL1a,METAL2a,PMOS1V2HVT,POLYG3,PSUB,NW1V2,PDIFF,PGATE POLYCONT,NDIFF,NTAP,NDIFFCONT,VIA1
pmos1v2hvt_4_CDNS_7815225788914 PDIFFCONT,METAL1a,PMOS1V2HVT,NTAP,POLYG3,PSUB,NW1V2,PDIFF,PGATE NDIFF,NDIFFCONT
pmos1v2hvt_4_CDNS_7815225788917 METAL1a,PMOS1V2HVT,NTAP,POLYG3,PSUB,NW1V2,PDIFF,PGATE PDIFFCONT,NDIFF,NDIFFCONT
pmos1v2hvt_4_CDNS_7815225788921 METAL1a,PMOS1V2HVT,NDIFF,NTAP,POLYG3,PSUB,NDIFFCONT,NW1V2,PDIFF,PGATE PDIFFCONT
pmos1v2hvt_4_CDNS_7815225788928 PDIFFCONT,METAL1a,METAL2a,PMOS1V2HVT,POLYG3,PSUB,NW1V2,PDIFF,PGATE POLYCONT,NDIFF,NTAP,NDIFFCONT,VIA1
pmos1v2hvt_4_CDNS_7815225788929 PDIFFCONT,METAL1a,METAL2a,PMOS1V2HVT,NDIFF,NTAP,POLYG3,PSUB,NDIFFCONT,NW1V2,PDIFF,PGATE POLYCONT,VIA1
PG_M1_CDNS_781522578890 METAL1a,POLYCONT,POLYG3 NULL
AbutContact_CDNS_781522578894 PW1V2,PDIFFCONT,METAL1a,PSUB,PTAP,PDIFF NULL
CONSTANT_GM_2_fL PW1V2,PDIFFCONT,METAL1a,METAL2a,NDIFF,NTAP,POLYG3,PSUB,METAL3a,PTAP,NDIFFCONT,NW1V2,VIA1,PDIFF NCAP1V2HVT,POLYCONT,RNPOLYMNW1V2,PMOS1V2HVT,NMOS1V2HVT,NGATE,VIA2,PGATE
nmos1v2hvt_4_CDNS_7815225788916 PW1V2,METAL1a,NDIFF,POLYG3,PSUB,NMOS1V2HVT,NGATE,NDIFFCONT PDIFFCONT,POLYCONT,PTAP,PDIFF
nmos1v2hvt_4_CDNS_7815225788919 PW1V2,PDIFFCONT,METAL1a,NDIFF,POLYG3,PSUB,NMOS1V2HVT,NGATE,PTAP,NDIFFCONT,PDIFF NULL
