rnpolyh_CDNS_7858201127268 RNPOLYHNW1V2,METAL1a,PSUB,POLYG3,NW1V2 POLYCONT
rnpolyh_CDNS_7858201127269 RNPOLYHNW1V2,METAL1a,PSUB,POLYG3,NW1V2 POLYCONT
AbutContact_CDNS_7858201127210 PDIFF,PTAP,METAL1a,PSUB,PDIFFCONT NULL
AbutContact_CDNS_7858201127213 NDIFFCONT,METAL1a,PSUB,NDIFF NULL
AbutContact_CDNS_7858201127215 NDIFFCONT,METAL1a,NDIFF NULL
nmos1v2hvt_4_CDNS_7858201127236 PW1V2,NDIFFCONT,NMOS1V2HVT,NGATE,METAL1a,PSUB,POLYG3,METAL2a,NDIFF,POLYCONT VIA1
rnpolyh_CDNS_7858201127270 METAL5a,RNPOLYHNW1V2,METAL1a,PSUB,POLYG3,NW1V2 POLYCONT
rnpolyh_CDNS_7858201127271 RNPOLYHNW1V2,METAL1a,PSUB,POLYG3,NW1V2 POLYCONT
AbutContact_CDNS_7858201127220 PDIFF,PTAP,METAL1a,PDIFFCONT NULL
pnp5ux5u_CDNS_7858201127291 PNPBASE,PDIFF,PTAP,METAL1a,PSUB,PNPEMIT5UX5U,METAL2a,NTAP,NW1V2 VIA1,PW1V2,NDIFFCONT,NDIFF,PDIFFCONT
AbutContact_CDNS_7858201127222 NDIFFCONT,METAL1a,NDIFF NULL
BG_TRIM_4_fL VIA1,METAL5a,PW1V2,NDIFFCONT,METALFa,PDIFF,VIA4,VIA2,METAL3a,PTAP,METAL1a,PSUB,VIA3,POLYG3,METAL2a,NDIFF,PDIFFCONT,NTAP,NW1V2,VIAF2,METAL4a PNPBASE,PGATE,VIAM,NMOS1V2HVT,NGATE,PNP5UX5U,TOPMIMS2,RNPOLYHNW1V2,PMOS1V2HVT,PNPEMIT5UX5U,CMIMS2,POLYCONT
nmos1v2hvt_4_CDNS_7858201127244 PW1V2,NDIFFCONT,PDIFF,NMOS1V2HVT,NGATE,PTAP,METAL1a,PSUB,POLYG3,NDIFF,PDIFFCONT POLYCONT
nmos1v2hvt_4_CDNS_7858201127247 PW1V2,NDIFFCONT,NMOS1V2HVT,NGATE,METAL1a,PSUB,POLYG3,NDIFF PDIFF,PTAP,PDIFFCONT,POLYCONT
nmos1v2hvt_4_CDNS_7858201127249 PW1V2,NDIFFCONT,NMOS1V2HVT,NGATE,METAL1a,PSUB,POLYG3,METAL2a,NDIFF VIA1,PDIFF,PTAP,PDIFFCONT,POLYCONT
NA3 PGATE,PW1V2,NDIFFCONT,PDIFF,NMOS1V2HVT,NGATE,PTAP,METAL1a,PSUB,PMOS1V2HVT,POLYG3,NDIFF,PDIFFCONT,NTAP,NW1V2,POLYCONT NULL
Tsw PGATE,PW1V2,NDIFFCONT,PDIFF,NMOS1V2HVT,NGATE,PTAP,METAL1a,PSUB,PMOS1V2HVT,POLYG3,NDIFF,PDIFFCONT,NTAP,NW1V2,POLYCONT NULL
AbutContact_CDNS_7858201127234 NDIFFCONT,METAL1a,PSUB,NDIFF NULL
AbutContact_CDNS_785820112724 PDIFF,PTAP,METAL1a,PSUB,PDIFFCONT NULL
IN PGATE,PW1V2,NDIFFCONT,PDIFF,NGATE,PTAP,METAL1a,PSUB,POLYG3,NDIFF,PDIFFCONT,NTAP,NW1V2,POLYCONT NULL
nmos1v2hvt_4_CDNS_7858201127262 PW1V2,NDIFFCONT,PDIFF,NMOS1V2HVT,NGATE,PTAP,METAL1a,PSUB,POLYG3,METAL2a,NDIFF,PDIFFCONT,POLYCONT VIA1
nmos1v2hvt_4_CDNS_7858201127266 PW1V2,NDIFFCONT,PDIFF,NMOS1V2HVT,NGATE,PTAP,METAL1a,PSUB,POLYG3,NDIFF,PDIFFCONT NULL
AbutContact_CDNS_7858201127252 PDIFF,PTAP,METAL1a,PSUB,PDIFFCONT NULL
AbutContact_CDNS_7858201127259 NDIFFCONT,METAL1a,PSUB,NDIFF NULL
trim_res_bg_2_fL NDIFFCONT,METAL1a,PSUB,NDIFF,NTAP,NW1V2 METAL5a,RNPOLYHNW1V2,POLYG3,POLYCONT
nmos1v2hvt_4_CDNS_7858201127283 PW1V2,NDIFFCONT,NMOS1V2HVT,NGATE,METAL1a,PSUB,POLYG3,METAL2a,NDIFF VIA1,PDIFF,PTAP,PDIFFCONT,POLYCONT
nmos1v2hvt_4_CDNS_7858201127288 PW1V2,NMOS1V2HVT,NGATE,METAL1a,PSUB,POLYG3,METAL2a,NDIFF,POLYCONT VIA1,NDIFFCONT,PDIFF,PTAP,PDIFFCONT
trim_res_bg_sl_fL METAL5a,NDIFFCONT,RNPOLYHNW1V2,METAL1a,PSUB,POLYG3,NDIFF,NTAP,NW1V2 POLYCONT
IN2 PGATE,PW1V2,NDIFFCONT,PDIFF,NMOS1V2HVT,NGATE,PTAP,METAL1a,PSUB,PMOS1V2HVT,POLYG3,NDIFF,PDIFFCONT,NTAP,NW1V2,POLYCONT NULL
LS PGATE,PW1V2,NDIFFCONT,PDIFF,NMOS1V2HVT,NGATE,PTAP,METAL1a,PSUB,PMOS1V2HVT,POLYG3,NDIFF,PDIFFCONT,NTAP,NW1V2,POLYCONT NULL
dnppw1v2_CDNS_78582011272146 DNPPW1V2,PW1V2,NDIFFCONT,METAL1a,PSUB,NDIFF NULL
Contact_CDNS_7858201127212 METAL1a,POLYG3,POLYCONT NULL
Contact_CDNS_7858201127218 METAL1a NULL
M2_M3_CDNS_7858201127210 VIA2,METAL3a,METAL2a NULL
M2_M3_CDNS_7858201127212 VIA2,METAL3a,METAL2a NULL
M2_M3_CDNS_7858201127213 VIA2,METAL3a,METAL2a NULL
M2_M3_CDNS_7858201127215 VIA2,METAL3a,METAL2a NULL
M2_M3_CDNS_7858201127218 VIA2,METAL3a,METAL2a NULL
AbutContact_CDNS_7858201127295 NDIFFCONT,METAL1a,PSUB,NDIFF NULL
AbutContact_CDNS_7858201127296 NDIFFCONT,METAL1a,PSUB,NDIFF NULL
AbutContact_CDNS_7858201127297 PW1V2,PDIFF NULL
AbutContact_CDNS_7858201127298 PW1V2,PDIFF NULL
AbutContact_CDNS_78582011272141 NDIFFCONT,METAL1a,PSUB,NDIFF NULL
trim_res_array_rn_2_fL METAL1a,METAL2a VIA1,NDIFFCONT,RNPOLYMNW1V2,PSUB,POLYG3,NDIFF,NTAP,NW1V2,POLYCONT
MASCO__Y1 METAL1a POLYG3,POLYCONT
MASCO__Y2 METAL1a POLYG3,POLYCONT
MASCO__Y3 METAL1a POLYG3,POLYCONT
Contact_CDNS_7858201127224 NDIFFCONT,METAL1a,PSUB NULL
Contact_CDNS_7858201127225 VIA1,METAL1a,PSUB,POLYG3,METAL2a,POLYCONT NULL
nmos1v2hvt_4_CDNS_785820112720 PW1V2,NDIFFCONT,NMOS1V2HVT,NGATE,METAL1a,PSUB,POLYG3,METAL2a,NDIFF VIA1,PDIFF,PTAP,PDIFFCONT,POLYCONT
Contact_CDNS_7858201127227 METAL1a,POLYG3,POLYCONT NULL
nmos1v2hvt_4_CDNS_785820112725 PW1V2,NDIFFCONT,PDIFF,NMOS1V2HVT,NGATE,PTAP,METAL1a,PSUB,POLYG3,NDIFF,PDIFFCONT NULL
nmos1v2hvt_4_CDNS_785820112728 PW1V2,NDIFFCONT,NMOS1V2HVT,NGATE,METAL1a,PSUB,POLYG3,METAL2a,NDIFF VIA1,PDIFF,PTAP,PDIFFCONT,POLYCONT
M2_M3_CDNS_7858201127221 VIA2,METAL3a,METAL2a NULL
M2_M3_CDNS_7858201127223 VIA2,METAL3a,METAL2a NULL
M2_M3_CDNS_7858201127225 VIA2,METAL3a,METAL2a NULL
M2_M3_CDNS_7858201127226 VIA2,METAL3a,METAL2a NULL
Contact_CDNS_7858201127230 METAL1a,PSUB,POLYG3,POLYCONT NULL
M2_M3_CDNS_7858201127233 VIA2,METAL3a,METAL2a NULL
M1_M2_CDNS_7858201127214 VIA1,METAL1a,METAL2a NULL
M2_M3_CDNS_7858201127235 VIA2,METAL3a,METAL2a NULL
M1_M2_CDNS_7858201127216 VIA1,METAL1a,METAL2a NULL
M2_M3_CDNS_7858201127236 VIA2,METAL3a,METAL2a NULL
M1_M2_CDNS_7858201127217 VIA1,METAL1a,METAL2a NULL
M1_M2_CDNS_7858201127219 VIA1,METAL1a,METAL2a NULL
Contact_CDNS_7858201127240 METAL1a NULL
Contact_CDNS_7858201127241 METAL1a,POLYG3,POLYCONT NULL
Contact_CDNS_7858201127242 VIA1,METAL1a,METAL2a NULL
Contact_CDNS_7858201127245 METAL1a,POLYG3,POLYCONT NULL
Contact_CDNS_7858201127248 METAL1a,PSUB,POLYG3,POLYCONT NULL
M1_M2_CDNS_7858201127220 VIA1,METAL1a,METAL2a NULL
M1_M2_CDNS_7858201127222 VIA1,METAL1a,METAL2a NULL
M2_M3_CDNS_7858201127242 VIA2,METAL3a,METAL2a NULL
M1_M2_CDNS_7858201127224 VIA1,METAL1a,METAL2a NULL
M1_M2_CDNS_7858201127228 VIA1,METAL1a,METAL2a NULL
M1_M2_CDNS_785820112727 VIA1,METAL1a,METAL2a NULL
M1_M2_CDNS_785820112729 VIA1,METAL1a,METAL2a NULL
Contact_CDNS_7858201127250 METAL1a NULL
Contact_CDNS_7858201127251 VIA1,METAL1a,METAL2a NULL
Contact_CDNS_7858201127254 METAL1a,POLYG3,POLYCONT NULL
Contact_CDNS_7858201127258 METAL1a,POLYG3,POLYCONT NULL
M2_M3_CDNS_7858201127250 VIA2,METAL3a,METAL2a NULL
M1_M2_CDNS_7858201127231 VIA1,METAL1a,METAL2a NULL
M1_M2_CDNS_7858201127232 VIA1,METAL1a,METAL2a NULL
M1_M2_CDNS_7858201127237 VIA1,METAL1a,METAL2a NULL
M1_M2_CDNS_7858201127238 VIA1,METAL1a,METAL2a NULL
M2_M3_CDNS_7858201127258 VIA2,METAL3a,METAL2a NULL
M1_M2_CDNS_7858201127239 VIA1,METAL1a,METAL2a NULL
pmos1v2hvt_4_CDNS_7858201127211 PGATE,PDIFF,METAL1a,PSUB,PMOS1V2HVT,POLYG3,METAL2a,PDIFFCONT,NTAP,NW1V2 VIA1,NDIFFCONT,NDIFF,POLYCONT
pmos1v2hvt_4_CDNS_7858201127214 PGATE,PDIFF,METAL1a,PSUB,PMOS1V2HVT,POLYG3,PDIFFCONT,NTAP,NW1V2 NDIFFCONT,NDIFF
pnp5ux5u_CDNS_78582011272100 PNPBASE,METAL5a,PDIFF,PNP5UX5U,PTAP,METAL1a,PSUB,PNPEMIT5UX5U,METAL2a,NTAP,NW1V2 VIA1,PW1V2,NDIFFCONT,NDIFF,PDIFFCONT
pmos1v2hvt_4_CDNS_7858201127217 PGATE,PDIFF,METAL1a,PSUB,PMOS1V2HVT,POLYG3,PDIFFCONT,NTAP,NW1V2 NDIFFCONT,NDIFF
pnp5ux5u_CDNS_78582011272101 PNPBASE,PDIFF,PTAP,METAL1a,PSUB,PNPEMIT5UX5U,METAL2a,NTAP,NW1V2 VIA1,PW1V2,NDIFFCONT,NDIFF,PDIFFCONT
Contact_CDNS_7858201127264 VIA1,METAL1a,METAL2a NULL
MASCO__A20 METAL1a VIA1,PNPBASE,PW1V2,NDIFFCONT,PDIFF,PTAP,PSUB,PNPEMIT5UX5U,METAL2a,NDIFF,PDIFFCONT,NTAP,NW1V2
MASCO__A22 PNP5UX5U,METAL1a,METAL2a VIA1,PNPBASE,PW1V2,NDIFFCONT,PDIFF,PTAP,PSUB,PNPEMIT5UX5U,NDIFF,PDIFFCONT,NTAP,NW1V2
M1_M2_CDNS_7858201127240 VIA1,METAL1a,METAL2a NULL
M1_M2_CDNS_7858201127241 VIA1,METAL1a,METAL2a NULL
M2_M3_CDNS_7858201127261 VIA2,METAL3a,METAL2a NULL
M1_M2_CDNS_7858201127248 VIA1,METAL1a,METAL2a NULL
pmos1v2hvt_4_CDNS_7858201127221 PGATE,PDIFF,METAL1a,PSUB,PMOS1V2HVT,POLYG3,PDIFFCONT,NTAP,NW1V2 NDIFFCONT,NDIFF
pmos1v2hvt_4_CDNS_7858201127228 PGATE,PDIFF,METAL1a,PSUB,PMOS1V2HVT,POLYG3,METAL2a,PDIFFCONT,NTAP,NW1V2 VIA1,NDIFFCONT,NDIFF,POLYCONT
pmos1v2hvt_4_CDNS_7858201127229 PGATE,NDIFFCONT,PDIFF,METAL1a,PSUB,PMOS1V2HVT,POLYG3,METAL2a,NDIFF,PDIFFCONT,NTAP,NW1V2 VIA1,POLYCONT
Contact_CDNS_7858201127274 PDIFF,METAL1a,PDIFFCONT NULL
Contact_CDNS_7858201127276 PDIFF,METAL1a,PDIFFCONT NULL
Contact_CDNS_7858201127278 PDIFF,METAL1a,PSUB,PDIFFCONT NULL
M1_M2_CDNS_7858201127253 VIA1,METAL1a,METAL2a NULL
M1_M2_CDNS_7858201127254 VIA1,METAL1a,METAL2a NULL
M2_M3_CDNS_7858201127279 VIA2,METAL3a,METAL2a NULL
pmos1v2hvt_4_CDNS_7858201127233 PGATE,PDIFF,METAL1a,PSUB,PMOS1V2HVT,POLYG3,PDIFFCONT,NTAP,NW1V2 NDIFFCONT,NDIFF,POLYCONT
MASCO__B21 METAL1a VIA1,PNPBASE,PW1V2,NDIFFCONT,PDIFF,PTAP,PSUB,PNPEMIT5UX5U,METAL2a,NDIFF,PDIFFCONT,NTAP,NW1V2
MASCO__B23 PNP5UX5U,METAL1a,METAL2a VIA1,PNPBASE,PW1V2,NDIFFCONT,PDIFF,PTAP,PSUB,PNPEMIT5UX5U,NDIFF,PDIFFCONT,NTAP,NW1V2
Contact_CDNS_7858201127280 VIA1,METAL1a,METAL2a NULL
Contact_CDNS_7858201127281 METAL1a,POLYG3,POLYCONT NULL
pmos1v2hvt_4_CDNS_7858201127239 PGATE,NDIFFCONT,PDIFF,METAL1a,PSUB,PMOS1V2HVT,POLYG3,METAL2a,NDIFF,PDIFFCONT,NTAP,NW1V2 VIA1,POLYCONT
Contact_CDNS_7858201127284 METAL1a,POLYG3,POLYCONT NULL
M2_M3_CDNS_785820112723 VIA2,METAL3a,METAL2a NULL
M2_M3_CDNS_785820112724 VIA2,METAL3a,METAL2a NULL
M2_M3_CDNS_785820112725 VIA2,METAL3a,METAL2a NULL
M1_M2_CDNS_7858201127260 VIA1,METAL1a,METAL2a NULL
M2_M3_CDNS_785820112728 VIA2,METAL3a,METAL2a NULL
M1_M2_CDNS_7858201127263 VIA1,METAL1a,METAL2a NULL
M1_M2_CDNS_7858201127265 VIA1,METAL1a,METAL2a NULL
Contact_CDNS_7858201127290 VIA1,METAL1a,METAL2a NULL
Contact_CDNS_7858201127292 PDIFF,METAL1a,PSUB,PDIFFCONT NULL
Contact_CDNS_7858201127293 VIA1,METAL1a,METAL2a NULL
Contact_CDNS_7858201127294 PDIFF,PTAP,METAL1a,PDIFFCONT NULL
NO2 PGATE,PW1V2,NDIFFCONT,PDIFF,NMOS1V2HVT,NGATE,PTAP,METAL1a,PSUB,PMOS1V2HVT,POLYG3,NDIFF,PDIFFCONT,NTAP,NW1V2,POLYCONT NULL
Contact_CDNS_7858201127299 METAL1a,PDIFFCONT NULL
LS1 PW1V2,METAL1a,PSUB PGATE,NDIFFCONT,PDIFF,NMOS1V2HVT,NGATE,PTAP,PMOS1V2HVT,POLYG3,NDIFF,PDIFFCONT,NTAP,NW1V2,POLYCONT
LS2 PW1V2,METAL1a,PSUB PGATE,NDIFFCONT,PDIFF,NMOS1V2HVT,NGATE,PTAP,PMOS1V2HVT,POLYG3,NDIFF,PDIFFCONT,NTAP,NW1V2,POLYCONT
LS3 PW1V2,METAL1a,PSUB,METAL2a VIA1,PGATE,NDIFFCONT,PDIFF,NMOS1V2HVT,NGATE,PTAP,PMOS1V2HVT,POLYG3,NDIFF,PDIFFCONT,NTAP,NW1V2,POLYCONT
pmos1v2hvt_4_CDNS_7858201127253 PGATE,PDIFF,METAL1a,PSUB,PMOS1V2HVT,POLYG3,PDIFFCONT,NTAP,NW1V2 NDIFFCONT,NDIFF,POLYCONT
pmos1v2hvt_4_CDNS_7858201127255 PGATE,NDIFFCONT,PDIFF,METAL1a,PSUB,PMOS1V2HVT,POLYG3,NDIFF,PDIFFCONT,NTAP,NW1V2 POLYCONT
pmos1v2hvt_4_CDNS_7858201127257 PGATE,PDIFF,METAL1a,PSUB,PMOS1V2HVT,POLYG3,METAL2a,PDIFFCONT,NTAP,NW1V2 VIA1,NDIFFCONT,NDIFF,POLYCONT
M1_M2_CDNS_7858201127282 VIA1,METAL1a,METAL2a NULL
M1_M2_CDNS_7858201127283 VIA1,METAL1a,METAL2a NULL
M1_M2_CDNS_7858201127284 VIA1,METAL1a,METAL2a NULL
REF_GEN_fL_2 VIA1,PGATE,PW1V2,NDIFFCONT,PDIFF,NMOS1V2HVT,NGATE,VIA2,METAL3a,METAL1a,PSUB,PMOS1V2HVT,POLYG3,METAL2a,NDIFF,PDIFFCONT,NTAP,NW1V2 DNPPW1V2,PNPBASE,METAL5a,METALFa,VIAM,VIA4,PNP5UX5U,RNPOLYMNW1V2,NCAP1V2HVT,TOPMIMS2,RNPOLYHNW1V2,PTAP,VIA3,PNPEMIT5UX5U,CMIMS2,VIAF2,METAL4a,POLYCONT
M1_M2_CDNS_7858201127285 VIA1,METAL1a,METAL2a NULL
M1_M2_CDNS_7858201127286 VIA1,METAL1a,METAL2a NULL
pmos1v2hvt_4_CDNS_7858201127260 PGATE,PDIFF,METAL1a,PSUB,PMOS1V2HVT,POLYG3,METAL2a,PDIFFCONT,NTAP,NW1V2 VIA1,NDIFFCONT,NDIFF,POLYCONT
pmos1v2hvt_4_CDNS_7858201127261 PGATE,PDIFF,METAL1a,PSUB,PMOS1V2HVT,POLYG3,PDIFFCONT,NTAP,NW1V2 NDIFFCONT,NDIFF,POLYCONT
ncap1v2hvt_CDNS_7858201127223 PW1V2,NGATE,NCAP1V2HVT,METAL1a,PSUB,POLYG3,METAL2a,NDIFF VIA1,NDIFFCONT,POLYCONT
M1_M2_CDNS_7858201127294 VIA1,METAL1a,METAL2a NULL
pmos1v2hvt_4_CDNS_7858201127273 PGATE,PDIFF,METAL1a,PSUB,PMOS1V2HVT,POLYG3,NTAP,NW1V2 NDIFFCONT,NDIFF,PDIFFCONT
pmos1v2hvt_4_CDNS_7858201127275 PGATE,PDIFF,METAL1a,PSUB,PMOS1V2HVT,POLYG3,NTAP,NW1V2 NDIFFCONT,NDIFF,PDIFFCONT
pmos1v2hvt_4_CDNS_7858201127277 PGATE,PDIFF,METAL1a,PSUB,PMOS1V2HVT,POLYG3,NTAP,NW1V2 NDIFFCONT,NDIFF,PDIFFCONT,POLYCONT
pmos1v2hvt_4_CDNS_7858201127279 PGATE,NDIFFCONT,PDIFF,METAL1a,PSUB,PMOS1V2HVT,POLYG3,METAL2a,NDIFF,NTAP,NW1V2 VIA1,PDIFFCONT,POLYCONT
pmos1v2hvt_4_CDNS_7858201127285 PGATE,NDIFFCONT,PDIFF,METAL1a,PSUB,PMOS1V2HVT,POLYG3,METAL2a,NDIFF,PDIFFCONT,NTAP,NW1V2,POLYCONT VIA1
3to8DeMuxSel PGATE,PW1V2,NDIFFCONT,PDIFF,NMOS1V2HVT,NGATE,PTAP,METAL1a,PSUB,PMOS1V2HVT,POLYG3,METAL2a,NDIFF,PDIFFCONT,NTAP,NW1V2,POLYCONT VIA1
trim_res_rnpolyn_2_fL NDIFFCONT,RNPOLYMNW1V2,METAL1a,PSUB,POLYG3,NDIFF,NTAP,NW1V2 POLYCONT
Contact_CDNS_78582011272105 METAL1a NULL
nmos1v2hvt_4_CDNS_78582011272106 PW1V2,NDIFFCONT,NMOS1V2HVT,NGATE,METAL1a,PSUB,POLYG3,NDIFF NULL
nmos1v2hvt_4_CDNS_78582011272108 PW1V2,NMOS1V2HVT,NGATE,PSUB,POLYG3,NDIFF NULL
pmos1v2hvt_4_CDNS_78582011272102 PGATE,PDIFF,METAL1a,PSUB,PMOS1V2HVT,POLYG3,METAL2a,NTAP,NW1V2,POLYCONT VIA1,NDIFFCONT,NDIFF,PDIFFCONT
inv8_fL NULL PGATE,PW1V2,NDIFFCONT,PDIFF,NMOS1V2HVT,NGATE,PTAP,METAL1a,PSUB,PMOS1V2HVT,POLYG3,NDIFF,PDIFFCONT,NTAP,NW1V2,POLYCONT
pmos1v2hvt_4_CDNS_78582011272107 PGATE,PDIFF,METAL1a,PSUB,PMOS1V2HVT,POLYG3,PDIFFCONT,NW1V2 NULL
pmos1v2hvt_4_CDNS_78582011272109 PGATE,PDIFF,METAL1a,PSUB,PMOS1V2HVT,POLYG3,PDIFFCONT,NW1V2 NULL
nmos1v2hvt_4_CDNS_78582011272111 PW1V2,NDIFFCONT,NMOS1V2HVT,NGATE,METAL1a,PSUB,POLYG3,NDIFF NULL
nmos1v2hvt_4_CDNS_78582011272115 PW1V2,NDIFFCONT,NMOS1V2HVT,NGATE,METAL1a,PSUB,POLYG3,NDIFF PDIFF,PTAP,PDIFFCONT,POLYCONT
PG_M1_CDNS_7858201127229 METAL1a,POLYG3,POLYCONT NULL
pmos1v2hvt_4_CDNS_78582011272110 PGATE,PDIFF,METAL1a,PSUB,PMOS1V2HVT,POLYG3,PDIFFCONT,NW1V2 NULL
pmos1v2hvt_4_CDNS_78582011272112 PGATE,PDIFF,METAL1a,PSUB,PMOS1V2HVT,POLYG3,PDIFFCONT,NTAP,NW1V2 NDIFFCONT,NDIFF,POLYCONT
pmos1v2hvt_4_CDNS_78582011272116 PGATE,PDIFF,METAL1a,PSUB,PMOS1V2HVT,POLYG3,METAL2a,PDIFFCONT,NTAP,NW1V2 VIA1,NDIFFCONT,NDIFF,POLYCONT
pmos1v2hvt_4_CDNS_78582011272117 PGATE,PDIFF,METAL1a,PSUB,PMOS1V2HVT,POLYG3,PDIFFCONT,NTAP,NW1V2 NDIFFCONT,NDIFF,POLYCONT
mux8_1_fL PW1V2,PDIFF,PTAP,METAL1a,PSUB,METAL2a,PDIFFCONT VIA1,NDIFFCONT,NMOS1V2HVT,NGATE,VIA2,METAL3a,POLYG3,NDIFF,POLYCONT
cmims_CDNS_7858201127232 METAL5a,METALFa,VIAM,TOPMIMS2,CMIMS2 NULL
Contact_CDNS_78582011272127 PDIFF,METAL1a,PSUB,PDIFFCONT NULL
Contact_CDNS_78582011272128 VIA1,METAL1a,METAL2a NULL
pmos1v2hvt_4_CDNS_78582011272123 PGATE,PDIFF,METAL1a,PSUB,PMOS1V2HVT,POLYG3,METAL2a,PDIFFCONT,NTAP,NW1V2 VIA1,NDIFFCONT,NDIFF,POLYCONT
pmos1v2hvt_4_CDNS_78582011272125 PGATE,PDIFF,METAL1a,PSUB,PMOS1V2HVT,POLYG3,PDIFFCONT,NTAP,NW1V2 NDIFFCONT,NDIFF,POLYCONT
pmos1v2hvt_4_CDNS_78582011272126 PGATE,PDIFF,METAL1a,PSUB,PMOS1V2HVT,POLYG3,METAL2a,NTAP,NW1V2 VIA1,NDIFFCONT,NDIFF,PDIFFCONT,POLYCONT
Contact_CDNS_78582011272132 NDIFFCONT,METAL1a,PSUB NULL
Contact_CDNS_78582011272133 VIA1,METAL1a,METAL2a NULL
nmos1v2hvt_4_CDNS_78582011272130 PW1V2,NDIFFCONT,NMOS1V2HVT,NGATE,METAL1a,PSUB,POLYG3,METAL2a,NDIFF VIA1,PDIFF,PTAP,PDIFFCONT,POLYCONT
nmos1v2hvt_4_CDNS_78582011272131 PW1V2,NMOS1V2HVT,NGATE,METAL1a,PSUB,POLYG3,METAL2a,NDIFF VIA1,NDIFFCONT,PDIFF,PTAP,PDIFFCONT,POLYCONT
nmos1v2hvt_4_CDNS_78582011272135 PW1V2,NDIFFCONT,PDIFF,NMOS1V2HVT,NGATE,PTAP,METAL1a,PSUB,POLYG3,METAL2a,NDIFF,PDIFFCONT,POLYCONT VIA1
PG_M1_CDNS_7858201127244 METAL1a,POLYG3,POLYCONT NULL
PG_M1_CDNS_7858201127249 METAL1a,POLYG3,POLYCONT NULL
pmos1v2hvt_4_CDNS_78582011272134 PGATE,PDIFF,METAL1a,PSUB,PMOS1V2HVT,POLYG3,METAL2a,NTAP,NW1V2 VIA1,NDIFFCONT,NDIFF,PDIFFCONT,POLYCONT
rnpolym_CDNS_78582011272118 RNPOLYMNW1V2,METAL1a,PSUB,POLYG3,NW1V2 POLYCONT
rnpolym_CDNS_78582011272119 RNPOLYMNW1V2,METAL1a,PSUB,POLYG3,NW1V2 POLYCONT
BG_STARTUP_fL2 VIA1,PW1V2,METAL3a,METAL1a,PSUB,POLYG3,METAL2a,POLYCONT PGATE,NDIFFCONT,PDIFF,NMOS1V2HVT,NGATE,VIA2,PTAP,PMOS1V2HVT,NDIFF,PDIFFCONT,NTAP,NW1V2
Contact_CDNS_78582011272140 METAL1a,POLYG3,POLYCONT NULL
pmos1v2hvt_4_CDNS_78582011272139 PGATE,PDIFF,METAL1a,PSUB,PMOS1V2HVT,POLYG3,METAL2a,PDIFFCONT,NTAP,NW1V2 VIA1,NDIFFCONT,NDIFF,POLYCONT
rnpolym_CDNS_78582011272120 RNPOLYMNW1V2,METAL1a,PSUB,POLYG3,NW1V2 POLYCONT
rnpolym_CDNS_78582011272121 RNPOLYMNW1V2,METAL1a,PSUB,POLYG3,NW1V2 POLYCONT
rnpolym_CDNS_78582011272122 RNPOLYMNW1V2,METAL1a,PSUB,POLYG3,NW1V2 POLYCONT
pmos1v2hvt_4_CDNS_78582011272142 PGATE,PDIFF,METAL1a,PSUB,PMOS1V2HVT,POLYG3,METAL2a,PDIFFCONT,NTAP,NW1V2,POLYCONT VIA1,NDIFFCONT,NDIFF
pmos1v2hvt_4_CDNS_78582011272144 PGATE,PDIFF,METAL1a,PSUB,PMOS1V2HVT,POLYG3,METAL2a,PDIFFCONT,NTAP,NW1V2,POLYCONT VIA1,NDIFFCONT,NDIFF
rnpolym_CDNS_78582011272129 RNPOLYMNW1V2,METAL1a,PSUB,POLYG3,NW1V2 POLYCONT
rnpolym_CDNS_78582011272138 RNPOLYMNW1V2,METAL1a,PSUB,POLYG3,NW1V2 POLYCONT
CONSTANT_GM_2_fL VIA1,PW1V2,NDIFFCONT,PDIFF,METAL3a,PTAP,METAL1a,PSUB,POLYG3,METAL2a,NDIFF,PDIFFCONT,NTAP,NW1V2 PGATE,NMOS1V2HVT,NGATE,RNPOLYMNW1V2,NCAP1V2HVT,VIA2,PMOS1V2HVT,POLYCONT
mux8_1p_fL METAL1a,METAL2a VIA1,PGATE,NDIFFCONT,PDIFF,PSUB,PMOS1V2HVT,POLYG3,NDIFF,PDIFFCONT,NTAP,NW1V2,POLYCONT
Contact_CDNS_785820112721 METAL1a,PSUB NULL
Contact_CDNS_785820112722 VIA1,METAL1a,METAL2a NULL
Contact_CDNS_785820112723 METAL1a,POLYG3,POLYCONT NULL
rnpolyh_CDNS_7858201127235 RNPOLYHNW1V2,METAL1a,PSUB,POLYG3,NW1V2 POLYCONT
Contact_CDNS_785820112727 METAL1a NULL
Contact_CDNS_785820112729 METAL1a,POLYG3,POLYCONT NULL
rnpolyh_CDNS_7858201127238 RNPOLYHNW1V2,METAL1a,PSUB,POLYG3,NW1V2 POLYCONT
BG_PNP_array METAL5a,PNP5UX5U,METAL1a,METAL2a VIA1,PNPBASE,PW1V2,NDIFFCONT,PDIFF,PTAP,PSUB,PNPEMIT5UX5U,NDIFF,PDIFFCONT,NTAP,NW1V2
rnpolym_CDNS_7858201127226 RNPOLYMNW1V2,METAL1a,PSUB,POLYG3,NW1V2 POLYCONT
nmos1v2hvt_4_CDNS_7858201127216 PW1V2,NDIFFCONT,NMOS1V2HVT,NGATE,METAL1a,PSUB,POLYG3,NDIFF PDIFF,PTAP,PDIFFCONT,POLYCONT
REF_V5_fLC VIA1,PW1V2,NDIFFCONT,PDIFF,VIA2,METAL3a,PTAP,METAL1a,PSUB,POLYG3,METAL2a,NDIFF,PDIFFCONT,NTAP,NW1V2 PGATE,NMOS1V2HVT,NGATE,RNPOLYMNW1V2,PMOS1V2HVT,POLYCONT
nmos1v2hvt_4_CDNS_7858201127219 PW1V2,NDIFFCONT,NMOS1V2HVT,NGATE,METAL1a,PSUB,POLYG3,NDIFF PDIFF,PTAP,PDIFFCONT
