rnpolyh_CDNS_7858497504635 RNPOLYHNW1V2,METAL1a,PSUB,POLYG3,NW1V2 POLYCONT
rnpolyh_CDNS_7858497504638 RNPOLYHNW1V2,METAL1a,PSUB,POLYG3,NW1V2 POLYCONT
M1_M2_CDNS_7858497504683 VIA1,METAL1a,METAL2a NULL
M1_M2_CDNS_7858497504684 VIA1,METAL1a,METAL2a NULL
M1_M2_CDNS_7858497504685 VIA1,METAL1a,METAL2a NULL
M1_M2_CDNS_7858497504686 VIA1,METAL1a,METAL2a NULL
M1_M2_CDNS_7858497504687 VIA1,METAL1a,METAL2a NULL
nmos1v2hvt_4_CDNS_785849750460 PW1V2,NDIFFCONT,NMOS1V2HVT,NGATE,METAL1a,PSUB,POLYG3,METAL2a,NDIFF VIA1,PDIFF,PTAP,PDIFFCONT,POLYCONT
rnpolym_CDNS_7858497504626 RNPOLYMNW1V2,METAL1a,PSUB,POLYG3,NW1V2 POLYCONT
nmos1v2hvt_4_CDNS_785849750465 PW1V2,NDIFFCONT,PDIFF,NMOS1V2HVT,NGATE,PTAP,METAL1a,PSUB,POLYG3,NDIFF,PDIFFCONT NULL
nmos1v2hvt_4_CDNS_785849750468 PW1V2,NDIFFCONT,NMOS1V2HVT,NGATE,METAL1a,PSUB,POLYG3,METAL2a,NDIFF VIA1,PDIFF,PTAP,PDIFFCONT,POLYCONT
BG_TRIM_4_fL VIA1,METAL5a,PW1V2,NDIFFCONT,METALFa,PDIFF,VIA4,VIA2,METAL3a,PTAP,METAL1a,PSUB,VIA3,POLYG3,METAL2a,NDIFF,PDIFFCONT,NTAP,NW1V2,VIAF2,METAL4a PNPBASE,PGATE,VIAM,NMOS1V2HVT,NGATE,PNP5UX5U,TOPMIMS2,RNPOLYHNW1V2,PMOS1V2HVT,PNPEMIT5UX5U,CMIMS2,POLYCONT
M1_M2_CDNS_7858497504694 VIA1,METAL1a,METAL2a NULL
PG_M1_CDNS_7858497504631 METAL1a,POLYG3,POLYCONT NULL
NA3 PGATE,PW1V2,NDIFFCONT,PDIFF,NMOS1V2HVT,NGATE,PTAP,METAL1a,PSUB,PMOS1V2HVT,POLYG3,NDIFF,PDIFFCONT,NTAP,NW1V2,POLYCONT NULL
Tsw PGATE,PW1V2,NDIFFCONT,PDIFF,NMOS1V2HVT,NGATE,PTAP,METAL1a,PSUB,PMOS1V2HVT,POLYG3,NDIFF,PDIFFCONT,NTAP,NW1V2,POLYCONT NULL
PG_M1_CDNS_7858497504645 METAL1a,POLYG3,POLYCONT NULL
Contact_CDNS_785849750461 METAL1a,PSUB NULL
rnpolyh_CDNS_7858497504668 RNPOLYHNW1V2,METAL1a,PSUB,POLYG3,NW1V2 POLYCONT
Contact_CDNS_785849750462 VIA1,METAL1a,METAL2a NULL
rnpolyh_CDNS_7858497504669 RNPOLYHNW1V2,METAL1a,PSUB,POLYG3,NW1V2 POLYCONT
Contact_CDNS_785849750463 METAL1a,POLYG3,POLYCONT NULL
Contact_CDNS_785849750467 METAL1a NULL
Contact_CDNS_785849750469 METAL1a,POLYG3,POLYCONT NULL
cmims_CDNS_7858497504632 METAL5a,METALFa,VIAM,TOPMIMS2,CMIMS2 NULL
rnpolyh_CDNS_7858497504670 METAL5a,RNPOLYHNW1V2,METAL1a,PSUB,POLYG3,NW1V2 POLYCONT
PG_M1_CDNS_7858497504650 METAL1a,POLYG3,POLYCONT NULL
rnpolyh_CDNS_7858497504671 RNPOLYHNW1V2,METAL1a,PSUB,POLYG3,NW1V2 POLYCONT
IN PGATE,PW1V2,NDIFFCONT,PDIFF,NGATE,PTAP,METAL1a,PSUB,POLYG3,NDIFF,PDIFFCONT,NTAP,NW1V2,POLYCONT NULL
trim_res_bg_2_fL NDIFFCONT,METAL1a,PSUB,NDIFF,NTAP,NW1V2 METAL5a,RNPOLYHNW1V2,POLYG3,POLYCONT
trim_res_bg_sl_fL METAL5a,NDIFFCONT,RNPOLYHNW1V2,METAL1a,PSUB,POLYG3,NDIFF,NTAP,NW1V2 POLYCONT
IN2 PGATE,PW1V2,NDIFFCONT,PDIFF,NMOS1V2HVT,NGATE,PTAP,METAL1a,PSUB,PMOS1V2HVT,POLYG3,NDIFF,PDIFFCONT,NTAP,NW1V2,POLYCONT NULL
ncap1v2hvt_CDNS_7858497504623 PW1V2,NGATE,NCAP1V2HVT,METAL1a,PSUB,POLYG3,METAL2a,NDIFF VIA1,NDIFFCONT,POLYCONT
LS PGATE,PW1V2,NDIFFCONT,PDIFF,NMOS1V2HVT,NGATE,PTAP,METAL1a,PSUB,PMOS1V2HVT,POLYG3,NDIFF,PDIFFCONT,NTAP,NW1V2,POLYCONT NULL
pmos1v2hvt_4_CDNS_78584975046102 PGATE,PDIFF,METAL1a,PSUB,PMOS1V2HVT,POLYG3,METAL2a,NTAP,NW1V2,POLYCONT VIA1,NDIFFCONT,NDIFF,PDIFFCONT
pmos1v2hvt_4_CDNS_78584975046107 PGATE,PDIFF,METAL1a,PSUB,PMOS1V2HVT,POLYG3,PDIFFCONT,NW1V2 NULL
pmos1v2hvt_4_CDNS_78584975046109 PGATE,PDIFF,METAL1a,PSUB,PMOS1V2HVT,POLYG3,PDIFFCONT,NW1V2 NULL
pmos1v2hvt_4_CDNS_78584975046110 PGATE,PDIFF,METAL1a,PSUB,PMOS1V2HVT,POLYG3,PDIFFCONT,NW1V2 NULL
pmos1v2hvt_4_CDNS_78584975046112 PGATE,PDIFF,METAL1a,PSUB,PMOS1V2HVT,POLYG3,PDIFFCONT,NTAP,NW1V2 NDIFFCONT,NDIFF,POLYCONT
pmos1v2hvt_4_CDNS_78584975046116 PGATE,PDIFF,METAL1a,PSUB,PMOS1V2HVT,POLYG3,METAL2a,PDIFFCONT,NTAP,NW1V2 VIA1,NDIFFCONT,NDIFF,POLYCONT
pmos1v2hvt_4_CDNS_78584975046117 PGATE,PDIFF,METAL1a,PSUB,PMOS1V2HVT,POLYG3,PDIFFCONT,NTAP,NW1V2 NDIFFCONT,NDIFF,POLYCONT
nmos1v2hvt_4_CDNS_78584975046106 PW1V2,NDIFFCONT,NMOS1V2HVT,NGATE,METAL1a,PSUB,POLYG3,NDIFF NULL
nmos1v2hvt_4_CDNS_78584975046108 PW1V2,NMOS1V2HVT,NGATE,PSUB,POLYG3,NDIFF NULL
trim_res_array_rn_2_fL METAL1a,METAL2a VIA1,NDIFFCONT,RNPOLYMNW1V2,PSUB,POLYG3,NDIFF,NTAP,NW1V2,POLYCONT
MASCO__Y1 METAL1a POLYG3,POLYCONT
MASCO__Y2 METAL1a POLYG3,POLYCONT
MASCO__Y3 METAL1a POLYG3,POLYCONT
pmos1v2hvt_4_CDNS_78584975046123 PGATE,PDIFF,METAL1a,PSUB,PMOS1V2HVT,POLYG3,METAL2a,PDIFFCONT,NTAP,NW1V2 VIA1,NDIFFCONT,NDIFF,POLYCONT
pmos1v2hvt_4_CDNS_78584975046125 PGATE,PDIFF,METAL1a,PSUB,PMOS1V2HVT,POLYG3,PDIFFCONT,NTAP,NW1V2 NDIFFCONT,NDIFF,POLYCONT
pmos1v2hvt_4_CDNS_78584975046126 PGATE,PDIFF,METAL1a,PSUB,PMOS1V2HVT,POLYG3,METAL2a,NTAP,NW1V2 VIA1,NDIFFCONT,NDIFF,PDIFFCONT,POLYCONT
nmos1v2hvt_4_CDNS_78584975046111 PW1V2,NDIFFCONT,NMOS1V2HVT,NGATE,METAL1a,PSUB,POLYG3,NDIFF NULL
nmos1v2hvt_4_CDNS_78584975046115 PW1V2,NDIFFCONT,NMOS1V2HVT,NGATE,METAL1a,PSUB,POLYG3,NDIFF PDIFF,PTAP,PDIFFCONT,POLYCONT
M1_M2_CDNS_785849750467 VIA1,METAL1a,METAL2a NULL
M1_M2_CDNS_785849750469 VIA1,METAL1a,METAL2a NULL
pmos1v2hvt_4_CDNS_78584975046134 PGATE,PDIFF,METAL1a,PSUB,PMOS1V2HVT,POLYG3,METAL2a,NTAP,NW1V2 VIA1,NDIFFCONT,NDIFF,PDIFFCONT,POLYCONT
pmos1v2hvt_4_CDNS_78584975046139 PGATE,PDIFF,METAL1a,PSUB,PMOS1V2HVT,POLYG3,METAL2a,PDIFFCONT,NTAP,NW1V2 VIA1,NDIFFCONT,NDIFF,POLYCONT
Contact_CDNS_7858497504612 METAL1a,POLYG3,POLYCONT NULL
Contact_CDNS_7858497504618 METAL1a NULL
pmos1v2hvt_4_CDNS_78584975046142 PGATE,PDIFF,METAL1a,PSUB,PMOS1V2HVT,POLYG3,METAL2a,PDIFFCONT,NTAP,NW1V2,POLYCONT VIA1,NDIFFCONT,NDIFF
pmos1v2hvt_4_CDNS_78584975046144 PGATE,PDIFF,METAL1a,PSUB,PMOS1V2HVT,POLYG3,METAL2a,PDIFFCONT,NTAP,NW1V2,POLYCONT VIA1,NDIFFCONT,NDIFF
Contact_CDNS_7858497504624 NDIFFCONT,METAL1a,PSUB NULL
Contact_CDNS_7858497504625 VIA1,METAL1a,PSUB,POLYG3,METAL2a,POLYCONT NULL
nmos1v2hvt_4_CDNS_78584975046130 PW1V2,NDIFFCONT,NMOS1V2HVT,NGATE,METAL1a,PSUB,POLYG3,METAL2a,NDIFF VIA1,PDIFF,PTAP,PDIFFCONT,POLYCONT
nmos1v2hvt_4_CDNS_78584975046131 PW1V2,NMOS1V2HVT,NGATE,METAL1a,PSUB,POLYG3,METAL2a,NDIFF VIA1,NDIFFCONT,PDIFF,PTAP,PDIFFCONT,POLYCONT
Contact_CDNS_7858497504627 METAL1a,POLYG3,POLYCONT NULL
Contact_CDNS_78584975046105 METAL1a NULL
nmos1v2hvt_4_CDNS_78584975046135 PW1V2,NDIFFCONT,PDIFF,NMOS1V2HVT,NGATE,PTAP,METAL1a,PSUB,POLYG3,METAL2a,NDIFF,PDIFFCONT,POLYCONT VIA1
Contact_CDNS_7858497504630 METAL1a,PSUB,POLYG3,POLYCONT NULL
MASCO__A20 METAL1a VIA1,PNPBASE,PW1V2,NDIFFCONT,PDIFF,PTAP,PSUB,PNPEMIT5UX5U,METAL2a,NDIFF,PDIFFCONT,NTAP,NW1V2
MASCO__A22 PNP5UX5U,METAL1a,METAL2a VIA1,PNPBASE,PW1V2,NDIFFCONT,PDIFF,PTAP,PSUB,PNPEMIT5UX5U,NDIFF,PDIFFCONT,NTAP,NW1V2
Contact_CDNS_7858497504640 METAL1a NULL
Contact_CDNS_7858497504641 METAL1a,POLYG3,POLYCONT NULL
Contact_CDNS_7858497504642 VIA1,METAL1a,METAL2a NULL
Contact_CDNS_7858497504645 METAL1a,POLYG3,POLYCONT NULL
Contact_CDNS_7858497504648 METAL1a,PSUB,POLYG3,POLYCONT NULL
M2_M3_CDNS_785849750463 VIA2,METAL3a,METAL2a NULL
Contact_CDNS_78584975046127 PDIFF,METAL1a,PSUB,PDIFFCONT NULL
M2_M3_CDNS_785849750464 VIA2,METAL3a,METAL2a NULL
Contact_CDNS_78584975046128 VIA1,METAL1a,METAL2a NULL
M2_M3_CDNS_785849750465 VIA2,METAL3a,METAL2a NULL
M2_M3_CDNS_785849750468 VIA2,METAL3a,METAL2a NULL
Contact_CDNS_7858497504650 METAL1a NULL
Contact_CDNS_7858497504651 VIA1,METAL1a,METAL2a NULL
Contact_CDNS_78584975046132 NDIFFCONT,METAL1a,PSUB NULL
Contact_CDNS_7858497504654 METAL1a,POLYG3,POLYCONT NULL
Contact_CDNS_78584975046133 VIA1,METAL1a,METAL2a NULL
Contact_CDNS_7858497504658 METAL1a,POLYG3,POLYCONT NULL
MASCO__B21 METAL1a VIA1,PNPBASE,PW1V2,NDIFFCONT,PDIFF,PTAP,PSUB,PNPEMIT5UX5U,METAL2a,NDIFF,PDIFFCONT,NTAP,NW1V2
MASCO__B23 PNP5UX5U,METAL1a,METAL2a VIA1,PNPBASE,PW1V2,NDIFFCONT,PDIFF,PTAP,PSUB,PNPEMIT5UX5U,NDIFF,PDIFFCONT,NTAP,NW1V2
rnpolym_CDNS_78584975046118 RNPOLYMNW1V2,METAL1a,PSUB,POLYG3,NW1V2 POLYCONT
rnpolym_CDNS_78584975046119 RNPOLYMNW1V2,METAL1a,PSUB,POLYG3,NW1V2 POLYCONT
Contact_CDNS_78584975046140 METAL1a,POLYG3,POLYCONT NULL
Contact_CDNS_7858497504664 VIA1,METAL1a,METAL2a NULL
pmos1v2hvt_4_CDNS_7858497504611 PGATE,PDIFF,METAL1a,PSUB,PMOS1V2HVT,POLYG3,METAL2a,PDIFFCONT,NTAP,NW1V2 VIA1,NDIFFCONT,NDIFF,POLYCONT
NO2 PGATE,PW1V2,NDIFFCONT,PDIFF,NMOS1V2HVT,NGATE,PTAP,METAL1a,PSUB,PMOS1V2HVT,POLYG3,NDIFF,PDIFFCONT,NTAP,NW1V2,POLYCONT NULL
pmos1v2hvt_4_CDNS_7858497504614 PGATE,PDIFF,METAL1a,PSUB,PMOS1V2HVT,POLYG3,PDIFFCONT,NTAP,NW1V2 NDIFFCONT,NDIFF
rnpolym_CDNS_78584975046120 RNPOLYMNW1V2,METAL1a,PSUB,POLYG3,NW1V2 POLYCONT
rnpolym_CDNS_78584975046121 RNPOLYMNW1V2,METAL1a,PSUB,POLYG3,NW1V2 POLYCONT
pmos1v2hvt_4_CDNS_7858497504617 PGATE,PDIFF,METAL1a,PSUB,PMOS1V2HVT,POLYG3,PDIFFCONT,NTAP,NW1V2 NDIFFCONT,NDIFF
rnpolym_CDNS_78584975046122 RNPOLYMNW1V2,METAL1a,PSUB,POLYG3,NW1V2 POLYCONT
rnpolym_CDNS_78584975046129 RNPOLYMNW1V2,METAL1a,PSUB,POLYG3,NW1V2 POLYCONT
LS1 PW1V2,METAL1a,PSUB PGATE,NDIFFCONT,PDIFF,NMOS1V2HVT,NGATE,PTAP,PMOS1V2HVT,POLYG3,NDIFF,PDIFFCONT,NTAP,NW1V2,POLYCONT
LS2 PW1V2,METAL1a,PSUB PGATE,NDIFFCONT,PDIFF,NMOS1V2HVT,NGATE,PTAP,PMOS1V2HVT,POLYG3,NDIFF,PDIFFCONT,NTAP,NW1V2,POLYCONT
Contact_CDNS_7858497504674 PDIFF,METAL1a,PDIFFCONT NULL
LS3 PW1V2,METAL1a,PSUB,METAL2a VIA1,PGATE,NDIFFCONT,PDIFF,NMOS1V2HVT,NGATE,PTAP,PMOS1V2HVT,POLYG3,NDIFF,PDIFFCONT,NTAP,NW1V2,POLYCONT
Contact_CDNS_7858497504676 PDIFF,METAL1a,PDIFFCONT NULL
Contact_CDNS_7858497504678 PDIFF,METAL1a,PSUB,PDIFFCONT NULL
dnppw1v2_CDNS_78584975046146 DNPPW1V2,PW1V2,NDIFFCONT,METAL1a,PSUB,NDIFF NULL
pmos1v2hvt_4_CDNS_7858497504621 PGATE,PDIFF,METAL1a,PSUB,PMOS1V2HVT,POLYG3,PDIFFCONT,NTAP,NW1V2 NDIFFCONT,NDIFF
pmos1v2hvt_4_CDNS_7858497504628 PGATE,PDIFF,METAL1a,PSUB,PMOS1V2HVT,POLYG3,METAL2a,PDIFFCONT,NTAP,NW1V2 VIA1,NDIFFCONT,NDIFF,POLYCONT
pmos1v2hvt_4_CDNS_7858497504629 PGATE,NDIFFCONT,PDIFF,METAL1a,PSUB,PMOS1V2HVT,POLYG3,METAL2a,NDIFF,PDIFFCONT,NTAP,NW1V2 VIA1,POLYCONT
REF_GEN_fL_2 VIA1,PGATE,PW1V2,NDIFFCONT,PDIFF,NMOS1V2HVT,NGATE,VIA2,METAL3a,METAL1a,PSUB,PMOS1V2HVT,POLYG3,METAL2a,NDIFF,PDIFFCONT,NTAP,NW1V2 DNPPW1V2,PNPBASE,METAL5a,METALFa,VIAM,VIA4,PNP5UX5U,RNPOLYMNW1V2,NCAP1V2HVT,TOPMIMS2,RNPOLYHNW1V2,PTAP,VIA3,PNPEMIT5UX5U,CMIMS2,VIAF2,METAL4a,POLYCONT
rnpolym_CDNS_78584975046138 RNPOLYMNW1V2,METAL1a,PSUB,POLYG3,NW1V2 POLYCONT
Contact_CDNS_7858497504680 VIA1,METAL1a,METAL2a NULL
Contact_CDNS_7858497504681 METAL1a,POLYG3,POLYCONT NULL
Contact_CDNS_7858497504684 METAL1a,POLYG3,POLYCONT NULL
pmos1v2hvt_4_CDNS_7858497504633 PGATE,PDIFF,METAL1a,PSUB,PMOS1V2HVT,POLYG3,PDIFFCONT,NTAP,NW1V2 NDIFFCONT,NDIFF,POLYCONT
pmos1v2hvt_4_CDNS_7858497504639 PGATE,NDIFFCONT,PDIFF,METAL1a,PSUB,PMOS1V2HVT,POLYG3,METAL2a,NDIFF,PDIFFCONT,NTAP,NW1V2 VIA1,POLYCONT
Contact_CDNS_7858497504690 VIA1,METAL1a,METAL2a NULL
Contact_CDNS_7858497504692 PDIFF,METAL1a,PSUB,PDIFFCONT NULL
Contact_CDNS_7858497504693 VIA1,METAL1a,METAL2a NULL
Contact_CDNS_7858497504694 PDIFF,PTAP,METAL1a,PDIFFCONT NULL
Contact_CDNS_7858497504699 METAL1a,PDIFFCONT NULL
nmos1v2hvt_4_CDNS_7858497504616 PW1V2,NDIFFCONT,NMOS1V2HVT,NGATE,METAL1a,PSUB,POLYG3,NDIFF PDIFF,PTAP,PDIFFCONT,POLYCONT
nmos1v2hvt_4_CDNS_7858497504619 PW1V2,NDIFFCONT,NMOS1V2HVT,NGATE,METAL1a,PSUB,POLYG3,NDIFF PDIFF,PTAP,PDIFFCONT
3to8DeMuxSel PGATE,PW1V2,NDIFFCONT,PDIFF,NMOS1V2HVT,NGATE,PTAP,METAL1a,PSUB,PMOS1V2HVT,POLYG3,METAL2a,NDIFF,PDIFFCONT,NTAP,NW1V2,POLYCONT VIA1
pmos1v2hvt_4_CDNS_7858497504653 PGATE,PDIFF,METAL1a,PSUB,PMOS1V2HVT,POLYG3,PDIFFCONT,NTAP,NW1V2 NDIFFCONT,NDIFF,POLYCONT
pmos1v2hvt_4_CDNS_7858497504655 PGATE,NDIFFCONT,PDIFF,METAL1a,PSUB,PMOS1V2HVT,POLYG3,NDIFF,PDIFFCONT,NTAP,NW1V2 POLYCONT
pmos1v2hvt_4_CDNS_7858497504657 PGATE,PDIFF,METAL1a,PSUB,PMOS1V2HVT,POLYG3,METAL2a,PDIFFCONT,NTAP,NW1V2 VIA1,NDIFFCONT,NDIFF,POLYCONT
AbutContact_CDNS_7858497504610 PDIFF,PTAP,METAL1a,PSUB,PDIFFCONT NULL
AbutContact_CDNS_7858497504613 NDIFFCONT,METAL1a,PSUB,NDIFF NULL
trim_res_rnpolyn_2_fL NDIFFCONT,RNPOLYMNW1V2,METAL1a,PSUB,POLYG3,NDIFF,NTAP,NW1V2 POLYCONT
AbutContact_CDNS_7858497504615 NDIFFCONT,METAL1a,NDIFF NULL
pmos1v2hvt_4_CDNS_7858497504660 PGATE,PDIFF,METAL1a,PSUB,PMOS1V2HVT,POLYG3,METAL2a,PDIFFCONT,NTAP,NW1V2 VIA1,NDIFFCONT,NDIFF,POLYCONT
pmos1v2hvt_4_CDNS_7858497504661 PGATE,PDIFF,METAL1a,PSUB,PMOS1V2HVT,POLYG3,PDIFFCONT,NTAP,NW1V2 NDIFFCONT,NDIFF,POLYCONT
nmos1v2hvt_4_CDNS_7858497504636 PW1V2,NDIFFCONT,NMOS1V2HVT,NGATE,METAL1a,PSUB,POLYG3,METAL2a,NDIFF,POLYCONT VIA1
AbutContact_CDNS_7858497504620 PDIFF,PTAP,METAL1a,PDIFFCONT NULL
pnp5ux5u_CDNS_7858497504691 PNPBASE,PDIFF,PTAP,METAL1a,PSUB,PNPEMIT5UX5U,METAL2a,NTAP,NW1V2 VIA1,PW1V2,NDIFFCONT,NDIFF,PDIFFCONT
AbutContact_CDNS_7858497504622 NDIFFCONT,METAL1a,NDIFF NULL
nmos1v2hvt_4_CDNS_7858497504644 PW1V2,NDIFFCONT,PDIFF,NMOS1V2HVT,NGATE,PTAP,METAL1a,PSUB,POLYG3,NDIFF,PDIFFCONT POLYCONT
pmos1v2hvt_4_CDNS_7858497504673 PGATE,PDIFF,METAL1a,PSUB,PMOS1V2HVT,POLYG3,NTAP,NW1V2 NDIFFCONT,NDIFF,PDIFFCONT
nmos1v2hvt_4_CDNS_7858497504647 PW1V2,NDIFFCONT,NMOS1V2HVT,NGATE,METAL1a,PSUB,POLYG3,NDIFF PDIFF,PTAP,PDIFFCONT,POLYCONT
inv8_fL NULL PGATE,PW1V2,NDIFFCONT,PDIFF,NMOS1V2HVT,NGATE,PTAP,METAL1a,PSUB,PMOS1V2HVT,POLYG3,NDIFF,PDIFFCONT,NTAP,NW1V2,POLYCONT
pmos1v2hvt_4_CDNS_7858497504675 PGATE,PDIFF,METAL1a,PSUB,PMOS1V2HVT,POLYG3,NTAP,NW1V2 NDIFFCONT,NDIFF,PDIFFCONT
pmos1v2hvt_4_CDNS_7858497504677 PGATE,PDIFF,METAL1a,PSUB,PMOS1V2HVT,POLYG3,NTAP,NW1V2 NDIFFCONT,NDIFF,PDIFFCONT,POLYCONT
nmos1v2hvt_4_CDNS_7858497504649 PW1V2,NDIFFCONT,NMOS1V2HVT,NGATE,METAL1a,PSUB,POLYG3,METAL2a,NDIFF VIA1,PDIFF,PTAP,PDIFFCONT,POLYCONT
pmos1v2hvt_4_CDNS_7858497504679 PGATE,NDIFFCONT,PDIFF,METAL1a,PSUB,PMOS1V2HVT,POLYG3,METAL2a,NDIFF,NTAP,NW1V2 VIA1,PDIFFCONT,POLYCONT
AbutContact_CDNS_7858497504634 NDIFFCONT,METAL1a,PSUB,NDIFF NULL
pnp5ux5u_CDNS_78584975046100 PNPBASE,METAL5a,PDIFF,PNP5UX5U,PTAP,METAL1a,PSUB,PNPEMIT5UX5U,METAL2a,NTAP,NW1V2 VIA1,PW1V2,NDIFFCONT,NDIFF,PDIFFCONT
M2_M3_CDNS_7858497504610 VIA2,METAL3a,METAL2a NULL
pnp5ux5u_CDNS_78584975046101 PNPBASE,PDIFF,PTAP,METAL1a,PSUB,PNPEMIT5UX5U,METAL2a,NTAP,NW1V2 VIA1,PW1V2,NDIFFCONT,NDIFF,PDIFFCONT
M2_M3_CDNS_7858497504612 VIA2,METAL3a,METAL2a NULL
M2_M3_CDNS_7858497504613 VIA2,METAL3a,METAL2a NULL
M2_M3_CDNS_7858497504615 VIA2,METAL3a,METAL2a NULL
M2_M3_CDNS_7858497504618 VIA2,METAL3a,METAL2a NULL
pmos1v2hvt_4_CDNS_7858497504685 PGATE,NDIFFCONT,PDIFF,METAL1a,PSUB,PMOS1V2HVT,POLYG3,METAL2a,NDIFF,PDIFFCONT,NTAP,NW1V2,POLYCONT VIA1
mux8_1_fL PW1V2,PDIFF,PTAP,METAL1a,PSUB,METAL2a,PDIFFCONT VIA1,NDIFFCONT,NMOS1V2HVT,NGATE,VIA2,METAL3a,POLYG3,NDIFF,POLYCONT
M2_M3_CDNS_7858497504621 VIA2,METAL3a,METAL2a NULL
M2_M3_CDNS_7858497504623 VIA2,METAL3a,METAL2a NULL
M2_M3_CDNS_7858497504625 VIA2,METAL3a,METAL2a NULL
M2_M3_CDNS_7858497504626 VIA2,METAL3a,METAL2a NULL
nmos1v2hvt_4_CDNS_7858497504662 PW1V2,NDIFFCONT,PDIFF,NMOS1V2HVT,NGATE,PTAP,METAL1a,PSUB,POLYG3,METAL2a,NDIFF,PDIFFCONT,POLYCONT VIA1
nmos1v2hvt_4_CDNS_7858497504666 PW1V2,NDIFFCONT,PDIFF,NMOS1V2HVT,NGATE,PTAP,METAL1a,PSUB,POLYG3,NDIFF,PDIFFCONT NULL
AbutContact_CDNS_7858497504652 PDIFF,PTAP,METAL1a,PSUB,PDIFFCONT NULL
M2_M3_CDNS_7858497504630 VIA2,METAL3a,METAL2a NULL
M1_M2_CDNS_7858497504614 VIA1,METAL1a,METAL2a NULL
AbutContact_CDNS_7858497504659 NDIFFCONT,METAL1a,PSUB,NDIFF NULL
M2_M3_CDNS_7858497504634 VIA2,METAL3a,METAL2a NULL
M1_M2_CDNS_7858497504616 VIA1,METAL1a,METAL2a NULL
M2_M3_CDNS_7858497504636 VIA2,METAL3a,METAL2a NULL
M1_M2_CDNS_7858497504617 VIA1,METAL1a,METAL2a NULL
M2_M3_CDNS_7858497504637 VIA2,METAL3a,METAL2a NULL
M1_M2_CDNS_7858497504619 VIA1,METAL1a,METAL2a NULL
BG_STARTUP_fL2 VIA1,PW1V2,METAL3a,METAL1a,PSUB,POLYG3,METAL2a,POLYCONT PGATE,NDIFFCONT,PDIFF,NMOS1V2HVT,NGATE,VIA2,PTAP,PMOS1V2HVT,NDIFF,PDIFFCONT,NTAP,NW1V2
M1_M2_CDNS_7858497504620 VIA1,METAL1a,METAL2a NULL
M1_M2_CDNS_7858497504622 VIA1,METAL1a,METAL2a NULL
M2_M3_CDNS_7858497504643 VIA2,METAL3a,METAL2a NULL
M1_M2_CDNS_7858497504624 VIA1,METAL1a,METAL2a NULL
AbutContact_CDNS_785849750464 PDIFF,PTAP,METAL1a,PSUB,PDIFFCONT NULL
M1_M2_CDNS_7858497504628 VIA1,METAL1a,METAL2a NULL
nmos1v2hvt_4_CDNS_7858497504683 PW1V2,NDIFFCONT,NMOS1V2HVT,NGATE,METAL1a,PSUB,POLYG3,METAL2a,NDIFF VIA1,PDIFF,PTAP,PDIFFCONT,POLYCONT
M1_M2_CDNS_7858497504629 VIA1,METAL1a,METAL2a NULL
nmos1v2hvt_4_CDNS_7858497504688 PW1V2,NMOS1V2HVT,NGATE,METAL1a,PSUB,POLYG3,METAL2a,NDIFF,POLYCONT VIA1,NDIFFCONT,PDIFF,PTAP,PDIFFCONT
M2_M3_CDNS_7858497504651 VIA2,METAL3a,METAL2a NULL
M1_M2_CDNS_7858497504632 VIA1,METAL1a,METAL2a NULL
M1_M2_CDNS_7858497504633 VIA1,METAL1a,METAL2a NULL
M1_M2_CDNS_7858497504638 VIA1,METAL1a,METAL2a NULL
M1_M2_CDNS_7858497504639 VIA1,METAL1a,METAL2a NULL
M2_M3_CDNS_7858497504659 VIA2,METAL3a,METAL2a NULL
AbutContact_CDNS_78584975046141 NDIFFCONT,METAL1a,PSUB,NDIFF NULL
CONSTANT_GM_2_fL VIA1,PW1V2,NDIFFCONT,PDIFF,METAL3a,PTAP,METAL1a,PSUB,POLYG3,METAL2a,NDIFF,PDIFFCONT,NTAP,NW1V2 PGATE,NMOS1V2HVT,NGATE,RNPOLYMNW1V2,NCAP1V2HVT,VIA2,PMOS1V2HVT,POLYCONT
M1_M2_CDNS_7858497504640 VIA1,METAL1a,METAL2a NULL
M1_M2_CDNS_7858497504641 VIA1,METAL1a,METAL2a NULL
M1_M2_CDNS_7858497504642 VIA1,METAL1a,METAL2a NULL
M2_M3_CDNS_7858497504662 VIA2,METAL3a,METAL2a NULL
M1_M2_CDNS_7858497504649 VIA1,METAL1a,METAL2a NULL
mux8_1p_fL METAL1a,METAL2a VIA1,PGATE,NDIFFCONT,PDIFF,PSUB,PMOS1V2HVT,POLYG3,NDIFF,PDIFFCONT,NTAP,NW1V2,POLYCONT
AbutContact_CDNS_7858497504695 NDIFFCONT,METAL1a,PSUB,NDIFF NULL
AbutContact_CDNS_7858497504696 NDIFFCONT,METAL1a,PSUB,NDIFF NULL
AbutContact_CDNS_7858497504697 PW1V2,PDIFF NULL
AbutContact_CDNS_7858497504698 PW1V2,PDIFF NULL
M1_M2_CDNS_7858497504654 VIA1,METAL1a,METAL2a NULL
M1_M2_CDNS_7858497504655 VIA1,METAL1a,METAL2a NULL
M2_M3_CDNS_7858497504680 VIA2,METAL3a,METAL2a NULL
M1_M2_CDNS_7858497504661 VIA1,METAL1a,METAL2a NULL
M1_M2_CDNS_7858497504664 VIA1,METAL1a,METAL2a NULL
M1_M2_CDNS_7858497504666 VIA1,METAL1a,METAL2a NULL
BG_PNP_array METAL5a,PNP5UX5U,METAL1a,METAL2a VIA1,PNPBASE,PW1V2,NDIFFCONT,PDIFF,PTAP,PSUB,PNPEMIT5UX5U,NDIFF,PDIFFCONT,NTAP,NW1V2
REF_V5_fLC VIA1,PW1V2,NDIFFCONT,PDIFF,VIA2,METAL3a,PTAP,METAL1a,PSUB,POLYG3,METAL2a,NDIFF,PDIFFCONT,NTAP,NW1V2 PGATE,NMOS1V2HVT,NGATE,RNPOLYMNW1V2,PMOS1V2HVT,POLYCONT
