Parameters:
	-runDir
	/home/saul/projects/LF_BG/pvsRunLVS/REF_GEN/LS3
	-ossdir
	/home/saul/projects/LF_BG/pvsRunLVS/REF_GEN/LS3/
	-cellmap
	/home/saul/projects/LF_BG/pvsRunLVS/REF_GEN/LS3/lay_cellMap.txt
	-ppid
	930222
	-form
	-viewer
	virtuoso
	-schview
	schematic
	-tag
	NDFLF2èLFODR4LSILFL


Checking out SoftShare license Phys_Ver_Sys_Results_Mgr 24.1 Qty: 1 ... failed.
Unable to queue for a license on the license server.
License checkout failed.
Checking out SoftShare license Pegasus_RV 24.1 Qty: 1 ... succeeded (1s).
starting pvsProbeServer: port= 42961
Starting probe server on port: 42961
Checking in SoftShare license Pegasus_RV ... succeeded (1s).
