Checking out SoftShare license Phys_Ver_Sys_Results_Mgr 24.1 Qty: 1 ... failed.
Unable to queue for a license on the license server.
License checkout failed.
Checking out SoftShare license Pegasus_RV 24.1 Qty: 1 ... succeeded (1s).
********************************************************************************
pvstdb 24.11-s045 64 bit (Mon Jan 27 22:18:54 PST 2025)
Build Ref No.: 045 Production (01-27-2025) [pvs_2411_rtm]

Copyright 2025 Cadence Design Systems, Inc.
All rights reserved worldwide.

Build O/S:       Linux x86_64 3.10.0-693.el7.x86_64
Executed on:     edatools (Linux x86_64 6.17.0-35-generic)
Process Id:      104976
Starting Time:   Fri Jun 19 21:17:56 2026 (Fri Jun 19 21:17:56 2026 GMT)
With parameters: -sf /home/saul/projects/LF_BG/pvsRunDRC/REF_GEN/BG_STARTUP_fL2/BG_STARTUP_fL2.drc_errors.ascii.index /home/saul/projects/LF_BG/pvsRunDRC/REF_GEN/BG_STARTUP_fL2/BG_STARTUP_fL2.drc_errors.ascii /home/saul/projects/LF_BG/pvsRunDRC/REF_GEN/BG_STARTUP_fL2/BG_STARTUP_fL2.drc_errors.ascii.pvstdb 
********************************************************************************

Waiting for write lock on /home/saul/projects/LF_BG/pvsRunDRC/REF_GEN/BG_STARTUP_fL2/BG_STARTUP_fL2.drc_errors.ascii.index.
Obtained lock.

Summary: 15 markers created.

pvstdb completed.
385273852738527385273852738527Checking in SoftShare license Pegasus_RV ... succeeded (1s).
