Starting Single Run, Sweeps and Corners...

Current time: Fri Feb 27 07:55:51 2026 
Best design point: 1
Design specs: 
	TRAN	corner	Nominal - 
	V1000		7.057m
	V550		4.378m
	I32nA		104.6p
	I128nA		412.8p
	BangapRef		2.277m
Design parameters: 
	CL		150f
	CONF_BG_SL_TRIM		3
	CONF_BG_TRIM		3
	CONF_REF_TRIM		3
	CONF_LVDS_SEL		0
	PD		0
	PD_PULSE		0
	CONF_LDO_SEL		0

Interactive.9
Number of points completed: 1
Number of simulation errors: 0
Interactive.9 completed. 
Current time: Fri Feb 27 07:55:55 2026 
