Starting Single Run, Sweeps and Corners...

Current time: Tue Feb 24 07:06:57 2026 
Best design point: 1
Design specs: 
	BANDGAP:CONSTANT_GM_TB:1	corner	C1_0 - 
	i("/R0/PLUS" ?result "dcOp")		177.5n
	I/V /V0; xf dB20(I/V)		Error	No
	BANDGAP:CONSTANT_GM_TB:1	corner	C1_1 - 
	i("/R0/PLUS" ?result "dcOp")		307.2n
	I/V /V0; xf dB20(I/V)		Error	No
	BANDGAP:CONSTANT_GM_TB:1	corner	C2_0 - 
	i("/R0/PLUS" ?result "dcOp")		134.9n
	I/V /V0; xf dB20(I/V)		Error	No
	BANDGAP:CONSTANT_GM_TB:1	corner	C2_1 - 
	i("/R0/PLUS" ?result "dcOp")		205.9n
	I/V /V0; xf dB20(I/V)		Error	No
	BANDGAP:CONSTANT_GM_TB:1	corner	C3_0 - 
	i("/R0/PLUS" ?result "dcOp")		134.9n
	I/V /V0; xf dB20(I/V)		Error	No
	BANDGAP:CONSTANT_GM_TB:1	corner	C3_1 - 
	i("/R0/PLUS" ?result "dcOp")		205.9n
	I/V /V0; xf dB20(I/V)		Error	No
	BANDGAP:CONSTANT_GM_TB:1	corner	C4_0 - 
	i("/R0/PLUS" ?result "dcOp")		177.5n
	I/V /V0; xf dB20(I/V)		Error	No
	BANDGAP:CONSTANT_GM_TB:1	corner	C4_1 - 
	i("/R0/PLUS" ?result "dcOp")		307.2n
	I/V /V0; xf dB20(I/V)		Error	No
	BANDGAP:CONSTANT_GM_TB:1	corner	C5_0 - 
	i("/R0/PLUS" ?result "dcOp")		134.2n
	I/V /V0; xf dB20(I/V)		Error	No
	BANDGAP:CONSTANT_GM_TB:1	corner	C5_1 - 
	i("/R0/PLUS" ?result "dcOp")		201.4n
	I/V /V0; xf dB20(I/V)		Error	No
	BANDGAP:CONSTANT_GM_TB:1	corner	C6_0 - 
	i("/R0/PLUS" ?result "dcOp")		178.9n
	I/V /V0; xf dB20(I/V)		Error	No
	BANDGAP:CONSTANT_GM_TB:1	corner	C6_1 - 
	i("/R0/PLUS" ?result "dcOp")		277.2n
	I/V /V0; xf dB20(I/V)		Error	No
	BANDGAP:CONSTANT_GM_TB:1	corner	C7_0 - 
	i("/R0/PLUS" ?result "dcOp")		135.2n
	I/V /V0; xf dB20(I/V)		Error	No
	BANDGAP:CONSTANT_GM_TB:1	corner	C7_1 - 
	i("/R0/PLUS" ?result "dcOp")		218.4n
	I/V /V0; xf dB20(I/V)		Error	No
	BANDGAP:CONSTANT_GM_TB:1	corner	C8_0 - 
	i("/R0/PLUS" ?result "dcOp")		177.4n
	I/V /V0; xf dB20(I/V)		Error	No
	BANDGAP:CONSTANT_GM_TB:1	corner	C8_1 - 
	i("/R0/PLUS" ?result "dcOp")		267n
	I/V /V0; xf dB20(I/V)		Error	No
	BANDGAP:CONSTANT_GM_TB:1	corner	Nominal - 
	i("/R0/PLUS" ?result "dcOp")		211.3n
	I/V /V0; xf dB20(I/V)		Error	No
Design parameters: 
	VDD		1.3
	VDD_PULSE		0
	EN		1.3
	EN_PULSE		0

Interactive.82
Number of points completed: 1
Number of simulation errors: 0
Interactive.82 completed. 
Current time: Tue Feb 24 07:07:01 2026 
