Starting Monte Carlo Sampling...

Current time: Tue Feb 24 06:56:47 2026 

Variation: All
Sampling Method: Low-Discrepancy Sequence
Seed: 

MonteCarlo.2
Number of points completed: 500
Number of simulation errors: 0
MonteCarlo.2 completed. 
Current time: Tue Feb 24 06:58:11 2026 
Monte Carlo Sampling yield summary:
Number of spec values are in this yield data: 2
BANDGAP:CONSTANT_GM_TB:1	Nominal - 
	I/V /V0; xf dB20(I/V):	Yield	0%
		Min 0	Max 0	Mean 0	Number of errors 500
BANDGAP:CONSTANT_GM_TB:1	Nominal - 
	i("/R0/PLUS" ?result "dcOp"):	Yield	100%
		Min 1.69794e-07	Max 2.75869e-07	Mean 2.11644e-07	Number of errors 0

BANDGAP:CONSTANT_GM_TB:1
	Overall Yield	100%	Number of points passed	500	Total number of points	500

Estimated yield = 100% (500/500), 500 errors
Estimated yield (No opregions) = 100% (500/500)
