rnpolym_CDNS_78582200815129 RNPOLYMNW1V2,METAL1a,PSUB,POLYG3,NW1V2 POLYCONT
pmos1v2hvt_4_CDNS_78582200815142 PGATE,PDIFF,METAL1a,PSUB,PMOS1V2HVT,POLYG3,METAL2a,PDIFFCONT,NTAP,NW1V2,POLYCONT VIA1,NDIFFCONT,NDIFF
pmos1v2hvt_4_CDNS_78582200815144 PGATE,PDIFF,METAL1a,PSUB,PMOS1V2HVT,POLYG3,METAL2a,PDIFFCONT,NTAP,NW1V2,POLYCONT VIA1,NDIFFCONT,NDIFF
nmos1v2hvt_4_CDNS_7858220081562 PW1V2,NDIFFCONT,PDIFF,NMOS1V2HVT,NGATE,PTAP,METAL1a,PSUB,POLYG3,METAL2a,NDIFF,PDIFFCONT,POLYCONT VIA1
nmos1v2hvt_4_CDNS_7858220081566 PW1V2,NDIFFCONT,PDIFF,NMOS1V2HVT,NGATE,PTAP,METAL1a,PSUB,POLYG3,NDIFF,PDIFFCONT NULL
pmos1v2hvt_4_CDNS_7858220081511 PGATE,PDIFF,METAL1a,PSUB,PMOS1V2HVT,POLYG3,METAL2a,PDIFFCONT,NTAP,NW1V2 VIA1,NDIFFCONT,NDIFF,POLYCONT
pmos1v2hvt_4_CDNS_7858220081514 PGATE,PDIFF,METAL1a,PSUB,PMOS1V2HVT,POLYG3,PDIFFCONT,NTAP,NW1V2 NDIFFCONT,NDIFF
pmos1v2hvt_4_CDNS_7858220081517 PGATE,PDIFF,METAL1a,PSUB,PMOS1V2HVT,POLYG3,PDIFFCONT,NTAP,NW1V2 NDIFFCONT,NDIFF
AbutContact_CDNS_7858220081552 PDIFF,PTAP,METAL1a,PSUB,PDIFFCONT NULL
rnpolym_CDNS_78582200815138 RNPOLYMNW1V2,METAL1a,PSUB,POLYG3,NW1V2 POLYCONT
AbutContact_CDNS_7858220081559 NDIFFCONT,METAL1a,PSUB,NDIFF NULL
pmos1v2hvt_4_CDNS_7858220081521 PGATE,PDIFF,METAL1a,PSUB,PMOS1V2HVT,POLYG3,PDIFFCONT,NTAP,NW1V2 NDIFFCONT,NDIFF
BG_TRIM_4_fL VIA1,METAL5a,PW1V2,NDIFFCONT,METALFa,PDIFF,VIA4,VIA2,METAL3a,PTAP,METAL1a,PSUB,VIA3,POLYG3,METAL2a,NDIFF,PDIFFCONT,NTAP,NW1V2,VIAF2,METAL4a PNPBASE,PGATE,VIAM,NMOS1V2HVT,NGATE,PNP5UX5U,TOPMIMS2,RNPOLYHNW1V2,PMOS1V2HVT,PNPEMIT5UX5U,CMIMS2,POLYCONT
pmos1v2hvt_4_CDNS_7858220081528 PGATE,PDIFF,METAL1a,PSUB,PMOS1V2HVT,POLYG3,METAL2a,PDIFFCONT,NTAP,NW1V2 VIA1,NDIFFCONT,NDIFF,POLYCONT
pmos1v2hvt_4_CDNS_7858220081529 PGATE,NDIFFCONT,PDIFF,METAL1a,PSUB,PMOS1V2HVT,POLYG3,METAL2a,NDIFF,PDIFFCONT,NTAP,NW1V2 VIA1,POLYCONT
NA3 PGATE,PW1V2,NDIFFCONT,PDIFF,NMOS1V2HVT,NGATE,PTAP,METAL1a,PSUB,PMOS1V2HVT,POLYG3,NDIFF,PDIFFCONT,NTAP,NW1V2,POLYCONT NULL
nmos1v2hvt_4_CDNS_7858220081583 PW1V2,NDIFFCONT,NMOS1V2HVT,NGATE,METAL1a,PSUB,POLYG3,METAL2a,NDIFF VIA1,PDIFF,PTAP,PDIFFCONT,POLYCONT
Tsw PGATE,PW1V2,NDIFFCONT,PDIFF,NMOS1V2HVT,NGATE,PTAP,METAL1a,PSUB,PMOS1V2HVT,POLYG3,NDIFF,PDIFFCONT,NTAP,NW1V2,POLYCONT NULL
nmos1v2hvt_4_CDNS_7858220081588 PW1V2,NMOS1V2HVT,NGATE,METAL1a,PSUB,POLYG3,METAL2a,NDIFF,POLYCONT VIA1,NDIFFCONT,PDIFF,PTAP,PDIFFCONT
pmos1v2hvt_4_CDNS_7858220081533 PGATE,PDIFF,METAL1a,PSUB,PMOS1V2HVT,POLYG3,PDIFFCONT,NTAP,NW1V2 NDIFFCONT,NDIFF,POLYCONT
pmos1v2hvt_4_CDNS_7858220081539 PGATE,NDIFFCONT,PDIFF,METAL1a,PSUB,PMOS1V2HVT,POLYG3,METAL2a,NDIFF,PDIFFCONT,NTAP,NW1V2 VIA1,POLYCONT
M2_M3_CDNS_7858220081510 VIA2,METAL3a,METAL2a NULL
M2_M3_CDNS_7858220081512 VIA2,METAL3a,METAL2a NULL
M2_M3_CDNS_7858220081513 VIA2,METAL3a,METAL2a NULL
M2_M3_CDNS_7858220081515 VIA2,METAL3a,METAL2a NULL
M2_M3_CDNS_7858220081518 VIA2,METAL3a,METAL2a NULL
IN PGATE,PW1V2,NDIFFCONT,PDIFF,NGATE,PTAP,METAL1a,PSUB,POLYG3,NDIFF,PDIFFCONT,NTAP,NW1V2,POLYCONT NULL
Contact_CDNS_7858220081512 METAL1a,POLYG3,POLYCONT NULL
M2_M3_CDNS_7858220081521 VIA2,METAL3a,METAL2a NULL
M2_M3_CDNS_7858220081523 VIA2,METAL3a,METAL2a NULL
M2_M3_CDNS_7858220081525 VIA2,METAL3a,METAL2a NULL
Contact_CDNS_7858220081518 METAL1a NULL
M2_M3_CDNS_7858220081526 VIA2,METAL3a,METAL2a NULL
pmos1v2hvt_4_CDNS_7858220081553 PGATE,PDIFF,METAL1a,PSUB,PMOS1V2HVT,POLYG3,PDIFFCONT,NTAP,NW1V2 NDIFFCONT,NDIFF,POLYCONT
pmos1v2hvt_4_CDNS_7858220081555 PGATE,NDIFFCONT,PDIFF,METAL1a,PSUB,PMOS1V2HVT,POLYG3,NDIFF,PDIFFCONT,NTAP,NW1V2 POLYCONT
pmos1v2hvt_4_CDNS_7858220081557 PGATE,PDIFF,METAL1a,PSUB,PMOS1V2HVT,POLYG3,METAL2a,PDIFFCONT,NTAP,NW1V2 VIA1,NDIFFCONT,NDIFF,POLYCONT
trim_res_bg_2_fL NDIFFCONT,METAL1a,PSUB,NDIFF,NTAP,NW1V2 METAL5a,RNPOLYHNW1V2,POLYG3,POLYCONT
AbutContact_CDNS_7858220081595 NDIFFCONT,METAL1a,PSUB,NDIFF NULL
AbutContact_CDNS_7858220081596 NDIFFCONT,METAL1a,PSUB,NDIFF NULL
AbutContact_CDNS_7858220081597 PW1V2,PDIFF NULL
AbutContact_CDNS_7858220081598 PW1V2,PDIFF NULL
Contact_CDNS_7858220081524 NDIFFCONT,METAL1a,PSUB NULL
Contact_CDNS_7858220081525 VIA1,METAL1a,PSUB,POLYG3,METAL2a,POLYCONT NULL
M2_M3_CDNS_7858220081533 VIA2,METAL3a,METAL2a NULL
M1_M2_CDNS_7858220081514 VIA1,METAL1a,METAL2a NULL
Contact_CDNS_7858220081527 METAL1a,POLYG3,POLYCONT NULL
M2_M3_CDNS_7858220081535 VIA2,METAL3a,METAL2a NULL
M1_M2_CDNS_7858220081516 VIA1,METAL1a,METAL2a NULL
pmos1v2hvt_4_CDNS_7858220081560 PGATE,PDIFF,METAL1a,PSUB,PMOS1V2HVT,POLYG3,METAL2a,PDIFFCONT,NTAP,NW1V2 VIA1,NDIFFCONT,NDIFF,POLYCONT
M2_M3_CDNS_7858220081536 VIA2,METAL3a,METAL2a NULL
M1_M2_CDNS_7858220081517 VIA1,METAL1a,METAL2a NULL
pmos1v2hvt_4_CDNS_7858220081561 PGATE,PDIFF,METAL1a,PSUB,PMOS1V2HVT,POLYG3,PDIFFCONT,NTAP,NW1V2 NDIFFCONT,NDIFF,POLYCONT
M1_M2_CDNS_7858220081519 VIA1,METAL1a,METAL2a NULL
trim_res_bg_sl_fL METAL5a,NDIFFCONT,RNPOLYHNW1V2,METAL1a,PSUB,POLYG3,NDIFF,NTAP,NW1V2 POLYCONT
IN2 PGATE,PW1V2,NDIFFCONT,PDIFF,NMOS1V2HVT,NGATE,PTAP,METAL1a,PSUB,PMOS1V2HVT,POLYG3,NDIFF,PDIFFCONT,NTAP,NW1V2,POLYCONT NULL
Contact_CDNS_7858220081530 METAL1a,PSUB,POLYG3,POLYCONT NULL
M1_M2_CDNS_7858220081520 VIA1,METAL1a,METAL2a NULL
M1_M2_CDNS_7858220081522 VIA1,METAL1a,METAL2a NULL
M2_M3_CDNS_7858220081542 VIA2,METAL3a,METAL2a NULL
M1_M2_CDNS_7858220081524 VIA1,METAL1a,METAL2a NULL
M1_M2_CDNS_7858220081528 VIA1,METAL1a,METAL2a NULL
pmos1v2hvt_4_CDNS_7858220081573 PGATE,PDIFF,METAL1a,PSUB,PMOS1V2HVT,POLYG3,NTAP,NW1V2 NDIFFCONT,NDIFF,PDIFFCONT
pmos1v2hvt_4_CDNS_7858220081575 PGATE,PDIFF,METAL1a,PSUB,PMOS1V2HVT,POLYG3,NTAP,NW1V2 NDIFFCONT,NDIFF,PDIFFCONT
pmos1v2hvt_4_CDNS_7858220081577 PGATE,PDIFF,METAL1a,PSUB,PMOS1V2HVT,POLYG3,NTAP,NW1V2 NDIFFCONT,NDIFF,PDIFFCONT,POLYCONT
pmos1v2hvt_4_CDNS_7858220081579 PGATE,NDIFFCONT,PDIFF,METAL1a,PSUB,PMOS1V2HVT,POLYG3,METAL2a,NDIFF,NTAP,NW1V2 VIA1,PDIFFCONT,POLYCONT
LS PGATE,PW1V2,NDIFFCONT,PDIFF,NMOS1V2HVT,NGATE,PTAP,METAL1a,PSUB,PMOS1V2HVT,POLYG3,NDIFF,PDIFFCONT,NTAP,NW1V2,POLYCONT NULL
Contact_CDNS_7858220081540 METAL1a NULL
Contact_CDNS_7858220081541 METAL1a,POLYG3,POLYCONT NULL
Contact_CDNS_7858220081542 VIA1,METAL1a,METAL2a NULL
M2_M3_CDNS_7858220081550 VIA2,METAL3a,METAL2a NULL
M1_M2_CDNS_7858220081531 VIA1,METAL1a,METAL2a NULL
M1_M2_CDNS_7858220081532 VIA1,METAL1a,METAL2a NULL
Contact_CDNS_7858220081545 METAL1a,POLYG3,POLYCONT NULL
Contact_CDNS_7858220081548 METAL1a,PSUB,POLYG3,POLYCONT NULL
M1_M2_CDNS_7858220081537 VIA1,METAL1a,METAL2a NULL
M1_M2_CDNS_7858220081538 VIA1,METAL1a,METAL2a NULL
M2_M3_CDNS_7858220081558 VIA2,METAL3a,METAL2a NULL
M1_M2_CDNS_7858220081539 VIA1,METAL1a,METAL2a NULL
pmos1v2hvt_4_CDNS_7858220081585 PGATE,NDIFFCONT,PDIFF,METAL1a,PSUB,PMOS1V2HVT,POLYG3,METAL2a,NDIFF,PDIFFCONT,NTAP,NW1V2,POLYCONT VIA1
Contact_CDNS_7858220081550 METAL1a NULL
Contact_CDNS_7858220081551 VIA1,METAL1a,METAL2a NULL
M1_M2_CDNS_7858220081540 VIA1,METAL1a,METAL2a NULL
M1_M2_CDNS_7858220081541 VIA1,METAL1a,METAL2a NULL
M2_M3_CDNS_7858220081561 VIA2,METAL3a,METAL2a NULL
Contact_CDNS_7858220081554 METAL1a,POLYG3,POLYCONT NULL
Contact_CDNS_7858220081558 METAL1a,POLYG3,POLYCONT NULL
M1_M2_CDNS_7858220081548 VIA1,METAL1a,METAL2a NULL
trim_res_array_rn_2_fL METAL1a,METAL2a VIA1,NDIFFCONT,RNPOLYMNW1V2,PSUB,POLYG3,NDIFF,NTAP,NW1V2,POLYCONT
MASCO__Y1 METAL1a POLYG3,POLYCONT
MASCO__Y2 METAL1a POLYG3,POLYCONT
MASCO__Y3 METAL1a POLYG3,POLYCONT
Contact_CDNS_7858220081564 VIA1,METAL1a,METAL2a NULL
M1_M2_CDNS_7858220081553 VIA1,METAL1a,METAL2a NULL
M1_M2_CDNS_7858220081554 VIA1,METAL1a,METAL2a NULL
M2_M3_CDNS_7858220081579 VIA2,METAL3a,METAL2a NULL
M1_M2_CDNS_7858220081560 VIA1,METAL1a,METAL2a NULL
Contact_CDNS_7858220081574 PDIFF,METAL1a,PDIFFCONT NULL
M1_M2_CDNS_7858220081563 VIA1,METAL1a,METAL2a NULL
Contact_CDNS_7858220081576 PDIFF,METAL1a,PDIFFCONT NULL
M1_M2_CDNS_7858220081565 VIA1,METAL1a,METAL2a NULL
Contact_CDNS_7858220081578 PDIFF,METAL1a,PSUB,PDIFFCONT NULL
Contact_CDNS_785822008151 METAL1a,PSUB NULL
Contact_CDNS_785822008152 VIA1,METAL1a,METAL2a NULL
Contact_CDNS_785822008153 METAL1a,POLYG3,POLYCONT NULL
Contact_CDNS_7858220081580 VIA1,METAL1a,METAL2a NULL
Contact_CDNS_7858220081581 METAL1a,POLYG3,POLYCONT NULL
Contact_CDNS_785822008157 METAL1a NULL
Contact_CDNS_7858220081584 METAL1a,POLYG3,POLYCONT NULL
Contact_CDNS_785822008159 METAL1a,POLYG3,POLYCONT NULL
nmos1v2hvt_4_CDNS_78582200815106 PW1V2,NDIFFCONT,NMOS1V2HVT,NGATE,METAL1a,PSUB,POLYG3,NDIFF NULL
nmos1v2hvt_4_CDNS_78582200815108 PW1V2,NMOS1V2HVT,NGATE,PSUB,POLYG3,NDIFF NULL
dnppw1v2_CDNS_78582200815146 DNPPW1V2,PW1V2,NDIFFCONT,METAL1a,PSUB,NDIFF NULL
Contact_CDNS_7858220081590 VIA1,METAL1a,METAL2a NULL
Contact_CDNS_7858220081592 PDIFF,METAL1a,PSUB,PDIFFCONT NULL
Contact_CDNS_7858220081593 VIA1,METAL1a,METAL2a NULL
M1_M2_CDNS_7858220081582 VIA1,METAL1a,METAL2a NULL
Contact_CDNS_7858220081594 PDIFF,PTAP,METAL1a,PDIFFCONT NULL
M1_M2_CDNS_7858220081583 VIA1,METAL1a,METAL2a NULL
M1_M2_CDNS_7858220081584 VIA1,METAL1a,METAL2a NULL
M1_M2_CDNS_7858220081585 VIA1,METAL1a,METAL2a NULL
M1_M2_CDNS_7858220081586 VIA1,METAL1a,METAL2a NULL
nmos1v2hvt_4_CDNS_78582200815111 PW1V2,NDIFFCONT,NMOS1V2HVT,NGATE,METAL1a,PSUB,POLYG3,NDIFF NULL
Contact_CDNS_7858220081599 METAL1a,PDIFFCONT NULL
nmos1v2hvt_4_CDNS_78582200815115 PW1V2,NDIFFCONT,NMOS1V2HVT,NGATE,METAL1a,PSUB,POLYG3,NDIFF PDIFF,PTAP,PDIFFCONT,POLYCONT
MASCO__A20 METAL1a VIA1,PNPBASE,PW1V2,NDIFFCONT,PDIFF,PTAP,PSUB,PNPEMIT5UX5U,METAL2a,NDIFF,PDIFFCONT,NTAP,NW1V2
MASCO__A22 PNP5UX5U,METAL1a,METAL2a VIA1,PNPBASE,PW1V2,NDIFFCONT,PDIFF,PTAP,PSUB,PNPEMIT5UX5U,NDIFF,PDIFFCONT,NTAP,NW1V2
M1_M2_CDNS_7858220081594 VIA1,METAL1a,METAL2a NULL
ncap1v2hvt_CDNS_7858220081523 PW1V2,NGATE,NCAP1V2HVT,METAL1a,PSUB,POLYG3,METAL2a,NDIFF VIA1,NDIFFCONT,POLYCONT
nmos1v2hvt_4_CDNS_78582200815130 PW1V2,NDIFFCONT,NMOS1V2HVT,NGATE,METAL1a,PSUB,POLYG3,METAL2a,NDIFF VIA1,PDIFF,PTAP,PDIFFCONT,POLYCONT
nmos1v2hvt_4_CDNS_78582200815131 PW1V2,NMOS1V2HVT,NGATE,METAL1a,PSUB,POLYG3,METAL2a,NDIFF VIA1,NDIFFCONT,PDIFF,PTAP,PDIFFCONT,POLYCONT
nmos1v2hvt_4_CDNS_78582200815135 PW1V2,NDIFFCONT,PDIFF,NMOS1V2HVT,NGATE,PTAP,METAL1a,PSUB,POLYG3,METAL2a,NDIFF,PDIFFCONT,POLYCONT VIA1
MASCO__B21 METAL1a VIA1,PNPBASE,PW1V2,NDIFFCONT,PDIFF,PTAP,PSUB,PNPEMIT5UX5U,METAL2a,NDIFF,PDIFFCONT,NTAP,NW1V2
MASCO__B23 PNP5UX5U,METAL1a,METAL2a VIA1,PNPBASE,PW1V2,NDIFFCONT,PDIFF,PTAP,PSUB,PNPEMIT5UX5U,NDIFF,PDIFFCONT,NTAP,NW1V2
M1_M2_CDNS_785822008157 VIA1,METAL1a,METAL2a NULL
M1_M2_CDNS_785822008159 VIA1,METAL1a,METAL2a NULL
NO2 PGATE,PW1V2,NDIFFCONT,PDIFF,NMOS1V2HVT,NGATE,PTAP,METAL1a,PSUB,PMOS1V2HVT,POLYG3,NDIFF,PDIFFCONT,NTAP,NW1V2,POLYCONT NULL
LS1 PW1V2,METAL1a,PSUB PGATE,NDIFFCONT,PDIFF,NMOS1V2HVT,NGATE,PTAP,PMOS1V2HVT,POLYG3,NDIFF,PDIFFCONT,NTAP,NW1V2,POLYCONT
LS2 PW1V2,METAL1a,PSUB PGATE,NDIFFCONT,PDIFF,NMOS1V2HVT,NGATE,PTAP,PMOS1V2HVT,POLYG3,NDIFF,PDIFFCONT,NTAP,NW1V2,POLYCONT
LS3 PW1V2,METAL1a,PSUB,METAL2a VIA1,PGATE,NDIFFCONT,PDIFF,NMOS1V2HVT,NGATE,PTAP,PMOS1V2HVT,POLYG3,NDIFF,PDIFFCONT,NTAP,NW1V2,POLYCONT
AbutContact_CDNS_785822008154 PDIFF,PTAP,METAL1a,PSUB,PDIFFCONT NULL
REF_GEN_fL_2 VIA1,PGATE,PW1V2,NDIFFCONT,PDIFF,NMOS1V2HVT,NGATE,VIA2,METAL3a,METAL1a,PSUB,PMOS1V2HVT,POLYG3,METAL2a,NDIFF,PDIFFCONT,NTAP,NW1V2 DNPPW1V2,PNPBASE,METAL5a,METALFa,VIAM,VIA4,PNP5UX5U,RNPOLYMNW1V2,NCAP1V2HVT,TOPMIMS2,RNPOLYHNW1V2,PTAP,VIA3,PNPEMIT5UX5U,CMIMS2,VIAF2,METAL4a,POLYCONT
PG_M1_CDNS_7858220081529 METAL1a,POLYG3,POLYCONT NULL
pnp5ux5u_CDNS_78582200815100 PNPBASE,METAL5a,PDIFF,PNP5UX5U,PTAP,METAL1a,PSUB,PNPEMIT5UX5U,METAL2a,NTAP,NW1V2 VIA1,PW1V2,NDIFFCONT,NDIFF,PDIFFCONT
pnp5ux5u_CDNS_78582200815101 PNPBASE,PDIFF,PTAP,METAL1a,PSUB,PNPEMIT5UX5U,METAL2a,NTAP,NW1V2 VIA1,PW1V2,NDIFFCONT,NDIFF,PDIFFCONT
cmims_CDNS_7858220081532 METAL5a,METALFa,VIAM,TOPMIMS2,CMIMS2 NULL
M2_M3_CDNS_785822008153 VIA2,METAL3a,METAL2a NULL
M2_M3_CDNS_785822008154 VIA2,METAL3a,METAL2a NULL
M2_M3_CDNS_785822008155 VIA2,METAL3a,METAL2a NULL
M2_M3_CDNS_785822008158 VIA2,METAL3a,METAL2a NULL
PG_M1_CDNS_7858220081544 METAL1a,POLYG3,POLYCONT NULL
PG_M1_CDNS_7858220081549 METAL1a,POLYG3,POLYCONT NULL
3to8DeMuxSel PGATE,PW1V2,NDIFFCONT,PDIFF,NMOS1V2HVT,NGATE,PTAP,METAL1a,PSUB,PMOS1V2HVT,POLYG3,METAL2a,NDIFF,PDIFFCONT,NTAP,NW1V2,POLYCONT VIA1
trim_res_rnpolyn_2_fL NDIFFCONT,RNPOLYMNW1V2,METAL1a,PSUB,POLYG3,NDIFF,NTAP,NW1V2 POLYCONT
inv8_fL NULL PGATE,PW1V2,NDIFFCONT,PDIFF,NMOS1V2HVT,NGATE,PTAP,METAL1a,PSUB,PMOS1V2HVT,POLYG3,NDIFF,PDIFFCONT,NTAP,NW1V2,POLYCONT
AbutContact_CDNS_78582200815141 NDIFFCONT,METAL1a,PSUB,NDIFF NULL
nmos1v2hvt_4_CDNS_785822008150 PW1V2,NDIFFCONT,NMOS1V2HVT,NGATE,METAL1a,PSUB,POLYG3,METAL2a,NDIFF VIA1,PDIFF,PTAP,PDIFFCONT,POLYCONT
mux8_1_fL PW1V2,PDIFF,PTAP,METAL1a,PSUB,METAL2a,PDIFFCONT VIA1,NDIFFCONT,NMOS1V2HVT,NGATE,VIA2,METAL3a,POLYG3,NDIFF,POLYCONT
nmos1v2hvt_4_CDNS_785822008155 PW1V2,NDIFFCONT,PDIFF,NMOS1V2HVT,NGATE,PTAP,METAL1a,PSUB,POLYG3,NDIFF,PDIFFCONT NULL
nmos1v2hvt_4_CDNS_785822008158 PW1V2,NDIFFCONT,NMOS1V2HVT,NGATE,METAL1a,PSUB,POLYG3,METAL2a,NDIFF VIA1,PDIFF,PTAP,PDIFFCONT,POLYCONT
rnpolyh_CDNS_7858220081535 RNPOLYHNW1V2,METAL1a,PSUB,POLYG3,NW1V2 POLYCONT
rnpolyh_CDNS_7858220081538 RNPOLYHNW1V2,METAL1a,PSUB,POLYG3,NW1V2 POLYCONT
BG_STARTUP_fL2 VIA1,PW1V2,METAL3a,METAL1a,PSUB,POLYG3,METAL2a,POLYCONT PGATE,NDIFFCONT,PDIFF,NMOS1V2HVT,NGATE,VIA2,PTAP,PMOS1V2HVT,NDIFF,PDIFFCONT,NTAP,NW1V2
Contact_CDNS_78582200815105 METAL1a NULL
rnpolym_CDNS_7858220081526 RNPOLYMNW1V2,METAL1a,PSUB,POLYG3,NW1V2 POLYCONT
nmos1v2hvt_4_CDNS_7858220081516 PW1V2,NDIFFCONT,NMOS1V2HVT,NGATE,METAL1a,PSUB,POLYG3,NDIFF PDIFF,PTAP,PDIFFCONT,POLYCONT
nmos1v2hvt_4_CDNS_7858220081519 PW1V2,NDIFFCONT,NMOS1V2HVT,NGATE,METAL1a,PSUB,POLYG3,NDIFF PDIFF,PTAP,PDIFFCONT
pmos1v2hvt_4_CDNS_78582200815102 PGATE,PDIFF,METAL1a,PSUB,PMOS1V2HVT,POLYG3,METAL2a,NTAP,NW1V2,POLYCONT VIA1,NDIFFCONT,NDIFF,PDIFFCONT
CONSTANT_GM_2_fL VIA1,PW1V2,NDIFFCONT,PDIFF,METAL3a,PTAP,METAL1a,PSUB,POLYG3,METAL2a,NDIFF,PDIFFCONT,NTAP,NW1V2 PGATE,NMOS1V2HVT,NGATE,RNPOLYMNW1V2,NCAP1V2HVT,VIA2,PMOS1V2HVT,POLYCONT
pmos1v2hvt_4_CDNS_78582200815107 PGATE,PDIFF,METAL1a,PSUB,PMOS1V2HVT,POLYG3,PDIFFCONT,NW1V2 NULL
pmos1v2hvt_4_CDNS_78582200815109 PGATE,PDIFF,METAL1a,PSUB,PMOS1V2HVT,POLYG3,PDIFFCONT,NW1V2 NULL
rnpolyh_CDNS_7858220081568 RNPOLYHNW1V2,METAL1a,PSUB,POLYG3,NW1V2 POLYCONT
rnpolyh_CDNS_7858220081569 RNPOLYHNW1V2,METAL1a,PSUB,POLYG3,NW1V2 POLYCONT
AbutContact_CDNS_7858220081510 PDIFF,PTAP,METAL1a,PSUB,PDIFFCONT NULL
AbutContact_CDNS_7858220081513 NDIFFCONT,METAL1a,PSUB,NDIFF NULL
mux8_1p_fL METAL1a,METAL2a VIA1,PGATE,NDIFFCONT,PDIFF,PSUB,PMOS1V2HVT,POLYG3,NDIFF,PDIFFCONT,NTAP,NW1V2,POLYCONT
pmos1v2hvt_4_CDNS_78582200815110 PGATE,PDIFF,METAL1a,PSUB,PMOS1V2HVT,POLYG3,PDIFFCONT,NW1V2 NULL
AbutContact_CDNS_7858220081515 NDIFFCONT,METAL1a,NDIFF NULL
pmos1v2hvt_4_CDNS_78582200815112 PGATE,PDIFF,METAL1a,PSUB,PMOS1V2HVT,POLYG3,PDIFFCONT,NTAP,NW1V2 NDIFFCONT,NDIFF,POLYCONT
pmos1v2hvt_4_CDNS_78582200815116 PGATE,PDIFF,METAL1a,PSUB,PMOS1V2HVT,POLYG3,METAL2a,PDIFFCONT,NTAP,NW1V2 VIA1,NDIFFCONT,NDIFF,POLYCONT
pmos1v2hvt_4_CDNS_78582200815117 PGATE,PDIFF,METAL1a,PSUB,PMOS1V2HVT,POLYG3,PDIFFCONT,NTAP,NW1V2 NDIFFCONT,NDIFF,POLYCONT
Contact_CDNS_78582200815127 PDIFF,METAL1a,PSUB,PDIFFCONT NULL
Contact_CDNS_78582200815128 VIA1,METAL1a,METAL2a NULL
nmos1v2hvt_4_CDNS_7858220081536 PW1V2,NDIFFCONT,NMOS1V2HVT,NGATE,METAL1a,PSUB,POLYG3,METAL2a,NDIFF,POLYCONT VIA1
rnpolyh_CDNS_7858220081570 METAL5a,RNPOLYHNW1V2,METAL1a,PSUB,POLYG3,NW1V2 POLYCONT
rnpolyh_CDNS_7858220081571 RNPOLYHNW1V2,METAL1a,PSUB,POLYG3,NW1V2 POLYCONT
AbutContact_CDNS_7858220081520 PDIFF,PTAP,METAL1a,PDIFFCONT NULL
pnp5ux5u_CDNS_7858220081591 PNPBASE,PDIFF,PTAP,METAL1a,PSUB,PNPEMIT5UX5U,METAL2a,NTAP,NW1V2 VIA1,PW1V2,NDIFFCONT,NDIFF,PDIFFCONT
AbutContact_CDNS_7858220081522 NDIFFCONT,METAL1a,NDIFF NULL
Contact_CDNS_78582200815132 NDIFFCONT,METAL1a,PSUB NULL
pmos1v2hvt_4_CDNS_78582200815123 PGATE,PDIFF,METAL1a,PSUB,PMOS1V2HVT,POLYG3,METAL2a,PDIFFCONT,NTAP,NW1V2 VIA1,NDIFFCONT,NDIFF,POLYCONT
Contact_CDNS_78582200815133 VIA1,METAL1a,METAL2a NULL
pmos1v2hvt_4_CDNS_78582200815125 PGATE,PDIFF,METAL1a,PSUB,PMOS1V2HVT,POLYG3,PDIFFCONT,NTAP,NW1V2 NDIFFCONT,NDIFF,POLYCONT
pmos1v2hvt_4_CDNS_78582200815126 PGATE,PDIFF,METAL1a,PSUB,PMOS1V2HVT,POLYG3,METAL2a,NTAP,NW1V2 VIA1,NDIFFCONT,NDIFF,PDIFFCONT,POLYCONT
nmos1v2hvt_4_CDNS_7858220081544 PW1V2,NDIFFCONT,PDIFF,NMOS1V2HVT,NGATE,PTAP,METAL1a,PSUB,POLYG3,NDIFF,PDIFFCONT POLYCONT
nmos1v2hvt_4_CDNS_7858220081547 PW1V2,NDIFFCONT,NMOS1V2HVT,NGATE,METAL1a,PSUB,POLYG3,NDIFF PDIFF,PTAP,PDIFFCONT,POLYCONT
nmos1v2hvt_4_CDNS_7858220081549 PW1V2,NDIFFCONT,NMOS1V2HVT,NGATE,METAL1a,PSUB,POLYG3,METAL2a,NDIFF VIA1,PDIFF,PTAP,PDIFFCONT,POLYCONT
BG_PNP_array METAL5a,PNP5UX5U,METAL1a,METAL2a VIA1,PNPBASE,PW1V2,NDIFFCONT,PDIFF,PTAP,PSUB,PNPEMIT5UX5U,NDIFF,PDIFFCONT,NTAP,NW1V2
rnpolym_CDNS_78582200815118 RNPOLYMNW1V2,METAL1a,PSUB,POLYG3,NW1V2 POLYCONT
rnpolym_CDNS_78582200815119 RNPOLYMNW1V2,METAL1a,PSUB,POLYG3,NW1V2 POLYCONT
AbutContact_CDNS_7858220081534 NDIFFCONT,METAL1a,PSUB,NDIFF NULL
Contact_CDNS_78582200815140 METAL1a,POLYG3,POLYCONT NULL
REF_V5_fLC VIA1,PW1V2,NDIFFCONT,PDIFF,VIA2,METAL3a,PTAP,METAL1a,PSUB,POLYG3,METAL2a,NDIFF,PDIFFCONT,NTAP,NW1V2 PGATE,NMOS1V2HVT,NGATE,RNPOLYMNW1V2,PMOS1V2HVT,POLYCONT
pmos1v2hvt_4_CDNS_78582200815134 PGATE,PDIFF,METAL1a,PSUB,PMOS1V2HVT,POLYG3,METAL2a,NTAP,NW1V2 VIA1,NDIFFCONT,NDIFF,PDIFFCONT,POLYCONT
pmos1v2hvt_4_CDNS_78582200815139 PGATE,PDIFF,METAL1a,PSUB,PMOS1V2HVT,POLYG3,METAL2a,PDIFFCONT,NTAP,NW1V2 VIA1,NDIFFCONT,NDIFF,POLYCONT
rnpolym_CDNS_78582200815120 RNPOLYMNW1V2,METAL1a,PSUB,POLYG3,NW1V2 POLYCONT
rnpolym_CDNS_78582200815121 RNPOLYMNW1V2,METAL1a,PSUB,POLYG3,NW1V2 POLYCONT
rnpolym_CDNS_78582200815122 RNPOLYMNW1V2,METAL1a,PSUB,POLYG3,NW1V2 POLYCONT
