nmos1v2hvt_4_CDNS_7833473550923 PW1V2,METAL1a,POLYCONT,METAL2a,NDIFF,POLYG3,PSUB,NMOS1V2HVT,NGATE,NDIFFCONT VIA1
PG_M1_CDNS_783347355094 METAL1a,POLYCONT,POLYG3 NULL
nmos1v2hvt_4_CDNS_7833473550932 PW1V2,PDIFFCONT,METAL1a,POLYCONT,METAL2a,NDIFF,POLYG3,PSUB,NMOS1V2HVT,NGATE,PTAP,PDIFF NDIFFCONT,VIA1
nmos1v2hvt_4_CDNS_7833473550937 PW1V2,METAL1a,METAL2a,NDIFF,POLYG3,PSUB,NMOS1V2HVT,NGATE PDIFFCONT,POLYCONT,PTAP,NDIFFCONT,VIA1,PDIFF
AbutContact_CDNS_7833473550921 METAL1a,NDIFF,NDIFFCONT NULL
nmos1v2hvt_4_CDNS_7833473550942 PW1V2,PDIFFCONT,METAL1a,POLYCONT,METAL2a,NDIFF,POLYG3,PSUB,NMOS1V2HVT,NGATE,PTAP,PDIFF NDIFFCONT,VIA1
Contact_CDNS_783347355091 METAL1a,PSUB NULL
Contact_CDNS_783347355092 METAL1a,METAL2a,VIA1 NULL
IN2 PW1V2,PDIFFCONT,METAL1a,POLYCONT,PMOS1V2HVT,NDIFF,NTAP,POLYG3,PSUB,NMOS1V2HVT,NGATE,PTAP,NDIFFCONT,NW1V2,PDIFF,PGATE NULL
Contact_CDNS_783347355093 METAL1a,POLYCONT,POLYG3 NULL
AbutContact_CDNS_7833473550940 PDIFFCONT,METAL1a,PSUB,PTAP,PDIFF NULL
AbutContact_CDNS_7833473550948 METAL1a,NDIFF,PSUB,NDIFFCONT NULL
AbutContact_CDNS_783347355094 METAL1a,NDIFF,PSUB,NDIFFCONT NULL
AbutContact_CDNS_783347355097 METAL1a,NDIFF,NDIFFCONT NULL
trim_res_array_rn_2_fL METAL1a,METAL2a POLYCONT,RNPOLYMNW1V2,NDIFF,POLYG3,NTAP,PSUB,NDIFFCONT,NW1V2,VIA1
pmos1v2hvt_4_CDNS_783347355090 PDIFFCONT,METAL1a,METAL2a,PMOS1V2HVT,NTAP,POLYG3,PSUB,NW1V2,PDIFF,PGATE POLYCONT,NDIFF,NDIFFCONT,VIA1
pmos1v2hvt_4_CDNS_783347355095 PDIFFCONT,METAL1a,POLYCONT,PMOS1V2HVT,NTAP,POLYG3,PSUB,NW1V2,PDIFF,PGATE NDIFF,NDIFFCONT
nmos1v2hvt_4_CDNS_783347355098 PW1V2,PDIFFCONT,METAL1a,NDIFF,POLYG3,PSUB,NMOS1V2HVT,NGATE,PTAP,PDIFF NDIFFCONT
MASCO__A1 METAL1a PDIFFCONT,POLYCONT,METAL2a,PMOS1V2HVT,NDIFF,POLYG3,NTAP,PSUB,NDIFFCONT,NW1V2,VIA1,PGATE,PDIFF
MASCO__A3 METAL1a PW1V2,PDIFFCONT,POLYCONT,METAL2a,NDIFF,POLYG3,PSUB,NMOS1V2HVT,NGATE,PTAP,NDIFFCONT,VIA1,PDIFF
MASCO__A4 METAL1a,METAL2a PW1V2,PDIFFCONT,POLYCONT,NDIFF,POLYG3,PSUB,NMOS1V2HVT,NGATE,PTAP,NDIFFCONT,VIA1,PDIFF
MASCO__A5 METAL1a,METAL2a PDIFFCONT,POLYCONT,PMOS1V2HVT,NDIFF,NTAP,POLYG3,PSUB,NDIFFCONT,NW1V2,VIA1,PDIFF,PGATE
MASCO__A6 METAL1a,METAL2a PW1V2,PDIFFCONT,POLYCONT,NDIFF,POLYG3,PSUB,NMOS1V2HVT,NGATE,PTAP,NDIFFCONT,VIA1,PDIFF
MASCO__A7 METAL1a,METAL2a PW1V2,PDIFFCONT,POLYCONT,NDIFF,POLYG3,PSUB,NMOS1V2HVT,NGATE,PTAP,NDIFFCONT,VIA1,PDIFF
MASCO__A8 METAL1a,METAL2a PDIFFCONT,POLYCONT,PMOS1V2HVT,NDIFF,POLYG3,NTAP,PSUB,NDIFFCONT,NW1V2,VIA1,PGATE,PDIFF
M2_M3_CDNS_7833473550918 METAL2a,METAL3a,VIA2 NULL
pmos1v2hvt_4_CDNS_7833473550911 METAL1a,PMOS1V2HVT,NTAP,POLYG3,PSUB,NW1V2,PDIFF,PGATE PDIFFCONT,NDIFF,NDIFFCONT
M1_M2_CDNS_783347355090 METAL1a,METAL2a,VIA1 NULL
M1_M2_CDNS_783347355092 METAL1a,METAL2a,VIA1 NULL
M1_M2_CDNS_783347355093 METAL1a,METAL2a,VIA1 NULL
M1_M2_CDNS_783347355095 METAL1a,METAL2a,VIA1 NULL
M1_M2_CDNS_783347355096 METAL1a,METAL2a,VIA1 NULL
pmos1v2hvt_4_CDNS_7833473550919 PDIFFCONT,METAL1a,METAL2a,PMOS1V2HVT,NTAP,POLYG3,PSUB,NW1V2,PDIFF,PGATE POLYCONT,NDIFF,NDIFFCONT,VIA1
M1_M2_CDNS_783347355099 METAL1a,METAL2a,VIA1 NULL
M1_M2_CDNS_7833473550917 METAL1a,METAL2a,VIA1 NULL
pmos1v2hvt_4_CDNS_7833473550925 PDIFFCONT,METAL1a,PMOS1V2HVT,NTAP,POLYG3,PSUB,NW1V2,PDIFF,PGATE POLYCONT,NDIFF,NDIFFCONT
pmos1v2hvt_4_CDNS_7833473550926 METAL1a,POLYCONT,METAL2a,PMOS1V2HVT,NDIFF,NTAP,POLYG3,PSUB,NDIFFCONT,NW1V2,PDIFF,PGATE PDIFFCONT,VIA1
trim_res_rnpolyn_2_fL METAL1a,RNPOLYMNW1V2,NDIFF,NTAP,POLYG3,PSUB,NDIFFCONT,NW1V2 POLYCONT
pmos1v2hvt_4_CDNS_7833473550941 METAL1a,METAL2a,PMOS1V2HVT,NTAP,POLYG3,PSUB,NW1V2,PDIFF,PGATE PDIFFCONT,POLYCONT,NDIFF,NDIFFCONT,VIA1
inv8_fL NULL PW1V2,PDIFFCONT,POLYCONT,METAL1a,PMOS1V2HVT,NDIFF,POLYG3,NTAP,PSUB,NMOS1V2HVT,NGATE,PTAP,NDIFFCONT,NW1V2,PGATE,PDIFF
pmos1v2hvt_4_CDNS_7833473550946 PDIFFCONT,METAL1a,METAL2a,PMOS1V2HVT,NTAP,POLYG3,PSUB,NW1V2,PDIFF,PGATE POLYCONT,NDIFF,NDIFFCONT,VIA1
pmos1v2hvt_4_CDNS_7833473550949 PDIFFCONT,METAL1a,POLYCONT,METAL2a,PMOS1V2HVT,NTAP,POLYG3,PSUB,NW1V2,PDIFF,PGATE NDIFF,NDIFFCONT,VIA1
pmos1v2hvt_4_CDNS_7833473550951 PDIFFCONT,METAL1a,POLYCONT,METAL2a,PMOS1V2HVT,NTAP,POLYG3,PSUB,NW1V2,PDIFF,PGATE NDIFF,NDIFFCONT,VIA1
M2_M3_CDNS_783347355098 METAL2a,METAL3a,VIA2 NULL
mux8_1_fL PW1V2,PDIFFCONT,METAL1a,METAL2a,PSUB,PTAP,PDIFF POLYCONT,NDIFF,POLYG3,NMOS1V2HVT,METAL3a,NGATE,VIA2,NDIFFCONT,VIA1
rnpolym_CDNS_7833473550913 METAL1a,RNPOLYMNW1V2,POLYG3,PSUB,NW1V2 POLYCONT
rnpolym_CDNS_7833473550915 METAL1a,RNPOLYMNW1V2,POLYG3,PSUB,NW1V2 POLYCONT
rnpolym_CDNS_7833473550916 METAL1a,RNPOLYMNW1V2,POLYG3,PSUB,NW1V2 POLYCONT
rnpolym_CDNS_7833473550917 METAL1a,RNPOLYMNW1V2,POLYG3,PSUB,NW1V2 POLYCONT
rnpolym_CDNS_7833473550918 METAL1a,RNPOLYMNW1V2,POLYG3,PSUB,NW1V2 POLYCONT
Contact_CDNS_7833473550910 METAL1a,NDIFFCONT NULL
Contact_CDNS_7833473550912 PDIFFCONT,METAL1a,PDIFF NULL
Contact_CDNS_7833473550914 METAL1a,POLYCONT,POLYG3 NULL
mux8_1p_fL METAL1a,METAL2a PDIFFCONT,POLYCONT,PMOS1V2HVT,NDIFF,POLYG3,NTAP,PSUB,NDIFFCONT,NW1V2,VIA1,PGATE,PDIFF
rnpolym_CDNS_7833473550931 METAL1a,RNPOLYMNW1V2,POLYG3,PSUB,NW1V2 POLYCONT
Contact_CDNS_7833473550920 METAL1a,POLYCONT,POLYG3 NULL
Contact_CDNS_7833473550927 PDIFFCONT,METAL1a,PSUB,PDIFF NULL
Contact_CDNS_7833473550928 METAL1a,METAL2a,VIA1 NULL
rnpolym_CDNS_7833473550945 METAL1a,RNPOLYMNW1V2,POLYG3,PSUB,NW1V2 POLYCONT
Contact_CDNS_7833473550933 METAL1a,NDIFFCONT NULL
Contact_CDNS_7833473550935 METAL1a,METAL2a,VIA1 NULL
Contact_CDNS_7833473550938 METAL1a,PSUB,NDIFFCONT NULL
Contact_CDNS_7833473550939 METAL1a,METAL2a,VIA1 NULL
REF_V5_fLC PW1V2,PDIFFCONT,METAL1a,METAL2a,NDIFF,NTAP,POLYG3,PSUB,METAL3a,VIA2,PTAP,NDIFFCONT,NW1V2,VIA1,PDIFF POLYCONT,RNPOLYMNW1V2,PMOS1V2HVT,NMOS1V2HVT,NGATE,PGATE
Contact_CDNS_7833473550947 METAL1a,POLYCONT,POLYG3 NULL
