Virtuoso Framework License (111) was checked out successfully. Total checkout time was 0.01s.
********************************************************************************
Product   : Virtuoso(R) XStream Out
Program   : @(#)$CDS: strmout version 6.1.8-64b 09/03/2024 18:58 (sjfhw317) $
          : sub-version  IC6.1.8-64b.500.36 
Started at: 30-Jul-2026  11:39:44
User Name : saul
Host Name : edatools
Directory : /home/saul/projects/LF_BG
CADENCE Design Systems, Inc.
********************************************************************************
Info: Cellview Rev Num:99,  Tech Rev Num:59

*WARNING* The directory: '/opt/pdk/lf11/PDK_LF11ISi_V1_3_2/tools/setup/$ASSURAHOME/tools/assura/etc/avtech/avTech' does not exist
	but was defined in libFile '/opt/pdk/lf11/PDK_LF11ISi_V1_3_2/tools/setup/cds.lib' for Lib 'avTech'.
*LF-INFO* Loading lf11is:/opt/pdk/lf11/PDK_LF11ISi_V1_3_2/analog/callbacks/lf11is_cdfCbks.il   done
*LF-INFO* lf11is libInit.il loaded successfully. 
WARNING (XSTRM-20): Output Stream file '/home/saul/projects/LF_BG/pvsRunLVS/REF_GEN/REF_GEN_fL/REF_GEN_fL.gds' already exists. It will be overwritten.
INFO (XSTRM-217): Reading the layer map file, /opt/pdk/lf11/PDK_LF11ISi_V1_3_2/analog/libraries/6metal/lf11is/lf11is.layermap
INFO (XSTRM-162): You have not used the '-viaMap' option. If the OpenAccess design has native oaVia instances, use the '-viaMap' option for preserving oaVia instances in a XStream Out - XStream In round trip. Using the '-viaMap' option improves performance and VM usage of applications using the Streamed-In design.

Summary of Options :
library                                 REF_GEN
strmFile                                /home/saul/projects/LF_BG/pvsRunLVS/REF_GEN/REF_GEN_fL/REF_GEN_fL.gds
topCell                                 REF_GEN_fL
view                                    layout
runDir                                  /home/saul/projects/LF_BG/pvsRunLVS/REF_GEN/REF_GEN_fL
logFile                                 /home/saul/projects/LF_BG/pvsRunLVS/REF_GEN/REF_GEN_fL/PIPO1.LOG
techLib                                 lf11is
hierDepth                               32
maxVertices                             2048
layerMap                                /opt/pdk/lf11/PDK_LF11ISi_V1_3_2/analog/libraries/6metal/lf11is/lf11is.layermap
userSkillFile                           /home/saul/projects/LF_BG/pvsRunLVS/REF_GEN/REF_GEN_fL/strmout.il
labelDepth                              32
case                                    Preserve
convertDot                              node

INFO (XSTRM-223): 1. Translating stdVia lf11is/M1_M2/layout as STRUCTURE M1_M2_CDNS_785411584070.
INFO (XSTRM-223): 2. Translating stdVia lf11is/M1_M2/layout as STRUCTURE M1_M2_CDNS_785411584071.
INFO (XSTRM-223): 3. Translating stdVia lf11is/M1_M2/layout as STRUCTURE M1_M2_CDNS_785411584072.
INFO (XSTRM-223): 4. Translating stdVia lf11is/M2_M3/layout as STRUCTURE M2_M3_CDNS_785411584073.
INFO (XSTRM-223): 5. Translating stdVia lf11is/M2_M3/layout as STRUCTURE M2_M3_CDNS_785411584074.
INFO (XSTRM-223): 6. Translating stdVia lf11is/M2_M3/layout as STRUCTURE M2_M3_CDNS_785411584075.
INFO (XSTRM-223): 7. Translating stdVia lf11is/M1_M2/layout as STRUCTURE M1_M2_CDNS_785411584076.
INFO (XSTRM-223): 8. Translating stdVia lf11is/M1_M2/layout as STRUCTURE M1_M2_CDNS_785411584077.
INFO (XSTRM-223): 9. Translating stdVia lf11is/M2_M3/layout as STRUCTURE M2_M3_CDNS_785411584078.
INFO (XSTRM-223): 10. Translating stdVia lf11is/M1_M2/layout as STRUCTURE M1_M2_CDNS_785411584079.
INFO (XSTRM-223): 11. Translating stdVia lf11is/M2_M3/layout as STRUCTURE M2_M3_CDNS_7854115840710.
INFO (XSTRM-223): 12. Translating stdVia lf11is/M2_M3/layout as STRUCTURE M2_M3_CDNS_7854115840711.
INFO (XSTRM-223): 13. Translating stdVia lf11is/M2_M3/layout as STRUCTURE M2_M3_CDNS_7854115840712.
INFO (XSTRM-223): 14. Translating stdVia lf11is/M2_M3/layout as STRUCTURE M2_M3_CDNS_7854115840713.
INFO (XSTRM-223): 15. Translating stdVia lf11is/M1_M2/layout as STRUCTURE M1_M2_CDNS_7854115840714.
INFO (XSTRM-223): 16. Translating stdVia lf11is/M2_M3/layout as STRUCTURE M2_M3_CDNS_7854115840715.
INFO (XSTRM-223): 17. Translating stdVia lf11is/M1_M2/layout as STRUCTURE M1_M2_CDNS_7854115840716.
INFO (XSTRM-223): 18. Translating stdVia lf11is/M1_M2/layout as STRUCTURE M1_M2_CDNS_7854115840717.
INFO (XSTRM-223): 19. Translating stdVia lf11is/M2_M3/layout as STRUCTURE M2_M3_CDNS_7854115840718.
INFO (XSTRM-223): 20. Translating stdVia lf11is/M1_M2/layout as STRUCTURE M1_M2_CDNS_7854115840719.
INFO (XSTRM-223): 21. Translating stdVia lf11is/M1_M2/layout as STRUCTURE M1_M2_CDNS_7854115840720.
INFO (XSTRM-223): 22. Translating stdVia lf11is/M2_M3/layout as STRUCTURE M2_M3_CDNS_7854115840721.
INFO (XSTRM-223): 23. Translating stdVia lf11is/M1_M2/layout as STRUCTURE M1_M2_CDNS_7854115840722.
INFO (XSTRM-223): 24. Translating stdVia lf11is/M2_M3/layout as STRUCTURE M2_M3_CDNS_7854115840723.
INFO (XSTRM-223): 25. Translating stdVia lf11is/M1_M2/layout as STRUCTURE M1_M2_CDNS_7854115840724.
INFO (XSTRM-223): 26. Translating stdVia lf11is/M2_M3/layout as STRUCTURE M2_M3_CDNS_7854115840725.
INFO (XSTRM-223): 27. Translating stdVia lf11is/M2_M3/layout as STRUCTURE M2_M3_CDNS_7854115840726.
INFO (XSTRM-223): 28. Translating stdVia lf11is/M2_M3/layout as STRUCTURE M2_M3_CDNS_7854115840727.
INFO (XSTRM-223): 29. Translating stdVia lf11is/M1_M2/layout as STRUCTURE M1_M2_CDNS_7854115840728.
*WARNING* (DB-220704): The Pcell super master 'lf11is/nmos1v2hvt_4/layout' is not a SKILL super master.
                       The usage of non-SKILL Pcells in Virtuoso is not a supported feature.
*WARNING* (DB-220704): The Pcell super master 'lf11is/pmos1v2hvt_4/layout' is not a SKILL super master.
                       The usage of non-SKILL Pcells in Virtuoso is not a supported feature.
*WARNING* (DB-220704): The Pcell super master 'lf11is/rnpolym/layout' is not a SKILL super master.
                       The usage of non-SKILL Pcells in Virtuoso is not a supported feature.
INFO (XSTRM-223): 30. Translating stdVia lf11is/PG_M1/layout as STRUCTURE PG_M1_CDNS_7854115840729.
INFO (XSTRM-223): 31. Translating stdVia lf11is/M1_M2/layout as STRUCTURE M1_M2_CDNS_7854115840730.
INFO (XSTRM-223): 32. Translating stdVia lf11is/M1_M2/layout as STRUCTURE M1_M2_CDNS_7854115840731.
INFO (XSTRM-223): 33. Translating stdVia lf11is/M1_M2/layout as STRUCTURE M1_M2_CDNS_7854115840732.
INFO (XSTRM-223): 34. Translating stdVia lf11is/M2_M3/layout as STRUCTURE M2_M3_CDNS_7854115840733.
INFO (XSTRM-223): 35. Translating stdVia lf11is/M1_M2/layout as STRUCTURE M1_M2_CDNS_7854115840734.
INFO (XSTRM-223): 36. Translating stdVia lf11is/M2_M3/layout as STRUCTURE M2_M3_CDNS_7854115840735.
INFO (XSTRM-223): 37. Translating stdVia lf11is/M2_M3/layout as STRUCTURE M2_M3_CDNS_7854115840736.
*WARNING* (DB-220704): The Pcell super master 'lf11is/ncap1v2hvt/layout' is not a SKILL super master.
                       The usage of non-SKILL Pcells in Virtuoso is not a supported feature.
*WARNING* (DB-220704): The Pcell super master 'lf11is/Contact/layout' is not a SKILL super master.
                       The usage of non-SKILL Pcells in Virtuoso is not a supported feature.
INFO (XSTRM-223): 38. Translating cellView lf11is/Contact/layout as STRUCTURE Contact_CDNS_785411584071.
INFO (XSTRM-223): 39. Translating cellView lf11is/Contact/layout as STRUCTURE Contact_CDNS_785411584072.
INFO (XSTRM-223): 40. Translating cellView lf11is/Contact/layout as STRUCTURE Contact_CDNS_785411584073.
INFO (XSTRM-223): 41. Translating cellView lf11is/AbutContact/layout as STRUCTURE AbutContact_CDNS_785411584074.
INFO (XSTRM-223): 42. Translating cellView lf11is/nmos1v2hvt_4/layout as STRUCTURE nmos1v2hvt_4_CDNS_785411584070.
INFO (XSTRM-223): 43. Translating cellView lf11is/AbutContact/layout as STRUCTURE AbutContact_CDNS_785411584076.
INFO (XSTRM-223): 44. Translating cellView lf11is/Contact/layout as STRUCTURE Contact_CDNS_785411584077.
INFO (XSTRM-223): 45. Translating cellView lf11is/nmos1v2hvt_4/layout as STRUCTURE nmos1v2hvt_4_CDNS_785411584075.
INFO (XSTRM-223): 46. Translating cellView lf11is/Contact/layout as STRUCTURE Contact_CDNS_785411584079.
INFO (XSTRM-223): 47. Translating cellView lf11is/AbutContact/layout as STRUCTURE AbutContact_CDNS_7854115840710.
INFO (XSTRM-223): 48. Translating cellView lf11is/nmos1v2hvt_4/layout as STRUCTURE nmos1v2hvt_4_CDNS_785411584078.
INFO (XSTRM-223): 49. Translating cellView lf11is/Contact/layout as STRUCTURE Contact_CDNS_7854115840712.
INFO (XSTRM-223): 50. Translating cellView lf11is/AbutContact/layout as STRUCTURE AbutContact_CDNS_7854115840713.
INFO (XSTRM-223): 51. Translating cellView lf11is/pmos1v2hvt_4/layout as STRUCTURE pmos1v2hvt_4_CDNS_7854115840711.
INFO (XSTRM-223): 52. Translating cellView lf11is/AbutContact/layout as STRUCTURE AbutContact_CDNS_7854115840715.
INFO (XSTRM-223): 53. Translating cellView lf11is/pmos1v2hvt_4/layout as STRUCTURE pmos1v2hvt_4_CDNS_7854115840714.
INFO (XSTRM-223): 54. Translating cellView lf11is/nmos1v2hvt_4/layout as STRUCTURE nmos1v2hvt_4_CDNS_7854115840716.
INFO (XSTRM-223): 55. Translating cellView lf11is/Contact/layout as STRUCTURE Contact_CDNS_7854115840718.
INFO (XSTRM-223): 56. Translating cellView lf11is/pmos1v2hvt_4/layout as STRUCTURE pmos1v2hvt_4_CDNS_7854115840717.
INFO (XSTRM-223): 57. Translating cellView lf11is/AbutContact/layout as STRUCTURE AbutContact_CDNS_7854115840720.
INFO (XSTRM-223): 58. Translating cellView lf11is/nmos1v2hvt_4/layout as STRUCTURE nmos1v2hvt_4_CDNS_7854115840719.
INFO (XSTRM-223): 59. Translating cellView lf11is/AbutContact/layout as STRUCTURE AbutContact_CDNS_7854115840722.
INFO (XSTRM-223): 60. Translating cellView lf11is/pmos1v2hvt_4/layout as STRUCTURE pmos1v2hvt_4_CDNS_7854115840721.
INFO (XSTRM-223): 61. Translating cellView lf11is/Contact/layout as STRUCTURE Contact_CDNS_7854115840724.
INFO (XSTRM-223): 62. Translating cellView lf11is/Contact/layout as STRUCTURE Contact_CDNS_7854115840725.
INFO (XSTRM-223): 63. Translating cellView lf11is/ncap1v2hvt/layout as STRUCTURE ncap1v2hvt_CDNS_7854115840723.
INFO (XSTRM-223): 64. Translating cellView lf11is/Contact/layout as STRUCTURE Contact_CDNS_7854115840727.
INFO (XSTRM-223): 65. Translating cellView lf11is/rnpolym/layout as STRUCTURE rnpolym_CDNS_7854115840726.
INFO (XSTRM-223): 66. Translating cellView lf11is/pmos1v2hvt_4/layout as STRUCTURE pmos1v2hvt_4_CDNS_7854115840728.
INFO (XSTRM-223): 67. Translating cellView lf11is/Contact/layout as STRUCTURE Contact_CDNS_7854115840730.
INFO (XSTRM-223): 68. Translating cellView lf11is/AbutContact/layout as STRUCTURE AbutContact_CDNS_7854115840731.
INFO (XSTRM-223): 69. Translating cellView lf11is/pmos1v2hvt_4/layout as STRUCTURE pmos1v2hvt_4_CDNS_7854115840729.
INFO (XSTRM-223): 70. Translating cellView REF_GEN/CONSTANT_GM_2_fL/layout as STRUCTURE CONSTANT_GM_2_fL.
INFO (XSTRM-180): You have not used the '-objectMap' option. The design has instance(s) of at least one of following OpenAccess objects: oaBlockage, oaBoundary, oaRow, and oaMarker. Any information about these objects will not be translated into the generated stream file. Use the '-objectMap' option to translate/preserve these objects using XStream.
*WARNING* (DB-220704): The Pcell super master 'lf11is/AbutContact/layout' is not a SKILL super master.
                       The usage of non-SKILL Pcells in Virtuoso is not a supported feature.
*WARNING* (DB-220704): The Pcell super master 'lf11is/cmims/layout' is not a SKILL super master.
                       The usage of non-SKILL Pcells in Virtuoso is not a supported feature.
INFO (XSTRM-223): 71. Translating stdVia lf11is/M1_M2/layout as STRUCTURE M1_M2_CDNS_7854115840737.
INFO (XSTRM-223): 72. Translating stdVia lf11is/M1_M2/layout as STRUCTURE M1_M2_CDNS_7854115840738.
INFO (XSTRM-223): 73. Translating stdVia lf11is/M1_M2/layout as STRUCTURE M1_M2_CDNS_7854115840739.
INFO (XSTRM-223): 74. Translating stdVia lf11is/M1_M2/layout as STRUCTURE M1_M2_CDNS_7854115840740.
INFO (XSTRM-223): 75. Translating stdVia lf11is/M1_M2/layout as STRUCTURE M1_M2_CDNS_7854115840741.
INFO (XSTRM-223): 76. Translating stdVia lf11is/M2_M3/layout as STRUCTURE M2_M3_CDNS_7854115840742.
INFO (XSTRM-223): 77. Translating stdVia lf11is/M1_M2/layout as STRUCTURE M1_M2_CDNS_7854115840743.
INFO (XSTRM-223): 78. Translating stdVia lf11is/PG_M1/layout as STRUCTURE PG_M1_CDNS_7854115840744.
INFO (XSTRM-223): 79. Translating stdVia lf11is/M2_M3/layout as STRUCTURE M2_M3_CDNS_7854115840745.
INFO (XSTRM-223): 80. Translating stdVia lf11is/M2_M3/layout as STRUCTURE M2_M3_CDNS_7854115840746.
INFO (XSTRM-223): 81. Translating stdVia lf11is/M2_M3/layout as STRUCTURE M2_M3_CDNS_7854115840747.
INFO (XSTRM-223): 82. Translating stdVia lf11is/M1_M2/layout as STRUCTURE M1_M2_CDNS_7854115840748.
INFO (XSTRM-223): 83. Translating stdVia lf11is/PG_M1/layout as STRUCTURE PG_M1_CDNS_7854115840749.
INFO (XSTRM-223): 84. Translating stdVia lf11is/M2_M3/layout as STRUCTURE M2_M3_CDNS_7854115840750.
INFO (XSTRM-223): 85. Translating stdVia lf11is/M2_M3/layout as STRUCTURE M2_M3_CDNS_7854115840751.
INFO (XSTRM-223): 86. Translating stdVia lf11is/M1_M2/layout as STRUCTURE M1_M2_CDNS_7854115840752.
INFO (XSTRM-223): 87. Translating stdVia lf11is/M1_M2/layout as STRUCTURE M1_M2_CDNS_7854115840753.
INFO (XSTRM-223): 88. Translating stdVia lf11is/M1_M2/layout as STRUCTURE M1_M2_CDNS_7854115840754.
INFO (XSTRM-223): 89. Translating stdVia lf11is/M1_M2/layout as STRUCTURE M1_M2_CDNS_7854115840755.
INFO (XSTRM-223): 90. Translating stdVia lf11is/M2_M3/layout as STRUCTURE M2_M3_CDNS_7854115840756.
INFO (XSTRM-223): 91. Translating stdVia lf11is/M1_M2/layout as STRUCTURE M1_M2_CDNS_7854115840757.
INFO (XSTRM-223): 92. Translating stdVia lf11is/M2_M3/layout as STRUCTURE M2_M3_CDNS_7854115840758.
INFO (XSTRM-223): 93. Translating stdVia lf11is/M1_M2/layout as STRUCTURE M1_M2_CDNS_7854115840759.
INFO (XSTRM-223): 94. Translating stdVia lf11is/M1_M2/layout as STRUCTURE M1_M2_CDNS_7854115840760.
INFO (XSTRM-223): 95. Translating stdVia lf11is/M2_M3/layout as STRUCTURE M2_M3_CDNS_7854115840761.
INFO (XSTRM-223): 96. Translating stdVia lf11is/M2_M3/layout as STRUCTURE M2_M3_CDNS_7854115840762.
INFO (XSTRM-223): 97. Translating stdVia lf11is/M1_M2/layout as STRUCTURE M1_M2_CDNS_7854115840763.
INFO (XSTRM-223): 98. Translating stdVia lf11is/M2_M3/layout as STRUCTURE M2_M3_CDNS_7854115840764.
INFO (XSTRM-223): 99. Translating stdVia lf11is/M1_M2/layout as STRUCTURE M1_M2_CDNS_7854115840765.
INFO (XSTRM-223): 100. Translating stdVia lf11is/M2_M3/layout as STRUCTURE M2_M3_CDNS_7854115840766.
INFO (XSTRM-223): 101. Translating stdVia lf11is/M5_MF/layout as STRUCTURE M5_MF_CDNS_7854115840767.
INFO (XSTRM-223): 102. Translating stdVia lf11is/M4_M5/layout as STRUCTURE M4_M5_CDNS_7854115840768.
INFO (XSTRM-223): 103. Translating stdVia lf11is/M3_M4/layout as STRUCTURE M3_M4_CDNS_7854115840769.
INFO (XSTRM-223): 104. Translating stdVia lf11is/M2_M3/layout as STRUCTURE M2_M3_CDNS_7854115840770.
INFO (XSTRM-223): 105. Translating stdVia lf11is/M5_MF/layout as STRUCTURE M5_MF_CDNS_7854115840771.
INFO (XSTRM-223): 106. Translating stdVia lf11is/M4_M5/layout as STRUCTURE M4_M5_CDNS_7854115840772.
INFO (XSTRM-223): 107. Translating stdVia lf11is/M3_M4/layout as STRUCTURE M3_M4_CDNS_7854115840773.
INFO (XSTRM-223): 108. Translating stdVia lf11is/M4_M5/layout as STRUCTURE M4_M5_CDNS_7854115840774.
INFO (XSTRM-223): 109. Translating stdVia lf11is/M3_M4/layout as STRUCTURE M3_M4_CDNS_7854115840775.
INFO (XSTRM-223): 110. Translating stdVia lf11is/M2_M3/layout as STRUCTURE M2_M3_CDNS_7854115840776.
INFO (XSTRM-223): 111. Translating stdVia lf11is/M1_M2/layout as STRUCTURE M1_M2_CDNS_7854115840777.
INFO (XSTRM-223): 112. Translating stdVia lf11is/M1_M2/layout as STRUCTURE M1_M2_CDNS_7854115840778.
INFO (XSTRM-223): 113. Translating cellView lf11is/cmims/layout as STRUCTURE cmims_CDNS_7854115840732.
INFO (XSTRM-223): 114. Translating cellView lf11is/AbutContact/layout as STRUCTURE AbutContact_CDNS_7854115840734.
INFO (XSTRM-223): 115. Translating cellView lf11is/pmos1v2hvt_4/layout as STRUCTURE pmos1v2hvt_4_CDNS_7854115840733.
INFO (XSTRM-223): 116. Translating cellView lf11is/rnpolyh/layout as STRUCTURE rnpolyh_CDNS_7854115840735.
INFO (XSTRM-223): 117. Translating cellView lf11is/Contact/layout as STRUCTURE Contact_CDNS_7854115840737.
INFO (XSTRM-223): 118. Translating cellView lf11is/nmos1v2hvt_4/layout as STRUCTURE nmos1v2hvt_4_CDNS_7854115840736.
INFO (XSTRM-223): 119. Translating cellView REF_GEN/mux8_1_fL/layout as STRUCTURE mux8_1_fL.
INFO (XSTRM-223): 120. Translating cellView lf11is/rnpolyh/layout as STRUCTURE rnpolyh_CDNS_7854115840738.
INFO (XSTRM-223): 121. Translating stdVia lf11is/M2_M3/layout as STRUCTURE M2_M3_CDNS_7854115840779.
INFO (XSTRM-223): 122. Translating stdVia lf11is/M1_M2/layout as STRUCTURE M1_M2_CDNS_7854115840780.
INFO (XSTRM-223): 123. Translating stdVia lf11is/PG_M1/layout as STRUCTURE PG_M1_CDNS_7854115840781.
INFO (XSTRM-223): 124. Translating cellView lf11is/Contact/layout as STRUCTURE Contact_CDNS_7854115840740.
INFO (XSTRM-223): 125. Translating cellView lf11is/Contact/layout as STRUCTURE Contact_CDNS_7854115840741.
INFO (XSTRM-223): 126. Translating cellView lf11is/Contact/layout as STRUCTURE Contact_CDNS_7854115840742.
INFO (XSTRM-223): 127. Translating cellView lf11is/AbutContact/layout as STRUCTURE AbutContact_CDNS_7854115840743.
INFO (XSTRM-223): 128. Translating cellView lf11is/pmos1v2hvt_4/layout as STRUCTURE pmos1v2hvt_4_CDNS_7854115840739.
INFO (XSTRM-223): 129. Translating cellView lf11is/Contact/layout as STRUCTURE Contact_CDNS_7854115840745.
INFO (XSTRM-223): 130. Translating cellView lf11is/AbutContact/layout as STRUCTURE AbutContact_CDNS_7854115840746.
INFO (XSTRM-223): 131. Translating cellView lf11is/nmos1v2hvt_4/layout as STRUCTURE nmos1v2hvt_4_CDNS_7854115840744.
INFO (XSTRM-223): 132. Translating cellView lf11is/Contact/layout as STRUCTURE Contact_CDNS_7854115840748.
INFO (XSTRM-223): 133. Translating cellView lf11is/nmos1v2hvt_4/layout as STRUCTURE nmos1v2hvt_4_CDNS_7854115840747.
INFO (XSTRM-223): 134. Translating cellView lf11is/Contact/layout as STRUCTURE Contact_CDNS_7854115840750.
INFO (XSTRM-223): 135. Translating cellView lf11is/Contact/layout as STRUCTURE Contact_CDNS_7854115840751.
INFO (XSTRM-223): 136. Translating cellView lf11is/AbutContact/layout as STRUCTURE AbutContact_CDNS_7854115840752.
INFO (XSTRM-223): 137. Translating cellView lf11is/nmos1v2hvt_4/layout as STRUCTURE nmos1v2hvt_4_CDNS_7854115840749.
INFO (XSTRM-223): 138. Translating cellView lf11is/Contact/layout as STRUCTURE Contact_CDNS_7854115840754.
INFO (XSTRM-223): 139. Translating cellView lf11is/pmos1v2hvt_4/layout as STRUCTURE pmos1v2hvt_4_CDNS_7854115840753.
INFO (XSTRM-223): 140. Translating cellView lf11is/AbutContact/layout as STRUCTURE AbutContact_CDNS_7854115840756.
INFO (XSTRM-223): 141. Translating cellView lf11is/pmos1v2hvt_4/layout as STRUCTURE pmos1v2hvt_4_CDNS_7854115840755.
INFO (XSTRM-223): 142. Translating cellView lf11is/Contact/layout as STRUCTURE Contact_CDNS_7854115840758.
INFO (XSTRM-223): 143. Translating cellView lf11is/AbutContact/layout as STRUCTURE AbutContact_CDNS_7854115840759.
INFO (XSTRM-223): 144. Translating cellView lf11is/pmos1v2hvt_4/layout as STRUCTURE pmos1v2hvt_4_CDNS_7854115840757.
INFO (XSTRM-223): 145. Translating cellView lf11is/pmos1v2hvt_4/layout as STRUCTURE pmos1v2hvt_4_CDNS_7854115840760.
INFO (XSTRM-223): 146. Translating cellView lf11is/pmos1v2hvt_4/layout as STRUCTURE pmos1v2hvt_4_CDNS_7854115840761.
INFO (XSTRM-223): 147. Translating cellView lf11is/Contact/layout as STRUCTURE Contact_CDNS_7854115840763.
INFO (XSTRM-223): 148. Translating cellView lf11is/Contact/layout as STRUCTURE Contact_CDNS_7854115840764.
INFO (XSTRM-223): 149. Translating cellView lf11is/AbutContact/layout as STRUCTURE AbutContact_CDNS_7854115840765.
INFO (XSTRM-223): 150. Translating cellView lf11is/nmos1v2hvt_4/layout as STRUCTURE nmos1v2hvt_4_CDNS_7854115840762.
INFO (XSTRM-223): 151. Translating cellView REF_GEN/BG_STARTUP_fL2/layout as STRUCTURE BG_STARTUP_fL2.
INFO (XSTRM-223): 152. Translating cellView lf11is/AbutContact/layout as STRUCTURE AbutContact_CDNS_7854115840767.
INFO (XSTRM-223): 153. Translating cellView lf11is/nmos1v2hvt_4/layout as STRUCTURE nmos1v2hvt_4_CDNS_7854115840766.
INFO (XSTRM-223): 154. Translating cellView lf11is/rnpolyh/layout as STRUCTURE rnpolyh_CDNS_7854115840768.
INFO (XSTRM-223): 155. Translating cellView lf11is/rnpolyh/layout as STRUCTURE rnpolyh_CDNS_7854115840769.
INFO (XSTRM-223): 156. Translating cellView lf11is/rnpolyh/layout as STRUCTURE rnpolyh_CDNS_7854115840770.
INFO (XSTRM-223): 157. Translating cellView lf11is/rnpolyh/layout as STRUCTURE rnpolyh_CDNS_7854115840771.
INFO (XSTRM-223): 158. Translating cellView REF_GEN/trim_res_bg_2_fL/layout as STRUCTURE trim_res_bg_2_fL.
INFO (XSTRM-223): 159. Translating cellView lf11is/rnpolyh/layout as STRUCTURE rnpolyh_CDNS_7854115840772.
INFO (XSTRM-223): 160. Translating cellView REF_GEN/trim_res_bg_sl_fL/layout as STRUCTURE trim_res_bg_sl_fL.
INFO (XSTRM-223): 161. Translating cellView lf11is/Contact/layout as STRUCTURE Contact_CDNS_7854115840774.
INFO (XSTRM-223): 162. Translating cellView lf11is/pmos1v2hvt_4/layout as STRUCTURE pmos1v2hvt_4_CDNS_7854115840773.
INFO (XSTRM-223): 163. Translating cellView lf11is/Contact/layout as STRUCTURE Contact_CDNS_7854115840776.
INFO (XSTRM-223): 164. Translating cellView lf11is/pmos1v2hvt_4/layout as STRUCTURE pmos1v2hvt_4_CDNS_7854115840775.
INFO (XSTRM-223): 165. Translating cellView lf11is/Contact/layout as STRUCTURE Contact_CDNS_7854115840778.
INFO (XSTRM-223): 166. Translating cellView lf11is/pmos1v2hvt_4/layout as STRUCTURE pmos1v2hvt_4_CDNS_7854115840777.
INFO (XSTRM-223): 167. Translating cellView lf11is/Contact/layout as STRUCTURE Contact_CDNS_7854115840780.
INFO (XSTRM-223): 168. Translating cellView lf11is/Contact/layout as STRUCTURE Contact_CDNS_7854115840781.
INFO (XSTRM-223): 169. Translating cellView lf11is/AbutContact/layout as STRUCTURE AbutContact_CDNS_7854115840782.
INFO (XSTRM-223): 170. Translating cellView lf11is/pmos1v2hvt_4/layout as STRUCTURE pmos1v2hvt_4_CDNS_7854115840779.
INFO (XSTRM-223): 171. Translating cellView lf11is/Contact/layout as STRUCTURE Contact_CDNS_7854115840784.
INFO (XSTRM-223): 172. Translating cellView lf11is/nmos1v2hvt_4/layout as STRUCTURE nmos1v2hvt_4_CDNS_7854115840783.
INFO (XSTRM-223): 173. Translating cellView lf11is/Contact/layout as STRUCTURE Contact_CDNS_7854115840786.
INFO (XSTRM-223): 174. Translating cellView lf11is/AbutContact/layout as STRUCTURE AbutContact_CDNS_7854115840787.
INFO (XSTRM-223): 175. Translating cellView lf11is/pmos1v2hvt_4/layout as STRUCTURE pmos1v2hvt_4_CDNS_7854115840785.
INFO (XSTRM-223): 176. Translating cellView lf11is/Contact/layout as STRUCTURE Contact_CDNS_7854115840789.
INFO (XSTRM-223): 177. Translating cellView lf11is/Contact/layout as STRUCTURE Contact_CDNS_7854115840790.
INFO (XSTRM-223): 178. Translating cellView lf11is/nmos1v2hvt_4/layout as STRUCTURE nmos1v2hvt_4_CDNS_7854115840788.
*WARNING* (DB-220704): The Pcell super master 'lf11is/rnpolyh/layout' is not a SKILL super master.
                       The usage of non-SKILL Pcells in Virtuoso is not a supported feature.
INFO (XSTRM-223): 179. Translating cellView lf11is/Contact/layout as STRUCTURE Contact_CDNS_7854115840792.
INFO (XSTRM-223): 180. Translating cellView lf11is/Contact/layout as STRUCTURE Contact_CDNS_7854115840793.
INFO (XSTRM-223): 181. Translating cellView lf11is/Contact/layout as STRUCTURE Contact_CDNS_7854115840794.
INFO (XSTRM-223): 182. Translating cellView lf11is/AbutContact/layout as STRUCTURE AbutContact_CDNS_7854115840795.
INFO (XSTRM-223): 183. Translating cellView lf11is/AbutContact/layout as STRUCTURE AbutContact_CDNS_7854115840796.
INFO (XSTRM-223): 184. Translating cellView lf11is/AbutContact/layout as STRUCTURE AbutContact_CDNS_7854115840797.
INFO (XSTRM-223): 185. Translating cellView lf11is/AbutContact/layout as STRUCTURE AbutContact_CDNS_7854115840798.
INFO (XSTRM-223): 186. Translating cellView lf11is/Contact/layout as STRUCTURE Contact_CDNS_7854115840799.
INFO (XSTRM-223): 187. Translating cellView lf11is/pnp5ux5u/layout as STRUCTURE pnp5ux5u_CDNS_7854115840791.
INFO (XSTRM-223): 188. Translating cellView lf11is/pnp5ux5u/layout as STRUCTURE pnp5ux5u_CDNS_78541158407100.
INFO (XSTRM-223): 189. Translating cellView lf11is/pnp5ux5u/layout as STRUCTURE pnp5ux5u_CDNS_78541158407101.
INFO (XSTRM-223): 190. Translating cellView REF_GEN/BG_PNP_array/layout as STRUCTURE BG_PNP_array.
INFO (XSTRM-223): 191. Translating cellView lf11is/Contact/layout as STRUCTURE Contact_CDNS_78541158407103.
INFO (XSTRM-223): 192. Translating cellView lf11is/pmos1v2hvt_4/layout as STRUCTURE pmos1v2hvt_4_CDNS_78541158407102.
INFO (XSTRM-223): 193. Translating cellView REF_GEN/BG_TRIM_4_fL/layout as STRUCTURE BG_TRIM_4_fL.
INFO (XSTRM-223): 194. Translating cellView AnaCommon/LS/layout as STRUCTURE LS.
INFO (XSTRM-223): 195. Translating cellView REF_GEN/LS2/layout as STRUCTURE LS2.
INFO (XSTRM-223): 196. Translating cellView REF_GEN/LS3/layout as STRUCTURE LS3.
INFO (XSTRM-223): 197. Translating cellView AnaCommon/Tsw/layout as STRUCTURE Tsw.
INFO (XSTRM-223): 198. Translating stdVia lf11is/M1_M2/layout as STRUCTURE M1_M2_CDNS_7854115840782.
INFO (XSTRM-223): 199. Translating cellView Si3/NO2/layout as STRUCTURE NO2.
INFO (XSTRM-223): 200. Translating cellView lf11is/Contact/layout as STRUCTURE Contact_CDNS_78541158407105.
INFO (XSTRM-223): 201. Translating cellView lf11is/pmos1v2hvt_4/layout as STRUCTURE pmos1v2hvt_4_CDNS_78541158407104.
INFO (XSTRM-223): 202. Translating cellView Si3/IN/layout as STRUCTURE IN.
INFO (XSTRM-223): 203. Translating cellView lf11is/nmos1v2hvt_4/layout as STRUCTURE nmos1v2hvt_4_CDNS_78541158407106.
INFO (XSTRM-223): 204. Translating cellView lf11is/pmos1v2hvt_4/layout as STRUCTURE pmos1v2hvt_4_CDNS_78541158407107.
INFO (XSTRM-223): 205. Translating cellView lf11is/nmos1v2hvt_4/layout as STRUCTURE nmos1v2hvt_4_CDNS_78541158407108.
INFO (XSTRM-223): 206. Translating cellView Si3/NA3/layout as STRUCTURE NA3.
INFO (XSTRM-223): 207. Translating cellView lf11is/pmos1v2hvt_4/layout as STRUCTURE pmos1v2hvt_4_CDNS_78541158407109.
INFO (XSTRM-223): 208. Translating cellView lf11is/pmos1v2hvt_4/layout as STRUCTURE pmos1v2hvt_4_CDNS_78541158407110.
INFO (XSTRM-223): 209. Translating cellView lf11is/nmos1v2hvt_4/layout as STRUCTURE nmos1v2hvt_4_CDNS_78541158407111.
INFO (XSTRM-223): 210. Translating cellView REF_GEN/3to8DeMuxSel/layout as STRUCTURE 3to8DeMuxSel.
INFO (XSTRM-236): A path with a rounded extension, an acute angle or a length segment less than half width is encountered at (9460, 440). This path will be written as a boundary record in the GDS file.
INFO (XSTRM-223): 211. Translating stdVia lf11is/M1_M2/layout as STRUCTURE M1_M2_CDNS_7854115840783.
INFO (XSTRM-223): 212. Translating stdVia lf11is/M1_M2/layout as STRUCTURE M1_M2_CDNS_7854115840784.
INFO (XSTRM-223): 213. Translating stdVia lf11is/M1_M2/layout as STRUCTURE M1_M2_CDNS_7854115840785.
INFO (XSTRM-223): 214. Translating stdVia lf11is/M1_M2/layout as STRUCTURE M1_M2_CDNS_7854115840786.
INFO (XSTRM-223): 215. Translating cellView lf11is/pmos1v2hvt_4/layout as STRUCTURE pmos1v2hvt_4_CDNS_78541158407112.
INFO (XSTRM-223): 216. Translating cellView lf11is/pmos1v2hvt_4/layout as STRUCTURE pmos1v2hvt_4_CDNS_78541158407113.
INFO (XSTRM-223): 217. Translating cellView lf11is/nmos1v2hvt_4/layout as STRUCTURE nmos1v2hvt_4_CDNS_78541158407114.
INFO (XSTRM-223): 218. Translating cellView lf11is/nmos1v2hvt_4/layout as STRUCTURE nmos1v2hvt_4_CDNS_78541158407115.
INFO (XSTRM-223): 219. Translating cellView REF_GEN/mux2_1_fL/layout as STRUCTURE mux2_1_fL.
INFO (XSTRM-223): 220. Translating stdVia lf11is/M2_M3/layout as STRUCTURE M2_M3_CDNS_7854115840787.
INFO (XSTRM-223): 221. Translating stdVia lf11is/M2_M3/layout as STRUCTURE M2_M3_CDNS_7854115840788.
INFO (XSTRM-223): 222. Translating stdVia lf11is/M2_M3/layout as STRUCTURE M2_M3_CDNS_7854115840789.
INFO (XSTRM-223): 223. Translating stdVia lf11is/M1_M2/layout as STRUCTURE M1_M2_CDNS_7854115840790.
INFO (XSTRM-223): 224. Translating stdVia lf11is/M2_M3/layout as STRUCTURE M2_M3_CDNS_7854115840791.
INFO (XSTRM-223): 225. Translating stdVia lf11is/M1_M2/layout as STRUCTURE M1_M2_CDNS_7854115840792.
INFO (XSTRM-223): 226. Translating stdVia lf11is/M1_M2/layout as STRUCTURE M1_M2_CDNS_7854115840793.
INFO (XSTRM-223): 227. Translating stdVia lf11is/M1_M2/layout as STRUCTURE M1_M2_CDNS_7854115840794.
INFO (XSTRM-223): 228. Translating cellView lf11is/pmos1v2hvt_4/layout as STRUCTURE pmos1v2hvt_4_CDNS_78541158407116.
INFO (XSTRM-223): 229. Translating cellView lf11is/pmos1v2hvt_4/layout as STRUCTURE pmos1v2hvt_4_CDNS_78541158407117.
INFO (XSTRM-223): 230. Translating cellView lf11is/rnpolym/layout as STRUCTURE rnpolym_CDNS_78541158407118.
INFO (XSTRM-223): 231. Translating cellView lf11is/rnpolym/layout as STRUCTURE rnpolym_CDNS_78541158407119.
INFO (XSTRM-223): 232. Translating cellView lf11is/rnpolym/layout as STRUCTURE rnpolym_CDNS_78541158407120.
INFO (XSTRM-223): 233. Translating cellView lf11is/rnpolym/layout as STRUCTURE rnpolym_CDNS_78541158407121.
INFO (XSTRM-223): 234. Translating cellView lf11is/rnpolym/layout as STRUCTURE rnpolym_CDNS_78541158407122.
INFO (XSTRM-223): 235. Translating cellView lf11is/pmos1v2hvt_4/layout as STRUCTURE pmos1v2hvt_4_CDNS_78541158407123.
INFO (XSTRM-223): 236. Translating cellView REF_GEN/mux8_1p_fL/layout as STRUCTURE mux8_1p_fL.
INFO (XSTRM-223): 237. Translating cellView lf11is/rnpolym/layout as STRUCTURE rnpolym_CDNS_78541158407124.
INFO (XSTRM-223): 238. Translating cellView REF_GEN/trim_res_rnpolyn_2_fL/layout as STRUCTURE trim_res_rnpolyn_2_fL.
INFO (XSTRM-223): 239. Translating cellView REF_GEN/trim_res_array_rn_2_fL/layout as STRUCTURE trim_res_array_rn_2_fL.
INFO (XSTRM-223): 240. Translating cellView lf11is/pmos1v2hvt_4/layout as STRUCTURE pmos1v2hvt_4_CDNS_78541158407125.
INFO (XSTRM-223): 241. Translating cellView Si3/IN2/layout as STRUCTURE IN2.
INFO (XSTRM-223): 242. Translating cellView REF_GEN/inv8_fL/layout as STRUCTURE inv8_fL.
INFO (XSTRM-223): 243. Translating cellView lf11is/Contact/layout as STRUCTURE Contact_CDNS_78541158407127.
INFO (XSTRM-223): 244. Translating cellView lf11is/Contact/layout as STRUCTURE Contact_CDNS_78541158407128.
INFO (XSTRM-223): 245. Translating cellView lf11is/pmos1v2hvt_4/layout as STRUCTURE pmos1v2hvt_4_CDNS_78541158407126.
INFO (XSTRM-223): 246. Translating cellView lf11is/rnpolym/layout as STRUCTURE rnpolym_CDNS_78541158407129.
INFO (XSTRM-223): 247. Translating cellView lf11is/nmos1v2hvt_4/layout as STRUCTURE nmos1v2hvt_4_CDNS_78541158407130.
INFO (XSTRM-223): 248. Translating cellView lf11is/Contact/layout as STRUCTURE Contact_CDNS_78541158407132.
INFO (XSTRM-223): 249. Translating cellView lf11is/Contact/layout as STRUCTURE Contact_CDNS_78541158407133.
INFO (XSTRM-223): 250. Translating cellView lf11is/nmos1v2hvt_4/layout as STRUCTURE nmos1v2hvt_4_CDNS_78541158407131.
INFO (XSTRM-223): 251. Translating cellView lf11is/pmos1v2hvt_4/layout as STRUCTURE pmos1v2hvt_4_CDNS_78541158407134.
INFO (XSTRM-223): 252. Translating cellView lf11is/Contact/layout as STRUCTURE Contact_CDNS_78541158407136.
INFO (XSTRM-223): 253. Translating cellView lf11is/AbutContact/layout as STRUCTURE AbutContact_CDNS_78541158407137.
INFO (XSTRM-223): 254. Translating cellView lf11is/nmos1v2hvt_4/layout as STRUCTURE nmos1v2hvt_4_CDNS_78541158407135.
INFO (XSTRM-223): 255. Translating cellView lf11is/rnpolym/layout as STRUCTURE rnpolym_CDNS_78541158407138.
INFO (XSTRM-223): 256. Translating cellView lf11is/Contact/layout as STRUCTURE Contact_CDNS_78541158407140.
INFO (XSTRM-223): 257. Translating cellView lf11is/AbutContact/layout as STRUCTURE AbutContact_CDNS_78541158407141.
INFO (XSTRM-223): 258. Translating cellView lf11is/pmos1v2hvt_4/layout as STRUCTURE pmos1v2hvt_4_CDNS_78541158407139.
INFO (XSTRM-223): 259. Translating cellView lf11is/Contact/layout as STRUCTURE Contact_CDNS_78541158407143.
INFO (XSTRM-223): 260. Translating cellView lf11is/pmos1v2hvt_4/layout as STRUCTURE pmos1v2hvt_4_CDNS_78541158407142.
INFO (XSTRM-223): 261. Translating cellView lf11is/Contact/layout as STRUCTURE Contact_CDNS_78541158407145.
INFO (XSTRM-223): 262. Translating cellView lf11is/pmos1v2hvt_4/layout as STRUCTURE pmos1v2hvt_4_CDNS_78541158407144.
INFO (XSTRM-223): 263. Translating cellView REF_GEN/REF_V5_fLC/layout as STRUCTURE REF_V5_fLC.
INFO (XSTRM-223): 264. Translating cellView REF_GEN/LS1/layout as STRUCTURE LS1.
INFO (XSTRM-223): 265. Translating cellView REF_GEN/REF_GEN_fL/layout as STRUCTURE REF_GEN_fL.

Summary of Objects Translated:
	Scalar Instances:                       1867
	Array Instances:                        0
	Polygons:                               116
	Paths:                                  51
	Rectangles:                             22735
	Lines:                                  0
	Arcs:                                   0
	Donuts:                                 0
	Dots:                                   0
	Ellipses:                               0
	Boundaries:                             0
	Area Blockages:                         0
	Layer Blockages:                        0
	Area Halos:                             0
	Markers:                                0
	Rows:                                   0
	Standard Vias                           1282
	Custom Vias:                            0
	CdsGen Vias:                            0
	Pathsegs:                               3498
	Text:                                   339
	TextDisplay:                            0
	Cells:                                  265

Elapsed Time: 1.7s   User Time: 1.6s   CPU Time: 0.1s   Peak VM: 50028KB
INFO (XSTRM-234): Translation completed. '0' error(s) and '1' warning(s) found.
