BG_TRIM_4_fL VIA1,METAL5a,PW1V2,NDIFFCONT,METALFa,PDIFF,VIA4,VIA2,METAL3a,PTAP,METAL1a,PSUB,VIA3,POLYG3,METAL2a,NDIFF,PDIFFCONT,NTAP,NW1V2,VIAF2,METAL4a PNPBASE,PGATE,VIAM,NMOS1V2HVT,NGATE,PNP5UX5U,TOPMIMS2,RNPOLYHNW1V2,PMOS1V2HVT,PNPEMIT5UX5U,CMIMS2,POLYCONT
NA3 PGATE,PW1V2,NDIFFCONT,PDIFF,NMOS1V2HVT,NGATE,PTAP,METAL1a,PSUB,PMOS1V2HVT,POLYG3,NDIFF,PDIFFCONT,NTAP,NW1V2,POLYCONT NULL
Tsw PGATE,PW1V2,NDIFFCONT,PDIFF,NMOS1V2HVT,NGATE,PTAP,METAL1a,PSUB,PMOS1V2HVT,POLYG3,NDIFF,PDIFFCONT,NTAP,NW1V2,POLYCONT NULL
pmos1v2hvt_4_CDNS_78541158407102 PGATE,PDIFF,METAL1a,PSUB,PMOS1V2HVT,POLYG3,METAL2a,NTAP,NW1V2,POLYCONT VIA1,NDIFFCONT,NDIFF,PDIFFCONT
pmos1v2hvt_4_CDNS_78541158407107 PGATE,PDIFF,METAL1a,PSUB,PMOS1V2HVT,POLYG3,PDIFFCONT,NW1V2 NULL
pmos1v2hvt_4_CDNS_78541158407109 PGATE,PDIFF,METAL1a,PSUB,PMOS1V2HVT,POLYG3,PDIFFCONT,NW1V2 NULL
IN PGATE,PW1V2,NDIFFCONT,PDIFF,NGATE,PTAP,METAL1a,PSUB,POLYG3,NDIFF,PDIFFCONT,NTAP,NW1V2,POLYCONT NULL
pmos1v2hvt_4_CDNS_78541158407110 PGATE,PDIFF,METAL1a,PSUB,PMOS1V2HVT,POLYG3,PDIFFCONT,NW1V2 NULL
pmos1v2hvt_4_CDNS_78541158407112 PGATE,PDIFF,METAL1a,PSUB,PMOS1V2HVT,POLYG3,PDIFFCONT,NTAP,NW1V2 NDIFFCONT,NDIFF,POLYCONT
pmos1v2hvt_4_CDNS_78541158407116 PGATE,PDIFF,METAL1a,PSUB,PMOS1V2HVT,POLYG3,METAL2a,PDIFFCONT,NTAP,NW1V2 VIA1,NDIFFCONT,NDIFF,POLYCONT
pmos1v2hvt_4_CDNS_78541158407117 PGATE,PDIFF,METAL1a,PSUB,PMOS1V2HVT,POLYG3,PDIFFCONT,NTAP,NW1V2 NDIFFCONT,NDIFF,POLYCONT
pmos1v2hvt_4_CDNS_7854115840711 PGATE,PDIFF,METAL1a,PSUB,PMOS1V2HVT,POLYG3,METAL2a,PDIFFCONT,NTAP,NW1V2 VIA1,NDIFFCONT,NDIFF,POLYCONT
pmos1v2hvt_4_CDNS_7854115840714 PGATE,PDIFF,METAL1a,PSUB,PMOS1V2HVT,POLYG3,PDIFFCONT,NTAP,NW1V2 NDIFFCONT,NDIFF
pmos1v2hvt_4_CDNS_7854115840717 PGATE,PDIFF,METAL1a,PSUB,PMOS1V2HVT,POLYG3,PDIFFCONT,NTAP,NW1V2 NDIFFCONT,NDIFF
trim_res_bg_2_fL NDIFFCONT,METAL1a,PSUB,NDIFF,NTAP,NW1V2 METAL5a,RNPOLYHNW1V2,POLYG3,POLYCONT
pmos1v2hvt_4_CDNS_78541158407123 PGATE,PDIFF,METAL1a,PSUB,PMOS1V2HVT,POLYG3,METAL2a,PDIFFCONT,NTAP,NW1V2 VIA1,NDIFFCONT,NDIFF,POLYCONT
pmos1v2hvt_4_CDNS_78541158407125 PGATE,PDIFF,METAL1a,PSUB,PMOS1V2HVT,POLYG3,PDIFFCONT,NTAP,NW1V2 NDIFFCONT,NDIFF,POLYCONT
pmos1v2hvt_4_CDNS_78541158407126 PGATE,PDIFF,METAL1a,PSUB,PMOS1V2HVT,POLYG3,METAL2a,NTAP,NW1V2 VIA1,NDIFFCONT,NDIFF,PDIFFCONT,POLYCONT
pmos1v2hvt_4_CDNS_7854115840721 PGATE,PDIFF,METAL1a,PSUB,PMOS1V2HVT,POLYG3,PDIFFCONT,NTAP,NW1V2 NDIFFCONT,NDIFF
pmos1v2hvt_4_CDNS_7854115840728 PGATE,PDIFF,METAL1a,PSUB,PMOS1V2HVT,POLYG3,METAL2a,PDIFFCONT,NTAP,NW1V2 VIA1,NDIFFCONT,NDIFF,POLYCONT
pmos1v2hvt_4_CDNS_7854115840729 PGATE,NDIFFCONT,PDIFF,METAL1a,PSUB,PMOS1V2HVT,POLYG3,METAL2a,NDIFF,PDIFFCONT,NTAP,NW1V2 VIA1,POLYCONT
pmos1v2hvt_4_CDNS_78541158407134 PGATE,PDIFF,METAL1a,PSUB,PMOS1V2HVT,POLYG3,METAL2a,NTAP,NW1V2 VIA1,NDIFFCONT,NDIFF,PDIFFCONT,POLYCONT
trim_res_bg_sl_fL METAL5a,NDIFFCONT,RNPOLYHNW1V2,METAL1a,PSUB,POLYG3,NDIFF,NTAP,NW1V2 POLYCONT
pmos1v2hvt_4_CDNS_78541158407139 PGATE,PDIFF,METAL1a,PSUB,PMOS1V2HVT,POLYG3,METAL2a,PDIFFCONT,NTAP,NW1V2 VIA1,NDIFFCONT,NDIFF,POLYCONT
IN2 PGATE,PW1V2,NDIFFCONT,PDIFF,NMOS1V2HVT,NGATE,PTAP,METAL1a,PSUB,PMOS1V2HVT,POLYG3,NDIFF,PDIFFCONT,NTAP,NW1V2,POLYCONT NULL
pmos1v2hvt_4_CDNS_7854115840733 PGATE,PDIFF,METAL1a,PSUB,PMOS1V2HVT,POLYG3,PDIFFCONT,NTAP,NW1V2 NDIFFCONT,NDIFF,POLYCONT
pmos1v2hvt_4_CDNS_7854115840739 PGATE,NDIFFCONT,PDIFF,METAL1a,PSUB,PMOS1V2HVT,POLYG3,METAL2a,NDIFF,PDIFFCONT,NTAP,NW1V2 VIA1,POLYCONT
LS PGATE,PW1V2,NDIFFCONT,PDIFF,NMOS1V2HVT,NGATE,PTAP,METAL1a,PSUB,PMOS1V2HVT,POLYG3,NDIFF,PDIFFCONT,NTAP,NW1V2,POLYCONT NULL
ncap1v2hvt_CDNS_7854115840723 PW1V2,NGATE,NCAP1V2HVT,METAL1a,PSUB,POLYG3,METAL2a,NDIFF VIA1,NDIFFCONT,POLYCONT
pmos1v2hvt_4_CDNS_78541158407142 PGATE,PDIFF,METAL1a,PSUB,PMOS1V2HVT,POLYG3,METAL2a,PDIFFCONT,NTAP,NW1V2,POLYCONT VIA1,NDIFFCONT,NDIFF
pmos1v2hvt_4_CDNS_78541158407144 PGATE,PDIFF,METAL1a,PSUB,PMOS1V2HVT,POLYG3,METAL2a,PDIFFCONT,NTAP,NW1V2,POLYCONT VIA1,NDIFFCONT,NDIFF
pmos1v2hvt_4_CDNS_7854115840753 PGATE,PDIFF,METAL1a,PSUB,PMOS1V2HVT,POLYG3,PDIFFCONT,NTAP,NW1V2 NDIFFCONT,NDIFF,POLYCONT
pmos1v2hvt_4_CDNS_7854115840755 PGATE,NDIFFCONT,PDIFF,METAL1a,PSUB,PMOS1V2HVT,POLYG3,NDIFF,PDIFFCONT,NTAP,NW1V2 POLYCONT
pmos1v2hvt_4_CDNS_7854115840757 PGATE,PDIFF,METAL1a,PSUB,PMOS1V2HVT,POLYG3,METAL2a,PDIFFCONT,NTAP,NW1V2 VIA1,NDIFFCONT,NDIFF,POLYCONT
trim_res_array_rn_2_fL METAL1a,METAL2a VIA1,NDIFFCONT,RNPOLYMNW1V2,PSUB,POLYG3,NDIFF,NTAP,NW1V2,POLYCONT
MASCO__Y1 METAL1a POLYG3,POLYCONT
MASCO__Y2 METAL1a POLYG3,POLYCONT
MASCO__Y3 METAL1a POLYG3,POLYCONT
pmos1v2hvt_4_CDNS_7854115840760 PGATE,PDIFF,METAL1a,PSUB,PMOS1V2HVT,POLYG3,METAL2a,PDIFFCONT,NTAP,NW1V2 VIA1,NDIFFCONT,NDIFF,POLYCONT
pmos1v2hvt_4_CDNS_7854115840761 PGATE,PDIFF,METAL1a,PSUB,PMOS1V2HVT,POLYG3,PDIFFCONT,NTAP,NW1V2 NDIFFCONT,NDIFF,POLYCONT
AbutContact_CDNS_785411584074 PDIFF,PTAP,METAL1a,PSUB,PDIFFCONT NULL
pnp5ux5u_CDNS_78541158407100 PNPBASE,METAL5a,PDIFF,PNP5UX5U,PTAP,METAL1a,PSUB,PNPEMIT5UX5U,METAL2a,NTAP,NW1V2 VIA1,PW1V2,NDIFFCONT,NDIFF,PDIFFCONT
pmos1v2hvt_4_CDNS_7854115840773 PGATE,PDIFF,METAL1a,PSUB,PMOS1V2HVT,POLYG3,NTAP,NW1V2 NDIFFCONT,NDIFF,PDIFFCONT
pnp5ux5u_CDNS_78541158407101 PNPBASE,PDIFF,PTAP,METAL1a,PSUB,PNPEMIT5UX5U,METAL2a,NTAP,NW1V2 VIA1,PW1V2,NDIFFCONT,NDIFF,PDIFFCONT
pmos1v2hvt_4_CDNS_7854115840775 PGATE,PDIFF,METAL1a,PSUB,PMOS1V2HVT,POLYG3,NTAP,NW1V2 NDIFFCONT,NDIFF,PDIFFCONT
pmos1v2hvt_4_CDNS_7854115840777 PGATE,PDIFF,METAL1a,PSUB,PMOS1V2HVT,POLYG3,NTAP,NW1V2 NDIFFCONT,NDIFF,PDIFFCONT,POLYCONT
pmos1v2hvt_4_CDNS_7854115840779 PGATE,NDIFFCONT,PDIFF,METAL1a,PSUB,PMOS1V2HVT,POLYG3,METAL2a,NDIFF,NTAP,NW1V2 VIA1,PDIFFCONT,POLYCONT
pmos1v2hvt_4_CDNS_7854115840785 PGATE,NDIFFCONT,PDIFF,METAL1a,PSUB,PMOS1V2HVT,POLYG3,METAL2a,NDIFF,PDIFFCONT,NTAP,NW1V2,POLYCONT VIA1
M1_M2_CDNS_785411584077 VIA1,METAL1a,METAL2a NULL
M1_M2_CDNS_785411584079 VIA1,METAL1a,METAL2a NULL
MASCO__A20 METAL1a VIA1,PNPBASE,PW1V2,NDIFFCONT,PDIFF,PTAP,PSUB,PNPEMIT5UX5U,METAL2a,NDIFF,PDIFFCONT,NTAP,NW1V2
MASCO__A22 PNP5UX5U,METAL1a,METAL2a VIA1,PNPBASE,PW1V2,NDIFFCONT,PDIFF,PTAP,PSUB,PNPEMIT5UX5U,NDIFF,PDIFFCONT,NTAP,NW1V2
Contact_CDNS_78541158407105 METAL1a NULL
MASCO__B21 METAL1a VIA1,PNPBASE,PW1V2,NDIFFCONT,PDIFF,PTAP,PSUB,PNPEMIT5UX5U,METAL2a,NDIFF,PDIFFCONT,NTAP,NW1V2
MASCO__B23 PNP5UX5U,METAL1a,METAL2a VIA1,PNPBASE,PW1V2,NDIFFCONT,PDIFF,PTAP,PSUB,PNPEMIT5UX5U,NDIFF,PDIFFCONT,NTAP,NW1V2
Contact_CDNS_78541158407127 PDIFF,METAL1a,PSUB,PDIFFCONT NULL
Contact_CDNS_78541158407128 VIA1,METAL1a,METAL2a NULL
NO2 PGATE,PW1V2,NDIFFCONT,PDIFF,NMOS1V2HVT,NGATE,PTAP,METAL1a,PSUB,PMOS1V2HVT,POLYG3,NDIFF,PDIFFCONT,NTAP,NW1V2,POLYCONT NULL
nmos1v2hvt_4_CDNS_785411584070 PW1V2,NDIFFCONT,NMOS1V2HVT,NGATE,METAL1a,PSUB,POLYG3,METAL2a,NDIFF VIA1,PDIFF,PTAP,PDIFFCONT,POLYCONT
M2_M3_CDNS_785411584073 VIA2,METAL3a,METAL2a NULL
M2_M3_CDNS_785411584074 VIA2,METAL3a,METAL2a NULL
nmos1v2hvt_4_CDNS_785411584075 PW1V2,NDIFFCONT,PDIFF,NMOS1V2HVT,NGATE,PTAP,METAL1a,PSUB,POLYG3,NDIFF,PDIFFCONT NULL
M2_M3_CDNS_785411584075 VIA2,METAL3a,METAL2a NULL
LS1 PW1V2,METAL1a,PSUB PGATE,NDIFFCONT,PDIFF,NMOS1V2HVT,NGATE,PTAP,PMOS1V2HVT,POLYG3,NDIFF,PDIFFCONT,NTAP,NW1V2,POLYCONT
LS2 PW1V2,METAL1a,PSUB PGATE,NDIFFCONT,PDIFF,NMOS1V2HVT,NGATE,PTAP,PMOS1V2HVT,POLYG3,NDIFF,PDIFFCONT,NTAP,NW1V2,POLYCONT
nmos1v2hvt_4_CDNS_785411584078 PW1V2,NDIFFCONT,NMOS1V2HVT,NGATE,METAL1a,PSUB,POLYG3,METAL2a,NDIFF VIA1,PDIFF,PTAP,PDIFFCONT,POLYCONT
LS3 PW1V2,METAL1a,PSUB,METAL2a VIA1,PGATE,NDIFFCONT,PDIFF,NMOS1V2HVT,NGATE,PTAP,PMOS1V2HVT,POLYG3,NDIFF,PDIFFCONT,NTAP,NW1V2,POLYCONT
M2_M3_CDNS_785411584078 VIA2,METAL3a,METAL2a NULL
Contact_CDNS_78541158407132 NDIFFCONT,METAL1a,PSUB NULL
Contact_CDNS_78541158407133 VIA1,METAL1a,METAL2a NULL
Contact_CDNS_78541158407140 METAL1a,POLYG3,POLYCONT NULL
nmos1v2hvt_4_CDNS_78541158407106 PW1V2,NDIFFCONT,NMOS1V2HVT,NGATE,METAL1a,PSUB,POLYG3,NDIFF NULL
nmos1v2hvt_4_CDNS_78541158407108 PW1V2,NMOS1V2HVT,NGATE,PSUB,POLYG3,NDIFF NULL
M2_M3_CDNS_7854115840710 VIA2,METAL3a,METAL2a NULL
M2_M3_CDNS_7854115840712 VIA2,METAL3a,METAL2a NULL
M2_M3_CDNS_7854115840713 VIA2,METAL3a,METAL2a NULL
M2_M3_CDNS_7854115840715 VIA2,METAL3a,METAL2a NULL
nmos1v2hvt_4_CDNS_7854115840716 PW1V2,NDIFFCONT,NMOS1V2HVT,NGATE,METAL1a,PSUB,POLYG3,NDIFF PDIFF,PTAP,PDIFFCONT,POLYCONT
M2_M3_CDNS_7854115840718 VIA2,METAL3a,METAL2a NULL
nmos1v2hvt_4_CDNS_7854115840719 PW1V2,NDIFFCONT,NMOS1V2HVT,NGATE,METAL1a,PSUB,POLYG3,NDIFF PDIFF,PTAP,PDIFFCONT
nmos1v2hvt_4_CDNS_78541158407111 PW1V2,NDIFFCONT,NMOS1V2HVT,NGATE,METAL1a,PSUB,POLYG3,NDIFF NULL
nmos1v2hvt_4_CDNS_78541158407115 PW1V2,NDIFFCONT,NMOS1V2HVT,NGATE,METAL1a,PSUB,POLYG3,NDIFF PDIFF,PTAP,PDIFFCONT,POLYCONT
3to8DeMuxSel PGATE,PW1V2,NDIFFCONT,PDIFF,NMOS1V2HVT,NGATE,PTAP,METAL1a,PSUB,PMOS1V2HVT,POLYG3,METAL2a,NDIFF,PDIFFCONT,NTAP,NW1V2,POLYCONT VIA1
rnpolyh_CDNS_7854115840735 RNPOLYHNW1V2,METAL1a,PSUB,POLYG3,NW1V2 POLYCONT
M2_M3_CDNS_7854115840721 VIA2,METAL3a,METAL2a NULL
rnpolyh_CDNS_7854115840738 RNPOLYHNW1V2,METAL1a,PSUB,POLYG3,NW1V2 POLYCONT
M2_M3_CDNS_7854115840723 VIA2,METAL3a,METAL2a NULL
M2_M3_CDNS_7854115840725 VIA2,METAL3a,METAL2a NULL
M2_M3_CDNS_7854115840726 VIA2,METAL3a,METAL2a NULL
trim_res_rnpolyn_2_fL NDIFFCONT,RNPOLYMNW1V2,METAL1a,PSUB,POLYG3,NDIFF,NTAP,NW1V2 POLYCONT
AbutContact_CDNS_7854115840710 PDIFF,PTAP,METAL1a,PSUB,PDIFFCONT NULL
AbutContact_CDNS_7854115840713 NDIFFCONT,METAL1a,PSUB,NDIFF NULL
AbutContact_CDNS_7854115840715 NDIFFCONT,METAL1a,NDIFF NULL
M2_M3_CDNS_7854115840733 VIA2,METAL3a,METAL2a NULL
M1_M2_CDNS_7854115840714 VIA1,METAL1a,METAL2a NULL
M2_M3_CDNS_7854115840735 VIA2,METAL3a,METAL2a NULL
M1_M2_CDNS_7854115840716 VIA1,METAL1a,METAL2a NULL
nmos1v2hvt_4_CDNS_7854115840736 PW1V2,NDIFFCONT,NMOS1V2HVT,NGATE,METAL1a,PSUB,POLYG3,METAL2a,NDIFF,POLYCONT VIA1
M2_M3_CDNS_7854115840736 VIA2,METAL3a,METAL2a NULL
M1_M2_CDNS_7854115840717 VIA1,METAL1a,METAL2a NULL
M1_M2_CDNS_7854115840719 VIA1,METAL1a,METAL2a NULL
nmos1v2hvt_4_CDNS_78541158407130 PW1V2,NDIFFCONT,NMOS1V2HVT,NGATE,METAL1a,PSUB,POLYG3,METAL2a,NDIFF VIA1,PDIFF,PTAP,PDIFFCONT,POLYCONT
nmos1v2hvt_4_CDNS_78541158407131 PW1V2,NMOS1V2HVT,NGATE,METAL1a,PSUB,POLYG3,METAL2a,NDIFF VIA1,NDIFFCONT,PDIFF,PTAP,PDIFFCONT,POLYCONT
rnpolym_CDNS_7854115840726 RNPOLYMNW1V2,METAL1a,PSUB,POLYG3,NW1V2 POLYCONT
nmos1v2hvt_4_CDNS_78541158407135 PW1V2,NDIFFCONT,PDIFF,NMOS1V2HVT,NGATE,PTAP,METAL1a,PSUB,POLYG3,METAL2a,NDIFF,PDIFFCONT,POLYCONT VIA1
AbutContact_CDNS_7854115840720 PDIFF,PTAP,METAL1a,PDIFFCONT NULL
AbutContact_CDNS_7854115840722 NDIFFCONT,METAL1a,NDIFF NULL
Contact_CDNS_7854115840712 METAL1a,POLYG3,POLYCONT NULL
M1_M2_CDNS_7854115840720 VIA1,METAL1a,METAL2a NULL
M1_M2_CDNS_7854115840722 VIA1,METAL1a,METAL2a NULL
M2_M3_CDNS_7854115840742 VIA2,METAL3a,METAL2a NULL
Contact_CDNS_7854115840718 METAL1a NULL
inv8_fL NULL PGATE,PW1V2,NDIFFCONT,PDIFF,NMOS1V2HVT,NGATE,PTAP,METAL1a,PSUB,PMOS1V2HVT,POLYG3,NDIFF,PDIFFCONT,NTAP,NW1V2,POLYCONT
M1_M2_CDNS_7854115840724 VIA1,METAL1a,METAL2a NULL
nmos1v2hvt_4_CDNS_7854115840744 PW1V2,NDIFFCONT,PDIFF,NMOS1V2HVT,NGATE,PTAP,METAL1a,PSUB,POLYG3,NDIFF,PDIFFCONT POLYCONT
nmos1v2hvt_4_CDNS_7854115840747 PW1V2,NDIFFCONT,NMOS1V2HVT,NGATE,METAL1a,PSUB,POLYG3,NDIFF PDIFF,PTAP,PDIFFCONT,POLYCONT
M1_M2_CDNS_7854115840728 VIA1,METAL1a,METAL2a NULL
nmos1v2hvt_4_CDNS_7854115840749 PW1V2,NDIFFCONT,NMOS1V2HVT,NGATE,METAL1a,PSUB,POLYG3,METAL2a,NDIFF VIA1,PDIFF,PTAP,PDIFFCONT,POLYCONT
AbutContact_CDNS_7854115840734 NDIFFCONT,METAL1a,PSUB,NDIFF NULL
Contact_CDNS_7854115840724 NDIFFCONT,METAL1a,PSUB NULL
Contact_CDNS_7854115840725 VIA1,METAL1a,PSUB,POLYG3,METAL2a,POLYCONT NULL
M2_M3_CDNS_7854115840750 VIA2,METAL3a,METAL2a NULL
M1_M2_CDNS_7854115840731 VIA1,METAL1a,METAL2a NULL
Contact_CDNS_7854115840727 METAL1a,POLYG3,POLYCONT NULL
M1_M2_CDNS_7854115840732 VIA1,METAL1a,METAL2a NULL
rnpolyh_CDNS_7854115840768 RNPOLYHNW1V2,METAL1a,PSUB,POLYG3,NW1V2 POLYCONT
rnpolyh_CDNS_7854115840769 RNPOLYHNW1V2,METAL1a,PSUB,POLYG3,NW1V2 POLYCONT
mux8_1_fL PW1V2,PDIFF,PTAP,METAL1a,PSUB,METAL2a,PDIFFCONT VIA1,NDIFFCONT,NMOS1V2HVT,NGATE,VIA2,METAL3a,POLYG3,NDIFF,POLYCONT
M1_M2_CDNS_7854115840737 VIA1,METAL1a,METAL2a NULL
M1_M2_CDNS_7854115840738 VIA1,METAL1a,METAL2a NULL
M2_M3_CDNS_7854115840758 VIA2,METAL3a,METAL2a NULL
M1_M2_CDNS_7854115840739 VIA1,METAL1a,METAL2a NULL
rnpolyh_CDNS_7854115840770 METAL5a,RNPOLYHNW1V2,METAL1a,PSUB,POLYG3,NW1V2 POLYCONT
Contact_CDNS_7854115840730 METAL1a,PSUB,POLYG3,POLYCONT NULL
rnpolyh_CDNS_7854115840771 RNPOLYHNW1V2,METAL1a,PSUB,POLYG3,NW1V2 POLYCONT
M1_M2_CDNS_7854115840740 VIA1,METAL1a,METAL2a NULL
M1_M2_CDNS_7854115840741 VIA1,METAL1a,METAL2a NULL
M2_M3_CDNS_7854115840761 VIA2,METAL3a,METAL2a NULL
nmos1v2hvt_4_CDNS_7854115840762 PW1V2,NDIFFCONT,PDIFF,NMOS1V2HVT,NGATE,PTAP,METAL1a,PSUB,POLYG3,METAL2a,NDIFF,PDIFFCONT,POLYCONT VIA1
nmos1v2hvt_4_CDNS_7854115840766 PW1V2,NDIFFCONT,PDIFF,NMOS1V2HVT,NGATE,PTAP,METAL1a,PSUB,POLYG3,NDIFF,PDIFFCONT NULL
M1_M2_CDNS_7854115840748 VIA1,METAL1a,METAL2a NULL
AbutContact_CDNS_7854115840752 PDIFF,PTAP,METAL1a,PSUB,PDIFFCONT NULL
Contact_CDNS_7854115840740 METAL1a NULL
Contact_CDNS_7854115840741 METAL1a,POLYG3,POLYCONT NULL
Contact_CDNS_7854115840742 VIA1,METAL1a,METAL2a NULL
Contact_CDNS_785411584071 METAL1a,PSUB NULL
Contact_CDNS_785411584072 VIA1,METAL1a,METAL2a NULL
Contact_CDNS_7854115840745 METAL1a,POLYG3,POLYCONT NULL
AbutContact_CDNS_7854115840759 NDIFFCONT,METAL1a,PSUB,NDIFF NULL
Contact_CDNS_785411584073 METAL1a,POLYG3,POLYCONT NULL
Contact_CDNS_7854115840748 METAL1a,PSUB,POLYG3,POLYCONT NULL
M1_M2_CDNS_7854115840753 VIA1,METAL1a,METAL2a NULL
M1_M2_CDNS_7854115840754 VIA1,METAL1a,METAL2a NULL
Contact_CDNS_785411584077 METAL1a NULL
Contact_CDNS_785411584079 METAL1a,POLYG3,POLYCONT NULL
BG_STARTUP_fL2 VIA1,PW1V2,METAL3a,METAL1a,PSUB,POLYG3,METAL2a,POLYCONT PGATE,NDIFFCONT,PDIFF,NMOS1V2HVT,NGATE,VIA2,PTAP,PMOS1V2HVT,NDIFF,PDIFFCONT,NTAP,NW1V2
M2_M3_CDNS_7854115840779 VIA2,METAL3a,METAL2a NULL
Contact_CDNS_7854115840750 METAL1a NULL
Contact_CDNS_7854115840751 VIA1,METAL1a,METAL2a NULL
Contact_CDNS_7854115840754 METAL1a,POLYG3,POLYCONT NULL
M1_M2_CDNS_7854115840760 VIA1,METAL1a,METAL2a NULL
Contact_CDNS_7854115840758 METAL1a,POLYG3,POLYCONT NULL
M1_M2_CDNS_7854115840763 VIA1,METAL1a,METAL2a NULL
nmos1v2hvt_4_CDNS_7854115840783 PW1V2,NDIFFCONT,NMOS1V2HVT,NGATE,METAL1a,PSUB,POLYG3,METAL2a,NDIFF VIA1,PDIFF,PTAP,PDIFFCONT,POLYCONT
M1_M2_CDNS_7854115840765 VIA1,METAL1a,METAL2a NULL
nmos1v2hvt_4_CDNS_7854115840788 PW1V2,NMOS1V2HVT,NGATE,METAL1a,PSUB,POLYG3,METAL2a,NDIFF,POLYCONT VIA1,NDIFFCONT,PDIFF,PTAP,PDIFFCONT
Contact_CDNS_7854115840764 VIA1,METAL1a,METAL2a NULL
CONSTANT_GM_2_fL VIA1,PW1V2,NDIFFCONT,PDIFF,METAL3a,PTAP,METAL1a,PSUB,POLYG3,METAL2a,NDIFF,PDIFFCONT,NTAP,NW1V2 PGATE,NMOS1V2HVT,NGATE,RNPOLYMNW1V2,NCAP1V2HVT,VIA2,PMOS1V2HVT,POLYCONT
rnpolym_CDNS_78541158407118 RNPOLYMNW1V2,METAL1a,PSUB,POLYG3,NW1V2 POLYCONT
rnpolym_CDNS_78541158407119 RNPOLYMNW1V2,METAL1a,PSUB,POLYG3,NW1V2 POLYCONT
Contact_CDNS_7854115840774 PDIFF,METAL1a,PDIFFCONT NULL
Contact_CDNS_7854115840776 PDIFF,METAL1a,PDIFFCONT NULL
rnpolym_CDNS_78541158407120 RNPOLYMNW1V2,METAL1a,PSUB,POLYG3,NW1V2 POLYCONT
M1_M2_CDNS_7854115840782 VIA1,METAL1a,METAL2a NULL
Contact_CDNS_7854115840778 PDIFF,METAL1a,PSUB,PDIFFCONT NULL
rnpolym_CDNS_78541158407121 RNPOLYMNW1V2,METAL1a,PSUB,POLYG3,NW1V2 POLYCONT
M1_M2_CDNS_7854115840783 VIA1,METAL1a,METAL2a NULL
mux8_1p_fL METAL1a,METAL2a VIA1,PGATE,NDIFFCONT,PDIFF,PSUB,PMOS1V2HVT,POLYG3,NDIFF,PDIFFCONT,NTAP,NW1V2,POLYCONT
rnpolym_CDNS_78541158407122 RNPOLYMNW1V2,METAL1a,PSUB,POLYG3,NW1V2 POLYCONT
M1_M2_CDNS_7854115840784 VIA1,METAL1a,METAL2a NULL
M1_M2_CDNS_7854115840785 VIA1,METAL1a,METAL2a NULL
M1_M2_CDNS_7854115840786 VIA1,METAL1a,METAL2a NULL
rnpolym_CDNS_78541158407129 RNPOLYMNW1V2,METAL1a,PSUB,POLYG3,NW1V2 POLYCONT
PG_M1_CDNS_7854115840729 METAL1a,POLYG3,POLYCONT NULL
Contact_CDNS_7854115840780 VIA1,METAL1a,METAL2a NULL
AbutContact_CDNS_7854115840795 NDIFFCONT,METAL1a,PSUB,NDIFF NULL
Contact_CDNS_7854115840781 METAL1a,POLYG3,POLYCONT NULL
AbutContact_CDNS_7854115840796 NDIFFCONT,METAL1a,PSUB,NDIFF NULL
AbutContact_CDNS_7854115840797 PW1V2,PDIFF NULL
AbutContact_CDNS_7854115840798 PW1V2,PDIFF NULL
Contact_CDNS_7854115840784 METAL1a,POLYG3,POLYCONT NULL
M1_M2_CDNS_7854115840794 VIA1,METAL1a,METAL2a NULL
rnpolym_CDNS_78541158407138 RNPOLYMNW1V2,METAL1a,PSUB,POLYG3,NW1V2 POLYCONT
REF_GEN_fL VIA1,PGATE,PW1V2,NDIFFCONT,PDIFF,NMOS1V2HVT,NGATE,VIA2,METAL3a,METAL1a,PSUB,PMOS1V2HVT,POLYG3,METAL2a,NDIFF,PDIFFCONT,NTAP,NW1V2 PNPBASE,METAL5a,METALFa,VIAM,VIA4,PNP5UX5U,RNPOLYMNW1V2,NCAP1V2HVT,TOPMIMS2,RNPOLYHNW1V2,PTAP,VIA3,PNPEMIT5UX5U,CMIMS2,VIAF2,METAL4a,POLYCONT
pnp5ux5u_CDNS_7854115840791 PNPBASE,PDIFF,PTAP,METAL1a,PSUB,PNPEMIT5UX5U,METAL2a,NTAP,NW1V2 VIA1,PW1V2,NDIFFCONT,NDIFF,PDIFFCONT
Contact_CDNS_7854115840790 VIA1,METAL1a,METAL2a NULL
Contact_CDNS_7854115840792 PDIFF,METAL1a,PSUB,PDIFFCONT NULL
Contact_CDNS_7854115840793 VIA1,METAL1a,METAL2a NULL
Contact_CDNS_7854115840794 PDIFF,PTAP,METAL1a,PDIFFCONT NULL
BG_PNP_array METAL5a,PNP5UX5U,METAL1a,METAL2a VIA1,PNPBASE,PW1V2,NDIFFCONT,PDIFF,PTAP,PSUB,PNPEMIT5UX5U,NDIFF,PDIFFCONT,NTAP,NW1V2
cmims_CDNS_7854115840732 METAL5a,METALFa,VIAM,TOPMIMS2,CMIMS2 NULL
Contact_CDNS_7854115840799 METAL1a,PDIFFCONT NULL
AbutContact_CDNS_78541158407141 NDIFFCONT,METAL1a,PSUB,NDIFF NULL
REF_V5_fLC VIA1,PW1V2,NDIFFCONT,PDIFF,VIA2,METAL3a,PTAP,METAL1a,PSUB,POLYG3,METAL2a,NDIFF,PDIFFCONT,NTAP,NW1V2 PGATE,NMOS1V2HVT,NGATE,RNPOLYMNW1V2,PMOS1V2HVT,POLYCONT
PG_M1_CDNS_7854115840744 METAL1a,POLYG3,POLYCONT NULL
PG_M1_CDNS_7854115840749 METAL1a,POLYG3,POLYCONT NULL
