Starting Single Run, Sweeps and Corners...

Current time: Thu Jul 30 11:42:30 2026 
Best design point: 1
Design specs: 
	OP	corner	Nominal - 
	V1000		999.9m
	V550		549.8m
	I32nA		32.08n
	I128nA		128.2n
	BangapRef		600.2m
	V/V /V0; xf dB20(V/V)		Error	No
	PRN_TRIGGER		77.96u
	REF5_dc_current		3.174u
	total_noise_V		162.7u
	LDO		700.3m
	LVDS		825.1m
Design parameters: 
	CL		150f
	CONF_BG_SL_TRIM		3
	CONF_BG_TRIM		3
	CONF_REF_TRIM		3
	CONF_LVDS_SEL		0
	CONF_LDO_SEL		0
	PD		0
	PD_PULSE		0

Interactive.161
Number of points completed: 1
Number of simulation errors: 0
Interactive.161 completed. 
Current time: Thu Jul 30 11:43:44 2026 
