Starting Single Run, Sweeps and Corners...

Current time: Mon Aug  3 10:56:44 2026 
Best design point: 1
Design specs: 
	OP	corner	Nominal - 
	V1000		999.6m
	V550		549.9m
	I32nA		32.13n
	I128nA		128.4n
	BangapRef		600m
	V/V /V0; xf dB20(V/V)		Error	No
	PRN_TRIGGER		63.36u
	REF5_dc_current		3.181u
	total_noise_V		163.6u
	LDO		699.9m
	LVDS		824.8m
Design parameters: 
	CL		150f
	CONF_BG_SL_TRIM		3
	CONF_BG_TRIM		3
	CONF_REF_TRIM		3
	CONF_LVDS_SEL		0
	CONF_LDO_SEL		0
	PD		0
	PD_PULSE		0

Interactive.171
Number of points completed: 1
Number of simulation errors: 0
Interactive.171 completed. 
Current time: Mon Aug  3 10:56:48 2026 
