Starting Single Run, Sweeps and Corners...

Current time: Tue Aug  4 13:30:11 2026 
Best design point: 1
Design specs: 
	TRAN	corner	Nominal - 
	V1000		61.57p
	V550		64.66p
	I32nA		10.09y
	I128nA		41.03y
	BangapRef		65.35p
Design parameters: 
	CL		150f
	CONF_BG_SL_TRIM		3
	CONF_BG_TRIM		3
	CONF_REF_TRIM		3
	CONF_LVDS_SEL		0
	CONF_LDO_SEL		0
	PD		0
	PD_PULSE		0

Interactive.185
Number of points completed: 1
Number of simulation errors: 0
Interactive.185 completed. 
Current time: Tue Aug  4 13:30:56 2026 
