Starting Single Run, Sweeps and Corners...

Current time: Wed Aug  5 08:33:30 2026 
Best design point: 1
Design specs: 
	OP	corner	Nominal - 
	V1000		999.3m
	V550		550.1m
	I32nA		30.44n
	I128nA		121.6n
	BangapRef		600.3m
	V/V /V0; xf dB20(V/V)		Error	No
	PRN_TRIGGER		125.7u
	REF5_dc_current		3.14u
	total_noise_V		163.8u
	LDO		700.7m
	LVDS		825m
Design parameters: 
	CL		150f
	CONF_BG_SL_TRIM		3
	CONF_BG_TRIM		3
	CONF_REF_TRIM		3
	CONF_LVDS_SEL		0
	CONF_LDO_SEL		0
	PD		0
	PD_PULSE		0

Interactive.190
Number of points completed: 1
Number of simulation errors: 0
Interactive.190 completed. 
Current time: Wed Aug  5 08:34:26 2026 
