Starting Single Run, Sweeps and Corners...

Current time: Mon Jul  6 14:18:36 2026 
Best design point: 1
Design specs: 
	OP	corner	Nominal - 
	V1000		1
	V550		549.8m
	I32nA		32.08n
	I128nA		128.2n
	BangapRef		600.2m
	V/V /V0; xf dB20(V/V)		Error	No
	PRN_TRIGGER		63.23u
	REF5_dc_current		3.047u
	total_noise_V		163.5u
	LDO		700.3m
	LVDS		825.2m
Design parameters: 
	CL		150f
	CONF_BG_SL_TRIM		3
	CONF_BG_TRIM		3
	CONF_REF_TRIM		3
	CONF_LVDS_SEL		0
	CONF_LDO_SEL		0
	PD		0
	PD_PULSE		0

Interactive.135
Number of points completed: 1
Number of simulation errors: 0
Interactive.135 completed. 
Current time: Mon Jul  6 14:18:57 2026 
