Starting Single Run, Sweeps and Corners...

Current time: Wed Jun 24 13:28:43 2026 
Best design point: 1
Design specs: 
	OP	corner	Nominal - 
	V1000		999.7m
	V550		550m
	I32nA		32.14n
	I128nA		128.5n
	BangapRef		600.2m
	V/V /V0; xf dB20(V/V)		Error	No
	PRN_TRIGGER		74.54u
	REF5_dc_current		3.052u
	output noise; V / sqrt(Hz)		Error	No
	total_noise_V		Error	No
	LDO		700m
	LVDS		824.9m
Design parameters: 
	CL		150f
	CONF_BG_SL_TRIM		3
	CONF_BG_TRIM		3
	CONF_REF_TRIM		3
	CONF_LVDS_SEL		0
	CONF_LDO_SEL		0
	PD		0
	PD_PULSE		0

Interactive.92
Number of points completed: 1
Number of simulation errors: 0
Interactive.92 completed. 
Current time: Wed Jun 24 13:28:58 2026 
