Starting Single Run, Sweeps and Corners...

Current time: Mon Jul  6 13:21:54 2026 
Best design point: 1
Design specs: 
	TRAN	corner	C0_0 - 
	V1000		999.9m
	V550		550.1m
	I32nA		32.15n
	I128nA		128.5n
	BangapRef		600.2m
	TRAN	corner	C0_1 - 
	V1000		1
	V550		550.3m
	I32nA		29.56n
	I128nA		118.1n
	BangapRef		600.3m
	TRAN	corner	C1_0 - 
	V1000		1.003
	V550		551.9m
	I32nA		39.28n
	I128nA		157n
	BangapRef		602.3m
	TRAN	corner	C1_1 - 
	V1000		1.004
	V550		552.5m
	I32nA		36.33n
	I128nA		145.1n
	BangapRef		602.9m
	TRAN	corner	C1_2 - 
	V1000		1.004
	V550		553.7m
	I32nA		33.44n
	I128nA		133.1n
	BangapRef		603.9m
	TRAN	corner	C1_3 - 
	V1000		1.004
	V550		552.2m
	I32nA		35.98n
	I128nA		143.8n
	BangapRef		602.5m
	TRAN	corner	C1_4 - 
	V1000		1.005
	V550		553m
	I32nA		33.54n
	I128nA		133.8n
	BangapRef		603.3m
	TRAN	corner	C1_5 - 
	V1000		1.006
	V550		554.9m
	I32nA		31.19n
	I128nA		123.7n
	BangapRef		604.9m
	TRAN	corner	C2_0 - 
	V1000		1.001
	V550		550.8m
	I32nA		31.18n
	I128nA		124.7n
	BangapRef		601.1m
	TRAN	corner	C2_1 - 
	V1000		1
	V550		550.3m
	I32nA		29.32n
	I128nA		117.2n
	BangapRef		600.5m
	TRAN	corner	C2_2 - 
	V1000		1
	V550		550.5m
	I32nA		28.15n
	I128nA		112.5n
	BangapRef		600.6m
	TRAN	corner	C2_3 - 
	V1000		1.002
	V550		550.9m
	I32nA		28.54n
	I128nA		114.1n
	BangapRef		601.1m
	TRAN	corner	C2_4 - 
	V1000		1.001
	V550		550.5m
	I32nA		26.88n
	I128nA		107.5n
	BangapRef		600.6m
	TRAN	corner	C2_5 - 
	V1000		1.001
	V550		550.7m
	I32nA		25.87n
	I128nA		103.4n
	BangapRef		600.7m
	TRAN	corner	C3_0 - 
	V1000		1.001
	V550		550.8m
	I32nA		31.18n
	I128nA		124.7n
	BangapRef		601.1m
	TRAN	corner	C3_1 - 
	V1000		1
	V550		550.3m
	I32nA		29.32n
	I128nA		117.2n
	BangapRef		600.5m
	TRAN	corner	C3_2 - 
	V1000		1
	V550		550.5m
	I32nA		28.15n
	I128nA		112.5n
	BangapRef		600.6m
	TRAN	corner	C3_3 - 
	V1000		1.002
	V550		550.9m
	I32nA		28.54n
	I128nA		114.1n
	BangapRef		601.1m
	TRAN	corner	C3_4 - 
	V1000		1.001
	V550		550.5m
	I32nA		26.88n
	I128nA		107.5n
	BangapRef		600.6m
	TRAN	corner	C3_5 - 
	V1000		1.001
	V550		550.7m
	I32nA		25.87n
	I128nA		103.4n
	BangapRef		600.7m
	TRAN	corner	C4_0 - 
	V1000		1.003
	V550		551.9m
	I32nA		39.28n
	I128nA		157n
	BangapRef		602.3m
	TRAN	corner	C4_1 - 
	V1000		1.004
	V550		552.5m
	I32nA		36.33n
	I128nA		145.1n
	BangapRef		602.9m
	TRAN	corner	C4_2 - 
	V1000		1.004
	V550		553.7m
	I32nA		33.44n
	I128nA		133.1n
	BangapRef		603.9m
	TRAN	corner	C4_3 - 
	V1000		1.004
	V550		552.2m
	I32nA		35.98n
	I128nA		143.8n
	BangapRef		602.5m
	TRAN	corner	C4_4 - 
	V1000		1.005
	V550		553m
	I32nA		33.54n
	I128nA		133.8n
	BangapRef		603.3m
	TRAN	corner	C4_5 - 
	V1000		1.006
	V550		554.9m
	I32nA		31.19n
	I128nA		123.7n
	BangapRef		604.9m
	TRAN	corner	C5_0 - 
	V1000		1.002
	V550		551m
	I32nA		31.5n
	I128nA		126n
	BangapRef		601.4m
	TRAN	corner	C5_1 - 
	V1000		1.004
	V550		552.5m
	I32nA		29.62n
	I128nA		118.4n
	BangapRef		602.9m
	TRAN	corner	C5_2 - 
	V1000		1.01
	V550		556m
	I32nA		28.74n
	I128nA		114.9n
	BangapRef		606.6m
	TRAN	corner	C5_3 - 
	V1000		1.002
	V550		551.3m
	I32nA		28.66n
	I128nA		114.6n
	BangapRef		601.6m
	TRAN	corner	C5_4 - 
	V1000		1.005
	V550		553m
	I32nA		27.1n
	I128nA		108.3n
	BangapRef		603.3m
	TRAN	corner	C5_5 - 
	V1000		1.011
	V550		556.6m
	I32nA		26.31n
	I128nA		105.2n
	BangapRef		607.1m
	TRAN	corner	C6_0 - 
	V1000		1.003
	V550		551.7m
	I32nA		38.75n
	I128nA		154.9n
	BangapRef		602.1m
	TRAN	corner	C6_1 - 
	V1000		1.001
	V550		550.6m
	I32nA		35.95n
	I128nA		143.6n
	BangapRef		600.7m
	TRAN	corner	C6_2 - 
	V1000		994.7m
	V550		548.6m
	I32nA		32.71n
	I128nA		130.3n
	BangapRef		598.4m
	TRAN	corner	C6_3 - 
	V1000		1.003
	V550		551.8m
	I32nA		35.81n
	I128nA		143.2n
	BangapRef		602.1m
	TRAN	corner	C6_4 - 
	V1000		1.001
	V550		550.8m
	I32nA		33.25n
	I128nA		132.7n
	BangapRef		600.8m
	TRAN	corner	C6_5 - 
	V1000		995.6m
	V550		549.1m
	I32nA		30.58n
	I128nA		121.5n
	BangapRef		598.8m
	TRAN	corner	C7_0 - 
	V1000		1.001
	V550		550.7m
	I32nA		29.28n
	I128nA		117.1n
	BangapRef		600.9m
	TRAN	corner	C7_1 - 
	V1000		998.7m
	V550		549.7m
	I32nA		26.88n
	I128nA		107.4n
	BangapRef		599.7m
	TRAN	corner	C7_2 - 
	V1000		990.8m
	V550		546.9m
	I32nA		23.94n
	I128nA		95.35n
	BangapRef		596.4m
	TRAN	corner	C7_3 - 
	V1000		1.001
	V550		550.7m
	I32nA		26.95n
	I128nA		107.7n
	BangapRef		600.9m
	TRAN	corner	C7_4 - 
	V1000		999m
	V550		549.9m
	I32nA		24.87n
	I128nA		99.25n
	BangapRef		599.8m
	TRAN	corner	C7_5 - 
	V1000		992.4m
	V550		547.9m
	I32nA		22.49n
	I128nA		89.32n
	BangapRef		597.2m
	TRAN	corner	C8_0 - 
	V1000		1.004
	V550		552m
	I32nA		41.76n
	I128nA		166.9n
	BangapRef		602.4m
	TRAN	corner	C8_1 - 
	V1000		1.005
	V550		552.8m
	I32nA		39.38n
	I128nA		157.4n
	BangapRef		603.2m
	TRAN	corner	C8_2 - 
	V1000		1.009
	V550		555.5m
	I32nA		38.23n
	I128nA		152.8n
	BangapRef		606m
	TRAN	corner	C8_3 - 
	V1000		1.004
	V550		552.2m
	I32nA		38.04n
	I128nA		152.1n
	BangapRef		602.6m
	TRAN	corner	C8_4 - 
	V1000		1.006
	V550		553.2m
	I32nA		36.06n
	I128nA		144.1n
	BangapRef		603.6m
	TRAN	corner	C8_5 - 
	V1000		1.01
	V550		556m
	I32nA		35.06n
	I128nA		140.1n
	BangapRef		606.5m
	TRAN	corner	Nominal - 
	V1000		999.9m
	V550		550.1m
	I32nA		32.15n
	I128nA		128.5n
	BangapRef		600.2m
Design parameters: 
	CL		150f
	CONF_BG_SL_TRIM		3
	CONF_BG_TRIM		3
	CONF_REF_TRIM		3
	CONF_LVDS_SEL		0
	CONF_LDO_SEL		0
	PD		0
	PD_PULSE		0

Interactive.134
Number of points completed: 1
Number of simulation errors: 0
Interactive.134 completed. 
Current time: Mon Jul  6 13:23:41 2026 
