Starting Single Run, Sweeps and Corners...

Current time: Mon Jul  6 13:05:44 2026 
Best design point: 1
Design specs: 
	TRAN	corner	MOS_BJT_RES_CAP_TEMP_0 - 
	V1000		7.2u
	V550		4.721u
	I32nA		23.23f
	I128nA		129f
	BangapRef		497.6m
	TRAN	corner	MOS_BJT_RES_CAP_TEMP_1 - 
	V1000		240.1n
	V550		208.8n
	I32nA		446a
	I128nA		1.766f
	BangapRef		362.1m
	TRAN	corner	MOS_BJT_RES_CAP_TEMP_2 - 
	V1000		10.76u
	V550		7.461u
	I32nA		53.26f
	I128nA		227f
	BangapRef		468.2m
	TRAN	corner	MOS_BJT_RES_CAP_TEMP_3 - 
	V1000		3.128u
	V550		2.964u
	I32nA		9.98f
	I128nA		38.68f
	BangapRef		332.7m
	TRAN	corner	MOS_BJT_RES_CAP_TEMP_4 - 
	V1000		13.92u
	V550		9.651u
	I32nA		40.7f
	I128nA		223.6f
	BangapRef		500.5m
	TRAN	corner	MOS_BJT_RES_CAP_TEMP_5 - 
	V1000		9.372u
	V550		7.591u
	I32nA		27.41f
	I128nA		109.4f
	BangapRef		360.6m
	TRAN	corner	MOS_BJT_RES_CAP_TEMP_6 - 
	V1000		4.233u
	V550		2.851u
	I32nA		21.73f
	I128nA		93.02f
	BangapRef		461.1m
	TRAN	corner	MOS_BJT_RES_CAP_TEMP_7 - 
	V1000		29.51n
	V550		32.08n
	I32nA		107.4a
	I128nA		406.5a
	BangapRef		334.4m
	TRAN	corner	MOS_BJT_RES_CAP_TEMP_8 - 
	V1000		5.459u
	V550		3.579u
	I32nA		23.2f
	I128nA		128.9f
	BangapRef		496.4m
	TRAN	corner	MOS_BJT_RES_CAP_TEMP_9 - 
	V1000		191.1n
	V550		163.3n
	I32nA		445.4a
	I128nA		1.763f
	BangapRef		361.1m
	TRAN	corner	MOS_BJT_RES_CAP_TEMP_10 - 
	V1000		8.161u
	V550		5.659u
	I32nA		53.22f
	I128nA		226.8f
	BangapRef		467.5m
	TRAN	corner	MOS_BJT_RES_CAP_TEMP_11 - 
	V1000		2.615u
	V550		2.387u
	I32nA		9.969f
	I128nA		38.63f
	BangapRef		332m
	TRAN	corner	MOS_BJT_RES_CAP_TEMP_12 - 
	V1000		10.55u
	V550		7.317u
	I32nA		40.66f
	I128nA		223.4f
	BangapRef		499.3m
	TRAN	corner	MOS_BJT_RES_CAP_TEMP_13 - 
	V1000		7.202u
	V550		5.812u
	I32nA		27.39f
	I128nA		109.3f
	BangapRef		359.6m
	TRAN	corner	MOS_BJT_RES_CAP_TEMP_14 - 
	V1000		3.209u
	V550		2.162u
	I32nA		21.7f
	I128nA		92.93f
	BangapRef		460.3m
	TRAN	corner	MOS_BJT_RES_CAP_TEMP_15 - 
	V1000		26.07n
	V550		26.41n
	I32nA		107.3a
	I128nA		406.1a
	BangapRef		333.7m
	TRAN	corner	MOS_BJT_RES_CAP_TEMP_16 - 
	V1000		7.2u
	V550		4.721u
	I32nA		23.23f
	I128nA		129f
	BangapRef		497.6m
	TRAN	corner	MOS_BJT_RES_CAP_TEMP_17 - 
	V1000		240.1n
	V550		208.8n
	I32nA		446a
	I128nA		1.766f
	BangapRef		362.1m
	TRAN	corner	MOS_BJT_RES_CAP_TEMP_18 - 
	V1000		10.76u
	V550		7.461u
	I32nA		53.26f
	I128nA		227f
	BangapRef		468.2m
	TRAN	corner	MOS_BJT_RES_CAP_TEMP_19 - 
	V1000		3.128u
	V550		2.964u
	I32nA		9.98f
	I128nA		38.68f
	BangapRef		332.7m
	TRAN	corner	MOS_BJT_RES_CAP_TEMP_20 - 
	V1000		13.92u
	V550		9.651u
	I32nA		40.7f
	I128nA		223.6f
	BangapRef		500.5m
	TRAN	corner	MOS_BJT_RES_CAP_TEMP_21 - 
	V1000		9.372u
	V550		7.591u
	I32nA		27.41f
	I128nA		109.4f
	BangapRef		360.6m
	TRAN	corner	MOS_BJT_RES_CAP_TEMP_22 - 
	V1000		4.233u
	V550		2.851u
	I32nA		21.73f
	I128nA		93.02f
	BangapRef		461.1m
	TRAN	corner	MOS_BJT_RES_CAP_TEMP_23 - 
	V1000		29.51n
	V550		32.08n
	I32nA		107.4a
	I128nA		406.5a
	BangapRef		334.4m
	TRAN	corner	MOS_BJT_RES_CAP_TEMP_24 - 
	V1000		5.459u
	V550		3.579u
	I32nA		23.2f
	I128nA		128.9f
	BangapRef		496.4m
	TRAN	corner	MOS_BJT_RES_CAP_TEMP_25 - 
	V1000		191.1n
	V550		163.3n
	I32nA		445.4a
	I128nA		1.763f
	BangapRef		361.1m
	TRAN	corner	MOS_BJT_RES_CAP_TEMP_26 - 
	V1000		8.161u
	V550		5.659u
	I32nA		53.22f
	I128nA		226.8f
	BangapRef		467.5m
	TRAN	corner	MOS_BJT_RES_CAP_TEMP_27 - 
	V1000		2.615u
	V550		2.387u
	I32nA		9.969f
	I128nA		38.63f
	BangapRef		332m
	TRAN	corner	MOS_BJT_RES_CAP_TEMP_28 - 
	V1000		10.55u
	V550		7.317u
	I32nA		40.66f
	I128nA		223.4f
	BangapRef		499.3m
	TRAN	corner	MOS_BJT_RES_CAP_TEMP_29 - 
	V1000		7.202u
	V550		5.812u
	I32nA		27.39f
	I128nA		109.3f
	BangapRef		359.6m
	TRAN	corner	MOS_BJT_RES_CAP_TEMP_30 - 
	V1000		3.209u
	V550		2.162u
	I32nA		21.7f
	I128nA		92.93f
	BangapRef		460.3m
	TRAN	corner	MOS_BJT_RES_CAP_TEMP_31 - 
	V1000		26.07n
	V550		26.41n
	I32nA		107.3a
	I128nA		406.1a
	BangapRef		333.7m
	TRAN	corner	MOS_BJT_RES_CAP_TEMP_32 - 
	V1000		7.2u
	V550		4.721u
	I32nA		23.23f
	I128nA		129f
	BangapRef		497.6m
	TRAN	corner	MOS_BJT_RES_CAP_TEMP_33 - 
	V1000		240.1n
	V550		208.8n
	I32nA		446a
	I128nA		1.766f
	BangapRef		362.1m
	TRAN	corner	MOS_BJT_RES_CAP_TEMP_34 - 
	V1000		10.76u
	V550		7.461u
	I32nA		53.26f
	I128nA		227f
	BangapRef		468.2m
	TRAN	corner	MOS_BJT_RES_CAP_TEMP_35 - 
	V1000		3.128u
	V550		2.964u
	I32nA		9.98f
	I128nA		38.68f
	BangapRef		332.7m
	TRAN	corner	MOS_BJT_RES_CAP_TEMP_36 - 
	V1000		13.92u
	V550		9.651u
	I32nA		40.7f
	I128nA		223.6f
	BangapRef		500.5m
	TRAN	corner	MOS_BJT_RES_CAP_TEMP_37 - 
	V1000		9.372u
	V550		7.591u
	I32nA		27.41f
	I128nA		109.4f
	BangapRef		360.6m
	TRAN	corner	MOS_BJT_RES_CAP_TEMP_38 - 
	V1000		4.233u
	V550		2.851u
	I32nA		21.73f
	I128nA		93.02f
	BangapRef		461.1m
	TRAN	corner	MOS_BJT_RES_CAP_TEMP_39 - 
	V1000		29.51n
	V550		32.08n
	I32nA		107.4a
	I128nA		406.5a
	BangapRef		334.4m
	TRAN	corner	MOS_BJT_RES_CAP_TEMP_40 - 
	V1000		5.459u
	V550		3.579u
	I32nA		23.2f
	I128nA		128.9f
	BangapRef		496.4m
	TRAN	corner	MOS_BJT_RES_CAP_TEMP_41 - 
	V1000		191.1n
	V550		163.3n
	I32nA		445.4a
	I128nA		1.763f
	BangapRef		361.1m
	TRAN	corner	MOS_BJT_RES_CAP_TEMP_42 - 
	V1000		8.161u
	V550		5.659u
	I32nA		53.22f
	I128nA		226.8f
	BangapRef		467.5m
	TRAN	corner	MOS_BJT_RES_CAP_TEMP_43 - 
	V1000		2.615u
	V550		2.387u
	I32nA		9.969f
	I128nA		38.63f
	BangapRef		332m
	TRAN	corner	MOS_BJT_RES_CAP_TEMP_44 - 
	V1000		10.55u
	V550		7.317u
	I32nA		40.66f
	I128nA		223.4f
	BangapRef		499.3m
	TRAN	corner	MOS_BJT_RES_CAP_TEMP_45 - 
	V1000		7.202u
	V550		5.812u
	I32nA		27.39f
	I128nA		109.3f
	BangapRef		359.6m
	TRAN	corner	MOS_BJT_RES_CAP_TEMP_46 - 
	V1000		3.209u
	V550		2.162u
	I32nA		21.7f
	I128nA		92.93f
	BangapRef		460.3m
	TRAN	corner	MOS_BJT_RES_CAP_TEMP_47 - 
	V1000		26.07n
	V550		26.41n
	I32nA		107.3a
	I128nA		406.1a
	BangapRef		333.7m
	TRAN	corner	MOS_BJT_RES_CAP_TEMP_48 - 
	V1000		7.2u
	V550		4.721u
	I32nA		23.23f
	I128nA		129f
	BangapRef		497.6m
	TRAN	corner	MOS_BJT_RES_CAP_TEMP_49 - 
	V1000		240.1n
	V550		208.8n
	I32nA		446a
	I128nA		1.766f
	BangapRef		362.1m
	TRAN	corner	MOS_BJT_RES_CAP_TEMP_50 - 
	V1000		10.76u
	V550		7.461u
	I32nA		53.26f
	I128nA		227f
	BangapRef		468.2m
	TRAN	corner	MOS_BJT_RES_CAP_TEMP_51 - 
	V1000		3.128u
	V550		2.964u
	I32nA		9.98f
	I128nA		38.68f
	BangapRef		332.7m
	TRAN	corner	MOS_BJT_RES_CAP_TEMP_52 - 
	V1000		13.92u
	V550		9.651u
	I32nA		40.7f
	I128nA		223.6f
	BangapRef		500.5m
	TRAN	corner	MOS_BJT_RES_CAP_TEMP_53 - 
	V1000		9.372u
	V550		7.591u
	I32nA		27.41f
	I128nA		109.4f
	BangapRef		360.6m
	TRAN	corner	MOS_BJT_RES_CAP_TEMP_54 - 
	V1000		4.233u
	V550		2.851u
	I32nA		21.73f
	I128nA		93.02f
	BangapRef		461.1m
	TRAN	corner	MOS_BJT_RES_CAP_TEMP_55 - 
	V1000		29.51n
	V550		32.08n
	I32nA		107.4a
	I128nA		406.5a
	BangapRef		334.4m
	TRAN	corner	MOS_BJT_RES_CAP_TEMP_56 - 
	V1000		5.459u
	V550		3.579u
	I32nA		23.2f
	I128nA		128.9f
	BangapRef		496.4m
	TRAN	corner	MOS_BJT_RES_CAP_TEMP_57 - 
	V1000		191.1n
	V550		163.3n
	I32nA		445.4a
	I128nA		1.763f
	BangapRef		361.1m
	TRAN	corner	MOS_BJT_RES_CAP_TEMP_58 - 
	V1000		8.161u
	V550		5.659u
	I32nA		53.22f
	I128nA		226.8f
	BangapRef		467.5m
	TRAN	corner	MOS_BJT_RES_CAP_TEMP_59 - 
	V1000		2.615u
	V550		2.387u
	I32nA		9.969f
	I128nA		38.63f
	BangapRef		332m
	TRAN	corner	MOS_BJT_RES_CAP_TEMP_60 - 
	V1000		10.55u
	V550		7.317u
	I32nA		40.66f
	I128nA		223.4f
	BangapRef		499.3m
	TRAN	corner	MOS_BJT_RES_CAP_TEMP_61 - 
	V1000		7.202u
	V550		5.812u
	I32nA		27.39f
	I128nA		109.3f
	BangapRef		359.6m
	TRAN	corner	MOS_BJT_RES_CAP_TEMP_62 - 
	V1000		3.209u
	V550		2.162u
	I32nA		21.7f
	I128nA		92.93f
	BangapRef		460.3m
	TRAN	corner	MOS_BJT_RES_CAP_TEMP_63 - 
	V1000		26.07n
	V550		26.41n
	I32nA		107.3a
	I128nA		406.1a
	BangapRef		333.7m
	TRAN	corner	Nominal - 
	V1000		2.985u
	V550		2.379u
	I32nA		8.951f
	I128nA		35.73f
	BangapRef		367.7m
Design parameters: 
	CL		150f
	CONF_BG_SL_TRIM		3
	CONF_BG_TRIM		3
	CONF_REF_TRIM		3
	CONF_LVDS_SEL		0
	CONF_LDO_SEL		0
	PD		0
	PD_PULSE		0

Interactive.131
Number of points completed: 1
Number of simulation errors: 0
Interactive.131 completed. 
Current time: Mon Jul  6 13:14:42 2026 
