Starting Single Run, Sweeps and Corners...

Current time: Mon May  4 21:33:09 2026 
Best design point: 1
Design specs: 
	OP	corner	Nominal - 
	V1000		987.7m
	V550		543.4m
	I32nA		31.4n
	I128nA		125.5n
	BangapRef		600.8m
	V/V /V0; xf dB20(V/V)		Error	No
	PRN_TRIGGER		61.66u
	REF5_dc_current		3u
	output noise; V / sqrt(Hz)		Error	No
	total_noise_V		Error	No
Design parameters: 
	CL		150f
	CONF_BG_SL_TRIM		3
	CONF_BG_TRIM		3
	CONF_REF_TRIM		7
	CONF_LVDS_SEL		0
	CONF_LDO_SEL		0
	PD		0
	PD_PULSE		0

Interactive.23
Number of points completed: 1
Number of simulation errors: 0
Interactive.23 completed. 
Current time: Mon May  4 21:33:12 2026 
