Starting Single Run, Sweeps and Corners...

Current time: Tue May  5 07:43:42 2026 
Best design point: 1
Design specs: 
	OP	corner	Nominal - 
	V1000		1.001
	V550		550.6m
	I32nA		32.22n
	I128nA		128.8n
	BangapRef		600.8m
	V/V /V0; xf dB20(V/V)		Error	No
	PRN_TRIGGER		61.66u
	REF5_dc_current		3.059u
	output noise; V / sqrt(Hz)		Error	No
	total_noise_V		Error	No
	LDO		1.001
	LVDS		825.9m
Design parameters: 
	CL		150f
	CONF_BG_SL_TRIM		3
	CONF_BG_TRIM		3
	CONF_REF_TRIM		3
	CONF_LVDS_SEL		0
	CONF_LDO_SEL		3
	PD		0
	PD_PULSE		0

Interactive.37
Number of points completed: 1
Number of simulation errors: 0
Interactive.37 completed. 
Current time: Tue May  5 07:43:45 2026 
