Starting Single Run, Sweeps and Corners...

Current time: Mon Jul  6 14:22:54 2026 
Best design point: 1
Design specs: 
	TRAN	corner	Nominal - 
	V1000		2.985u
	V550		2.378u
	I32nA		8.925f
	I128nA		35.61f
	BangapRef		367.9m
Design parameters: 
	CL		150f
	CONF_BG_SL_TRIM		3
	CONF_BG_TRIM		3
	CONF_REF_TRIM		3
	CONF_LVDS_SEL		0
	CONF_LDO_SEL		0
	PD		0
	PD_PULSE		0

Interactive.138
Number of points completed: 1
Number of simulation errors: 0
Interactive.138 completed. 
Current time: Mon Jul  6 14:23:31 2026 
