Starting Single Run, Sweeps and Corners...

Current time: Mon Aug  3 10:55:27 2026 
Best design point: 1
Design specs: 
	OP	corner	Nominal - 
	V1000		983m
	V550		540.8m
	I32nA		31.12n
	I128nA		124.4n
	BangapRef		600m
	V/V /V0; xf dB20(V/V)		Error	No
	PRN_TRIGGER		63.35u
	REF5_dc_current		3.107u
	total_noise_V		58.62u
	LDO		688.3m
	LVDS		811m
Design parameters: 
	CL		150f
	CONF_BG_SL_TRIM		3
	CONF_BG_TRIM		3
	CONF_REF_TRIM		3
	CONF_LVDS_SEL		0
	CONF_LDO_SEL		0
	PD		0
	PD_PULSE		0

Interactive.169
Number of points completed: 1
Number of simulation errors: 0
Interactive.169 completed. 
Current time: Mon Aug  3 10:55:31 2026 
