Starting Single Run, Sweeps and Corners...

Current time: Thu Jul 30 11:37:59 2026 
Best design point: 1
Design specs: 
	TRAN	corner	Nominal - 
	V1000		2.985u
	V550		2.379u
	I32nA		8.951f
	I128nA		35.73f
	BangapRef		367.7m
Design parameters: 
	CL		150f
	CONF_BG_SL_TRIM		3
	CONF_BG_TRIM		3
	CONF_REF_TRIM		3
	CONF_LVDS_SEL		0
	CONF_LDO_SEL		0
	PD		0
	PD_PULSE		0

Interactive.160
Number of points completed: 1
Number of simulation errors: 0
Interactive.160 completed. 
Current time: Thu Jul 30 11:38:04 2026 
