Starting Single Run, Sweeps and Corners...

Current time: Thu Feb 26 12:26:42 2026 
Best design point: 1
Design specs: 
	OP	corner	Nominal - 
	V1000		1.001
	V550		550.6m
	I32nA		32.21n
	I128nA		128.7n
	BangapRef		600.8m
	V/V /V0; xf dB20(V/V)		Error	No
	PRN_TRIGGER		61.66u
	REF5_dc_current		3.055u
	total_noise_V		168.2u
Design parameters: 
	CL		150f
	CL2		3p
	CONF_BG_SL_TRIM		3
	CONF_BG_TRIM		3
	CONF_REF_TRIM		3
	CONF_LVDS_SEL		0
	PD		0
	PD_PULSE		0
	CONF_LDO_SEL		0

Interactive.7
Number of points completed: 1
Number of simulation errors: 0
Interactive.7 completed. 
Current time: Thu Feb 26 12:26:45 2026 
