Starting Single Run, Sweeps and Corners...

Current time: Tue Aug  4 05:16:41 2026 
Best design point: 1
Design specs: 
	TRAN	corner	Nominal - 
	V1000		62.9p
	V550		66.06p
	I32nA		10.08y
	I128nA		40.91y
	BangapRef		67.17p
Design parameters: 
	CL		150f
	CONF_BG_SL_TRIM		3
	CONF_BG_TRIM		3
	CONF_REF_TRIM		3
	CONF_LVDS_SEL		0
	CONF_LDO_SEL		0
	PD		0
	PD_PULSE		0

Interactive.177
Number of points completed: 1
Number of simulation errors: 0
Interactive.177 completed. 
Current time: Tue Aug  4 05:17:26 2026 
