Starting Single Run, Sweeps and Corners...

Current time: Fri Feb 27 07:54:32 2026 
Best design point: 1
Design specs: 
	TRAN	corner	Nominal - 
	V1000		1.001
	V550		550.6m
	I32nA		32.21n
	I128nA		128.7n
	BangapRef		600.8m
Design parameters: 
	CL		150f
	CONF_BG_SL_TRIM		3
	CONF_BG_TRIM		3
	CONF_REF_TRIM		3
	CONF_LVDS_SEL		0
	PD		0
	PD_PULSE		0
	CONF_LDO_SEL		0

Interactive.8
Number of points completed: 1
Number of simulation errors: 0
Interactive.8 completed. 
Current time: Fri Feb 27 07:54:35 2026 
