Starting Single Run, Sweeps and Corners...

Current time: Thu Feb 26 12:02:00 2026 
Best design point: 1
Design specs: 
	OP	corner	C0_0 - 
	V1000		1.001
	V550		550.6m
	I32nA		32.21n
	I128nA		128.7n
	BangapRef		600.8m
	V/V /V0; xf dB20(V/V)		Error	No
	PRN_TRIGGER		61.66u
	REF5_dc_current		3.055u
	total_noise_V		168.2u
	OP	corner	C0_1 - 
	V1000		1.001
	V550		550.8m
	I32nA		29.61n
	I128nA		118.3n
	BangapRef		601m
	V/V /V0; xf dB20(V/V)		Error	No
	PRN_TRIGGER		83.63u
	REF5_dc_current		2.939u
	total_noise_V		168.9u
	OP	corner	C1_0 - 
	V1000		1.004
	V550		552.2m
	I32nA		39.32n
	I128nA		157.2n
	BangapRef		602.6m
	V/V /V0; xf dB20(V/V)		Error	No
	PRN_TRIGGER		45.76u
	REF5_dc_current		3.513u
	total_noise_V		173.9u
	OP	corner	C1_1 - 
	V1000		1.005
	V550		553.2m
	I32nA		36.41n
	I128nA		145.4n
	BangapRef		603.6m
	V/V /V0; xf dB20(V/V)		Error	No
	PRN_TRIGGER		296.5u
	REF5_dc_current		3.515u
	total_noise_V		180.7u
	OP	corner	C1_2 - 
	V1000		1.005
	V550		554.4m
	I32nA		33.52n
	I128nA		133.4n
	BangapRef		604.8m
	V/V /V0; xf dB20(V/V)		Error	No
	PRN_TRIGGER		873.3u
	REF5_dc_current		3.446u
	total_noise_V		183.7u
	OP	corner	C1_3 - 
	V1000		1.004
	V550		552.4m
	I32nA		36.03n
	I128nA		144n
	BangapRef		602.8m
	V/V /V0; xf dB20(V/V)		Error	No
	PRN_TRIGGER		73.43u
	REF5_dc_current		3.364u
	total_noise_V		174.5u
	OP	corner	C1_4 - 
	V1000		1.006
	V550		553.6m
	I32nA		33.62n
	I128nA		134.1n
	BangapRef		604m
	V/V /V0; xf dB20(V/V)		Error	No
	PRN_TRIGGER		607.5u
	REF5_dc_current		3.398u
	total_noise_V		181.3u
	OP	corner	C1_5 - 
	V1000		1.007
	V550		555.6m
	I32nA		31.27n
	I128nA		124.1n
	BangapRef		605.7m
	V/V /V0; xf dB20(V/V)		Error	No
	PRN_TRIGGER		1.639m
	REF5_dc_current		3.408u
	total_noise_V		183.7u
	OP	corner	C2_0 - 
	V1000		1.002
	V550		551m
	I32nA		31.21n
	I128nA		124.8n
	BangapRef		601.4m
	V/V /V0; xf dB20(V/V)		Error	No
	PRN_TRIGGER		41u
	REF5_dc_current		2.701u
	total_noise_V		148.9u
	OP	corner	C2_1 - 
	V1000		1.001
	V550		550.8m
	I32nA		29.37n
	I128nA		117.4n
	BangapRef		601.1m
	V/V /V0; xf dB20(V/V)		Error	No
	PRN_TRIGGER		95.3u
	REF5_dc_current		2.732u
	total_noise_V		157.2u
	OP	corner	C2_2 - 
	V1000		1.001
	V550		551.1m
	I32nA		28.22n
	I128nA		112.8n
	BangapRef		601.4m
	V/V /V0; xf dB20(V/V)		Error	No
	PRN_TRIGGER		121.7u
	REF5_dc_current		2.717u
	total_noise_V		159.7u
	OP	corner	C2_3 - 
	V1000		1.002
	V550		551.1m
	I32nA		28.57n
	I128nA		114.2n
	BangapRef		601.4m
	V/V /V0; xf dB20(V/V)		Error	No
	PRN_TRIGGER		47.41u
	REF5_dc_current		2.592u
	total_noise_V		150.4u
	OP	corner	C2_4 - 
	V1000		1.002
	V550		551m
	I32nA		26.92n
	I128nA		107.6n
	BangapRef		601.2m
	V/V /V0; xf dB20(V/V)		Error	No
	PRN_TRIGGER		102.5u
	REF5_dc_current		2.622u
	total_noise_V		157.9u
	OP	corner	C2_5 - 
	V1000		1.002
	V550		551.4m
	I32nA		25.93n
	I128nA		103.6n
	BangapRef		601.5m
	V/V /V0; xf dB20(V/V)		Error	No
	PRN_TRIGGER		129.8u
	REF5_dc_current		2.616u
	total_noise_V		160.5u
	OP	corner	C3_0 - 
	V1000		1.002
	V550		551m
	I32nA		31.21n
	I128nA		124.8n
	BangapRef		601.4m
	V/V /V0; xf dB20(V/V)		Error	No
	PRN_TRIGGER		41u
	REF5_dc_current		2.701u
	total_noise_V		174.6u
	OP	corner	C3_1 - 
	V1000		1.001
	V550		550.8m
	I32nA		29.37n
	I128nA		117.4n
	BangapRef		601.1m
	V/V /V0; xf dB20(V/V)		Error	No
	PRN_TRIGGER		95.3u
	REF5_dc_current		2.732u
	total_noise_V		183.4u
	OP	corner	C3_2 - 
	V1000		1.001
	V550		551.1m
	I32nA		28.22n
	I128nA		112.8n
	BangapRef		601.4m
	V/V /V0; xf dB20(V/V)		Error	No
	PRN_TRIGGER		121.7u
	REF5_dc_current		2.717u
	total_noise_V		185.7u
	OP	corner	C3_3 - 
	V1000		1.002
	V550		551.1m
	I32nA		28.57n
	I128nA		114.2n
	BangapRef		601.4m
	V/V /V0; xf dB20(V/V)		Error	No
	PRN_TRIGGER		47.41u
	REF5_dc_current		2.592u
	total_noise_V		176.8u
	OP	corner	C3_4 - 
	V1000		1.002
	V550		551m
	I32nA		26.92n
	I128nA		107.6n
	BangapRef		601.2m
	V/V /V0; xf dB20(V/V)		Error	No
	PRN_TRIGGER		102.5u
	REF5_dc_current		2.622u
	total_noise_V		184.3u
	OP	corner	C3_5 - 
	V1000		1.002
	V550		551.4m
	I32nA		25.93n
	I128nA		103.6n
	BangapRef		601.5m
	V/V /V0; xf dB20(V/V)		Error	No
	PRN_TRIGGER		129.8u
	REF5_dc_current		2.616u
	total_noise_V		186.6u
	OP	corner	C4_0 - 
	V1000		1.004
	V550		552.2m
	I32nA		39.32n
	I128nA		157.2n
	BangapRef		602.6m
	V/V /V0; xf dB20(V/V)		Error	No
	PRN_TRIGGER		45.76u
	REF5_dc_current		3.513u
	total_noise_V		148.5u
	OP	corner	C4_1 - 
	V1000		1.005
	V550		553.2m
	I32nA		36.41n
	I128nA		145.4n
	BangapRef		603.6m
	V/V /V0; xf dB20(V/V)		Error	No
	PRN_TRIGGER		296.5u
	REF5_dc_current		3.515u
	total_noise_V		155.6u
	OP	corner	C4_2 - 
	V1000		1.005
	V550		554.4m
	I32nA		33.52n
	I128nA		133.4n
	BangapRef		604.8m
	V/V /V0; xf dB20(V/V)		Error	No
	PRN_TRIGGER		873.3u
	REF5_dc_current		3.446u
	total_noise_V		158.4u
	OP	corner	C4_3 - 
	V1000		1.004
	V550		552.4m
	I32nA		36.03n
	I128nA		144n
	BangapRef		602.8m
	V/V /V0; xf dB20(V/V)		Error	No
	PRN_TRIGGER		73.43u
	REF5_dc_current		3.364u
	total_noise_V		148.9u
	OP	corner	C4_4 - 
	V1000		1.006
	V550		553.6m
	I32nA		33.62n
	I128nA		134.1n
	BangapRef		604m
	V/V /V0; xf dB20(V/V)		Error	No
	PRN_TRIGGER		607.5u
	REF5_dc_current		3.398u
	total_noise_V		156.1u
	OP	corner	C4_5 - 
	V1000		1.007
	V550		555.6m
	I32nA		31.27n
	I128nA		124.1n
	BangapRef		605.7m
	V/V /V0; xf dB20(V/V)		Error	No
	PRN_TRIGGER		1.639m
	REF5_dc_current		3.408u
	total_noise_V		158.3u
	OP	corner	C5_0 - 
	V1000		1.002
	V550		551.3m
	I32nA		31.53n
	I128nA		126.1n
	BangapRef		601.7m
	V/V /V0; xf dB20(V/V)		Error	No
	PRN_TRIGGER		20.55u
	REF5_dc_current		2.74u
	total_noise_V		149.9u
	OP	corner	C5_1 - 
	V1000		1.005
	V550		553m
	I32nA		29.67n
	I128nA		118.6n
	BangapRef		603.5m
	V/V /V0; xf dB20(V/V)		Error	No
	PRN_TRIGGER		28.53u
	REF5_dc_current		2.76u
	total_noise_V		157.6u
	OP	corner	C5_2 - 
	V1000		1.011
	V550		556.7m
	I32nA		28.81n
	I128nA		115.1n
	BangapRef		607.5m
	V/V /V0; xf dB20(V/V)		Error	No
	PRN_TRIGGER		34.31u
	REF5_dc_current		2.76u
	total_noise_V		160.3u
	OP	corner	C5_3 - 
	V1000		1.003
	V550		551.5m
	I32nA		28.7n
	I128nA		114.8n
	BangapRef		601.9m
	V/V /V0; xf dB20(V/V)		Error	No
	PRN_TRIGGER		25.32u
	REF5_dc_current		2.612u
	total_noise_V		150.8u
	OP	corner	C5_4 - 
	V1000		1.006
	V550		553.5m
	I32nA		27.15n
	I128nA		108.6n
	BangapRef		603.9m
	V/V /V0; xf dB20(V/V)		Error	No
	PRN_TRIGGER		33.86u
	REF5_dc_current		2.646u
	total_noise_V		158.2u
	OP	corner	C5_5 - 
	V1000		1.012
	V550		557.3m
	I32nA		26.38n
	I128nA		105.5n
	BangapRef		608m
	V/V /V0; xf dB20(V/V)		Error	No
	PRN_TRIGGER		41.03u
	REF5_dc_current		2.655u
	total_noise_V		161u
	OP	corner	C6_0 - 
	V1000		1.004
	V550		552m
	I32nA		38.79n
	I128nA		155n
	BangapRef		602.4m
	V/V /V0; xf dB20(V/V)		Error	No
	PRN_TRIGGER		68.3u
	REF5_dc_current		3.458u
	total_noise_V		173.5u
	OP	corner	C6_1 - 
	V1000		1.002
	V550		551.2m
	I32nA		36.02n
	I128nA		143.9n
	BangapRef		601.4m
	V/V /V0; xf dB20(V/V)		Error	No
	PRN_TRIGGER		332.4u
	REF5_dc_current		3.479u
	total_noise_V		180.2u
	OP	corner	C6_2 - 
	V1000		996m
	V550		549.3m
	I32nA		32.79n
	I128nA		130.6n
	BangapRef		599.2m
	V/V /V0; xf dB20(V/V)		Error	No
	PRN_TRIGGER		870.2u
	REF5_dc_current		3.373u
	total_noise_V		184.3u
	OP	corner	C6_3 - 
	V1000		1.004
	V550		552.1m
	I32nA		35.85n
	I128nA		143.3n
	BangapRef		602.4m
	V/V /V0; xf dB20(V/V)		Error	No
	PRN_TRIGGER		93.62u
	REF5_dc_current		3.339u
	total_noise_V		174.3u
	OP	corner	C6_4 - 
	V1000		1.002
	V550		551.4m
	I32nA		33.31n
	I128nA		132.9n
	BangapRef		601.6m
	V/V /V0; xf dB20(V/V)		Error	No
	PRN_TRIGGER		593.3u
	REF5_dc_current		3.365u
	total_noise_V		181u
	OP	corner	C6_5 - 
	V1000		996.9m
	V550		549.8m
	I32nA		30.65n
	I128nA		121.8n
	BangapRef		599.7m
	V/V /V0; xf dB20(V/V)		Error	No
	PRN_TRIGGER		1.639m
	REF5_dc_current		3.312u
	total_noise_V		183.7u
	OP	corner	C7_0 - 
	V1000		1.002
	V550		550.9m
	I32nA		29.31n
	I128nA		117.2n
	BangapRef		601.2m
	V/V /V0; xf dB20(V/V)		Error	No
	PRN_TRIGGER		68.25u
	REF5_dc_current		2.621u
	total_noise_V		150.2u
	OP	corner	C7_1 - 
	V1000		999.7m
	V550		550.2m
	I32nA		26.94n
	I128nA		107.6n
	BangapRef		600.4m
	V/V /V0; xf dB20(V/V)		Error	No
	PRN_TRIGGER		361.3u
	REF5_dc_current		2.621u
	total_noise_V		157.5u
	OP	corner	C7_2 - 
	V1000		991.8m
	V550		547.5m
	I32nA		23.99n
	I128nA		95.54n
	BangapRef		597.2m
	V/V /V0; xf dB20(V/V)		Error	No
	PRN_TRIGGER		1.011m
	REF5_dc_current		2.519u
	total_noise_V		160u
	OP	corner	C7_3 - 
	V1000		1.002
	V550		551m
	I32nA		26.98n
	I128nA		107.8n
	BangapRef		601.3m
	V/V /V0; xf dB20(V/V)		Error	No
	PRN_TRIGGER		98.98u
	REF5_dc_current		2.522u
	total_noise_V		150.7u
	OP	corner	C7_4 - 
	V1000		1
	V550		550.4m
	I32nA		24.92n
	I128nA		99.42n
	BangapRef		600.5m
	V/V /V0; xf dB20(V/V)		Error	No
	PRN_TRIGGER		687.5u
	REF5_dc_current		2.538u
	total_noise_V		158.1u
	OP	corner	C7_5 - 
	V1000		993.5m
	V550		548.5m
	I32nA		22.53n
	I128nA		89.48n
	BangapRef		598m
	V/V /V0; xf dB20(V/V)		Error	No
	PRN_TRIGGER		1.917m
	REF5_dc_current		2.496u
	total_noise_V		159.7u
	OP	corner	C8_0 - 
	V1000		1.004
	V550		552.3m
	I32nA		41.8n
	I128nA		167.1n
	BangapRef		602.8m
	V/V /V0; xf dB20(V/V)		Error	No
	PRN_TRIGGER		17.99u
	REF5_dc_current		3.622u
	total_noise_V		171.9u
	OP	corner	C8_1 - 
	V1000		1.006
	V550		553.4m
	I32nA		39.45n
	I128nA		157.7n
	BangapRef		603.9m
	V/V /V0; xf dB20(V/V)		Error	No
	PRN_TRIGGER		29.3u
	REF5_dc_current		3.653u
	total_noise_V		179.9u
	OP	corner	C8_2 - 
	V1000		1.011
	V550		556.2m
	I32nA		38.33n
	I128nA		153.2n
	BangapRef		606.9m
	V/V /V0; xf dB20(V/V)		Error	No
	PRN_TRIGGER		37.1u
	REF5_dc_current		3.653u
	total_noise_V		181.9u
	OP	corner	C8_3 - 
	V1000		1.004
	V550		552.5m
	I32nA		38.08n
	I128nA		152.2n
	BangapRef		602.9m
	V/V /V0; xf dB20(V/V)		Error	No
	PRN_TRIGGER		21.71u
	REF5_dc_current		3.456u
	total_noise_V		174.2u
	OP	corner	C8_4 - 
	V1000		1.007
	V550		553.8m
	I32nA		36.13n
	I128nA		144.4n
	BangapRef		604.2m
	V/V /V0; xf dB20(V/V)		Error	No
	PRN_TRIGGER		33.48u
	REF5_dc_current		3.503u
	total_noise_V		180.7u
	OP	corner	C8_5 - 
	V1000		1.012
	V550		556.7m
	I32nA		35.14n
	I128nA		140.5n
	BangapRef		607.4m
	V/V /V0; xf dB20(V/V)		Error	No
	PRN_TRIGGER		42.3u
	REF5_dc_current		3.513u
	total_noise_V		182.9u
	OP	corner	Nominal - 
	V1000		1.001
	V550		550.6m
	I32nA		32.21n
	I128nA		128.7n
	BangapRef		600.8m
	V/V /V0; xf dB20(V/V)		Error	No
	PRN_TRIGGER		61.66u
	REF5_dc_current		3.055u
	total_noise_V		168.2u
Design parameters: 
	CL		150f
	CL2		3p
	CONF_BG_SL_TRIM		3
	CONF_BG_TRIM		3
	CONF_REF_TRIM		3
	CONF_LVDS_SEL		0
	PD		0
	PD_PULSE		0
	CONF_LDO_SEL		0

Interactive.6
Number of points completed: 1
Number of simulation errors: 0
Interactive.6 completed. 
Current time: Thu Feb 26 12:02:18 2026 
