Starting Single Run, Sweeps and Corners...

Current time: Wed Jul 29 10:29:06 2026 
Best design point: 1
Design specs: 
	OP	corner	Nominal - 
	V1000		986.7m
	V550		542.8m
	I32nA		31.35n
	I128nA		125.3n
	BangapRef		600.2m
	V/V /V0; xf dB20(V/V)		Error	No
	PRN_TRIGGER		63.24u
	REF5_dc_current		3.124u
	total_noise_V		161.1u
	LDO		690.9m
	LVDS		814.2m
Design parameters: 
	CL		150f
	CONF_BG_SL_TRIM		3
	CONF_BG_TRIM		3
	CONF_REF_TRIM		7
	CONF_LVDS_SEL		0
	CONF_LDO_SEL		0
	PD		0
	PD_PULSE		0

Interactive.155
Number of points completed: 1
Number of simulation errors: 0
Interactive.155 completed. 
Current time: Wed Jul 29 10:29:09 2026 
