Starting Monte Carlo Sampling...

Current time: Mon Jul  6 13:26:27 2026 

Variation: All
Sampling Method: Low-Discrepancy Sequence
Seed: 

MonteCarlo.0
Number of points completed: 100
Number of simulation errors: 0
MonteCarlo.0 completed. 
Current time: Mon Jul  6 13:37:13 2026 
Monte Carlo Sampling yield summary:
Number of spec values are in this yield data: 5
TRAN	Nominal - 
	BangapRef:	Yield	100%
		Min 0.591795	Max 0.609349	Mean 0.60038	Number of errors 0
TRAN	Nominal - 
	I128nA:	Yield	100%
		Min 1.12827e-07	Max 1.52789e-07	Mean 1.28944e-07	Number of errors 0
TRAN	Nominal - 
	I32nA:	Yield	100%
		Min 2.77254e-08	Max 3.89143e-08	Mean 3.22302e-08	Number of errors 0
TRAN	Nominal - 
	V1000:	Yield	100%
		Min 0.987165	Max 1.01866	Mean 1.0002	Number of errors 0
TRAN	Nominal - 
	V550:	Yield	100%
		Min 0.542498	Max 0.558324	Mean 0.550265	Number of errors 0

TRAN
	Overall Yield	100%	Number of points passed	100	Total number of points	100

Estimated yield = 100% (100/100), 0 errors
Estimated yield (No opregions) = 100% (100/100)
