Starting Monte Carlo Sampling...

Current time: Wed Aug  5 06:34:28 2026 

Variation: All
Sampling Method: Low-Discrepancy Sequence
Seed: 

MonteCarlo.1
Number of points completed: 100
Number of simulation errors: 0
MonteCarlo.1 completed. 
Current time: Wed Aug  5 06:56:06 2026 
Monte Carlo Sampling yield summary:
Number of spec values are in this yield data: 12
OP	Nominal - 
	BangapRef:	Yield	100%
		Min 0.595377	Max 0.606353	Mean 0.600457	Number of errors 0
OP	Nominal - 
	I128nA:	Yield	100%
		Min 1.15803e-07	Max 1.48644e-07	Mean 1.28093e-07	Number of errors 0
OP	Nominal - 
	I32nA:	Yield	100%
		Min 2.9279e-08	Max 3.74747e-08	Mean 3.25201e-08	Number of errors 0
OP	Nominal - 
	LDO:	Yield	100%
		Min 0.694526	Max 0.707462	Mean 0.700751	Number of errors 0
OP	Nominal - 
	LVDS:	Yield	100%
		Min 0.819013	Max 0.833443	Mean 0.825728	Number of errors 0
OP	Nominal - 
	PRN_TRIGGER:	Yield	100%
		Min 5.89087e-05	Max 0.00011374	Mean 7.98139e-05	Number of errors 0
OP	Nominal - 
	REF5_dc_current:	Yield	100%
		Min 2.90542e-06	Max 3.6364e-06	Mean 3.18782e-06	Number of errors 0
OP	Nominal - 
	V/V /V0; xf dB20(V/V):	Yield	0%
		Min 0	Max 0	Mean 0	Number of errors 30
OP	Nominal - 
	V1000:	Yield	100%
		Min 0.992202	Max 1.01033	Mean 1.00075	Number of errors 0
OP	Nominal - 
	V550:	Yield	100%
		Min 0.545359	Max 0.555245	Mean 0.550063	Number of errors 0
OP	Nominal - 
	output noise; V / sqrt(Hz):	Yield	0%
		Min 0	Max 0	Mean 0	Number of errors 30
OP	Nominal - 
	total_noise_V:	Yield	0%
		Min 0	Max 0	Mean 0	Number of errors 30

OP
	Overall Yield	100%	Number of points passed	30	Total number of points	30

Estimated yield = 100% (30/30), 30 errors
Estimated yield (No opregions) = 100% (30/30)
