Virtuoso Framework License (111) was checked out successfully. Total checkout time was 0.01s.
********************************************************************************
Product   : Virtuoso(R) XStream Out
Program   : @(#)$CDS: strmout version 6.1.8-64b 09/03/2024 18:58 (sjfhw317) $
          : sub-version  IC6.1.8-64b.500.36 
Started at: 16-Jun-2026  05:31:47
User Name : saul
Host Name : edatools
Directory : /home/saul/projects/LF_BG
CADENCE Design Systems, Inc.
********************************************************************************
Info: Cellview Rev Num:99,  Tech Rev Num:59

*WARNING* The directory: '/opt/pdk/lf11/PDK_LF11ISi_V1_3_2/tools/setup/$ASSURAHOME/tools/assura/etc/avtech/avTech' does not exist
	but was defined in libFile '/opt/pdk/lf11/PDK_LF11ISi_V1_3_2/tools/setup/cds.lib' for Lib 'avTech'.
*LF-INFO* Loading lf11is:/opt/pdk/lf11/PDK_LF11ISi_V1_3_2/analog/callbacks/lf11is_cdfCbks.il   done
*LF-INFO* lf11is libInit.il loaded successfully. 
WARNING (XSTRM-20): Output Stream file '/home/saul/projects/LF_BG/pvsRunDRC/REF_GEN/trim_res_bg_2_fL/trim_res_bg_2_fL.gds' already exists. It will be overwritten.
INFO (XSTRM-217): Reading the layer map file, /opt/pdk/lf11/PDK_LF11ISi_V1_3_2/analog/libraries/6metal/lf11is/lf11is.layermap
INFO (XSTRM-162): You have not used the '-viaMap' option. If the OpenAccess design has native oaVia instances, use the '-viaMap' option for preserving oaVia instances in a XStream Out - XStream In round trip. Using the '-viaMap' option improves performance and VM usage of applications using the Streamed-In design.

Summary of Options :
library                                 REF_GEN
strmFile                                /home/saul/projects/LF_BG/pvsRunDRC/REF_GEN/trim_res_bg_2_fL/trim_res_bg_2_fL.gds
topCell                                 trim_res_bg_2_fL
view                                    layout
runDir                                  /home/saul/projects/LF_BG/pvsRunDRC/REF_GEN/trim_res_bg_2_fL
logFile                                 /home/saul/projects/LF_BG/pvsRunDRC/REF_GEN/trim_res_bg_2_fL/PIPO1.LOG
techLib                                 lf11is
hierDepth                               32
maxVertices                             2048
layerMap                                /opt/pdk/lf11/PDK_LF11ISi_V1_3_2/analog/libraries/6metal/lf11is/lf11is.layermap
userSkillFile                           /home/saul/projects/LF_BG/pvsRunDRC/REF_GEN/trim_res_bg_2_fL/strmout.il
labelDepth                              32
case                                    Preserve
convertDot                              node

*WARNING* (DB-220704): The Pcell super master 'lf11is/rnpolyh/layout' is not a SKILL super master.
                       The usage of non-SKILL Pcells in Virtuoso is not a supported feature.
INFO (XSTRM-223): 1. Translating cellView lf11is/Contact/layout as STRUCTURE Contact_CDNS_781587907911.
INFO (XSTRM-223): 2. Translating cellView lf11is/rnpolyh/layout as STRUCTURE rnpolyh_CDNS_781587907910.
INFO (XSTRM-223): 3. Translating cellView lf11is/rnpolyh/layout as STRUCTURE rnpolyh_CDNS_781587907912.
INFO (XSTRM-223): 4. Translating cellView lf11is/rnpolyh/layout as STRUCTURE rnpolyh_CDNS_781587907913.
INFO (XSTRM-223): 5. Translating cellView lf11is/rnpolyh/layout as STRUCTURE rnpolyh_CDNS_781587907914.
INFO (XSTRM-223): 6. Translating cellView REF_GEN/trim_res_bg_2_fL/layout as STRUCTURE trim_res_bg_2_fL.
INFO (XSTRM-180): You have not used the '-objectMap' option. The design has instance(s) of at least one of following OpenAccess objects: oaBlockage, oaBoundary, oaRow, and oaMarker. Any information about these objects will not be translated into the generated stream file. Use the '-objectMap' option to translate/preserve these objects using XStream.

Summary of Objects Translated:
	Scalar Instances:                       123
	Array Instances:                        0
	Polygons:                               0
	Paths:                                  4
	Rectangles:                             809
	Lines:                                  0
	Arcs:                                   0
	Donuts:                                 0
	Dots:                                   0
	Ellipses:                               0
	Boundaries:                             0
	Area Blockages:                         0
	Layer Blockages:                        0
	Area Halos:                             0
	Markers:                                0
	Rows:                                   0
	Standard Vias                           0
	Custom Vias:                            0
	CdsGen Vias:                            0
	Pathsegs:                               19
	Text:                                   11
	TextDisplay:                            0
	Cells:                                  6

Elapsed Time: 0.3s   User Time: 0.2s   CPU Time: 0.0s   Peak VM: 21676KB
INFO (XSTRM-234): Translation completed. '0' error(s) and '1' warning(s) found.
