Starting Single Run, Sweeps and Corners...

Current time: Tue Sep  1 11:43:19 2026 
Best design point: 1
Design specs: 
	OP	corner	Nominal - 
	V1000		1.017
	V550		559.2m
	I32nA		32n
	I128nA		128n
	BangapRef		Error	No
	V/V /V0; xf dB20(V/V)		Error	No
	PRN_TRIGGER		Error	No
	REF5_dc_current		Error	No
	output noise; V / sqrt(Hz)		Error	No
	total_noise_V		Error	No
	LDO		711.7m
	LVDS		660.8m
Design parameters: 
	CL		150f
	CONF_BG_SL_TRIM		3
	CONF_BG_TRIM		3
	CONF_REF_TRIM		3
	CONF_LVDS_SEL		7
	CONF_LDO_SEL		0
	PD		0
	PD_PULSE		0

Interactive.306
Number of points completed: 1
Number of simulation errors: 0
Interactive.306 completed. 
Current time: Tue Sep  1 11:43:25 2026 
