

==================================================================================
=== CALIBRE::DRC-H SUMMARY REPORT
===
Execution Date/Time:       Wed Jan 28 22:04:33 2026
Calibre Version:           v2022.4_16.8    Mon Oct 3 17:12:27 PDT 2022
Rule File Pathname:        _calibre.drc_
Rule File Title:           LF11IS
Layout System:             GDS
Layout Path(s):            test_trim.calibre.db
Layout Primary Cell:       test_trim
Current Directory:         /home/saul/projects/LF_BG/CALIBRE
User Name:                 saul
Maximum Results/RuleCheck: 1000
Maximum Result Vertices:   4096
DRC Results Database:      test_trim.drc.results (ASCII)
Layout Depth:              ALL
Text Depth:                PRIMARY
Summary Report File:       test_trim.drc.summary (REPLACE)
Geometry Flagging:         ACUTE = YES  SKEW = YES  ANGLED = NO  OFFGRID = YES
                           NONSIMPLE POLYGON = YES  NONSIMPLE PATH = NO
Excluded Cells:           
CheckText Mapping:         ALL TEXT
Layers:                    MEMORY-BASED
Keep Empty Checks:         NO
----------------------------------------------------------------------------------
--- RUNTIME WARNINGS
---
PROJECTING constraint only supported with PARALLEL ONLY - setting PARALLEL ONLY.
PROJECTING constraint only supported with PARALLEL ONLY - setting PARALLEL ONLY.
PROJECTING constraint only supported with PARALLEL ONLY - setting PARALLEL ONLY.
----------------------------------------------------------------------------------
--- ORIGINAL LAYER STATISTICS
---
LAYER DIFFfillCustom ..... TOTAL Original Geometry Count = 0 (0)
LAYER DIFFbase ........... TOTAL Original Geometry Count = 0 (0)
LAYER POLYGfillCustom .... TOTAL Original Geometry Count = 0 (0)
LAYER POLYGbase .......... TOTAL Original Geometry Count = 0 (0)
LAYER METAL1slot ......... TOTAL Original Geometry Count = 0 (0)
LAYER METAL1fillCustom ... TOTAL Original Geometry Count = 0 (0)
LAYER METAL1base ......... TOTAL Original Geometry Count = 2 (2)
LAYER METAL2slot ......... TOTAL Original Geometry Count = 0 (0)
LAYER METAL2fillCustom ... TOTAL Original Geometry Count = 0 (0)
LAYER METAL2base ......... TOTAL Original Geometry Count = 0 (0)
LAYER METAL3slot ......... TOTAL Original Geometry Count = 0 (0)
LAYER METAL3fillCustom ... TOTAL Original Geometry Count = 0 (0)
LAYER METAL3base ......... TOTAL Original Geometry Count = 0 (0)
LAYER METAL4slot ......... TOTAL Original Geometry Count = 0 (0)
LAYER METAL4fillCustom ... TOTAL Original Geometry Count = 0 (0)
LAYER METAL4base ......... TOTAL Original Geometry Count = 0 (0)
LAYER METAL5slot ......... TOTAL Original Geometry Count = 0 (0)
LAYER METAL5fillCustom ... TOTAL Original Geometry Count = 0 (0)
LAYER METAL5base ......... TOTAL Original Geometry Count = 0 (0)
LAYER METALFslot ......... TOTAL Original Geometry Count = 0 (0)
LAYER METALFfillCustom ... TOTAL Original Geometry Count = 0 (0)
LAYER METALFbase ......... TOTAL Original Geometry Count = 0 (0)
LAYER METALTslot ......... TOTAL Original Geometry Count = 0 (0)
LAYER METALTfillCustom ... TOTAL Original Geometry Count = 0 (0)
LAYER METALTbase ......... TOTAL Original Geometry Count = 0 (0)
LAYER PW1V2 .............. TOTAL Original Geometry Count = 0 (0)
LAYER NW1V2 .............. TOTAL Original Geometry Count = 0 (0)
LAYER PW3V3 .............. TOTAL Original Geometry Count = 0 (0)
LAYER NW3V3 .............. TOTAL Original Geometry Count = 0 (0)
LAYER ZVTHVmark .......... TOTAL Original Geometry Count = 0 (0)
LAYER pw1v2Blocking ...... TOTAL Original Geometry Count = 0 (0)
LAYER pw3v3Blocking ...... TOTAL Original Geometry Count = 0 (0)
LAYER PW1V2makeGen ....... TOTAL Original Geometry Count = 0 (0)
LAYER PXL ................ TOTAL Original Geometry Count = 0 (0)
LAYER noPw1v2 ............ TOTAL Original Geometry Count = 0 (0)
LAYER PW3V3makeGen ....... TOTAL Original Geometry Count = 0 (0)
LAYER noPw3v3 ............ TOTAL Original Geometry Count = 0 (0)
LAYER HOTNWmark .......... TOTAL Original Geometry Count = 0 (0)
LAYER NWHV ............... TOTAL Original Geometry Count = 0 (0)
LAYER NPLUS .............. TOTAL Original Geometry Count = 0 (0)
LAYER PPLUS .............. TOTAL Original Geometry Count = 0 (0)
LAYER ZVTmark ............ TOTAL Original Geometry Count = 0 (0)
LAYER VARmark ............ TOTAL Original Geometry Count = 0 (0)
LAYER SALBLK ............. TOTAL Original Geometry Count = 0 (0)
LAYER POLYGfill .......... TOTAL Original Geometry Count = 0 (0)
LAYER DIFFfill ........... TOTAL Original Geometry Count = 0 (0)
LAYER CONT ............... TOTAL Original Geometry Count = 0 (0)
LAYER ESDSBmark .......... TOTAL Original Geometry Count = 0 (0)
LAYER PSN ................ TOTAL Original Geometry Count = 0 (0)
LAYER RESmark ............ TOTAL Original Geometry Count = 0 (0)
LAYER POLYDOPE ........... TOTAL Original Geometry Count = 0 (0)
LAYER MIMS ............... TOTAL Original Geometry Count = 0 (0)
LAYER MIMS2 .............. TOTAL Original Geometry Count = 0 (0)
LAYER MIMS7 .............. TOTAL Original Geometry Count = 0 (0)
LAYER VIAF ............... TOTAL Original Geometry Count = 0 (0)
LAYER SRAMmark ........... TOTAL Original Geometry Count = 0 (0)
LAYER ROMmark ............ TOTAL Original Geometry Count = 0 (0)
LAYER NEXT1V2 ............ TOTAL Original Geometry Count = 0 (0)
LAYER PEXT1V2 ............ TOTAL Original Geometry Count = 0 (0)
LAYER PSP ................ TOTAL Original Geometry Count = 0 (0)
LAYER METAL1fill ......... TOTAL Original Geometry Count = 0 (0)
LAYER METAL2fill ......... TOTAL Original Geometry Count = 0 (0)
LAYER METAL3fill ......... TOTAL Original Geometry Count = 0 (0)
LAYER METAL4fill ......... TOTAL Original Geometry Count = 0 (0)
LAYER METAL5fill ......... TOTAL Original Geometry Count = 0 (0)
LAYER METALFfill ......... TOTAL Original Geometry Count = 0 (0)
LAYER PROBEmark .......... TOTAL Original Geometry Count = 0 (0)
LAYER PDARC .............. TOTAL Original Geometry Count = 0 (0)
LAYER ARC2 ............... TOTAL Original Geometry Count = 0 (0)
LAYER LP ................. TOTAL Original Geometry Count = 0 (0)
LAYER THKEPImark ......... TOTAL Original Geometry Count = 0 (0)
LAYER SLOTSI ............. TOTAL Original Geometry Count = 0 (0)
LAYER SLOTOX ............. TOTAL Original Geometry Count = 0 (0)
LAYER BSMET .............. TOTAL Original Geometry Count = 0 (0)
LAYER BSPAD .............. TOTAL Original Geometry Count = 0 (0)
LAYER PAD_drcmark ........ TOTAL Original Geometry Count = 0 (0)
LAYER VIA1 ............... TOTAL Original Geometry Count = 0 (0)
LAYER VIA2 ............... TOTAL Original Geometry Count = 0 (0)
LAYER VIA3 ............... TOTAL Original Geometry Count = 2 (2)
LAYER VIA4 ............... TOTAL Original Geometry Count = 0 (0)
LAYER ARRAYPW ............ TOTAL Original Geometry Count = 0 (0)
LAYER TXPW ............... TOTAL Original Geometry Count = 0 (0)
LAYER NEXT3V3 ............ TOTAL Original Geometry Count = 0 (0)
LAYER NNEXT3V3 ........... TOTAL Original Geometry Count = 0 (0)
LAYER NLVT3V3 ............ TOTAL Original Geometry Count = 0 (0)
LAYER noDRC .............. TOTAL Original Geometry Count = 0 (0)
LAYER BFILT .............. TOTAL Original Geometry Count = 0 (0)
LAYER GFILT .............. TOTAL Original Geometry Count = 0 (0)
LAYER RCFA ............... TOTAL Original Geometry Count = 0 (0)
LAYER RFILT .............. TOTAL Original Geometry Count = 0 (0)
LAYER UL ................. TOTAL Original Geometry Count = 0 (0)
LAYER MCEL ............... TOTAL Original Geometry Count = 0 (0)
LAYER SEALRINGmark ....... TOTAL Original Geometry Count = 0 (0)
LAYER YMUXmark ........... TOTAL Original Geometry Count = 0 (0)
LAYER ESDDIOmark ......... TOTAL Original Geometry Count = 0 (0)
LAYER ALG ................ TOTAL Original Geometry Count = 0 (0)
LAYER ARRAYNTUB .......... TOTAL Original Geometry Count = 0 (0)
LAYER ARRAYNTUBISO ....... TOTAL Original Geometry Count = 0 (0)
LAYER BNP ................ TOTAL Original Geometry Count = 0 (0)
LAYER CGCT ............... TOTAL Original Geometry Count = 0 (0)
LAYER CGPA ............... TOTAL Original Geometry Count = 0 (0)
LAYER CGPL ............... TOTAL Original Geometry Count = 0 (0)
LAYER CGPO ............... TOTAL Original Geometry Count = 0 (0)
LAYER CRL0 ............... TOTAL Original Geometry Count = 0 (0)
LAYER CRL1 ............... TOTAL Original Geometry Count = 0 (0)
LAYER CRL2 ............... TOTAL Original Geometry Count = 0 (0)
LAYER CRL3 ............... TOTAL Original Geometry Count = 0 (0)
LAYER CRL4 ............... TOTAL Original Geometry Count = 0 (0)
LAYER CRL5 ............... TOTAL Original Geometry Count = 0 (0)
LAYER CRL6 ............... TOTAL Original Geometry Count = 0 (0)
LAYER CRL7 ............... TOTAL Original Geometry Count = 0 (0)
LAYER CRL8 ............... TOTAL Original Geometry Count = 0 (0)
LAYER CRL9 ............... TOTAL Original Geometry Count = 0 (0)
LAYER CSPR ............... TOTAL Original Geometry Count = 0 (0)
LAYER DUALFIMP ........... TOTAL Original Geometry Count = 0 (0)
LAYER DUALSTI ............ TOTAL Original Geometry Count = 0 (0)
LAYER ESD ................ TOTAL Original Geometry Count = 0 (0)
LAYER FGCT ............... TOTAL Original Geometry Count = 0 (0)
LAYER FGPO ............... TOTAL Original Geometry Count = 0 (0)
LAYER FRCT ............... TOTAL Original Geometry Count = 0 (0)
LAYER HRI ................ TOTAL Original Geometry Count = 0 (0)
LAYER HVII ............... TOTAL Original Geometry Count = 0 (0)
LAYER HVNPLUS ............ TOTAL Original Geometry Count = 0 (0)
LAYER HVPPLUS ............ TOTAL Original Geometry Count = 0 (0)
LAYER IVD ................ TOTAL Original Geometry Count = 0 (0)
LAYER MIMD ............... TOTAL Original Geometry Count = 0 (0)
LAYER MIMT ............... TOTAL Original Geometry Count = 0 (0)
LAYER NMINLD ............. TOTAL Original Geometry Count = 0 (0)
LAYER NPLUSLD ............ TOTAL Original Geometry Count = 0 (0)
LAYER NPLUSLDH ........... TOTAL Original Geometry Count = 0 (0)
LAYER PL ................. TOTAL Original Geometry Count = 0 (0)
LAYER PMINLD ............. TOTAL Original Geometry Count = 0 (0)
LAYER POLY1 .............. TOTAL Original Geometry Count = 0 (0)
LAYER POLYE .............. TOTAL Original Geometry Count = 0 (0)
LAYER PPLUSLD ............ TOTAL Original Geometry Count = 0 (0)
LAYER PPLUSLDH ........... TOTAL Original Geometry Count = 0 (0)
LAYER SIL1 ............... TOTAL Original Geometry Count = 0 (0)
LAYER SIL2 ............... TOTAL Original Geometry Count = 0 (0)
LAYER SIL3 ............... TOTAL Original Geometry Count = 0 (0)
LAYER SIL4 ............... TOTAL Original Geometry Count = 0 (0)
LAYER SNENH .............. TOTAL Original Geometry Count = 0 (0)
LAYER SNK0 ............... TOTAL Original Geometry Count = 0 (0)
LAYER SNK1 ............... TOTAL Original Geometry Count = 0 (0)
LAYER SNK2 ............... TOTAL Original Geometry Count = 0 (0)
LAYER SNN ................ TOTAL Original Geometry Count = 0 (0)
LAYER SPADNW ............. TOTAL Original Geometry Count = 0 (0)
LAYER SPADPSN ............ TOTAL Original Geometry Count = 0 (0)
LAYER WLVT ............... TOTAL Original Geometry Count = 0 (0)
LAYER ZEROLAY ............ TOTAL Original Geometry Count = 0 (0)
LAYER ZMOS ............... TOTAL Original Geometry Count = 0 (0)
LAYER flsExOpcPL ......... TOTAL Original Geometry Count = 0 (0)
LAYER GOX1V2 ............. TOTAL Original Geometry Count = 0 (0)
LAYER PEXT3V3 ............ TOTAL Original Geometry Count = 0 (0)
LAYER NEXTHV ............. TOTAL Original Geometry Count = 0 (0)
LAYER PEXTHV ............. TOTAL Original Geometry Count = 0 (0)
LAYER SNPW ............... TOTAL Original Geometry Count = 0 (0)
LAYER PAD ................ TOTAL Original Geometry Count = 0 (0)
LAYER DNW ................ TOTAL Original Geometry Count = 0 (0)
LAYER METAL1pin .......... TOTAL Original Geometry Count = 0 (0)
LAYER METAL2pin .......... TOTAL Original Geometry Count = 0 (0)
LAYER METAL3pin .......... TOTAL Original Geometry Count = 0 (0)
LAYER METAL4pin .......... TOTAL Original Geometry Count = 0 (0)
LAYER METAL5pin .......... TOTAL Original Geometry Count = 0 (0)
LAYER METALFpin .......... TOTAL Original Geometry Count = 0 (0)
LAYER MIMmark ............ TOTAL Original Geometry Count = 0 (0)
LAYER INDmark ............ TOTAL Original Geometry Count = 0 (0)
LAYER RFmark ............. TOTAL Original Geometry Count = 0 (0)
LAYER CONTnoPlrc ......... TOTAL Original Geometry Count = 0 (0)
LAYER VIA1noPlrc ......... TOTAL Original Geometry Count = 0 (0)
LAYER VIA2noPlrc ......... TOTAL Original Geometry Count = 0 (0)
LAYER VIA3noPlrc ......... TOTAL Original Geometry Count = 0 (0)
LAYER VIA4noPlrc ......... TOTAL Original Geometry Count = 0 (0)
LAYER VIAFnoPlrc ......... TOTAL Original Geometry Count = 0 (0)
LAYER DIFFnoPlrc ......... TOTAL Original Geometry Count = 0 (0)
LAYER LFIPtext ........... TOTAL Original Geometry Count = 0 (0)
LAYER POLYGnoPlrc ........ TOTAL Original Geometry Count = 0 (0)
LAYER METAL1noPlrc ....... TOTAL Original Geometry Count = 0 (0)
LAYER METAL2noPlrc ....... TOTAL Original Geometry Count = 0 (0)
LAYER METAL3noPlrc ....... TOTAL Original Geometry Count = 0 (0)
LAYER METAL4noPlrc ....... TOTAL Original Geometry Count = 0 (0)
LAYER METAL5noPlrc ....... TOTAL Original Geometry Count = 0 (0)
LAYER METALFnoPlrc ....... TOTAL Original Geometry Count = 0 (0)
----------------------------------------------------------------------------------
--- RULECHECK RESULTS STATISTICS
---
RULECHECK PWE.NO.GEN ................. TOTAL Result Count = 0 (0)
RULECHECK PXL.APW.S.01 ............... TOTAL Result Count = 0 (0)
RULECHECK PXL.APW.W.01 ............... TOTAL Result Count = 0 (0)
RULECHECK PXL.DIFF.DIFFGND.S.01 ...... TOTAL Result Count = 0 (0)
RULECHECK PXL.DIFF.S.01 .............. TOTAL Result Count = 0 (0)
RULECHECK PXL.DIFF.W.01 .............. TOTAL Result Count = 0 (0)
RULECHECK PXL.DIFFGND.W.01 ........... TOTAL Result Count = 0 (0)
RULECHECK PXL.PSN.DIFFGND.S.01 ....... TOTAL Result Count = 0 (0)
RULECHECK PXL.TPW.S.01 ............... TOTAL Result Count = 0 (0)
RULECHECK PXL.TPW.W.01 ............... TOTAL Result Count = 0 (0)
RULECHECK PXL.METAL1.S.01 ............ TOTAL Result Count = 0 (0)
RULECHECK PXL.METAL1.W.01 ............ TOTAL Result Count = 0 (0)
RULECHECK PXL.METAL2.S.01 ............ TOTAL Result Count = 0 (0)
RULECHECK PXL.METAL2.W.01 ............ TOTAL Result Count = 0 (0)
RULECHECK PXL.METAL3.S.01 ............ TOTAL Result Count = 0 (0)
RULECHECK PXL.METAL3.W.01 ............ TOTAL Result Count = 0 (0)
RULECHECK PXL.METAL4.S.01 ............ TOTAL Result Count = 0 (0)
RULECHECK PXL.METAL4.W.01 ............ TOTAL Result Count = 0 (0)
RULECHECK PXL.METAL5.S.01 ............ TOTAL Result Count = 0 (0)
RULECHECK PXL.METAL5.W.01 ............ TOTAL Result Count = 0 (0)
RULECHECK PXL.METALF.S.01 ............ TOTAL Result Count = 0 (0)
RULECHECK PXL.METALF.W.01 ............ TOTAL Result Count = 0 (0)
RULECHECK PXL.NEXT3V3.DIFFPD.S.01 .... TOTAL Result Count = 0 (0)
RULECHECK PXL.NNEXT3V3.DIFFPD.S.01 ... TOTAL Result Count = 0 (0)
RULECHECK PXL.NLVT3V3.DIFF.S.01 ...... TOTAL Result Count = 0 (0)
RULECHECK PXL.NPLUS.DIFFPD.S.01 ...... TOTAL Result Count = 0 (0)
RULECHECK PXL.POLYG.CONT.S.01 ........ TOTAL Result Count = 0 (0)
RULECHECK PXL.POLYG.DIFF.S.01 ........ TOTAL Result Count = 0 (0)
RULECHECK PXL.APW.DIFF.EN.01 ......... TOTAL Result Count = 0 (0)
RULECHECK PXL.APW.DIFFGND.EN.01 ...... TOTAL Result Count = 0 (0)
RULECHECK PXL.APW.DIFFPD.EN.01 ....... TOTAL Result Count = 0 (0)
RULECHECK PXL.NEXT3V3.DIFF.OV.01 ..... TOTAL Result Count = 0 (0)
RULECHECK PXL.NEXT3V3.POLYG.OV.01 .... TOTAL Result Count = 0 (0)
RULECHECK PXL.NNEXT3V3.DIFF.OV.01 .... TOTAL Result Count = 0 (0)
RULECHECK PXL.NNEXT3V3.POLYG.OV.01 ... TOTAL Result Count = 0 (0)
RULECHECK PXL.NLVT3V3.DIFF.OV.01 ..... TOTAL Result Count = 0 (0)
RULECHECK PXL.NPLUS.DIFF.OV.01 ....... TOTAL Result Count = 0 (0)
RULECHECK PXL.PPLUS.CNT.ENC.01 ....... TOTAL Result Count = 0 (0)
RULECHECK PXL.DIFF.CONT.OV.01 ........ TOTAL Result Count = 0 (0)
RULECHECK PXL.DIFFGND.CONT.OV.01 ..... TOTAL Result Count = 0 (0)
RULECHECK PXL.POLYG.CONT.OV.01 ....... TOTAL Result Count = 0 (0)
RULECHECK PXL.POLYG.DIFF.OV.01 ....... TOTAL Result Count = 0 (0)
RULECHECK PXL.DIFF.PSN.OV.01 ......... TOTAL Result Count = 0 (0)
RULECHECK PXL.PSP.DIFFPD.OV.01 ....... TOTAL Result Count = 0 (0)
RULECHECK BSI.BSPAD.01 ............... TOTAL Result Count = 0 (0)
RULECHECK BSI.BSPAD.02 ............... TOTAL Result Count = 0 (0)
RULECHECK BSI.SLOTOX.06 .............. TOTAL Result Count = 0 (0)
RULECHECK BSI.SLOTOX.W.01 ............ TOTAL Result Count = 0 (0)
RULECHECK BFILT.01 ................... TOTAL Result Count = 0 (0)
RULECHECK BFILT.02 ................... TOTAL Result Count = 0 (0)
RULECHECK GFILT.01 ................... TOTAL Result Count = 0 (0)
RULECHECK GFILT.02 ................... TOTAL Result Count = 0 (0)
RULECHECK RCFA.02.ME3 ................ TOTAL Result Count = 0 (0)
RULECHECK RCFA.02.ME4 ................ TOTAL Result Count = 0 (0)
RULECHECK RCFA.02.ME5 ................ TOTAL Result Count = 0 (0)
RULECHECK RCFA.02.MEF ................ TOTAL Result Count = 0 (0)
RULECHECK RCFA.10 .................... TOTAL Result Count = 0 (0)
RULECHECK RCFA.10.a .................. TOTAL Result Count = 0 (0)
RULECHECK RCFA.10.b .................. TOTAL Result Count = 0 (0)
RULECHECK RCFA.10.c .................. TOTAL Result Count = 0 (0)
RULECHECK RFILT.01 ................... TOTAL Result Count = 0 (0)
RULECHECK RFILT.02 ................... TOTAL Result Count = 0 (0)
RULECHECK UL.01 ...................... TOTAL Result Count = 0 (0)
RULECHECK UL.02 ...................... TOTAL Result Count = 0 (0)
RULECHECK CON.01 ..................... TOTAL Result Count = 0 (0)
RULECHECK CON.02 ..................... TOTAL Result Count = 0 (0)
RULECHECK CON.03.SRAM.a .............. TOTAL Result Count = 0 (0)
RULECHECK CON.03.SRAM.d .............. TOTAL Result Count = 0 (0)
RULECHECK CON.03.a ................... TOTAL Result Count = 0 (0)
RULECHECK CON.03.b ................... TOTAL Result Count = 0 (0)
RULECHECK CON.03.c ................... TOTAL Result Count = 0 (0)
RULECHECK CON.03.d ................... TOTAL Result Count = 0 (0)
RULECHECK CON.10 ..................... TOTAL Result Count = 0 (0)
RULECHECK CONT.09 .................... TOTAL Result Count = 0 (0)
RULECHECK CONT.ARRAY ................. TOTAL Result Count = 0 (0)
RULECHECK VI1.01 ..................... TOTAL Result Count = 0 (0)
RULECHECK VI1.02 ..................... TOTAL Result Count = 0 (0)
RULECHECK VI2.01 ..................... TOTAL Result Count = 0 (0)
RULECHECK VI2.02 ..................... TOTAL Result Count = 0 (0)
RULECHECK VI3.01 ..................... TOTAL Result Count = 2 (2)
RULECHECK VI3.02 ..................... TOTAL Result Count = 2 (2)
RULECHECK VI4.01 ..................... TOTAL Result Count = 0 (0)
RULECHECK VI4.02 ..................... TOTAL Result Count = 0 (0)
RULECHECK VIA1.09 .................... TOTAL Result Count = 0 (0)
RULECHECK VIA1.ARRAY ................. TOTAL Result Count = 0 (0)
RULECHECK VIA2.09 .................... TOTAL Result Count = 0 (0)
RULECHECK VIA2.ARRAY ................. TOTAL Result Count = 0 (0)
RULECHECK VIA3.09 .................... TOTAL Result Count = 0 (0)
RULECHECK VIA3.ARRAY ................. TOTAL Result Count = 0 (0)
RULECHECK VIA4.09 .................... TOTAL Result Count = 0 (0)
RULECHECK VIA4.ARRAY ................. TOTAL Result Count = 0 (0)
RULECHECK VIAF.09 .................... TOTAL Result Count = 0 (0)
RULECHECK VIAF.ARRAY ................. TOTAL Result Count = 0 (0)
RULECHECK VIF.01 ..................... TOTAL Result Count = 0 (0)
RULECHECK VIF.02 ..................... TOTAL Result Count = 0 (0)
RULECHECK DIF.01.1V2.a ............... TOTAL Result Count = 0 (0)
RULECHECK DIF.01.3V3.a ............... TOTAL Result Count = 0 (0)
RULECHECK DIF.01.b ................... TOTAL Result Count = 0 (0)
RULECHECK DIF.02.1V2 ................. TOTAL Result Count = 0 (0)
RULECHECK DIF.02.3V3 ................. TOTAL Result Count = 0 (0)
RULECHECK DIF.06 ..................... TOTAL Result Count = 0 (0)
RULECHECK DIF.06.ROM ................. TOTAL Result Count = 0 (0)
RULECHECK DIF.07 ..................... TOTAL Result Count = 0 (0)
RULECHECK DIF.08 ..................... TOTAL Result Count = 0 (0)
RULECHECK DIF.08.ROM ................. TOTAL Result Count = 0 (0)
RULECHECK DIFF.03.a .................. TOTAL Result Count = 0 (0)
RULECHECK DIFF.09 .................... TOTAL Result Count = 0 (0)
RULECHECK ALG.09 ..................... TOTAL Result Count = 0 (0)
RULECHECK ARC2.09 .................... TOTAL Result Count = 0 (0)
RULECHECK ARRAYNTUB.09 ............... TOTAL Result Count = 0 (0)
RULECHECK ARRAYNTUBISO.09 ............ TOTAL Result Count = 0 (0)
RULECHECK BFILT.09 ................... TOTAL Result Count = 0 (0)
RULECHECK BNP.09 ..................... TOTAL Result Count = 0 (0)
RULECHECK BSPAD.09 ................... TOTAL Result Count = 0 (0)
RULECHECK CGCT.09 .................... TOTAL Result Count = 0 (0)
RULECHECK CGPA.09 .................... TOTAL Result Count = 0 (0)
RULECHECK CGPL.09 .................... TOTAL Result Count = 0 (0)
RULECHECK CGPO.09 .................... TOTAL Result Count = 0 (0)
RULECHECK CRL0.09 .................... TOTAL Result Count = 0 (0)
RULECHECK CRL1.09 .................... TOTAL Result Count = 0 (0)
RULECHECK CRL2.09 .................... TOTAL Result Count = 0 (0)
RULECHECK CRL3.09 .................... TOTAL Result Count = 0 (0)
RULECHECK CRL4.09 .................... TOTAL Result Count = 0 (0)
RULECHECK CRL5.09 .................... TOTAL Result Count = 0 (0)
RULECHECK CRL6.09 .................... TOTAL Result Count = 0 (0)
RULECHECK CRL7.09 .................... TOTAL Result Count = 0 (0)
RULECHECK CRL8.09 .................... TOTAL Result Count = 0 (0)
RULECHECK CRL9.09 .................... TOTAL Result Count = 0 (0)
RULECHECK CSPR.09 .................... TOTAL Result Count = 0 (0)
RULECHECK DUALFIMP.09 ................ TOTAL Result Count = 0 (0)
RULECHECK DUALSTI.09 ................. TOTAL Result Count = 0 (0)
RULECHECK ESD.09 ..................... TOTAL Result Count = 0 (0)
RULECHECK FGCT.09 .................... TOTAL Result Count = 0 (0)
RULECHECK FGPO.09 .................... TOTAL Result Count = 0 (0)
RULECHECK FRCT.09 .................... TOTAL Result Count = 0 (0)
RULECHECK GFILT.09 ................... TOTAL Result Count = 0 (0)
RULECHECK HRI.09 ..................... TOTAL Result Count = 0 (0)
RULECHECK HVII.09 .................... TOTAL Result Count = 0 (0)
RULECHECK HVNPLUS.09 ................. TOTAL Result Count = 0 (0)
RULECHECK HVPPLUS.09 ................. TOTAL Result Count = 0 (0)
RULECHECK IVD.09 ..................... TOTAL Result Count = 0 (0)
RULECHECK LP.09 ...................... TOTAL Result Count = 0 (0)
RULECHECK MCEL.09 .................... TOTAL Result Count = 0 (0)
RULECHECK METALT.09 .................. TOTAL Result Count = 0 (0)
RULECHECK MIMD.09 .................... TOTAL Result Count = 0 (0)
RULECHECK MIMS.09 .................... TOTAL Result Count = 0 (0)
RULECHECK MIMS2.09 ................... TOTAL Result Count = 0 (0)
RULECHECK MIMS7.09 ................... TOTAL Result Count = 0 (0)
RULECHECK MIMT.09 .................... TOTAL Result Count = 0 (0)
RULECHECK NLVT3V3.09 ................. TOTAL Result Count = 0 (0)
RULECHECK NMINLD.09 .................. TOTAL Result Count = 0 (0)
RULECHECK NNEXT3V3.09 ................ TOTAL Result Count = 0 (0)
RULECHECK NPLUSLD.09 ................. TOTAL Result Count = 0 (0)
RULECHECK NPLUSLDH.09 ................ TOTAL Result Count = 0 (0)
RULECHECK PDARC.09 ................... TOTAL Result Count = 0 (0)
RULECHECK PL.09 ...................... TOTAL Result Count = 0 (0)
RULECHECK PMINLD.09 .................. TOTAL Result Count = 0 (0)
RULECHECK POLY1.09 ................... TOTAL Result Count = 0 (0)
RULECHECK POLYE.09 ................... TOTAL Result Count = 0 (0)
RULECHECK PPLUSLD.09 ................. TOTAL Result Count = 0 (0)
RULECHECK PPLUSLDH.09 ................ TOTAL Result Count = 0 (0)
RULECHECK PSN.09 ..................... TOTAL Result Count = 0 (0)
RULECHECK PSP.09 ..................... TOTAL Result Count = 0 (0)
RULECHECK RCFA.09 .................... TOTAL Result Count = 0 (0)
RULECHECK RFILT.09 ................... TOTAL Result Count = 0 (0)
RULECHECK SIL1.09 .................... TOTAL Result Count = 0 (0)
RULECHECK SIL2.09 .................... TOTAL Result Count = 0 (0)
RULECHECK SIL3.09 .................... TOTAL Result Count = 0 (0)
RULECHECK SIL4.09 .................... TOTAL Result Count = 0 (0)
RULECHECK SLOTOX.09 .................. TOTAL Result Count = 0 (0)
RULECHECK SLOTSI.09 .................. TOTAL Result Count = 0 (0)
RULECHECK SNENH.09 ................... TOTAL Result Count = 0 (0)
RULECHECK SNK0.09 .................... TOTAL Result Count = 0 (0)
RULECHECK SNK1.09 .................... TOTAL Result Count = 0 (0)
RULECHECK SNK2.09 .................... TOTAL Result Count = 0 (0)
RULECHECK SNN.09 ..................... TOTAL Result Count = 0 (0)
RULECHECK SPADNW.09 .................. TOTAL Result Count = 0 (0)
RULECHECK SPADPSN.09 ................. TOTAL Result Count = 0 (0)
RULECHECK UL.09 ...................... TOTAL Result Count = 0 (0)
RULECHECK WLVT.09 .................... TOTAL Result Count = 0 (0)
RULECHECK ZEROLAY.09 ................. TOTAL Result Count = 0 (0)
RULECHECK ZMOS.09 .................... TOTAL Result Count = 0 (0)
RULECHECK flsExOpcPL.09 .............. TOTAL Result Count = 0 (0)
RULECHECK GOX.06 ..................... TOTAL Result Count = 0 (0)
RULECHECK GOX.08 ..................... TOTAL Result Count = 0 (0)
RULECHECK POD.01 ..................... TOTAL Result Count = 0 (0)
RULECHECK POD.02 ..................... TOTAL Result Count = 0 (0)
RULECHECK POD.03 ..................... TOTAL Result Count = 0 (0)
RULECHECK POD.03.SRAM ................ TOTAL Result Count = 0 (0)
RULECHECK POD.03.a ................... TOTAL Result Count = 0 (0)
RULECHECK POD.03.b ................... TOTAL Result Count = 0 (0)
RULECHECK POD.10.a ................... TOTAL Result Count = 0 (0)
RULECHECK POL.01.1V2.a ............... TOTAL Result Count = 0 (0)
RULECHECK POL.01.3V3.a ............... TOTAL Result Count = 0 (0)
RULECHECK POL.01.b ................... TOTAL Result Count = 0 (0)
RULECHECK POL.02.a ................... TOTAL Result Count = 0 (0)
RULECHECK POL.02.b ................... TOTAL Result Count = 0 (0)
RULECHECK POL.03 ..................... TOTAL Result Count = 0 (0)
RULECHECK POL.03.ROM ................. TOTAL Result Count = 0 (0)
RULECHECK POL.03.SRAM ................ TOTAL Result Count = 0 (0)
RULECHECK POL.06 ..................... TOTAL Result Count = 0 (0)
RULECHECK POL.08 ..................... TOTAL Result Count = 0 (0)
RULECHECK POLYDOPE.09 ................ TOTAL Result Count = 0 (0)
RULECHECK POLYG.09 ................... TOTAL Result Count = 0 (0)
RULECHECK GOX.01.1V2 ................. TOTAL Result Count = 0 (0)
RULECHECK GOX.02.1V2 ................. TOTAL Result Count = 0 (0)
RULECHECK GOX.03.1V2.a ............... TOTAL Result Count = 0 (0)
RULECHECK GOX.03.1V2.b ............... TOTAL Result Count = 0 (0)
RULECHECK GOX.03.1V2.d ............... TOTAL Result Count = 0 (0)
RULECHECK GOX1V2.09 .................. TOTAL Result Count = 0 (0)
RULECHECK EXN.01.1V2 ................. TOTAL Result Count = 0 (0)
RULECHECK EXN.01.3V3 ................. TOTAL Result Count = 0 (0)
RULECHECK EXN.02.1V2 ................. TOTAL Result Count = 0 (0)
RULECHECK EXN.02.3V3 ................. TOTAL Result Count = 0 (0)
RULECHECK EXN.03.1V2.a ............... TOTAL Result Count = 0 (0)
RULECHECK EXN.03.1V2.b ............... TOTAL Result Count = 0 (0)
RULECHECK EXN.03.1V2.c ............... TOTAL Result Count = 0 (0)
RULECHECK EXN.03.3V3.a ............... TOTAL Result Count = 0 (0)
RULECHECK EXN.03.3V3.b ............... TOTAL Result Count = 0 (0)
RULECHECK EXN.03.3V3.c ............... TOTAL Result Count = 0 (0)
RULECHECK EXN.03.SRAM.b .............. TOTAL Result Count = 0 (0)
RULECHECK EXN.03.SRAM.c .............. TOTAL Result Count = 0 (0)
RULECHECK EXN.06.1V2 ................. TOTAL Result Count = 0 (0)
RULECHECK EXN.06.3V3 ................. TOTAL Result Count = 0 (0)
RULECHECK EXN.08.1V2 ................. TOTAL Result Count = 0 (0)
RULECHECK EXN.08.3V3 ................. TOTAL Result Count = 0 (0)
RULECHECK EXN.10.3V3 ................. TOTAL Result Count = 0 (0)
RULECHECK EXN.10.a ................... TOTAL Result Count = 0 (0)
RULECHECK EXN.10.b ................... TOTAL Result Count = 0 (0)
RULECHECK EXN.10.c ................... TOTAL Result Count = 0 (0)
RULECHECK EXN.11.1V2 ................. TOTAL Result Count = 0 (0)
RULECHECK EXN.11.3V3 ................. TOTAL Result Count = 0 (0)
RULECHECK EXP.01.1V2 ................. TOTAL Result Count = 0 (0)
RULECHECK EXP.01.3V3 ................. TOTAL Result Count = 0 (0)
RULECHECK EXP.02.1V2 ................. TOTAL Result Count = 0 (0)
RULECHECK EXP.02.3V3 ................. TOTAL Result Count = 0 (0)
RULECHECK EXP.03.1V2.a ............... TOTAL Result Count = 0 (0)
RULECHECK EXP.03.1V2.b ............... TOTAL Result Count = 0 (0)
RULECHECK EXP.03.1V2.c ............... TOTAL Result Count = 0 (0)
RULECHECK EXP.03.3V3.a ............... TOTAL Result Count = 0 (0)
RULECHECK EXP.03.3V3.b ............... TOTAL Result Count = 0 (0)
RULECHECK EXP.03.3V3.c ............... TOTAL Result Count = 0 (0)
RULECHECK EXP.03.SRAM.b .............. TOTAL Result Count = 0 (0)
RULECHECK EXP.03.SRAM.c .............. TOTAL Result Count = 0 (0)
RULECHECK EXP.06.1V2 ................. TOTAL Result Count = 0 (0)
RULECHECK EXP.06.3V3 ................. TOTAL Result Count = 0 (0)
RULECHECK EXP.08.1V2 ................. TOTAL Result Count = 0 (0)
RULECHECK EXP.08.3V3 ................. TOTAL Result Count = 0 (0)
RULECHECK EXP.10.a ................... TOTAL Result Count = 0 (0)
RULECHECK EXP.11.1V2 ................. TOTAL Result Count = 0 (0)
RULECHECK EXP.11.3V3 ................. TOTAL Result Count = 0 (0)
RULECHECK NEXT1V2.09 ................. TOTAL Result Count = 0 (0)
RULECHECK NEXT3V3.09 ................. TOTAL Result Count = 0 (0)
RULECHECK NEXTHV.09 .................. TOTAL Result Count = 0 (0)
RULECHECK PEXT1V2.09 ................. TOTAL Result Count = 0 (0)
RULECHECK PEXT3V3.09 ................. TOTAL Result Count = 0 (0)
RULECHECK PEXTHV.09 .................. TOTAL Result Count = 0 (0)
RULECHECK BSMET.09 ................... TOTAL Result Count = 0 (0)
RULECHECK ME1.01 ..................... TOTAL Result Count = 1 (1)
RULECHECK ME1.02.a ................... TOTAL Result Count = 1 (1)
RULECHECK ME1.02.b ................... TOTAL Result Count = 1 (1)
RULECHECK ME1.06 ..................... TOTAL Result Count = 1 (1)
RULECHECK ME1.08 ..................... TOTAL Result Count = 0 (0)
RULECHECK ME1.SRAM.06 ................ TOTAL Result Count = 0 (0)
RULECHECK ME2.01 ..................... TOTAL Result Count = 0 (0)
RULECHECK ME2.02.a ................... TOTAL Result Count = 0 (0)
RULECHECK ME2.02.b ................... TOTAL Result Count = 0 (0)
RULECHECK ME2.06 ..................... TOTAL Result Count = 0 (0)
RULECHECK ME2.08 ..................... TOTAL Result Count = 0 (0)
RULECHECK ME2.SRAM.06 ................ TOTAL Result Count = 0 (0)
RULECHECK ME3.01 ..................... TOTAL Result Count = 0 (0)
RULECHECK ME3.02.a ................... TOTAL Result Count = 0 (0)
RULECHECK ME3.02.b ................... TOTAL Result Count = 0 (0)
RULECHECK ME3.06 ..................... TOTAL Result Count = 0 (0)
RULECHECK ME3.08 ..................... TOTAL Result Count = 0 (0)
RULECHECK ME4.01 ..................... TOTAL Result Count = 0 (0)
RULECHECK ME4.02.a ................... TOTAL Result Count = 0 (0)
RULECHECK ME4.02.b ................... TOTAL Result Count = 0 (0)
RULECHECK ME4.06 ..................... TOTAL Result Count = 0 (0)
RULECHECK ME4.08 ..................... TOTAL Result Count = 0 (0)
RULECHECK ME5.01 ..................... TOTAL Result Count = 0 (0)
RULECHECK ME5.02.a ................... TOTAL Result Count = 0 (0)
RULECHECK ME5.02.b ................... TOTAL Result Count = 0 (0)
RULECHECK ME5.06 ..................... TOTAL Result Count = 0 (0)
RULECHECK ME5.08 ..................... TOTAL Result Count = 0 (0)
RULECHECK MEF.01 ..................... TOTAL Result Count = 0 (0)
RULECHECK MEF.02.a ................... TOTAL Result Count = 0 (0)
RULECHECK MEF.02.b ................... TOTAL Result Count = 0 (0)
RULECHECK MEF.02.c ................... TOTAL Result Count = 0 (0)
RULECHECK MEF.06 ..................... TOTAL Result Count = 0 (0)
RULECHECK MEF.08 ..................... TOTAL Result Count = 0 (0)
RULECHECK METAL1.09 .................. TOTAL Result Count = 0 (0)
RULECHECK METAL2.09 .................. TOTAL Result Count = 0 (0)
RULECHECK METAL3.09 .................. TOTAL Result Count = 0 (0)
RULECHECK METAL4.09 .................. TOTAL Result Count = 0 (0)
RULECHECK METAL5.09 .................. TOTAL Result Count = 0 (0)
RULECHECK METALF.09 .................. TOTAL Result Count = 0 (0)
RULECHECK MIM.01 ..................... TOTAL Result Count = 0 (0)
RULECHECK MIM.02.a ................... TOTAL Result Count = 0 (0)
RULECHECK MIM.02.b ................... TOTAL Result Count = 0 (0)
RULECHECK MIM.03.M1.a ................ TOTAL Result Count = 0 (0)
RULECHECK MIM.03.M2.a ................ TOTAL Result Count = 0 (0)
RULECHECK MIM.03.M3.a ................ TOTAL Result Count = 0 (0)
RULECHECK MIM.03.M4.a ................ TOTAL Result Count = 0 (0)
RULECHECK MIM.03.M5.a ................ TOTAL Result Count = 0 (0)
RULECHECK MIM.03.b ................... TOTAL Result Count = 0 (0)
RULECHECK MIM.07 ..................... TOTAL Result Count = 0 (0)
RULECHECK MIM2.01 .................... TOTAL Result Count = 0 (0)
RULECHECK MIM2.02.a .................. TOTAL Result Count = 0 (0)
RULECHECK MIM2.02.b .................. TOTAL Result Count = 0 (0)
RULECHECK MIM2.03.M1.a ............... TOTAL Result Count = 0 (0)
RULECHECK MIM2.03.M2.a ............... TOTAL Result Count = 0 (0)
RULECHECK MIM2.03.M3.a ............... TOTAL Result Count = 0 (0)
RULECHECK MIM2.03.M4.a ............... TOTAL Result Count = 0 (0)
RULECHECK MIM2.03.M5.a ............... TOTAL Result Count = 0 (0)
RULECHECK MIM2.03.b .................. TOTAL Result Count = 0 (0)
RULECHECK MIM2.07 .................... TOTAL Result Count = 0 (0)
RULECHECK MIM7.01 .................... TOTAL Result Count = 0 (0)
RULECHECK MIM7.02.a .................. TOTAL Result Count = 0 (0)
RULECHECK MIM7.02.b .................. TOTAL Result Count = 0 (0)
RULECHECK MIM7.03.M1.a ............... TOTAL Result Count = 0 (0)
RULECHECK MIM7.03.M2.a ............... TOTAL Result Count = 0 (0)
RULECHECK MIM7.03.M3.a ............... TOTAL Result Count = 0 (0)
RULECHECK MIM7.03.M4.a ............... TOTAL Result Count = 0 (0)
RULECHECK MIM7.03.M5.a ............... TOTAL Result Count = 0 (0)
RULECHECK MIM7.03.b .................. TOTAL Result Count = 0 (0)
RULECHECK MIM7.07 .................... TOTAL Result Count = 0 (0)
RULECHECK PXL.APW.06 ................. TOTAL Result Count = 0 (0)
RULECHECK PXL.APW.08 ................. TOTAL Result Count = 0 (0)
RULECHECK PXL.TPW.06 ................. TOTAL Result Count = 0 (0)
RULECHECK PXL.TPW.08 ................. TOTAL Result Count = 0 (0)
RULECHECK PXL.NNEXT3V3.01 ............ TOTAL Result Count = 0 (0)
RULECHECK PXL.NNEXT3V3.02 ............ TOTAL Result Count = 0 (0)
RULECHECK PXL.NNEXT3V3.06 ............ TOTAL Result Count = 0 (0)
RULECHECK PXL.NNEXT3V3.08 ............ TOTAL Result Count = 0 (0)
RULECHECK PXL.NLVT3V3.01 ............. TOTAL Result Count = 0 (0)
RULECHECK PXL.NLVT3V3.02 ............. TOTAL Result Count = 0 (0)
RULECHECK PXL.NLVT3V3.06 ............. TOTAL Result Count = 0 (0)
RULECHECK PXL.NLVT3V3.08 ............. TOTAL Result Count = 0 (0)
RULECHECK PXL.SDN.06 ................. TOTAL Result Count = 0 (0)
RULECHECK PXL.SDP.06 ................. TOTAL Result Count = 0 (0)
RULECHECK PXL.PSN.01 ................. TOTAL Result Count = 0 (0)
RULECHECK PXL.PSN.02 ................. TOTAL Result Count = 0 (0)
RULECHECK PXL.PSN.06 ................. TOTAL Result Count = 0 (0)
RULECHECK PXL.PSN.08 ................. TOTAL Result Count = 0 (0)
RULECHECK PXL.PSN.ANW.03 ............. TOTAL Result Count = 0 (0)
RULECHECK PXL.PSP.01 ................. TOTAL Result Count = 0 (0)
RULECHECK PXL.PSP.02 ................. TOTAL Result Count = 0 (0)
RULECHECK PXL.PSP.06 ................. TOTAL Result Count = 0 (0)
RULECHECK PXL.PSP.08 ................. TOTAL Result Count = 0 (0)
RULECHECK PXL.ARC2.01 ................ TOTAL Result Count = 0 (0)
RULECHECK PXL.ARC2.02 ................ TOTAL Result Count = 0 (0)
RULECHECK PXL.ARNT.01 ................ TOTAL Result Count = 0 (0)
RULECHECK PXL.ARNT.02 ................ TOTAL Result Count = 0 (0)
RULECHECK PXL.ARNT.03 ................ TOTAL Result Count = 0 (0)
RULECHECK PXL.ARNTI.01 ............... TOTAL Result Count = 0 (0)
RULECHECK PXL.ARNTI.02 ............... TOTAL Result Count = 0 (0)
RULECHECK PXL.ARNTI.03 ............... TOTAL Result Count = 0 (0)
RULECHECK PXL.DFIMP.01 ............... TOTAL Result Count = 0 (0)
RULECHECK PXL.DFIMP.02 ............... TOTAL Result Count = 0 (0)
RULECHECK PXL.DFIMP.06 ............... TOTAL Result Count = 0 (0)
RULECHECK PXL.DFIMP.08 ............... TOTAL Result Count = 0 (0)
RULECHECK PXL.DSTI.01 ................ TOTAL Result Count = 0 (0)
RULECHECK PXL.DSTI.02 ................ TOTAL Result Count = 0 (0)
RULECHECK PXL.DSTI.03 ................ TOTAL Result Count = 0 (0)
RULECHECK PXL.LP.01 .................. TOTAL Result Count = 0 (0)
RULECHECK PXL.LP.02 .................. TOTAL Result Count = 0 (0)
RULECHECK PXL.LP.03.M1 ............... TOTAL Result Count = 0 (0)
RULECHECK PXL.LP.03.M2 ............... TOTAL Result Count = 0 (0)
RULECHECK PXL.LP.03.M3 ............... TOTAL Result Count = 0 (0)
RULECHECK PXL.LP.03.M4 ............... TOTAL Result Count = 0 (0)
RULECHECK PXL.LP.03.M5 ............... TOTAL Result Count = 0 (0)
RULECHECK PXL.LP.03.MF ............... TOTAL Result Count = 0 (0)
RULECHECK PXL.PDARC.01 ............... TOTAL Result Count = 0 (0)
RULECHECK PXL.PDARC.02 ............... TOTAL Result Count = 0 (0)
RULECHECK PXL.SNENH.01 ............... TOTAL Result Count = 0 (0)
RULECHECK PXL.SNENH.02 ............... TOTAL Result Count = 0 (0)
RULECHECK PXL.SNENH.06 ............... TOTAL Result Count = 0 (0)
RULECHECK PXL.SNENH.08 ............... TOTAL Result Count = 0 (0)
RULECHECK PXL.SNN.01 ................. TOTAL Result Count = 0 (0)
RULECHECK PXL.SNN.02 ................. TOTAL Result Count = 0 (0)
RULECHECK PXL.SNN.06 ................. TOTAL Result Count = 0 (0)
RULECHECK PXL.SNN.08 ................. TOTAL Result Count = 0 (0)
RULECHECK PXL.SNPW.01 ................ TOTAL Result Count = 0 (0)
RULECHECK PXL.SNPW.02 ................ TOTAL Result Count = 0 (0)
RULECHECK PXL.SNPW.06 ................ TOTAL Result Count = 0 (0)
RULECHECK PXL.SNPW.08 ................ TOTAL Result Count = 0 (0)
RULECHECK PAD.01 ..................... TOTAL Result Count = 0 (0)
RULECHECK PAD.02 ..................... TOTAL Result Count = 0 (0)
RULECHECK PAD.09 ..................... TOTAL Result Count = 0 (0)
RULECHECK NPLUS.09 ................... TOTAL Result Count = 0 (0)
RULECHECK PPLUS.09 ................... TOTAL Result Count = 0 (0)
RULECHECK SDN.01 ..................... TOTAL Result Count = 0 (0)
RULECHECK SDN.02 ..................... TOTAL Result Count = 0 (0)
RULECHECK SDN.03.SRAM.a .............. TOTAL Result Count = 0 (0)
RULECHECK SDN.03.SRAM.c .............. TOTAL Result Count = 0 (0)
RULECHECK SDN.03.a ................... TOTAL Result Count = 0 (0)
RULECHECK SDN.03.b ................... TOTAL Result Count = 0 (0)
RULECHECK SDN.03.c ................... TOTAL Result Count = 0 (0)
RULECHECK SDN.06 ..................... TOTAL Result Count = 0 (0)
RULECHECK SDN.08 ..................... TOTAL Result Count = 0 (0)
RULECHECK SDN.12 ..................... TOTAL Result Count = 0 (0)
RULECHECK SDP.01 ..................... TOTAL Result Count = 0 (0)
RULECHECK SDP.02 ..................... TOTAL Result Count = 0 (0)
RULECHECK SDP.03.SRAM.a .............. TOTAL Result Count = 0 (0)
RULECHECK SDP.03.SRAM.c .............. TOTAL Result Count = 0 (0)
RULECHECK SDP.03.a ................... TOTAL Result Count = 0 (0)
RULECHECK SDP.03.b ................... TOTAL Result Count = 0 (0)
RULECHECK SDP.03.c ................... TOTAL Result Count = 0 (0)
RULECHECK SDP.06 ..................... TOTAL Result Count = 0 (0)
RULECHECK SDP.08 ..................... TOTAL Result Count = 0 (0)
RULECHECK SPAD.SPADNW.01 ............. TOTAL Result Count = 0 (0)
RULECHECK SPAD.SPADNW.02 ............. TOTAL Result Count = 0 (0)
RULECHECK SPAD.SPADNW.06 ............. TOTAL Result Count = 0 (0)
RULECHECK SPAD.SPADNW.08 ............. TOTAL Result Count = 0 (0)
RULECHECK SPAD.SPADPSN.01 ............ TOTAL Result Count = 0 (0)
RULECHECK SPAD.SPADPSN.02 ............ TOTAL Result Count = 0 (0)
RULECHECK SPAD.SPADPSN.06 ............ TOTAL Result Count = 0 (0)
RULECHECK SPAD.SPADPSN.08 ............ TOTAL Result Count = 0 (0)
RULECHECK SAB.01.a ................... TOTAL Result Count = 0 (0)
RULECHECK SAB.01.b ................... TOTAL Result Count = 0 (0)
RULECHECK SAB.01.c ................... TOTAL Result Count = 0 (0)
RULECHECK SAB.01.d ................... TOTAL Result Count = 0 (0)
RULECHECK SAB.02 ..................... TOTAL Result Count = 0 (0)
RULECHECK SAB.03.a ................... TOTAL Result Count = 0 (0)
RULECHECK SAB.03.b ................... TOTAL Result Count = 0 (0)
RULECHECK SAB.06 ..................... TOTAL Result Count = 0 (0)
RULECHECK SAB.08 ..................... TOTAL Result Count = 0 (0)
RULECHECK SAB.10 ..................... TOTAL Result Count = 0 (0)
RULECHECK SAB.11 ..................... TOTAL Result Count = 0 (0)
RULECHECK SALBLK.09 .................. TOTAL Result Count = 0 (0)
RULECHECK TE.BSMET.01 ................ TOTAL Result Count = 0 (0)
RULECHECK TE.BSMET.02 ................ TOTAL Result Count = 0 (0)
RULECHECK TE.BSPAD.02 ................ TOTAL Result Count = 0 (0)
RULECHECK TE.SLOTOX.02.CONT .......... TOTAL Result Count = 0 (0)
RULECHECK TE.SLOTOX.02.DIFFILL ....... TOTAL Result Count = 0 (0)
RULECHECK TE.SLOTOX.02.POLYGFILL ..... TOTAL Result Count = 0 (0)
RULECHECK TE.SLOTSI.01 ............... TOTAL Result Count = 0 (0)
RULECHECK TE.SLOTSI.02.BSPAD ......... TOTAL Result Count = 0 (0)
RULECHECK TE.SLOTSI.02.DIFFILL ....... TOTAL Result Count = 0 (0)
RULECHECK TE.SLOTSI.02.POLYG ......... TOTAL Result Count = 0 (0)
RULECHECK TE.SLOTSI.W.01 ............. TOTAL Result Count = 0 (0)
RULECHECK ARRAYPW.09 ................. TOTAL Result Count = 0 (0)
RULECHECK DNW.01 ..................... TOTAL Result Count = 0 (0)
RULECHECK DNW.02 ..................... TOTAL Result Count = 0 (0)
RULECHECK DNW.02.1V2 ................. TOTAL Result Count = 0 (0)
RULECHECK DNW.02.3V3 ................. TOTAL Result Count = 0 (0)
RULECHECK DNW.02.a ................... TOTAL Result Count = 0 (0)
RULECHECK DNW.02.b ................... TOTAL Result Count = 0 (0)
RULECHECK DNW.02.c ................... TOTAL Result Count = 0 (0)
RULECHECK DNW.09 ..................... TOTAL Result Count = 0 (0)
RULECHECK DNW.10 ..................... TOTAL Result Count = 0 (0)
RULECHECK NW1V2.09 ................... TOTAL Result Count = 0 (0)
RULECHECK NW3V3.09 ................... TOTAL Result Count = 0 (0)
RULECHECK NWE.01.1V2 ................. TOTAL Result Count = 0 (0)
RULECHECK NWE.01.3V3 ................. TOTAL Result Count = 0 (0)
RULECHECK NWE.02.1V2.a ............... TOTAL Result Count = 0 (0)
RULECHECK NWE.02.1V2.b ............... TOTAL Result Count = 0 (0)
RULECHECK NWE.02.1V2.c ............... TOTAL Result Count = 0 (0)
RULECHECK NWE.02.3V3.a ............... TOTAL Result Count = 0 (0)
RULECHECK NWE.02.3V3.b ............... TOTAL Result Count = 0 (0)
RULECHECK NWE.02.3V3.c ............... TOTAL Result Count = 0 (0)
RULECHECK NWE.03.1V2.b ............... TOTAL Result Count = 0 (0)
RULECHECK NWE.03.3V3.a ............... TOTAL Result Count = 0 (0)
RULECHECK NWE.03.3V3.b ............... TOTAL Result Count = 0 (0)
RULECHECK NWE.06.1V2 ................. TOTAL Result Count = 0 (0)
RULECHECK NWE.06.3V3 ................. TOTAL Result Count = 0 (0)
RULECHECK NWE.08.1V2 ................. TOTAL Result Count = 0 (0)
RULECHECK NWE.08.3V3 ................. TOTAL Result Count = 0 (0)
RULECHECK NWE.10 ..................... TOTAL Result Count = 0 (0)
RULECHECK NWE.14 ..................... TOTAL Result Count = 0 (0)
RULECHECK PW1V2.09 ................... TOTAL Result Count = 0 (0)
RULECHECK PW3V3.09 ................... TOTAL Result Count = 0 (0)
RULECHECK PWE.01.1V2 ................. TOTAL Result Count = 0 (0)
RULECHECK PWE.01.3V3 ................. TOTAL Result Count = 0 (0)
RULECHECK PWE.02.1V2 ................. TOTAL Result Count = 0 (0)
RULECHECK PWE.02.3V3 ................. TOTAL Result Count = 0 (0)
RULECHECK PWE.03.3V3.a ............... TOTAL Result Count = 0 (0)
RULECHECK PWE.03.3V3.b ............... TOTAL Result Count = 0 (0)
RULECHECK PWE.06.1V2 ................. TOTAL Result Count = 0 (0)
RULECHECK PWE.06.3V3 ................. TOTAL Result Count = 0 (0)
RULECHECK PWE.08.1V2 ................. TOTAL Result Count = 0 (0)
RULECHECK PWE.08.3V3 ................. TOTAL Result Count = 0 (0)
RULECHECK PWE.12 ..................... TOTAL Result Count = 0 (0)
RULECHECK PWE.12.a ................... TOTAL Result Count = 0 (0)
RULECHECK SNPW.09 .................... TOTAL Result Count = 0 (0)
RULECHECK TXPW.09 .................... TOTAL Result Count = 0 (0)
RULECHECK RCFA.04.a .................. TOTAL Result Count = 0 (0)
RULECHECK RCFA.04.b .................. TOTAL Result Count = 0 (0)
RULECHECK RCFA.04.c .................. TOTAL Result Count = 0 (0)
RULECHECK RCFA.04.d .................. TOTAL Result Count = 0 (0)
RULECHECK UL.12 ...................... TOTAL Result Count = 0 (0)
RULECHECK CON.05.ROM.a ............... TOTAL Result Count = 0 (0)
RULECHECK CON.05.SRAM.c .............. TOTAL Result Count = 0 (0)
RULECHECK CON.05.a ................... TOTAL Result Count = 0 (0)
RULECHECK CON.05.b ................... TOTAL Result Count = 0 (0)
RULECHECK CON.05.c ................... TOTAL Result Count = 0 (0)
RULECHECK CON.05.d.01 ................ TOTAL Result Count = 0 (0)
RULECHECK CON.05.d.02 ................ TOTAL Result Count = 0 (0)
RULECHECK CON.05.d.03 ................ TOTAL Result Count = 0 (0)
RULECHECK CON.05.d.04 ................ TOTAL Result Count = 0 (0)
RULECHECK CON.05.d.09 ................ TOTAL Result Count = 0 (0)
RULECHECK CON.05.d.10 ................ TOTAL Result Count = 0 (0)
RULECHECK CON.11 ..................... TOTAL Result Count = 0 (0)
RULECHECK CON.12 ..................... TOTAL Result Count = 0 (0)
RULECHECK CONTnoPlrc.10 .............. TOTAL Result Count = 0 (0)
RULECHECK VI1.05.ab .................. TOTAL Result Count = 0 (0)
RULECHECK VI1.10 ..................... TOTAL Result Count = 0 (0)
RULECHECK VI2.05.ab .................. TOTAL Result Count = 0 (0)
RULECHECK VI2.10 ..................... TOTAL Result Count = 0 (0)
RULECHECK VI3.05.ab .................. TOTAL Result Count = 2 (2)
RULECHECK VI3.10 ..................... TOTAL Result Count = 2 (2)
RULECHECK VI4.05.ab .................. TOTAL Result Count = 0 (0)
RULECHECK VI4.10 ..................... TOTAL Result Count = 0 (0)
RULECHECK VIA1noPlrc.10 .............. TOTAL Result Count = 0 (0)
RULECHECK VIA2noPlrc.10 .............. TOTAL Result Count = 0 (0)
RULECHECK VIA3noPlrc.10 .............. TOTAL Result Count = 0 (0)
RULECHECK VIA4noPlrc.10 .............. TOTAL Result Count = 0 (0)
RULECHECK VIAFnoPlrc.10 .............. TOTAL Result Count = 0 (0)
RULECHECK VIF.05.ab .................. TOTAL Result Count = 0 (0)
RULECHECK VIF.10 ..................... TOTAL Result Count = 0 (0)
RULECHECK DIF.05.1V2.a ............... TOTAL Result Count = 0 (0)
RULECHECK DIF.05.1V2.b ............... TOTAL Result Count = 0 (0)
RULECHECK DIF.05.1V2.c ............... TOTAL Result Count = 0 (0)
RULECHECK DIF.05.1V2.d ............... TOTAL Result Count = 0 (0)
RULECHECK DIF.05.3V3.a ............... TOTAL Result Count = 0 (0)
RULECHECK DIF.05.3V3.b ............... TOTAL Result Count = 0 (0)
RULECHECK DIF.05.3V3.c ............... TOTAL Result Count = 0 (0)
RULECHECK DIF.05.3V3.d ............... TOTAL Result Count = 0 (0)
RULECHECK DIF.05.SRAM.a .............. TOTAL Result Count = 0 (0)
RULECHECK DIF.05.SRAM.b .............. TOTAL Result Count = 0 (0)
RULECHECK DIF.13.a ................... TOTAL Result Count = 0 (0)
RULECHECK DIF.13.b ................... TOTAL Result Count = 0 (0)
RULECHECK DIFFnoPlrc.10 .............. TOTAL Result Count = 0 (0)
RULECHECK LFIP.10 .................... TOTAL Result Count = 0 (0)
RULECHECK noDRC.10 ................... TOTAL Result Count = 0 (0)
RULECHECK POD.04.SRAM.a .............. TOTAL Result Count = 0 (0)
RULECHECK POD.04.a ................... TOTAL Result Count = 0 (0)
RULECHECK POD.04.b ................... TOTAL Result Count = 0 (0)
RULECHECK POL.04.SRAM.a .............. TOTAL Result Count = 0 (0)
RULECHECK POL.04.a ................... TOTAL Result Count = 0 (0)
RULECHECK POL.05.1V2.a ............... TOTAL Result Count = 0 (0)
RULECHECK POL.05.1V2.b ............... TOTAL Result Count = 0 (0)
RULECHECK POL.05.3V3.a ............... TOTAL Result Count = 0 (0)
RULECHECK POL.05.3V3.b ............... TOTAL Result Count = 0 (0)
RULECHECK POL.10 ..................... TOTAL Result Count = 0 (0)
RULECHECK POL.11 ..................... TOTAL Result Count = 0 (0)
RULECHECK EXN.12.1V2 ................. TOTAL Result Count = 0 (0)
RULECHECK EXN.12.3V3 ................. TOTAL Result Count = 0 (0)
RULECHECK EXP.12.1V2 ................. TOTAL Result Count = 0 (0)
RULECHECK EXP.12.3V3 ................. TOTAL Result Count = 0 (0)
RULECHECK GOX.04.1V2.a ............... TOTAL Result Count = 0 (0)
RULECHECK GOX.04.1V2.b ............... TOTAL Result Count = 0 (0)
RULECHECK GOX.04.1V2.c ............... TOTAL Result Count = 0 (0)
RULECHECK GOX.11.a ................... TOTAL Result Count = 0 (0)
RULECHECK POLYGnoPlrc.10 ............. TOTAL Result Count = 0 (0)
RULECHECK EXN.04.1V2.a ............... TOTAL Result Count = 0 (0)
RULECHECK EXN.04.1V2.b ............... TOTAL Result Count = 0 (0)
RULECHECK EXN.04.3V3.a ............... TOTAL Result Count = 0 (0)
RULECHECK EXN.04.3V3.b ............... TOTAL Result Count = 0 (0)
RULECHECK EXN.04.SRAM.a .............. TOTAL Result Count = 0 (0)
RULECHECK EXN.04.SRAM.b .............. TOTAL Result Count = 0 (0)
RULECHECK EXP.04.1V2.a ............... TOTAL Result Count = 0 (0)
RULECHECK EXP.04.1V2.b ............... TOTAL Result Count = 0 (0)
RULECHECK EXP.04.3V3.a ............... TOTAL Result Count = 0 (0)
RULECHECK EXP.04.3V3.b ............... TOTAL Result Count = 0 (0)
RULECHECK EXP.04.SRAM.a .............. TOTAL Result Count = 0 (0)
RULECHECK EXP.04.SRAM.b .............. TOTAL Result Count = 0 (0)
RULECHECK ME1.04.ab .................. TOTAL Result Count = 0 (0)
RULECHECK ME1.10 ..................... TOTAL Result Count = 0 (0)
RULECHECK ME2.04.ab .................. TOTAL Result Count = 0 (0)
RULECHECK ME2.10 ..................... TOTAL Result Count = 0 (0)
RULECHECK ME3.04.ab .................. TOTAL Result Count = 0 (0)
RULECHECK ME3.10 ..................... TOTAL Result Count = 0 (0)
RULECHECK ME4.04.ab .................. TOTAL Result Count = 2 (2)
RULECHECK ME4.10 ..................... TOTAL Result Count = 0 (0)
RULECHECK ME5.04.ab .................. TOTAL Result Count = 0 (0)
RULECHECK ME5.10 ..................... TOTAL Result Count = 0 (0)
RULECHECK MEF.04.ab .................. TOTAL Result Count = 0 (0)
RULECHECK MEF.10 ..................... TOTAL Result Count = 0 (0)
RULECHECK METAL1noPlrc.10 ............ TOTAL Result Count = 0 (0)
RULECHECK METAL2noPlrc.10 ............ TOTAL Result Count = 0 (0)
RULECHECK METAL3noPlrc.10 ............ TOTAL Result Count = 0 (0)
RULECHECK METAL4noPlrc.10 ............ TOTAL Result Count = 0 (0)
RULECHECK METAL5noPlrc.10 ............ TOTAL Result Count = 0 (0)
RULECHECK METALFnoPlrc.10 ............ TOTAL Result Count = 0 (0)
RULECHECK BSI.SLOTSI.03 .............. TOTAL Result Count = 0 (0)
RULECHECK MIM.04 ..................... TOTAL Result Count = 0 (0)
RULECHECK MIM.05.a ................... TOTAL Result Count = 0 (0)
RULECHECK MIM.05.b ................... TOTAL Result Count = 0 (0)
RULECHECK MIM.05.c ................... TOTAL Result Count = 0 (0)
RULECHECK MIM.10 ..................... TOTAL Result Count = 0 (0)
RULECHECK MIM.CHECK.1 ................ TOTAL Result Count = 0 (0)
RULECHECK MIM.CHECK.2 ................ TOTAL Result Count = 0 (0)
RULECHECK MIM.CHECK.3 ................ TOTAL Result Count = 0 (0)
RULECHECK MIM2.04 .................... TOTAL Result Count = 0 (0)
RULECHECK MIM2.05.a .................. TOTAL Result Count = 0 (0)
RULECHECK MIM2.05.b .................. TOTAL Result Count = 0 (0)
RULECHECK MIM2.05.c .................. TOTAL Result Count = 0 (0)
RULECHECK MIM2.10 .................... TOTAL Result Count = 0 (0)
RULECHECK MIM2.10.a .................. TOTAL Result Count = 0 (0)
RULECHECK MIM7.04 .................... TOTAL Result Count = 0 (0)
RULECHECK MIM7.05.a .................. TOTAL Result Count = 0 (0)
RULECHECK MIM7.05.b .................. TOTAL Result Count = 0 (0)
RULECHECK MIM7.05.c .................. TOTAL Result Count = 0 (0)
RULECHECK MIM7.10 .................... TOTAL Result Count = 0 (0)
RULECHECK MIM7.10.a .................. TOTAL Result Count = 0 (0)
RULECHECK PXL.APW.10 ................. TOTAL Result Count = 0 (0)
RULECHECK PXL.TPW.05 ................. TOTAL Result Count = 0 (0)
RULECHECK PXL.TPW.05.a ............... TOTAL Result Count = 0 (0)
RULECHECK PXL.TPW.05.b ............... TOTAL Result Count = 0 (0)
RULECHECK PXL.TPW.10 ................. TOTAL Result Count = 0 (0)
RULECHECK PXL.NNEXT3V3.10 ............ TOTAL Result Count = 0 (0)
RULECHECK PXL.ARC2.10 ................ TOTAL Result Count = 0 (0)
RULECHECK PXL.ARNT.05 ................ TOTAL Result Count = 0 (0)
RULECHECK PXL.ARNT.10 ................ TOTAL Result Count = 0 (0)
RULECHECK PXL.ARNTI.05 ............... TOTAL Result Count = 0 (0)
RULECHECK PXL.DFIMP.05 ............... TOTAL Result Count = 0 (0)
RULECHECK PXL.DFIMP.10 ............... TOTAL Result Count = 0 (0)
RULECHECK PXL.DSTI.05 ................ TOTAL Result Count = 0 (0)
RULECHECK PXL.DSTI.10 ................ TOTAL Result Count = 0 (0)
RULECHECK PXL.LP.05.a ................ TOTAL Result Count = 0 (0)
RULECHECK PXL.LP.05.b ................ TOTAL Result Count = 0 (0)
RULECHECK PXL.LP.10 .................. TOTAL Result Count = 0 (0)
RULECHECK PXL.PDARC.10 ............... TOTAL Result Count = 0 (0)
RULECHECK PXL.SNENH.05 ............... TOTAL Result Count = 0 (0)
RULECHECK PXL.SNENH.10 ............... TOTAL Result Count = 0 (0)
RULECHECK PXL.SNN.05 ................. TOTAL Result Count = 0 (0)
RULECHECK PXL.SNN.10 ................. TOTAL Result Count = 0 (0)
RULECHECK PXL.SNPW.05 ................ TOTAL Result Count = 0 (0)
RULECHECK PXL.SNPW.10 ................ TOTAL Result Count = 0 (0)
RULECHECK PAD.05.a ................... TOTAL Result Count = 0 (0)
RULECHECK SDN.04.SRAM.a .............. TOTAL Result Count = 0 (0)
RULECHECK SDN.04.SRAM.d .............. TOTAL Result Count = 0 (0)
RULECHECK SDN.04.a ................... TOTAL Result Count = 0 (0)
RULECHECK SDN.04.b ................... TOTAL Result Count = 0 (0)
RULECHECK SDN.04.c.01 ................ TOTAL Result Count = 0 (0)
RULECHECK SDN.04.c.02 ................ TOTAL Result Count = 0 (0)
RULECHECK SDN.04.d ................... TOTAL Result Count = 0 (0)
RULECHECK SDN.11 ..................... TOTAL Result Count = 0 (0)
RULECHECK SDP.04.SRAM.a .............. TOTAL Result Count = 0 (0)
RULECHECK SDP.04.SRAM.d .............. TOTAL Result Count = 0 (0)
RULECHECK SDP.04.a ................... TOTAL Result Count = 0 (0)
RULECHECK SDP.04.b ................... TOTAL Result Count = 0 (0)
RULECHECK SDP.04.c.01 ................ TOTAL Result Count = 0 (0)
RULECHECK SDP.04.c.02 ................ TOTAL Result Count = 0 (0)
RULECHECK SDP.04.d ................... TOTAL Result Count = 0 (0)
RULECHECK SAB.04.a ................... TOTAL Result Count = 0 (0)
RULECHECK SAB.04.b ................... TOTAL Result Count = 0 (0)
RULECHECK SAB.05.ESD.b ............... TOTAL Result Count = 0 (0)
RULECHECK SAB.05.a ................... TOTAL Result Count = 0 (0)
RULECHECK SAB.05.b ................... TOTAL Result Count = 0 (0)
RULECHECK TE.BSPAD.04.BSMET .......... TOTAL Result Count = 0 (0)
RULECHECK TE.SLOTOX.04.METAL1 ........ TOTAL Result Count = 0 (0)
RULECHECK TE.SLOTSI.04.BSMET ......... TOTAL Result Count = 0 (0)
RULECHECK DNW.05.1V2 ................. TOTAL Result Count = 0 (0)
RULECHECK DNW.05.1V2.a ............... TOTAL Result Count = 0 (0)
RULECHECK DNW.05.1V2.b ............... TOTAL Result Count = 0 (0)
RULECHECK DNW.05.3V3 ................. TOTAL Result Count = 0 (0)
RULECHECK DNW.05.3V3.a ............... TOTAL Result Count = 0 (0)
RULECHECK DNW.05.3V3.b ............... TOTAL Result Count = 0 (0)
RULECHECK DNW.05.a ................... TOTAL Result Count = 0 (0)
RULECHECK DNW.11 ..................... TOTAL Result Count = 0 (0)
RULECHECK DNW.11.c ................... TOTAL Result Count = 0 (0)
RULECHECK NWE.11 ..................... TOTAL Result Count = 0 (0)
RULECHECK NWE.13.a ................... TOTAL Result Count = 0 (0)
RULECHECK NWE.13.b ................... TOTAL Result Count = 0 (0)
RULECHECK POLYGFILL.13 ............... TOTAL Result Count = 0 (0)
RULECHECK PWE.11.a ................... TOTAL Result Count = 0 (0)
RULECHECK PWE.11.b ................... TOTAL Result Count = 0 (0)
RULECHECK BSI.BSMET.S.01 ............. TOTAL Result Count = 0 (0)
RULECHECK BSI.BSMET.W.01 ............. TOTAL Result Count = 0 (0)
RULECHECK BSI.BSPAD.SLOTSI.NO.01 ..... TOTAL Result Count = 0 (0)
RULECHECK BSI.BSPAD.SLOTSI.S.01 ...... TOTAL Result Count = 0 (0)
RULECHECK BSI.SLOTOX.CONT.NO.01 ...... TOTAL Result Count = 0 (0)
RULECHECK BSI.SLOTOX.CONT.S.01 ....... TOTAL Result Count = 0 (0)
RULECHECK BSI.SLOTOX.DIFF.NO.01 ...... TOTAL Result Count = 0 (0)
RULECHECK BSI.SLOTOX.DIFF.S.01 ....... TOTAL Result Count = 0 (0)
RULECHECK BSI.SLOTOX.POLYG.NO.01 ..... TOTAL Result Count = 0 (0)
RULECHECK BSI.SLOTOX.POLYG.S.01 ...... TOTAL Result Count = 0 (0)
RULECHECK BSI.SLOTOX.S.01 ............ TOTAL Result Count = 0 (0)
RULECHECK BSI.SLOTSI.DIFF.NO.01 ...... TOTAL Result Count = 0 (0)
RULECHECK BSI.SLOTSI.DIFF.S.01 ....... TOTAL Result Count = 0 (0)
RULECHECK BSI.SLOTSI.POLYG.S.01 ...... TOTAL Result Count = 0 (0)
RULECHECK BSI.SLOTSI.S.01 ............ TOTAL Result Count = 0 (0)
RULECHECK BSI.SLOTSI.W.01 ............ TOTAL Result Count = 0 (0)
RULECHECK BSI.SLOTSI.W.02 ............ TOTAL Result Count = 0 (0)
RULECHECK BSI.BSMET.SLOTSI.OV.01 ..... TOTAL Result Count = 0 (0)
RULECHECK BSI.BSPAD.BSMET.OV.01 ...... TOTAL Result Count = 0 (0)
RULECHECK BSI.SLOTOX.03 .............. TOTAL Result Count = 0 (0)
RULECHECK BSI.SLOTOX.METAL1.02 ....... TOTAL Result Count = 0 (0)
RULECHECK BSI.SLOTOX.METAL1.OV.01 .... TOTAL Result Count = 0 (0)
RULECHECK BSI.SLOTSI.SLOTOX.OV.01 .... TOTAL Result Count = 0 (0)
RULECHECK DIF.02.a ................... TOTAL Result Count = 0 (0)
RULECHECK DIFFFILL.09 ................ TOTAL Result Count = 0 (0)
RULECHECK POLYGFILL.09 ............... TOTAL Result Count = 0 (0)
RULECHECK METAL1FILL.09 .............. TOTAL Result Count = 0 (0)
RULECHECK METAL2FILL.09 .............. TOTAL Result Count = 0 (0)
RULECHECK METAL3FILL.09 .............. TOTAL Result Count = 0 (0)
RULECHECK METAL4FILL.09 .............. TOTAL Result Count = 0 (0)
RULECHECK METAL5FILL.09 .............. TOTAL Result Count = 0 (0)
RULECHECK METALFFILL.09 .............. TOTAL Result Count = 0 (0)
RULECHECK DIF.10 ..................... TOTAL Result Count = 1 (1)
RULECHECK POL.12 ..................... TOTAL Result Count = 1 (1)
RULECHECK ME1.11 ..................... TOTAL Result Count = 0 (0)
RULECHECK ME2.11 ..................... TOTAL Result Count = 1 (1)
RULECHECK ME3.11 ..................... TOTAL Result Count = 1 (1)
RULECHECK ME4.11 ..................... TOTAL Result Count = 1 (1)
RULECHECK ME5.11 ..................... TOTAL Result Count = 1 (1)
RULECHECK MEF.11 ..................... TOTAL Result Count = 1 (1)
RULECHECK DIF.11 ..................... TOTAL Result Count = 0 (0)
RULECHECK POL.13 ..................... TOTAL Result Count = 0 (0)
RULECHECK ME1.12 ..................... TOTAL Result Count = 1 (1)
RULECHECK ME2.12 ..................... TOTAL Result Count = 0 (0)
RULECHECK ME3.12 ..................... TOTAL Result Count = 0 (0)
RULECHECK ME4.12 ..................... TOTAL Result Count = 0 (0)
RULECHECK ME5.12 ..................... TOTAL Result Count = 0 (0)
RULECHECK MEF.12 ..................... TOTAL Result Count = 0 (0)
RULECHECK POL.20.NATIVEGATE1V2 ....... TOTAL Result Count = 0 (0)
RULECHECK CON.20.NATIVEGATE1V2 ....... TOTAL Result Count = 0 (0)
RULECHECK POL.20.GATE3V3 ............. TOTAL Result Count = 0 (0)
RULECHECK CON.20.GATE3V3 ............. TOTAL Result Count = 0 (0)
RULECHECK POL.20.GATE1V2 ............. TOTAL Result Count = 0 (0)
RULECHECK CON.20.GATE1V2 ............. TOTAL Result Count = 0 (0)
RULECHECK ME1.20.NATIVEGATE1V2 ....... TOTAL Result Count = 0 (0)
RULECHECK ME1.20.GATE3V3 ............. TOTAL Result Count = 0 (0)
RULECHECK ME1.20.GATE1V2 ............. TOTAL Result Count = 0 (0)
RULECHECK VI1.20.NATIVEGATE1V2 ....... TOTAL Result Count = 0 (0)
RULECHECK VI1.20.GATE3V3 ............. TOTAL Result Count = 0 (0)
RULECHECK VI1.20.GATE1V2 ............. TOTAL Result Count = 0 (0)
RULECHECK ME2.20.NATIVEGATE1V2 ....... TOTAL Result Count = 0 (0)
RULECHECK ME2.20.GATE3V3 ............. TOTAL Result Count = 0 (0)
RULECHECK ME2.20.GATE1V2 ............. TOTAL Result Count = 0 (0)
RULECHECK VI2.20.NATIVEGATE1V2 ....... TOTAL Result Count = 0 (0)
RULECHECK VI2.20.GATE3V3 ............. TOTAL Result Count = 0 (0)
RULECHECK VI2.20.GATE1V2 ............. TOTAL Result Count = 0 (0)
RULECHECK ME3.20.NATIVEGATE1V2 ....... TOTAL Result Count = 0 (0)
RULECHECK ME3.20.GATE3V3 ............. TOTAL Result Count = 0 (0)
RULECHECK ME3.20.GATE1V2 ............. TOTAL Result Count = 0 (0)
RULECHECK VI3.20.NATIVEGATE1V2 ....... TOTAL Result Count = 0 (0)
RULECHECK VI3.20.GATE3V3 ............. TOTAL Result Count = 0 (0)
RULECHECK VI3.20.GATE1V2 ............. TOTAL Result Count = 0 (0)
RULECHECK ME4.20.NATIVEGATE1V2 ....... TOTAL Result Count = 0 (0)
RULECHECK ME4.20.GATE3V3 ............. TOTAL Result Count = 0 (0)
RULECHECK ME4.20.GATE1V2 ............. TOTAL Result Count = 0 (0)
RULECHECK VI4.20.NATIVEGATE1V2 ....... TOTAL Result Count = 0 (0)
RULECHECK VI4.20.GATE3V3 ............. TOTAL Result Count = 0 (0)
RULECHECK VI4.20.GATE1V2 ............. TOTAL Result Count = 0 (0)
RULECHECK ME5.20.NATIVEGATE1V2 ....... TOTAL Result Count = 0 (0)
RULECHECK ME5.20.GATE3V3 ............. TOTAL Result Count = 0 (0)
RULECHECK ME5.20.GATE1V2 ............. TOTAL Result Count = 0 (0)
RULECHECK VIF.20.NATIVEGATE1V2 ....... TOTAL Result Count = 0 (0)
RULECHECK VIF.20.GATE3V3 ............. TOTAL Result Count = 0 (0)
RULECHECK VIF.20.GATE1V2 ............. TOTAL Result Count = 0 (0)
RULECHECK MEF.20.NATIVEGATE1V2 ....... TOTAL Result Count = 0 (0)
RULECHECK MEF.20.GATE3V3 ............. TOTAL Result Count = 0 (0)
RULECHECK MEF.20.GATE1V2 ............. TOTAL Result Count = 0 (0)
RULECHECK DIF.14 ..................... TOTAL Result Count = 0 (0)
RULECHECK POL.14 ..................... TOTAL Result Count = 0 (0)
RULECHECK ME1.14 ..................... TOTAL Result Count = 0 (0)
RULECHECK ME2.14 ..................... TOTAL Result Count = 0 (0)
RULECHECK ME2.SRAM.14 ................ TOTAL Result Count = 0 (0)
RULECHECK ME3.14 ..................... TOTAL Result Count = 0 (0)
RULECHECK ME3.SRAM.14 ................ TOTAL Result Count = 0 (0)
RULECHECK ME4.14 ..................... TOTAL Result Count = 0 (0)
RULECHECK ME4.SRAM.14 ................ TOTAL Result Count = 0 (0)
RULECHECK ME5.14 ..................... TOTAL Result Count = 0 (0)
RULECHECK ME5.SRAM.14 ................ TOTAL Result Count = 0 (0)
RULECHECK MEF.14 ..................... TOTAL Result Count = 0 (0)
RULECHECK DIFFILL.01 ................. TOTAL Result Count = 0 (0)
RULECHECK DIFFILL.01.a ............... TOTAL Result Count = 0 (0)
RULECHECK DIFFILL.02 ................. TOTAL Result Count = 0 (0)
RULECHECK DIFFILL.02.DIFF ............ TOTAL Result Count = 0 (0)
RULECHECK DIFFILL.02.DIFF.a .......... TOTAL Result Count = 0 (0)
RULECHECK DIFFILL.02.NWELL ........... TOTAL Result Count = 0 (0)
RULECHECK DIFFILL.02.POLYG ........... TOTAL Result Count = 0 (0)
RULECHECK DIFFILL.02.PWELL ........... TOTAL Result Count = 0 (0)
RULECHECK DIFFILL.02.SLOTOX .......... TOTAL Result Count = 0 (0)
RULECHECK DIFFILL.02.SLOTSI .......... TOTAL Result Count = 0 (0)
RULECHECK DIFFILL.02.a ............... TOTAL Result Count = 0 (0)
RULECHECK POLYGFILL.02.SLOTSI ........ TOTAL Result Count = 0 (0)
RULECHECK POLYGFILL.01 ............... TOTAL Result Count = 0 (0)
RULECHECK POLYGFILL.01.a ............. TOTAL Result Count = 0 (0)
RULECHECK POLYGFILL.02 ............... TOTAL Result Count = 0 (0)
RULECHECK POLYGFILL.02.DIFF .......... TOTAL Result Count = 0 (0)
RULECHECK POLYGFILL.02.NWELL ......... TOTAL Result Count = 0 (0)
RULECHECK POLYGFILL.02.POLYG ......... TOTAL Result Count = 0 (0)
RULECHECK POLYGFILL.02.POLYG.a ....... TOTAL Result Count = 0 (0)
RULECHECK POLYGFILL.02.PWELL ......... TOTAL Result Count = 0 (0)
RULECHECK POLYGFILL.02.SLOTOX ........ TOTAL Result Count = 0 (0)
RULECHECK POLYGFILL.02.a ............. TOTAL Result Count = 0 (0)
RULECHECK POLYGFILL.10 ............... TOTAL Result Count = 0 (0)
RULECHECK METAL1FILL.01 .............. TOTAL Result Count = 0 (0)
RULECHECK METAL1FILL.01.a ............ TOTAL Result Count = 0 (0)
RULECHECK METAL1FILL.02 .............. TOTAL Result Count = 0 (0)
RULECHECK METAL1FILL.02.IND .......... TOTAL Result Count = 0 (0)
RULECHECK METAL1FILL.02.ME1 .......... TOTAL Result Count = 0 (0)
RULECHECK METAL1FILL.02.ME1.a ........ TOTAL Result Count = 0 (0)
RULECHECK METAL1FILL.02.MIM .......... TOTAL Result Count = 0 (0)
RULECHECK METAL1FILL.02.RF ........... TOTAL Result Count = 0 (0)
RULECHECK METAL1FILL.02.SLM .......... TOTAL Result Count = 0 (0)
RULECHECK METAL1FILL.02.a ............ TOTAL Result Count = 0 (0)
RULECHECK METAL1FILL.10 .............. TOTAL Result Count = 0 (0)
RULECHECK METAL2FILL.01 .............. TOTAL Result Count = 0 (0)
RULECHECK METAL2FILL.01.a ............ TOTAL Result Count = 0 (0)
RULECHECK METAL2FILL.02 .............. TOTAL Result Count = 0 (0)
RULECHECK METAL2FILL.02.IND .......... TOTAL Result Count = 0 (0)
RULECHECK METAL2FILL.02.ME2 .......... TOTAL Result Count = 0 (0)
RULECHECK METAL2FILL.02.ME2.a ........ TOTAL Result Count = 0 (0)
RULECHECK METAL2FILL.02.MIM .......... TOTAL Result Count = 0 (0)
RULECHECK METAL2FILL.02.RF ........... TOTAL Result Count = 0 (0)
RULECHECK METAL2FILL.02.SLM .......... TOTAL Result Count = 0 (0)
RULECHECK METAL2FILL.02.a ............ TOTAL Result Count = 0 (0)
RULECHECK METAL2FILL.10 .............. TOTAL Result Count = 0 (0)
RULECHECK METAL3FILL.01 .............. TOTAL Result Count = 0 (0)
RULECHECK METAL3FILL.01.a ............ TOTAL Result Count = 0 (0)
RULECHECK METAL3FILL.02 .............. TOTAL Result Count = 0 (0)
RULECHECK METAL3FILL.02.IND .......... TOTAL Result Count = 0 (0)
RULECHECK METAL3FILL.02.ME3 .......... TOTAL Result Count = 0 (0)
RULECHECK METAL3FILL.02.ME3.a ........ TOTAL Result Count = 0 (0)
RULECHECK METAL3FILL.02.MIM .......... TOTAL Result Count = 0 (0)
RULECHECK METAL3FILL.02.RF ........... TOTAL Result Count = 0 (0)
RULECHECK METAL3FILL.02.SLM .......... TOTAL Result Count = 0 (0)
RULECHECK METAL3FILL.02.a ............ TOTAL Result Count = 0 (0)
RULECHECK METAL3FILL.10 .............. TOTAL Result Count = 0 (0)
RULECHECK METAL4FILL.01 .............. TOTAL Result Count = 0 (0)
RULECHECK METAL4FILL.01.a ............ TOTAL Result Count = 0 (0)
RULECHECK METAL4FILL.02 .............. TOTAL Result Count = 0 (0)
RULECHECK METAL4FILL.02.IND .......... TOTAL Result Count = 0 (0)
RULECHECK METAL4FILL.02.ME4 .......... TOTAL Result Count = 0 (0)
RULECHECK METAL4FILL.02.ME4.a ........ TOTAL Result Count = 0 (0)
RULECHECK METAL4FILL.02.MIM .......... TOTAL Result Count = 0 (0)
RULECHECK METAL4FILL.02.RF ........... TOTAL Result Count = 0 (0)
RULECHECK METAL4FILL.02.SLM .......... TOTAL Result Count = 0 (0)
RULECHECK METAL4FILL.02.a ............ TOTAL Result Count = 0 (0)
RULECHECK METAL4FILL.10 .............. TOTAL Result Count = 0 (0)
RULECHECK METAL5FILL.01 .............. TOTAL Result Count = 0 (0)
RULECHECK METAL5FILL.01.a ............ TOTAL Result Count = 0 (0)
RULECHECK METAL5FILL.02 .............. TOTAL Result Count = 0 (0)
RULECHECK METAL5FILL.02.IND .......... TOTAL Result Count = 0 (0)
RULECHECK METAL5FILL.02.ME5 .......... TOTAL Result Count = 0 (0)
RULECHECK METAL5FILL.02.ME5.a ........ TOTAL Result Count = 0 (0)
RULECHECK METAL5FILL.02.MIM .......... TOTAL Result Count = 0 (0)
RULECHECK METAL5FILL.02.RF ........... TOTAL Result Count = 0 (0)
RULECHECK METAL5FILL.02.SLM .......... TOTAL Result Count = 0 (0)
RULECHECK METAL5FILL.02.a ............ TOTAL Result Count = 0 (0)
RULECHECK METAL5FILL.10 .............. TOTAL Result Count = 0 (0)
RULECHECK METALFFILL.01 .............. TOTAL Result Count = 0 (0)
RULECHECK METALFFILL.01.a ............ TOTAL Result Count = 0 (0)
RULECHECK METALFFILL.02 .............. TOTAL Result Count = 0 (0)
RULECHECK METALFFILL.02.ME1 .......... TOTAL Result Count = 0 (0)
RULECHECK METALFFILL.02.MEF.a ........ TOTAL Result Count = 0 (0)
RULECHECK METALFFILL.02.a ............ TOTAL Result Count = 0 (0)
RULECHECK METALFFILL.10 .............. TOTAL Result Count = 0 (0)
RULECHECK DIFFfill.POLYGfill.04 ...... TOTAL Result Count = 0 (0)
RULECHECK BSI.SLOTOX.A.01 ............ TOTAL Result Count = 0 (0)
----------------------------------------------------------------------------------
--- RULECHECK RESULTS STATISTICS (BY CELL)
---
CELL test_trim ............ TOTAL Result Count = 22 (22)
    RULECHECK VI3.01 ...... TOTAL Result Count = 2  (2)
    RULECHECK VI3.02 ...... TOTAL Result Count = 2  (2)
    RULECHECK ME1.01 ...... TOTAL Result Count = 1  (1)
    RULECHECK ME1.02.a .... TOTAL Result Count = 1  (1)
    RULECHECK ME1.02.b .... TOTAL Result Count = 1  (1)
    RULECHECK ME1.06 ...... TOTAL Result Count = 1  (1)
    RULECHECK VI3.05.ab ... TOTAL Result Count = 2  (2)
    RULECHECK VI3.10 ...... TOTAL Result Count = 2  (2)
    RULECHECK ME4.04.ab ... TOTAL Result Count = 2  (2)
    RULECHECK DIF.10 ...... TOTAL Result Count = 1  (1)
    RULECHECK POL.12 ...... TOTAL Result Count = 1  (1)
    RULECHECK ME2.11 ...... TOTAL Result Count = 1  (1)
    RULECHECK ME3.11 ...... TOTAL Result Count = 1  (1)
    RULECHECK ME4.11 ...... TOTAL Result Count = 1  (1)
    RULECHECK ME5.11 ...... TOTAL Result Count = 1  (1)
    RULECHECK MEF.11 ...... TOTAL Result Count = 1  (1)
    RULECHECK ME1.12 ...... TOTAL Result Count = 1  (1)
----------------------------------------------------------------------------------
--- SUMMARY
---
TOTAL CPU Time:                  0
TOTAL REAL Time:                 0
TOTAL Original Layer Geometries: 4 (4)
TOTAL DRC RuleChecks Executed:   856
TOTAL DRC Results Generated:     22 (22)
