[Simulation Monitor: 15]
[2026-09-01 06:47:33.881 Z] [PROCESS] [cadence.virtuoso.ade.simulationMonitor] - Simulation Monitor has successfully started up. Trying to set up communication channels to other components ... {"hostname": "edatools", "processid": 123064, "logfile": "/home/saul/projects/LF_BG/logs_saul/logs5/Job15.log"}
[2026-09-01 06:47:33.882 Z] [PROCESS] [cadence.virtuoso.ade.simulationMonitor] - Communication channels have been successfully set up. Start processing events ... {"hostname": "edatools", "processid": 123064, "logfile": "/home/saul/projects/LF_BG/logs_saul/logs5/Job15.log"}
[2026-09-01 06:47:33.882 Z] [PROCESS] [cadence.virtuoso.ade.simulationMonitor] - Considering to start history {"hostname": "edatools", "processid": 123064, "history": "Interactive.258", "logfile": "/home/saul/projects/LF_BG/logs_saul/logs5/Job15.log"}
[2026-09-01 06:47:33.883 Z] [PROCESS] [cadence.virtuoso.ade.simulationMonitor] - HostInfo:
Host name (type):	edatools (x86_64)
Operating system:	Linux 7.0.0-30-generic #30~24.04.1-Ubuntu SMP PREEMPT_DYNAMIC Fri Aug  7 13:27:52 UTC 2 {"hostname": "edatools", "processid": 123064, "history": "Interactive.258", "logfile": "/home/saul/projects/LF_BG/logs_saul/logs5/Job15.log", "nodename": "edatools", "domainname": "(none)", "machine": "x86_64", "sysname": "Linux", "release": "7.0.0-30-generic", "version": "#30~24.04.1-Ubuntu SMP PREEMPT_DYNAMIC Fri Aug  7 13:27:52 UTC 2"}
[2026-09-01 06:47:33.883 Z] [PROCESS] [cadence.virtuoso.ade.simulationMonitor] - UsageInfo:
pid=123064
totalPhysicalMemory=62.541851GB,Used=23.977108GB,totalVirtualMemory=70.541847GB,Used=23.977108GB
Cpu: Cores=16, Load average:0.320000,0.410000,0.470000 {"hostname": "edatools", "processid": 123064, "history": "Interactive.258", "logfile": "/home/saul/projects/LF_BG/logs_saul/logs5/Job15.log", "pid": "123064", "totalPhysicalMemory": "62.541851", "physicalMemoryUsed": "23.977108", "totalVirtualMemory": "70.541847", "virtualMemoryUsed": "23.977108", "cpuCores": "16", "processes": "2119", "loadAverage1": "0.320000", "loadAverage5": "0.410000", "loadAverage15": "0.470000", "loadAverage1Percent": "0.020000"}
[2026-09-01 06:47:33.883 Z] [EVENT] [cadence.virtuoso.ade.simulationMonitor] - NewPoint {"history": "Interactive.258", "point": 1, "testname": "OP", "cornername": "Nominal", "event": "NewPoint", "EventSource": "Simulation Monitor", "HistoryName": "Interactive.258", "logFile": "/home/saul/projects/LF_BG/logs_saul/logs5/Job15.log", "logFileSize": "2144"}
[2026-09-01 06:47:33.984 Z] [EVENT] [cadence.virtuoso.ade.simulationMonitor] - NewPoint {"history": "Interactive.258", "point": 1, "testname": "OP", "cornername": "Nominal", "event": "NewPoint", "EventSource": "spectre", "HistoryName": "Interactive.258", "logFile": "/home/saul/simulation/REF_GEN/REF_GEN_f_TB/maestro/results/maestro/Interactive.258/1/OP/psf/spectre.out", "logFileSize": "-1"}
[2026-09-01 06:47:33.995 Z] [PROCESS] [cadence.virtuoso.ade.simulationMonitor] - Simulator launched {"hostname": "edatools", "processid": 123064, "history": "Interactive.258", "testname": "OP", "cornername": "Nominal", "point": 1, "logfile": "/home/saul/projects/LF_BG/logs_saul/logs5/Job15.log", "simid": "1"}
[2026-09-01 06:47:33.997 Z] [PROCESS] [cadence.virtuoso.ade.simulationMonitor] - Expression evaluator launched {"hostname": "edatools", "processid": 123064, "history": "Interactive.258", "testname": "OP", "cornername": "Nominal", "point": 1, "logfile": "/home/saul/projects/LF_BG/logs_saul/logs5/Job15.log"}
[2026-09-01 06:47:34.030 Z] [PROCESS] [cadence.virtuoso.ade.simulationMonitor] - Started Simulation {"hostname": "edatools", "processid": 123064, "history": "Interactive.258", "testname": "OP", "cornername": "Nominal", "point": 1, "logfile": "/home/saul/projects/LF_BG/logs_saul/logs5/Job15.log", "event": "started", "task": "simulation"}
[2026-09-01 06:47:35.030 Z] [INFO] [cadence.virtuoso.ade.simulationMonitor] - Peak resident memory used = 170 Mbytes. {"history": "Interactive.258", "point": 1, "testname": "OP", "cornername": "Nominal"}
[2026-09-01 06:47:35.031 Z] [WARN] [cadence.virtuoso.ade.simulationMonitor] -     WARNING (VACOMP-1116): "/home/saul/projects/LF_BG/REF_GEN/REF_GEN_fL_2/veriloga/veriloga.va", line 240: Transition filter contains a continuous signal in the expression. Since a transition filter can only be applied to piecewise constant signals, redefine the expression to ensure that the transition filter applies only to a piecewise constant signal. {"history": "Interactive.258", "point": 1, "testname": "OP", "cornername": "Nominal"}
[2026-09-01 06:47:35.031 Z] [WARN] [cadence.virtuoso.ade.simulationMonitor] -     WARNING (VACOMP-1116): "/home/saul/projects/LF_BG/REF_GEN/REF_GEN_fL_2/veriloga/veriloga.va", line 241: Transition filter contains a continuous signal in the expression. Since a transition filter can only be applied to piecewise constant signals, redefine the expression to ensure that the transition filter applies only to a piecewise constant signal. {"history": "Interactive.258", "point": 1, "testname": "OP", "cornername": "Nominal"}
[2026-09-01 06:47:35.031 Z] [WARN] [cadence.virtuoso.ade.simulationMonitor] -     WARNING (VACOMP-1116): "/home/saul/projects/LF_BG/REF_GEN/REF_GEN_fL_2/veriloga/veriloga.va", line 242: Transition filter contains a continuous signal in the expression. Since a transition filter can only be applied to piecewise constant signals, redefine the expression to ensure that the transition filter applies only to a piecewise constant signal. {"history": "Interactive.258", "point": 1, "testname": "OP", "cornername": "Nominal"}
[2026-09-01 06:47:35.031 Z] [WARN] [cadence.virtuoso.ade.simulationMonitor] -     WARNING (VACOMP-1116): "/home/saul/projects/LF_BG/REF_GEN/REF_GEN_fL_2/veriloga/veriloga.va", line 243: Transition filter contains a continuous signal in the expression. Since a transition filter can only be applied to piecewise constant signals, redefine the expression to ensure that the transition filter applies only to a piecewise constant signal. {"history": "Interactive.258", "point": 1, "testname": "OP", "cornername": "Nominal"}
[2026-09-01 06:47:35.031 Z] [WARN] [cadence.virtuoso.ade.simulationMonitor] -     WARNING (VACOMP-1116): "/home/saul/projects/LF_BG/REF_GEN/REF_GEN_fL_2/veriloga/veriloga.va", line 248: Transition filter contains a continuous signal in the expression. Since a transition filter can only be applied to piecewise constant signals, redefine the expression to ensure that the transition filter applies only to a piecewise constant signal.
        Further occurrences of this warning will be suppressed. {"history": "Interactive.258", "point": 1, "testname": "OP", "cornername": "Nominal"}
[2026-09-01 06:47:36.032 Z] [INFO] [cadence.virtuoso.ade.simulationMonitor] - Peak resident memory used = 203 Mbytes. {"history": "Interactive.258", "point": 1, "testname": "OP", "cornername": "Nominal"}
[2026-09-01 06:47:36.032 Z] [INFO] [cadence.virtuoso.ade.simulationMonitor] - Notice from spectre during hierarchy flattening.
    The value 'psf' specified for the 'checklimitdest' option will no longer be supported in future releases. Use 'spectre -h' to see other recommended values for the 'checklimitdest' option. {"history": "Interactive.258", "point": 1, "testname": "OP", "cornername": "Nominal"}
[2026-09-01 06:47:36.032 Z] [WARN] [cadence.virtuoso.ade.simulationMonitor] -     WARNING (SPECTRE-16718): inlinesubcktcurrent option is set as `subckt', all the inline subckts will be treated as normal subckts when you access the current of their terminals. {"history": "Interactive.258", "point": 1, "testname": "OP", "cornername": "Nominal"}
[2026-09-01 06:47:36.032 Z] [WARN] [cadence.virtuoso.ade.simulationMonitor] -     WARNING (SPECTRE-8527): There are some nodes and instances removed from the netlist topology check. Check the circuit and correct the topology. Or use preserve_inst to keep them if necessary. {"history": "Interactive.258", "point": 1, "testname": "OP", "cornername": "Nominal"}
[2026-09-01 06:47:36.032 Z] [WARN] [cadence.virtuoso.ade.simulationMonitor] -     WARNING (SPECTRE-8529): Dangling instance. V9 is removed. {"history": "Interactive.258", "point": 1, "testname": "OP", "cornername": "Nominal"}
[2026-09-01 06:47:36.032 Z] [WARN] [cadence.virtuoso.ade.simulationMonitor] -     WARNING (SPECTRE-8530): Dangling node. net9 is removed. {"history": "Interactive.258", "point": 1, "testname": "OP", "cornername": "Nominal"}
[2026-09-01 06:47:36.032 Z] [INFO] [cadence.virtuoso.ade.simulationMonitor] - Peak resident memory used = 204 Mbytes. {"history": "Interactive.258", "point": 1, "testname": "OP", "cornername": "Nominal"}
[2026-09-01 06:47:36.032 Z] [INFO] [cadence.virtuoso.ade.simulationMonitor] - Notice from spectre during topology check.
    No DC path from node `VbgT' to ground, Gmin installed to provide path.
    No DC path from node `V1000' to ground, Gmin installed to provide path.
    No DC path from node `V550' to ground, Gmin installed to provide path. {"history": "Interactive.258", "point": 1, "testname": "OP", "cornername": "Nominal"}
[2026-09-01 06:47:36.032 Z] [INFO] [cadence.virtuoso.ade.simulationMonitor] - Notice from spectre during initial setup.
    Multithreading is disabled due to the size of the design being too small. {"history": "Interactive.258", "point": 1, "testname": "OP", "cornername": "Nominal"}
[2026-09-01 06:47:36.033 Z] [INFO] [cadence.virtuoso.ade.simulationMonitor] -               nodes 56 {"history": "Interactive.258", "point": 1, "testname": "OP", "cornername": "Nominal"}
[2026-09-01 06:47:36.033 Z] [INFO] [cadence.virtuoso.ade.simulationMonitor] - Notice from spectre during initial setup.
    Fast APS enabled.
    7 warnings suppressed. {"history": "Interactive.258", "point": 1, "testname": "OP", "cornername": "Nominal"}
[2026-09-01 06:47:36.033 Z] [INFO] [cadence.virtuoso.ade.simulationMonitor] - Peak resident memory used = 207 Mbytes. {"history": "Interactive.258", "point": 1, "testname": "OP", "cornername": "Nominal"}
[2026-09-01 06:47:36.033 Z] [INFO] [cadence.virtuoso.ade.simulationMonitor] -    -   (Fast APS) Multi-threading. The recommended number of threads is 1, consider adding +mt=1 on command line. {"history": "Interactive.258", "point": 1, "testname": "OP", "cornername": "Nominal"}
[2026-09-01 06:47:36.033 Z] [INFO] [cadence.virtuoso.ade.simulationMonitor] - Total time required for dc analysis `dcOp': CPU = 1.523 ms, elapsed = 5.77712 ms, util. = 26.4%. {"history": "Interactive.258", "point": 1, "testname": "OP", "cornername": "Nominal"}
[2026-09-01 06:47:36.033 Z] [INFO] [cadence.virtuoso.ade.simulationMonitor] - Peak resident memory used = 207 Mbytes. {"history": "Interactive.258", "point": 1, "testname": "OP", "cornername": "Nominal"}
[2026-09-01 06:47:36.033 Z] [INFO] [cadence.virtuoso.ade.simulationMonitor] - Time used: CPU = 253 ms, elapsed = 1.84 s, util. = 13.8%. {"history": "Interactive.258", "point": 1, "testname": "OP", "cornername": "Nominal"}
[2026-09-01 06:47:36.033 Z] [INFO] [cadence.virtuoso.ade.simulationMonitor] - Time spent in licensing: elapsed = 28.6 ms. {"history": "Interactive.258", "point": 1, "testname": "OP", "cornername": "Nominal"}
[2026-09-01 06:47:36.033 Z] [INFO] [cadence.virtuoso.ade.simulationMonitor] - Peak memory used = 207 Mbytes. {"history": "Interactive.258", "point": 1, "testname": "OP", "cornername": "Nominal"}
[2026-09-01 06:47:36.033 Z] [PROCESS] [cadence.virtuoso.ade.simulationMonitor] - Simulation started at: 6:47:34 AM, Tue Sep 1, 2026, ended at: 6:47:35 AM, Tue Sep 1, 2026, with elapsed time (wall clock): 1.84 s. {"history": "Interactive.258", "point": 1, "testname": "OP", "cornername": "Nominal"}
[2026-09-01 06:47:36.033 Z] [PROCESS] [cadence.virtuoso.ade.simulationMonitor] - spectre completes with 0 errors, 9 warnings, and 8 notices. {"history": "Interactive.258", "point": 1, "testname": "OP", "cornername": "Nominal"}
[2026-09-01 06:47:36.033 Z] [PROCESS] [cadence.virtuoso.ade.simulationMonitor] - Finished simulating for one point {"hostname": "edatools", "processid": 123064, "history": "Interactive.258", "testname": "OP", "cornername": "Nominal", "point": 1, "logfile": "/home/saul/projects/LF_BG/logs_saul/logs5/Job15.log", "simid": "1"}
[2026-09-01 06:47:36.033 Z] [PROCESS] [cadence.virtuoso.ade.simulationMonitor] - Simulator exited {"hostname": "edatools", "processid": 123064, "history": "Interactive.258", "testname": "OP", "cornername": "Nominal", "point": 1, "logfile": "/home/saul/projects/LF_BG/logs_saul/logs5/Job15.log", "exitStatus": "0"}
[2026-09-01 06:47:36.033 Z] [PROCESS] [cadence.virtuoso.ade.simulationMonitor] - Finished Simulation {"hostname": "edatools", "processid": 123064, "history": "Interactive.258", "testname": "OP", "cornername": "Nominal", "point": 1, "logfile": "/home/saul/projects/LF_BG/logs_saul/logs5/Job15.log", "simid": "1"}
[2026-09-01 06:47:37.040 Z] [PROCESS] [cadence.virtuoso.ade.simulationMonitor] - Point Finished {"hostname": "edatools", "processid": 123064, "history": "Interactive.258", "testname": "OP", "cornername": "Nominal", "point": 1, "logfile": "/home/saul/projects/LF_BG/logs_saul/logs5/Job15.log"}
[2026-09-01 06:51:14.806 Z] [PROCESS] [cadence.virtuoso.ade.simulationMonitor] - Started History {"hostname": "edatools", "processid": 123064, "history": "Interactive.259", "testname": "OP", "cornername": "Nominal", "point": 1, "logfile": "/home/saul/projects/LF_BG/logs_saul/logs5/Job15.log"}
[2026-09-01 06:51:14.807 Z] [PROCESS] [cadence.virtuoso.ade.simulationMonitor] - HostInfo:
Host name (type):	edatools (x86_64)
Operating system:	Linux 7.0.0-30-generic #30~24.04.1-Ubuntu SMP PREEMPT_DYNAMIC Fri Aug  7 13:27:52 UTC 2 {"hostname": "edatools", "processid": 123064, "history": "Interactive.259", "testname": "OP", "cornername": "Nominal", "point": 1, "logfile": "/home/saul/projects/LF_BG/logs_saul/logs5/Job15.log", "nodename": "edatools", "domainname": "(none)", "machine": "x86_64", "sysname": "Linux", "release": "7.0.0-30-generic", "version": "#30~24.04.1-Ubuntu SMP PREEMPT_DYNAMIC Fri Aug  7 13:27:52 UTC 2"}
[2026-09-01 06:51:14.807 Z] [PROCESS] [cadence.virtuoso.ade.simulationMonitor] - UsageInfo:
pid=123064
totalPhysicalMemory=62.541851GB,Used=24.034607GB,totalVirtualMemory=70.541847GB,Used=24.034607GB
Cpu: Cores=16, Load average:0.450000,0.340000,0.420000 {"hostname": "edatools", "processid": 123064, "history": "Interactive.259", "testname": "OP", "cornername": "Nominal", "point": 1, "logfile": "/home/saul/projects/LF_BG/logs_saul/logs5/Job15.log", "pid": "123064", "totalPhysicalMemory": "62.541851", "physicalMemoryUsed": "24.034607", "totalVirtualMemory": "70.541847", "virtualMemoryUsed": "24.034607", "cpuCores": "16", "processes": "2160", "loadAverage1": "0.450000", "loadAverage5": "0.340000", "loadAverage15": "0.420000", "loadAverage1Percent": "0.028125"}
[2026-09-01 06:51:14.808 Z] [EVENT] [cadence.virtuoso.ade.simulationMonitor] - NewPoint {"history": "Interactive.259", "point": 1, "testname": "OP", "cornername": "Nominal", "event": "NewPoint", "EventSource": "Simulation Monitor", "HistoryName": "Interactive.259", "logFile": "/home/saul/projects/LF_BG/logs_saul/logs5/Job15.log", "logFileSize": "14884"}
[2026-09-01 06:51:14.910 Z] [EVENT] [cadence.virtuoso.ade.simulationMonitor] - NewPoint {"history": "Interactive.259", "point": 1, "testname": "OP", "cornername": "Nominal", "event": "NewPoint", "EventSource": "spectre", "HistoryName": "Interactive.259", "logFile": "/home/saul/simulation/REF_GEN/REF_GEN_f_TB/maestro/results/maestro/Interactive.259/1/OP/psf/spectre.out", "logFileSize": "-1"}
[2026-09-01 06:51:14.928 Z] [PROCESS] [cadence.virtuoso.ade.simulationMonitor] - Simulator launched {"hostname": "edatools", "processid": 123064, "history": "Interactive.259", "testname": "OP", "cornername": "Nominal", "point": 1, "logfile": "/home/saul/projects/LF_BG/logs_saul/logs5/Job15.log", "simid": "2"}
[2026-09-01 06:51:14.929 Z] [PROCESS] [cadence.virtuoso.ade.simulationMonitor] - Expression evaluator launched {"hostname": "edatools", "processid": 123064, "history": "Interactive.259", "testname": "OP", "cornername": "Nominal", "point": 1, "logfile": "/home/saul/projects/LF_BG/logs_saul/logs5/Job15.log"}
[2026-09-01 06:51:14.957 Z] [PROCESS] [cadence.virtuoso.ade.simulationMonitor] - Started Simulation {"hostname": "edatools", "processid": 123064, "history": "Interactive.259", "testname": "OP", "cornername": "Nominal", "point": 1, "logfile": "/home/saul/projects/LF_BG/logs_saul/logs5/Job15.log", "event": "started", "task": "simulation"}
[2026-09-01 06:51:15.957 Z] [INFO] [cadence.virtuoso.ade.simulationMonitor] - Peak resident memory used = 170 Mbytes. {"history": "Interactive.259", "point": 1, "testname": "OP", "cornername": "Nominal"}
[2026-09-01 06:51:15.958 Z] [WARN] [cadence.virtuoso.ade.simulationMonitor] -     WARNING (VACOMP-1116): "/home/saul/projects/LF_BG/REF_GEN/REF_GEN_fL_2/veriloga/veriloga.va", line 240: Transition filter contains a continuous signal in the expression. Since a transition filter can only be applied to piecewise constant signals, redefine the expression to ensure that the transition filter applies only to a piecewise constant signal. {"history": "Interactive.259", "point": 1, "testname": "OP", "cornername": "Nominal"}
[2026-09-01 06:51:15.958 Z] [WARN] [cadence.virtuoso.ade.simulationMonitor] -     WARNING (VACOMP-1116): "/home/saul/projects/LF_BG/REF_GEN/REF_GEN_fL_2/veriloga/veriloga.va", line 241: Transition filter contains a continuous signal in the expression. Since a transition filter can only be applied to piecewise constant signals, redefine the expression to ensure that the transition filter applies only to a piecewise constant signal. {"history": "Interactive.259", "point": 1, "testname": "OP", "cornername": "Nominal"}
[2026-09-01 06:51:15.958 Z] [WARN] [cadence.virtuoso.ade.simulationMonitor] -     WARNING (VACOMP-1116): "/home/saul/projects/LF_BG/REF_GEN/REF_GEN_fL_2/veriloga/veriloga.va", line 242: Transition filter contains a continuous signal in the expression. Since a transition filter can only be applied to piecewise constant signals, redefine the expression to ensure that the transition filter applies only to a piecewise constant signal. {"history": "Interactive.259", "point": 1, "testname": "OP", "cornername": "Nominal"}
[2026-09-01 06:51:15.958 Z] [WARN] [cadence.virtuoso.ade.simulationMonitor] -     WARNING (VACOMP-1116): "/home/saul/projects/LF_BG/REF_GEN/REF_GEN_fL_2/veriloga/veriloga.va", line 243: Transition filter contains a continuous signal in the expression. Since a transition filter can only be applied to piecewise constant signals, redefine the expression to ensure that the transition filter applies only to a piecewise constant signal. {"history": "Interactive.259", "point": 1, "testname": "OP", "cornername": "Nominal"}
[2026-09-01 06:51:15.958 Z] [WARN] [cadence.virtuoso.ade.simulationMonitor] -     WARNING (VACOMP-1116): "/home/saul/projects/LF_BG/REF_GEN/REF_GEN_fL_2/veriloga/veriloga.va", line 248: Transition filter contains a continuous signal in the expression. Since a transition filter can only be applied to piecewise constant signals, redefine the expression to ensure that the transition filter applies only to a piecewise constant signal.
        Further occurrences of this warning will be suppressed. {"history": "Interactive.259", "point": 1, "testname": "OP", "cornername": "Nominal"}
[2026-09-01 06:51:16.959 Z] [INFO] [cadence.virtuoso.ade.simulationMonitor] - Peak resident memory used = 203 Mbytes. {"history": "Interactive.259", "point": 1, "testname": "OP", "cornername": "Nominal"}
[2026-09-01 06:51:16.959 Z] [INFO] [cadence.virtuoso.ade.simulationMonitor] - Notice from spectre during hierarchy flattening.
    The value 'psf' specified for the 'checklimitdest' option will no longer be supported in future releases. Use 'spectre -h' to see other recommended values for the 'checklimitdest' option. {"history": "Interactive.259", "point": 1, "testname": "OP", "cornername": "Nominal"}
[2026-09-01 06:51:16.959 Z] [WARN] [cadence.virtuoso.ade.simulationMonitor] -     WARNING (SPECTRE-16718): inlinesubcktcurrent option is set as `subckt', all the inline subckts will be treated as normal subckts when you access the current of their terminals. {"history": "Interactive.259", "point": 1, "testname": "OP", "cornername": "Nominal"}
[2026-09-01 06:51:16.959 Z] [WARN] [cadence.virtuoso.ade.simulationMonitor] -     WARNING (SPECTRE-8527): There are some nodes and instances removed from the netlist topology check. Check the circuit and correct the topology. Or use preserve_inst to keep them if necessary. {"history": "Interactive.259", "point": 1, "testname": "OP", "cornername": "Nominal"}
[2026-09-01 06:51:16.959 Z] [WARN] [cadence.virtuoso.ade.simulationMonitor] -     WARNING (SPECTRE-8529): Dangling instance. V9 is removed. {"history": "Interactive.259", "point": 1, "testname": "OP", "cornername": "Nominal"}
[2026-09-01 06:51:16.959 Z] [WARN] [cadence.virtuoso.ade.simulationMonitor] -     WARNING (SPECTRE-8530): Dangling node. net9 is removed. {"history": "Interactive.259", "point": 1, "testname": "OP", "cornername": "Nominal"}
[2026-09-01 06:51:16.959 Z] [INFO] [cadence.virtuoso.ade.simulationMonitor] - Peak resident memory used = 204 Mbytes. {"history": "Interactive.259", "point": 1, "testname": "OP", "cornername": "Nominal"}
[2026-09-01 06:51:16.959 Z] [INFO] [cadence.virtuoso.ade.simulationMonitor] - Notice from spectre during topology check.
    No DC path from node `VbgT' to ground, Gmin installed to provide path.
    No DC path from node `V1000' to ground, Gmin installed to provide path.
    No DC path from node `V550' to ground, Gmin installed to provide path. {"history": "Interactive.259", "point": 1, "testname": "OP", "cornername": "Nominal"}
[2026-09-01 06:51:16.959 Z] [INFO] [cadence.virtuoso.ade.simulationMonitor] - Notice from spectre during initial setup.
    Multithreading is disabled due to the size of the design being too small. {"history": "Interactive.259", "point": 1, "testname": "OP", "cornername": "Nominal"}
[2026-09-01 06:51:16.959 Z] [INFO] [cadence.virtuoso.ade.simulationMonitor] -               nodes 56 {"history": "Interactive.259", "point": 1, "testname": "OP", "cornername": "Nominal"}
[2026-09-01 06:51:16.959 Z] [INFO] [cadence.virtuoso.ade.simulationMonitor] - Notice from spectre during initial setup.
    Fast APS enabled.
    7 warnings suppressed. {"history": "Interactive.259", "point": 1, "testname": "OP", "cornername": "Nominal"}
[2026-09-01 06:51:16.959 Z] [INFO] [cadence.virtuoso.ade.simulationMonitor] - Peak resident memory used = 207 Mbytes. {"history": "Interactive.259", "point": 1, "testname": "OP", "cornername": "Nominal"}
[2026-09-01 06:51:16.960 Z] [INFO] [cadence.virtuoso.ade.simulationMonitor] -    -   (Fast APS) Multi-threading. The recommended number of threads is 1, consider adding +mt=1 on command line. {"history": "Interactive.259", "point": 1, "testname": "OP", "cornername": "Nominal"}
[2026-09-01 06:51:16.960 Z] [INFO] [cadence.virtuoso.ade.simulationMonitor] - Total time required for dc analysis `dcOp': CPU = 1.462 ms, elapsed = 7.69997 ms, util. = 19%. {"history": "Interactive.259", "point": 1, "testname": "OP", "cornername": "Nominal"}
[2026-09-01 06:51:16.960 Z] [INFO] [cadence.virtuoso.ade.simulationMonitor] - Peak resident memory used = 207 Mbytes. {"history": "Interactive.259", "point": 1, "testname": "OP", "cornername": "Nominal"}
[2026-09-01 06:51:16.960 Z] [INFO] [cadence.virtuoso.ade.simulationMonitor] - Time used: CPU = 251 ms, elapsed = 1.86 s, util. = 13.5%. {"history": "Interactive.259", "point": 1, "testname": "OP", "cornername": "Nominal"}
[2026-09-01 06:51:16.960 Z] [INFO] [cadence.virtuoso.ade.simulationMonitor] - Time spent in licensing: elapsed = 165 ms, percentage of total = 8.86%. {"history": "Interactive.259", "point": 1, "testname": "OP", "cornername": "Nominal"}
[2026-09-01 06:51:16.960 Z] [INFO] [cadence.virtuoso.ade.simulationMonitor] - Peak memory used = 207 Mbytes. {"history": "Interactive.259", "point": 1, "testname": "OP", "cornername": "Nominal"}
[2026-09-01 06:51:16.960 Z] [PROCESS] [cadence.virtuoso.ade.simulationMonitor] - Simulation started at: 6:51:15 AM, Tue Sep 1, 2026, ended at: 6:51:16 AM, Tue Sep 1, 2026, with elapsed time (wall clock): 1.86 s. {"history": "Interactive.259", "point": 1, "testname": "OP", "cornername": "Nominal"}
[2026-09-01 06:51:16.960 Z] [PROCESS] [cadence.virtuoso.ade.simulationMonitor] - spectre completes with 0 errors, 9 warnings, and 8 notices. {"history": "Interactive.259", "point": 1, "testname": "OP", "cornername": "Nominal"}
[2026-09-01 06:51:16.960 Z] [PROCESS] [cadence.virtuoso.ade.simulationMonitor] - Finished simulating for one point {"hostname": "edatools", "processid": 123064, "history": "Interactive.259", "testname": "OP", "cornername": "Nominal", "point": 1, "logfile": "/home/saul/projects/LF_BG/logs_saul/logs5/Job15.log", "simid": "2"}
[2026-09-01 06:51:16.960 Z] [PROCESS] [cadence.virtuoso.ade.simulationMonitor] - Simulator exited {"hostname": "edatools", "processid": 123064, "history": "Interactive.259", "testname": "OP", "cornername": "Nominal", "point": 1, "logfile": "/home/saul/projects/LF_BG/logs_saul/logs5/Job15.log", "exitStatus": "0"}
[2026-09-01 06:51:16.960 Z] [PROCESS] [cadence.virtuoso.ade.simulationMonitor] - Finished Simulation {"hostname": "edatools", "processid": 123064, "history": "Interactive.259", "testname": "OP", "cornername": "Nominal", "point": 1, "logfile": "/home/saul/projects/LF_BG/logs_saul/logs5/Job15.log", "simid": "2"}
[2026-09-01 06:51:17.967 Z] [PROCESS] [cadence.virtuoso.ade.simulationMonitor] - Point Finished {"hostname": "edatools", "processid": 123064, "history": "Interactive.259", "testname": "OP", "cornername": "Nominal", "point": 1, "logfile": "/home/saul/projects/LF_BG/logs_saul/logs5/Job15.log"}
[2026-09-01 06:52:16.462 Z] [PROCESS] [cadence.virtuoso.ade.simulationMonitor] - Started History {"hostname": "edatools", "processid": 123064, "history": "Interactive.260", "testname": "OP", "cornername": "Nominal", "point": 1, "logfile": "/home/saul/projects/LF_BG/logs_saul/logs5/Job15.log"}
[2026-09-01 06:52:16.462 Z] [PROCESS] [cadence.virtuoso.ade.simulationMonitor] - HostInfo:
Host name (type):	edatools (x86_64)
Operating system:	Linux 7.0.0-30-generic #30~24.04.1-Ubuntu SMP PREEMPT_DYNAMIC Fri Aug  7 13:27:52 UTC 2 {"hostname": "edatools", "processid": 123064, "history": "Interactive.260", "testname": "OP", "cornername": "Nominal", "point": 1, "logfile": "/home/saul/projects/LF_BG/logs_saul/logs5/Job15.log", "nodename": "edatools", "domainname": "(none)", "machine": "x86_64", "sysname": "Linux", "release": "7.0.0-30-generic", "version": "#30~24.04.1-Ubuntu SMP PREEMPT_DYNAMIC Fri Aug  7 13:27:52 UTC 2"}
[2026-09-01 06:52:16.463 Z] [PROCESS] [cadence.virtuoso.ade.simulationMonitor] - UsageInfo:
pid=123064
totalPhysicalMemory=62.541851GB,Used=24.033806GB,totalVirtualMemory=70.541847GB,Used=24.033806GB
Cpu: Cores=16, Load average:0.370000,0.350000,0.420000 {"hostname": "edatools", "processid": 123064, "history": "Interactive.260", "testname": "OP", "cornername": "Nominal", "point": 1, "logfile": "/home/saul/projects/LF_BG/logs_saul/logs5/Job15.log", "pid": "123064", "totalPhysicalMemory": "62.541851", "physicalMemoryUsed": "24.033806", "totalVirtualMemory": "70.541847", "virtualMemoryUsed": "24.033806", "cpuCores": "16", "processes": "2129", "loadAverage1": "0.370000", "loadAverage5": "0.350000", "loadAverage15": "0.420000", "loadAverage1Percent": "0.023125"}
[2026-09-01 06:52:16.464 Z] [EVENT] [cadence.virtuoso.ade.simulationMonitor] - NewPoint {"history": "Interactive.260", "point": 1, "testname": "OP", "cornername": "Nominal", "event": "NewPoint", "EventSource": "Simulation Monitor", "HistoryName": "Interactive.260", "logFile": "/home/saul/projects/LF_BG/logs_saul/logs5/Job15.log", "logFileSize": "27651"}
[2026-09-01 06:52:16.566 Z] [EVENT] [cadence.virtuoso.ade.simulationMonitor] - NewPoint {"history": "Interactive.260", "point": 1, "testname": "OP", "cornername": "Nominal", "event": "NewPoint", "EventSource": "spectre", "HistoryName": "Interactive.260", "logFile": "/home/saul/simulation/REF_GEN/REF_GEN_f_TB/maestro/results/maestro/Interactive.260/1/OP/psf/spectre.out", "logFileSize": "-1"}
[2026-09-01 06:52:16.583 Z] [PROCESS] [cadence.virtuoso.ade.simulationMonitor] - Simulator launched {"hostname": "edatools", "processid": 123064, "history": "Interactive.260", "testname": "OP", "cornername": "Nominal", "point": 1, "logfile": "/home/saul/projects/LF_BG/logs_saul/logs5/Job15.log", "simid": "3"}
[2026-09-01 06:52:16.586 Z] [PROCESS] [cadence.virtuoso.ade.simulationMonitor] - Expression evaluator launched {"hostname": "edatools", "processid": 123064, "history": "Interactive.260", "testname": "OP", "cornername": "Nominal", "point": 1, "logfile": "/home/saul/projects/LF_BG/logs_saul/logs5/Job15.log"}
[2026-09-01 06:52:16.606 Z] [PROCESS] [cadence.virtuoso.ade.simulationMonitor] - Started Simulation {"hostname": "edatools", "processid": 123064, "history": "Interactive.260", "testname": "OP", "cornername": "Nominal", "point": 1, "logfile": "/home/saul/projects/LF_BG/logs_saul/logs5/Job15.log", "event": "started", "task": "simulation"}
[2026-09-01 06:52:17.607 Z] [INFO] [cadence.virtuoso.ade.simulationMonitor] - Peak resident memory used = 170 Mbytes. {"history": "Interactive.260", "point": 1, "testname": "OP", "cornername": "Nominal"}
[2026-09-01 06:52:17.607 Z] [INFO] [cadence.virtuoso.ade.simulationMonitor] - Peak resident memory used = 179 Mbytes. {"history": "Interactive.260", "point": 1, "testname": "OP", "cornername": "Nominal"}
[2026-09-01 06:52:17.607 Z] [INFO] [cadence.virtuoso.ade.simulationMonitor] - Notice from spectre during hierarchy flattening.
    The value 'psf' specified for the 'checklimitdest' option will no longer be supported in future releases. Use 'spectre -h' to see other recommended values for the 'checklimitdest' option. {"history": "Interactive.260", "point": 1, "testname": "OP", "cornername": "Nominal"}
[2026-09-01 06:52:17.607 Z] [WARN] [cadence.virtuoso.ade.simulationMonitor] -     WARNING (SPECTRE-16718): inlinesubcktcurrent option is set as `subckt', all the inline subckts will be treated as normal subckts when you access the current of their terminals. {"history": "Interactive.260", "point": 1, "testname": "OP", "cornername": "Nominal"}
[2026-09-01 06:52:17.607 Z] [WARN] [cadence.virtuoso.ade.simulationMonitor] -     WARNING (SPECTRE-8527): There are some nodes and instances removed from the netlist topology check. Check the circuit and correct the topology. Or use preserve_inst to keep them if necessary. {"history": "Interactive.260", "point": 1, "testname": "OP", "cornername": "Nominal"}
[2026-09-01 06:52:17.607 Z] [WARN] [cadence.virtuoso.ade.simulationMonitor] -     WARNING (SPECTRE-8529): Dangling instance. V9 is removed. {"history": "Interactive.260", "point": 1, "testname": "OP", "cornername": "Nominal"}
[2026-09-01 06:52:17.607 Z] [WARN] [cadence.virtuoso.ade.simulationMonitor] -     WARNING (SPECTRE-8530): Dangling node. net9 is removed. {"history": "Interactive.260", "point": 1, "testname": "OP", "cornername": "Nominal"}
[2026-09-01 06:52:17.607 Z] [INFO] [cadence.virtuoso.ade.simulationMonitor] - Peak resident memory used = 181 Mbytes. {"history": "Interactive.260", "point": 1, "testname": "OP", "cornername": "Nominal"}
[2026-09-01 06:52:17.607 Z] [INFO] [cadence.virtuoso.ade.simulationMonitor] - Notice from spectre during topology check.
    No DC path from node `VbgT' to ground, Gmin installed to provide path.
    No DC path from node `V1000' to ground, Gmin installed to provide path.
    No DC path from node `V550' to ground, Gmin installed to provide path. {"history": "Interactive.260", "point": 1, "testname": "OP", "cornername": "Nominal"}
[2026-09-01 06:52:17.607 Z] [INFO] [cadence.virtuoso.ade.simulationMonitor] - Notice from spectre during initial setup.
    Multithreading is disabled due to the size of the design being too small. {"history": "Interactive.260", "point": 1, "testname": "OP", "cornername": "Nominal"}
[2026-09-01 06:52:17.607 Z] [INFO] [cadence.virtuoso.ade.simulationMonitor] -               nodes 56 {"history": "Interactive.260", "point": 1, "testname": "OP", "cornername": "Nominal"}
[2026-09-01 06:52:17.607 Z] [INFO] [cadence.virtuoso.ade.simulationMonitor] - Notice from spectre during initial setup.
    Fast APS enabled. {"history": "Interactive.260", "point": 1, "testname": "OP", "cornername": "Nominal"}
[2026-09-01 06:52:17.608 Z] [INFO] [cadence.virtuoso.ade.simulationMonitor] - Peak resident memory used = 184 Mbytes. {"history": "Interactive.260", "point": 1, "testname": "OP", "cornername": "Nominal"}
[2026-09-01 06:52:17.608 Z] [INFO] [cadence.virtuoso.ade.simulationMonitor] -    -   (Fast APS) Multi-threading. The recommended number of threads is 1, consider adding +mt=1 on command line. {"history": "Interactive.260", "point": 1, "testname": "OP", "cornername": "Nominal"}
[2026-09-01 06:52:17.608 Z] [INFO] [cadence.virtuoso.ade.simulationMonitor] - Total time required for dc analysis `dcOp': CPU = 1.543 ms, elapsed = 4.95982 ms, util. = 31.1%. {"history": "Interactive.260", "point": 1, "testname": "OP", "cornername": "Nominal"}
[2026-09-01 06:52:17.608 Z] [INFO] [cadence.virtuoso.ade.simulationMonitor] - Peak resident memory used = 187 Mbytes. {"history": "Interactive.260", "point": 1, "testname": "OP", "cornername": "Nominal"}
[2026-09-01 06:52:17.608 Z] [INFO] [cadence.virtuoso.ade.simulationMonitor] - Time used: CPU = 165 ms, elapsed = 541 ms, util. = 30.4%. {"history": "Interactive.260", "point": 1, "testname": "OP", "cornername": "Nominal"}
[2026-09-01 06:52:17.608 Z] [INFO] [cadence.virtuoso.ade.simulationMonitor] - Time spent in licensing: elapsed = 31 ms, percentage of total = 5.73%. {"history": "Interactive.260", "point": 1, "testname": "OP", "cornername": "Nominal"}
[2026-09-01 06:52:17.608 Z] [INFO] [cadence.virtuoso.ade.simulationMonitor] - Peak memory used = 189 Mbytes. {"history": "Interactive.260", "point": 1, "testname": "OP", "cornername": "Nominal"}
[2026-09-01 06:52:17.608 Z] [PROCESS] [cadence.virtuoso.ade.simulationMonitor] - Simulation started at: 6:52:16 AM, Tue Sep 1, 2026, ended at: 6:52:17 AM, Tue Sep 1, 2026, with elapsed time (wall clock): 541 ms. {"history": "Interactive.260", "point": 1, "testname": "OP", "cornername": "Nominal"}
[2026-09-01 06:52:17.608 Z] [PROCESS] [cadence.virtuoso.ade.simulationMonitor] - spectre completes with 0 errors, 4 warnings, and 7 notices. {"history": "Interactive.260", "point": 1, "testname": "OP", "cornername": "Nominal"}
[2026-09-01 06:52:17.608 Z] [PROCESS] [cadence.virtuoso.ade.simulationMonitor] - Finished simulating for one point {"hostname": "edatools", "processid": 123064, "history": "Interactive.260", "testname": "OP", "cornername": "Nominal", "point": 1, "logfile": "/home/saul/projects/LF_BG/logs_saul/logs5/Job15.log", "simid": "3"}
[2026-09-01 06:52:17.608 Z] [PROCESS] [cadence.virtuoso.ade.simulationMonitor] - Simulator exited {"hostname": "edatools", "processid": 123064, "history": "Interactive.260", "testname": "OP", "cornername": "Nominal", "point": 1, "logfile": "/home/saul/projects/LF_BG/logs_saul/logs5/Job15.log", "exitStatus": "0"}
[2026-09-01 06:52:17.608 Z] [PROCESS] [cadence.virtuoso.ade.simulationMonitor] - Finished Simulation {"hostname": "edatools", "processid": 123064, "history": "Interactive.260", "testname": "OP", "cornername": "Nominal", "point": 1, "logfile": "/home/saul/projects/LF_BG/logs_saul/logs5/Job15.log", "simid": "3"}
[2026-09-01 06:52:19.615 Z] [PROCESS] [cadence.virtuoso.ade.simulationMonitor] - Point Finished {"hostname": "edatools", "processid": 123064, "history": "Interactive.260", "testname": "OP", "cornername": "Nominal", "point": 1, "logfile": "/home/saul/projects/LF_BG/logs_saul/logs5/Job15.log"}
[2026-09-01 06:52:42.003 Z] [PROCESS] [cadence.virtuoso.ade.simulationMonitor] - Started History {"hostname": "edatools", "processid": 123064, "history": "Interactive.261", "testname": "OP", "cornername": "Nominal", "point": 1, "logfile": "/home/saul/projects/LF_BG/logs_saul/logs5/Job15.log"}
[2026-09-01 06:52:42.003 Z] [PROCESS] [cadence.virtuoso.ade.simulationMonitor] - HostInfo:
Host name (type):	edatools (x86_64)
Operating system:	Linux 7.0.0-30-generic #30~24.04.1-Ubuntu SMP PREEMPT_DYNAMIC Fri Aug  7 13:27:52 UTC 2 {"hostname": "edatools", "processid": 123064, "history": "Interactive.261", "testname": "OP", "cornername": "Nominal", "point": 1, "logfile": "/home/saul/projects/LF_BG/logs_saul/logs5/Job15.log", "nodename": "edatools", "domainname": "(none)", "machine": "x86_64", "sysname": "Linux", "release": "7.0.0-30-generic", "version": "#30~24.04.1-Ubuntu SMP PREEMPT_DYNAMIC Fri Aug  7 13:27:52 UTC 2"}
[2026-09-01 06:52:42.004 Z] [PROCESS] [cadence.virtuoso.ade.simulationMonitor] - UsageInfo:
pid=123064
totalPhysicalMemory=62.541851GB,Used=24.020390GB,totalVirtualMemory=70.541847GB,Used=24.020390GB
Cpu: Cores=16, Load average:0.300000,0.340000,0.420000 {"hostname": "edatools", "processid": 123064, "history": "Interactive.261", "testname": "OP", "cornername": "Nominal", "point": 1, "logfile": "/home/saul/projects/LF_BG/logs_saul/logs5/Job15.log", "pid": "123064", "totalPhysicalMemory": "62.541851", "physicalMemoryUsed": "24.020390", "totalVirtualMemory": "70.541847", "virtualMemoryUsed": "24.020390", "cpuCores": "16", "processes": "2122", "loadAverage1": "0.300000", "loadAverage5": "0.340000", "loadAverage15": "0.420000", "loadAverage1Percent": "0.018750"}
[2026-09-01 06:52:42.005 Z] [EVENT] [cadence.virtuoso.ade.simulationMonitor] - NewPoint {"history": "Interactive.261", "point": 1, "testname": "OP", "cornername": "Nominal", "event": "NewPoint", "EventSource": "Simulation Monitor", "HistoryName": "Interactive.261", "logFile": "/home/saul/projects/LF_BG/logs_saul/logs5/Job15.log", "logFileSize": "37723"}
[2026-09-01 06:52:42.107 Z] [EVENT] [cadence.virtuoso.ade.simulationMonitor] - NewPoint {"history": "Interactive.261", "point": 1, "testname": "OP", "cornername": "Nominal", "event": "NewPoint", "EventSource": "spectre", "HistoryName": "Interactive.261", "logFile": "/home/saul/simulation/REF_GEN/REF_GEN_f_TB/maestro/results/maestro/Interactive.261/1/OP/psf/spectre.out", "logFileSize": "-1"}
[2026-09-01 06:52:42.120 Z] [PROCESS] [cadence.virtuoso.ade.simulationMonitor] - Simulator launched {"hostname": "edatools", "processid": 123064, "history": "Interactive.261", "testname": "OP", "cornername": "Nominal", "point": 1, "logfile": "/home/saul/projects/LF_BG/logs_saul/logs5/Job15.log", "simid": "4"}
[2026-09-01 06:52:42.123 Z] [PROCESS] [cadence.virtuoso.ade.simulationMonitor] - Expression evaluator launched {"hostname": "edatools", "processid": 123064, "history": "Interactive.261", "testname": "OP", "cornername": "Nominal", "point": 1, "logfile": "/home/saul/projects/LF_BG/logs_saul/logs5/Job15.log"}
[2026-09-01 06:52:42.153 Z] [PROCESS] [cadence.virtuoso.ade.simulationMonitor] - Started Simulation {"hostname": "edatools", "processid": 123064, "history": "Interactive.261", "testname": "OP", "cornername": "Nominal", "point": 1, "logfile": "/home/saul/projects/LF_BG/logs_saul/logs5/Job15.log", "event": "started", "task": "simulation"}
[2026-09-01 06:52:43.154 Z] [INFO] [cadence.virtuoso.ade.simulationMonitor] - Peak resident memory used = 170 Mbytes. {"history": "Interactive.261", "point": 1, "testname": "OP", "cornername": "Nominal"}
[2026-09-01 06:52:44.154 Z] [INFO] [cadence.virtuoso.ade.simulationMonitor] - Peak resident memory used = 184 Mbytes. {"history": "Interactive.261", "point": 1, "testname": "OP", "cornername": "Nominal"}
[2026-09-01 06:52:44.155 Z] [INFO] [cadence.virtuoso.ade.simulationMonitor] - Notice from spectre during hierarchy flattening.
    The value 'psf' specified for the 'checklimitdest' option will no longer be supported in future releases. Use 'spectre -h' to see other recommended values for the 'checklimitdest' option. {"history": "Interactive.261", "point": 1, "testname": "OP", "cornername": "Nominal"}
[2026-09-01 06:52:44.155 Z] [WARN] [cadence.virtuoso.ade.simulationMonitor] -     WARNING (SPECTRE-16718): inlinesubcktcurrent option is set as `subckt', all the inline subckts will be treated as normal subckts when you access the current of their terminals. {"history": "Interactive.261", "point": 1, "testname": "OP", "cornername": "Nominal"}
[2026-09-01 06:52:44.155 Z] [WARN] [cadence.virtuoso.ade.simulationMonitor] -     WARNING (SPECTRE-8527): There are some nodes and instances removed from the netlist topology check. Check the circuit and correct the topology. Or use preserve_inst to keep them if necessary. {"history": "Interactive.261", "point": 1, "testname": "OP", "cornername": "Nominal"}
[2026-09-01 06:52:44.155 Z] [WARN] [cadence.virtuoso.ade.simulationMonitor] -     WARNING (SPECTRE-8529): Dangling instance. V9 is removed. {"history": "Interactive.261", "point": 1, "testname": "OP", "cornername": "Nominal"}
[2026-09-01 06:52:44.155 Z] [WARN] [cadence.virtuoso.ade.simulationMonitor] -     WARNING (SPECTRE-8530): Dangling node. net9 is removed. {"history": "Interactive.261", "point": 1, "testname": "OP", "cornername": "Nominal"}
[2026-09-01 06:52:44.155 Z] [INFO] [cadence.virtuoso.ade.simulationMonitor] - Peak resident memory used = 186 Mbytes. {"history": "Interactive.261", "point": 1, "testname": "OP", "cornername": "Nominal"}
[2026-09-01 06:52:44.155 Z] [INFO] [cadence.virtuoso.ade.simulationMonitor] - Notice from spectre during topology check.
    No DC path from node `VbgT' to ground, Gmin installed to provide path.
    No DC path from node `V1000' to ground, Gmin installed to provide path.
    No DC path from node `V550' to ground, Gmin installed to provide path. {"history": "Interactive.261", "point": 1, "testname": "OP", "cornername": "Nominal"}
[2026-09-01 06:52:44.155 Z] [INFO] [cadence.virtuoso.ade.simulationMonitor] - Notice from spectre during initial setup.
    Multithreading is disabled due to the size of the design being too small. {"history": "Interactive.261", "point": 1, "testname": "OP", "cornername": "Nominal"}
[2026-09-01 06:52:44.156 Z] [INFO] [cadence.virtuoso.ade.simulationMonitor] -               nodes 56 {"history": "Interactive.261", "point": 1, "testname": "OP", "cornername": "Nominal"}
[2026-09-01 06:52:44.156 Z] [INFO] [cadence.virtuoso.ade.simulationMonitor] - Notice from spectre during initial setup.
    Fast APS enabled. {"history": "Interactive.261", "point": 1, "testname": "OP", "cornername": "Nominal"}
[2026-09-01 06:52:44.156 Z] [INFO] [cadence.virtuoso.ade.simulationMonitor] - Peak resident memory used = 189 Mbytes. {"history": "Interactive.261", "point": 1, "testname": "OP", "cornername": "Nominal"}
[2026-09-01 06:52:44.156 Z] [INFO] [cadence.virtuoso.ade.simulationMonitor] -    -   (Fast APS) Multi-threading. The recommended number of threads is 1, consider adding +mt=1 on command line. {"history": "Interactive.261", "point": 1, "testname": "OP", "cornername": "Nominal"}
[2026-09-01 06:52:44.156 Z] [INFO] [cadence.virtuoso.ade.simulationMonitor] - Total time required for dc analysis `dcOp': CPU = 1.546 ms, elapsed = 5.39494 ms, util. = 28.7%. {"history": "Interactive.261", "point": 1, "testname": "OP", "cornername": "Nominal"}
[2026-09-01 06:52:44.156 Z] [INFO] [cadence.virtuoso.ade.simulationMonitor] - Peak resident memory used = 190 Mbytes. {"history": "Interactive.261", "point": 1, "testname": "OP", "cornername": "Nominal"}
[2026-09-01 06:52:44.657 Z] [INFO] [cadence.virtuoso.ade.simulationMonitor] - Time used: CPU = 187 ms, elapsed = 1.94 s, util. = 9.64%. {"history": "Interactive.261", "point": 1, "testname": "OP", "cornername": "Nominal"}
[2026-09-01 06:52:44.658 Z] [INFO] [cadence.virtuoso.ade.simulationMonitor] - Time spent in licensing: elapsed = 43.3 ms. {"history": "Interactive.261", "point": 1, "testname": "OP", "cornername": "Nominal"}
[2026-09-01 06:52:44.658 Z] [INFO] [cadence.virtuoso.ade.simulationMonitor] - Peak memory used = 191 Mbytes. {"history": "Interactive.261", "point": 1, "testname": "OP", "cornername": "Nominal"}
[2026-09-01 06:52:44.659 Z] [PROCESS] [cadence.virtuoso.ade.simulationMonitor] - Simulation started at: 6:52:42 AM, Tue Sep 1, 2026, ended at: 6:52:44 AM, Tue Sep 1, 2026, with elapsed time (wall clock): 1.94 s. {"history": "Interactive.261", "point": 1, "testname": "OP", "cornername": "Nominal"}
[2026-09-01 06:52:44.659 Z] [PROCESS] [cadence.virtuoso.ade.simulationMonitor] - spectre completes with 0 errors, 4 warnings, and 7 notices. {"history": "Interactive.261", "point": 1, "testname": "OP", "cornername": "Nominal"}
[2026-09-01 06:52:44.660 Z] [PROCESS] [cadence.virtuoso.ade.simulationMonitor] - Finished simulating for one point {"hostname": "edatools", "processid": 123064, "history": "Interactive.261", "testname": "OP", "cornername": "Nominal", "point": 1, "logfile": "/home/saul/projects/LF_BG/logs_saul/logs5/Job15.log", "simid": "4"}
[2026-09-01 06:52:44.660 Z] [PROCESS] [cadence.virtuoso.ade.simulationMonitor] - Simulator exited {"hostname": "edatools", "processid": 123064, "history": "Interactive.261", "testname": "OP", "cornername": "Nominal", "point": 1, "logfile": "/home/saul/projects/LF_BG/logs_saul/logs5/Job15.log", "exitStatus": "0"}
[2026-09-01 06:52:44.661 Z] [PROCESS] [cadence.virtuoso.ade.simulationMonitor] - Finished Simulation {"hostname": "edatools", "processid": 123064, "history": "Interactive.261", "testname": "OP", "cornername": "Nominal", "point": 1, "logfile": "/home/saul/projects/LF_BG/logs_saul/logs5/Job15.log", "simid": "4"}
[2026-09-01 06:52:45.681 Z] [PROCESS] [cadence.virtuoso.ade.simulationMonitor] - Point Finished {"hostname": "edatools", "processid": 123064, "history": "Interactive.261", "testname": "OP", "cornername": "Nominal", "point": 1, "logfile": "/home/saul/projects/LF_BG/logs_saul/logs5/Job15.log"}
[2026-09-01 06:57:46.345 Z] [PROCESS] [cadence.virtuoso.ade.simulationMonitor] - Current memory used: 52.9219 MBytes, peak memory used: 52.9219 MBytes {"hostname": "edatools", "processid": 123064, "history": "Interactive.261", "testname": "OP", "cornername": "Nominal", "point": 1, "logfile": "/home/saul/projects/LF_BG/logs_saul/logs5/Job15.log"}
[2026-09-01 06:57:46.346 Z] [PROCESS] [cadence.virtuoso.ade.simulationMonitor] - Simulation Monitor process exit. {"hostname": "edatools", "processid": 123064, "history": "Interactive.261", "testname": "OP", "cornername": "Nominal", "point": 1, "logfile": "/home/saul/projects/LF_BG/logs_saul/logs5/Job15.log"}
