[Simulation Monitor: 10]
[2026-09-01 05:27:14.561 Z] [PROCESS] [cadence.virtuoso.ade.simulationMonitor] - Simulation Monitor has successfully started up. Trying to set up communication channels to other components ... {"hostname": "edatools", "processid": 103902, "logfile": "/home/saul/projects/LF_BG/logs_saul/logs5/Job10.log"}
[2026-09-01 05:27:14.561 Z] [PROCESS] [cadence.virtuoso.ade.simulationMonitor] - Communication channels have been successfully set up. Start processing events ... {"hostname": "edatools", "processid": 103902, "logfile": "/home/saul/projects/LF_BG/logs_saul/logs5/Job10.log"}
[2026-09-01 05:27:14.562 Z] [PROCESS] [cadence.virtuoso.ade.simulationMonitor] - Considering to start history {"hostname": "edatools", "processid": 103902, "history": "Interactive.235", "logfile": "/home/saul/projects/LF_BG/logs_saul/logs5/Job10.log"}
[2026-09-01 05:27:14.563 Z] [PROCESS] [cadence.virtuoso.ade.simulationMonitor] - HostInfo:
Host name (type):	edatools (x86_64)
Operating system:	Linux 7.0.0-30-generic #30~24.04.1-Ubuntu SMP PREEMPT_DYNAMIC Fri Aug  7 13:27:52 UTC 2 {"hostname": "edatools", "processid": 103902, "history": "Interactive.235", "logfile": "/home/saul/projects/LF_BG/logs_saul/logs5/Job10.log", "nodename": "edatools", "domainname": "(none)", "machine": "x86_64", "sysname": "Linux", "release": "7.0.0-30-generic", "version": "#30~24.04.1-Ubuntu SMP PREEMPT_DYNAMIC Fri Aug  7 13:27:52 UTC 2"}
[2026-09-01 05:27:14.563 Z] [PROCESS] [cadence.virtuoso.ade.simulationMonitor] - UsageInfo:
pid=103902
totalPhysicalMemory=62.541851GB,Used=21.672108GB,totalVirtualMemory=70.541847GB,Used=21.672108GB
Cpu: Cores=16, Load average:0.500000,0.280000,0.190000 {"hostname": "edatools", "processid": 103902, "history": "Interactive.235", "logfile": "/home/saul/projects/LF_BG/logs_saul/logs5/Job10.log", "pid": "103902", "totalPhysicalMemory": "62.541851", "physicalMemoryUsed": "21.672108", "totalVirtualMemory": "70.541847", "virtualMemoryUsed": "21.672108", "cpuCores": "16", "processes": "1991", "loadAverage1": "0.500000", "loadAverage5": "0.280000", "loadAverage15": "0.190000", "loadAverage1Percent": "0.031250"}
[2026-09-01 05:27:14.563 Z] [EVENT] [cadence.virtuoso.ade.simulationMonitor] - NewPoint {"history": "Interactive.235", "point": 1, "testname": "TRAN", "cornername": "Nominal", "event": "NewPoint", "EventSource": "Simulation Monitor", "HistoryName": "Interactive.235", "logFile": "/home/saul/projects/LF_BG/logs_saul/logs5/Job10.log", "logFileSize": "2144"}
[2026-09-01 05:27:14.664 Z] [EVENT] [cadence.virtuoso.ade.simulationMonitor] - NewPoint {"history": "Interactive.235", "point": 1, "testname": "TRAN", "cornername": "Nominal", "event": "NewPoint", "EventSource": "spectre", "HistoryName": "Interactive.235", "logFile": "/home/saul/simulation/REF_GEN/REF_GEN_f_TB/maestro/results/maestro/Interactive.235/1/TRAN/psf/spectre.out", "logFileSize": "-1"}
[2026-09-01 05:27:14.683 Z] [PROCESS] [cadence.virtuoso.ade.simulationMonitor] - Simulator launched {"hostname": "edatools", "processid": 103902, "history": "Interactive.235", "testname": "TRAN", "cornername": "Nominal", "point": 1, "logfile": "/home/saul/projects/LF_BG/logs_saul/logs5/Job10.log", "simid": "1"}
[2026-09-01 05:27:14.687 Z] [PROCESS] [cadence.virtuoso.ade.simulationMonitor] - Expression evaluator launched {"hostname": "edatools", "processid": 103902, "history": "Interactive.235", "testname": "TRAN", "cornername": "Nominal", "point": 1, "logfile": "/home/saul/projects/LF_BG/logs_saul/logs5/Job10.log"}
[2026-09-01 05:27:14.718 Z] [PROCESS] [cadence.virtuoso.ade.simulationMonitor] - Started Simulation {"hostname": "edatools", "processid": 103902, "history": "Interactive.235", "testname": "TRAN", "cornername": "Nominal", "point": 1, "logfile": "/home/saul/projects/LF_BG/logs_saul/logs5/Job10.log", "event": "started", "task": "simulation"}
[2026-09-01 05:27:15.719 Z] [INFO] [cadence.virtuoso.ade.simulationMonitor] - Peak resident memory used = 169 Mbytes. {"history": "Interactive.235", "point": 1, "testname": "TRAN", "cornername": "Nominal"}
[2026-09-01 05:27:16.719 Z] [INFO] [cadence.virtuoso.ade.simulationMonitor] - Notice from spectre during hierarchy flattening.
    Parasitic optimization will filter out parasitic nodes, nodes only connected to RCs, by default. To view individual parasitic nodes use individual save statements (i.e. save out), or use the 'savefilter=none' option to save all parasitic nodes. Saving all parasitic nodes may slow down simulation and create large waveform files. {"history": "Interactive.235", "point": 1, "testname": "TRAN", "cornername": "Nominal"}
[2026-09-01 05:27:16.720 Z] [INFO] [cadence.virtuoso.ade.simulationMonitor] - Peak resident memory used = 196 Mbytes. {"history": "Interactive.235", "point": 1, "testname": "TRAN", "cornername": "Nominal"}
[2026-09-01 05:27:16.720 Z] [INFO] [cadence.virtuoso.ade.simulationMonitor] - Notice from spectre during hierarchy flattening.
    The value 'psf' specified for the 'checklimitdest' option will no longer be supported in future releases. Use 'spectre -h' to see other recommended values for the 'checklimitdest' option. {"history": "Interactive.235", "point": 1, "testname": "TRAN", "cornername": "Nominal"}
[2026-09-01 05:27:16.720 Z] [WARN] [cadence.virtuoso.ade.simulationMonitor] -     WARNING (SPECTRE-16718): inlinesubcktcurrent option is set as `subckt', all the inline subckts will be treated as normal subckts when you access the current of their terminals. {"history": "Interactive.235", "point": 1, "testname": "TRAN", "cornername": "Nominal"}
[2026-09-01 05:27:16.720 Z] [WARN] [cadence.virtuoso.ade.simulationMonitor] -     WARNING (SPECTRE-8527): There are some nodes and instances removed from the netlist topology check. Check the circuit and correct the topology. Or use preserve_inst to keep them if necessary. {"history": "Interactive.235", "point": 1, "testname": "TRAN", "cornername": "Nominal"}
[2026-09-01 05:27:16.720 Z] [WARN] [cadence.virtuoso.ade.simulationMonitor] -     WARNING (SPECTRE-8529): Dangling instance. V9 is removed. {"history": "Interactive.235", "point": 1, "testname": "TRAN", "cornername": "Nominal"}
[2026-09-01 05:27:16.720 Z] [WARN] [cadence.virtuoso.ade.simulationMonitor] -     WARNING (SPECTRE-8530): Dangling node. net9 is removed. {"history": "Interactive.235", "point": 1, "testname": "TRAN", "cornername": "Nominal"}
[2026-09-01 05:27:16.720 Z] [INFO] [cadence.virtuoso.ade.simulationMonitor] - Peak resident memory used = 197 Mbytes. {"history": "Interactive.235", "point": 1, "testname": "TRAN", "cornername": "Nominal"}
[2026-09-01 05:27:16.720 Z] [INFO] [cadence.virtuoso.ade.simulationMonitor] - Notice from spectre during topology check.
    No DC path from node `VbgT' to ground, Gmin installed to provide path.
    No DC path from node `V1000' to ground, Gmin installed to provide path.
    No DC path from node `V550' to ground, Gmin installed to provide path.
    No DC path from node `LVDS' to ground, Gmin installed to provide path.
    No DC path from node `LDO' to ground, Gmin installed to provide path.
        Further occurrences of this notice will be suppressed. {"history": "Interactive.235", "point": 1, "testname": "TRAN", "cornername": "Nominal"}
[2026-09-01 05:27:16.720 Z] [INFO] [cadence.virtuoso.ade.simulationMonitor] - Notice from spectre during initial setup.
    Number of thread was limited to 1 because of small circuit size. {"history": "Interactive.235", "point": 1, "testname": "TRAN", "cornername": "Nominal"}
[2026-09-01 05:27:16.721 Z] [INFO] [cadence.virtuoso.ade.simulationMonitor] -               nodes 56 {"history": "Interactive.235", "point": 1, "testname": "TRAN", "cornername": "Nominal"}
[2026-09-01 05:27:16.721 Z] [INFO] [cadence.virtuoso.ade.simulationMonitor] - Notice from spectre during initial setup.
    Parasitics reduction enabled. 
         (Resistors reduced by 0.00%  Capacitors reduced by 0.00%, 0.00% of capacitors are coupled after RC reduction).  {"history": "Interactive.235", "point": 1, "testname": "TRAN", "cornername": "Nominal"}
[2026-09-01 05:27:16.721 Z] [INFO] [cadence.virtuoso.ade.simulationMonitor] - Notice from spectre during initial setup.
    1 vsources are shorted because their absolute value is less than or equal to 'vabsshort'.
    Fast APS enabled. {"history": "Interactive.235", "point": 1, "testname": "TRAN", "cornername": "Nominal"}
[2026-09-01 05:27:16.721 Z] [INFO] [cadence.virtuoso.ade.simulationMonitor] - Peak resident memory used = 203 Mbytes. {"history": "Interactive.235", "point": 1, "testname": "TRAN", "cornername": "Nominal"}
[2026-09-01 05:27:16.721 Z] [INFO] [cadence.virtuoso.ade.simulationMonitor] -    -   (Fast APS) Multi-threading. The recommended number of threads is 1, consider adding +mt=1 on command line. {"history": "Interactive.235", "point": 1, "testname": "TRAN", "cornername": "Nominal"}
[2026-09-01 05:27:16.721 Z] [INFO] [cadence.virtuoso.ade.simulationMonitor] - Total time required for dc analysis `dcOp': CPU = 1.715 ms, elapsed = 5.80812 ms, util. = 29.5%. {"history": "Interactive.235", "point": 1, "testname": "TRAN", "cornername": "Nominal"}
[2026-09-01 05:27:16.721 Z] [INFO] [cadence.virtuoso.ade.simulationMonitor] - Peak resident memory used = 203 Mbytes. {"history": "Interactive.235", "point": 1, "testname": "TRAN", "cornername": "Nominal"}
[2026-09-01 05:27:16.721 Z] [INFO] [cadence.virtuoso.ade.simulationMonitor] - Total time required for tran analysis `tran': CPU = 49.9 ms, elapsed = 54.085 ms, util. = 92.3%. {"history": "Interactive.235", "point": 1, "testname": "TRAN", "cornername": "Nominal"}
[2026-09-01 05:27:16.721 Z] [INFO] [cadence.virtuoso.ade.simulationMonitor] - Peak resident memory used = 203 Mbytes. {"history": "Interactive.235", "point": 1, "testname": "TRAN", "cornername": "Nominal"}
[2026-09-01 05:27:16.721 Z] [INFO] [cadence.virtuoso.ade.simulationMonitor] - Time used: CPU = 279 ms, elapsed = 1.64 s, util. = 17%. {"history": "Interactive.235", "point": 1, "testname": "TRAN", "cornername": "Nominal"}
[2026-09-01 05:27:16.721 Z] [INFO] [cadence.virtuoso.ade.simulationMonitor] - Time spent in licensing: elapsed = 23.8 ms. {"history": "Interactive.235", "point": 1, "testname": "TRAN", "cornername": "Nominal"}
[2026-09-01 05:27:16.721 Z] [INFO] [cadence.virtuoso.ade.simulationMonitor] - Peak memory used = 203 Mbytes. {"history": "Interactive.235", "point": 1, "testname": "TRAN", "cornername": "Nominal"}
[2026-09-01 05:27:16.721 Z] [PROCESS] [cadence.virtuoso.ade.simulationMonitor] - Simulation started at: 5:27:14 AM, Tue Sep 1, 2026, ended at: 5:27:16 AM, Tue Sep 1, 2026, with elapsed time (wall clock): 1.64 s. {"history": "Interactive.235", "point": 1, "testname": "TRAN", "cornername": "Nominal"}
[2026-09-01 05:27:16.721 Z] [PROCESS] [cadence.virtuoso.ade.simulationMonitor] - spectre completes with 0 errors, 4 warnings, and 12 notices. {"history": "Interactive.235", "point": 1, "testname": "TRAN", "cornername": "Nominal"}
[2026-09-01 05:27:16.721 Z] [PROCESS] [cadence.virtuoso.ade.simulationMonitor] - Finished simulating for one point {"hostname": "edatools", "processid": 103902, "history": "Interactive.235", "testname": "TRAN", "cornername": "Nominal", "point": 1, "logfile": "/home/saul/projects/LF_BG/logs_saul/logs5/Job10.log", "simid": "1"}
[2026-09-01 05:27:16.721 Z] [PROCESS] [cadence.virtuoso.ade.simulationMonitor] - Simulator exited {"hostname": "edatools", "processid": 103902, "history": "Interactive.235", "testname": "TRAN", "cornername": "Nominal", "point": 1, "logfile": "/home/saul/projects/LF_BG/logs_saul/logs5/Job10.log", "exitStatus": "0"}
[2026-09-01 05:27:16.722 Z] [PROCESS] [cadence.virtuoso.ade.simulationMonitor] - Finished Simulation {"hostname": "edatools", "processid": 103902, "history": "Interactive.235", "testname": "TRAN", "cornername": "Nominal", "point": 1, "logfile": "/home/saul/projects/LF_BG/logs_saul/logs5/Job10.log", "simid": "1"}
[2026-09-01 05:27:17.728 Z] [PROCESS] [cadence.virtuoso.ade.simulationMonitor] - Point Finished {"hostname": "edatools", "processid": 103902, "history": "Interactive.235", "testname": "TRAN", "cornername": "Nominal", "point": 1, "logfile": "/home/saul/projects/LF_BG/logs_saul/logs5/Job10.log"}
[2026-09-01 05:29:27.450 Z] [PROCESS] [cadence.virtuoso.ade.simulationMonitor] - Started History {"hostname": "edatools", "processid": 103902, "history": "Interactive.236", "testname": "TRAN", "cornername": "Nominal", "point": 1, "logfile": "/home/saul/projects/LF_BG/logs_saul/logs5/Job10.log"}
[2026-09-01 05:29:27.451 Z] [PROCESS] [cadence.virtuoso.ade.simulationMonitor] - HostInfo:
Host name (type):	edatools (x86_64)
Operating system:	Linux 7.0.0-30-generic #30~24.04.1-Ubuntu SMP PREEMPT_DYNAMIC Fri Aug  7 13:27:52 UTC 2 {"hostname": "edatools", "processid": 103902, "history": "Interactive.236", "testname": "TRAN", "cornername": "Nominal", "point": 1, "logfile": "/home/saul/projects/LF_BG/logs_saul/logs5/Job10.log", "nodename": "edatools", "domainname": "(none)", "machine": "x86_64", "sysname": "Linux", "release": "7.0.0-30-generic", "version": "#30~24.04.1-Ubuntu SMP PREEMPT_DYNAMIC Fri Aug  7 13:27:52 UTC 2"}
[2026-09-01 05:29:27.451 Z] [PROCESS] [cadence.virtuoso.ade.simulationMonitor] - UsageInfo:
pid=103902
totalPhysicalMemory=62.541851GB,Used=21.717499GB,totalVirtualMemory=70.541847GB,Used=21.717499GB
Cpu: Cores=16, Load average:0.270000,0.250000,0.180000 {"hostname": "edatools", "processid": 103902, "history": "Interactive.236", "testname": "TRAN", "cornername": "Nominal", "point": 1, "logfile": "/home/saul/projects/LF_BG/logs_saul/logs5/Job10.log", "pid": "103902", "totalPhysicalMemory": "62.541851", "physicalMemoryUsed": "21.717499", "totalVirtualMemory": "70.541847", "virtualMemoryUsed": "21.717499", "cpuCores": "16", "processes": "1994", "loadAverage1": "0.270000", "loadAverage5": "0.250000", "loadAverage15": "0.180000", "loadAverage1Percent": "0.016875"}
[2026-09-01 05:29:27.451 Z] [EVENT] [cadence.virtuoso.ade.simulationMonitor] - NewPoint {"history": "Interactive.236", "point": 1, "testname": "TRAN", "cornername": "Nominal", "event": "NewPoint", "EventSource": "Simulation Monitor", "HistoryName": "Interactive.236", "logFile": "/home/saul/projects/LF_BG/logs_saul/logs5/Job10.log", "logFileSize": "13934"}
[2026-09-01 05:29:27.552 Z] [EVENT] [cadence.virtuoso.ade.simulationMonitor] - NewPoint {"history": "Interactive.236", "point": 1, "testname": "TRAN", "cornername": "Nominal", "event": "NewPoint", "EventSource": "spectre", "HistoryName": "Interactive.236", "logFile": "/home/saul/simulation/REF_GEN/REF_GEN_f_TB/maestro/results/maestro/Interactive.236/1/TRAN/psf/spectre.out", "logFileSize": "-1"}
[2026-09-01 05:29:27.570 Z] [PROCESS] [cadence.virtuoso.ade.simulationMonitor] - Simulator launched {"hostname": "edatools", "processid": 103902, "history": "Interactive.236", "testname": "TRAN", "cornername": "Nominal", "point": 1, "logfile": "/home/saul/projects/LF_BG/logs_saul/logs5/Job10.log", "simid": "2"}
[2026-09-01 05:29:27.573 Z] [PROCESS] [cadence.virtuoso.ade.simulationMonitor] - Expression evaluator launched {"hostname": "edatools", "processid": 103902, "history": "Interactive.236", "testname": "TRAN", "cornername": "Nominal", "point": 1, "logfile": "/home/saul/projects/LF_BG/logs_saul/logs5/Job10.log"}
[2026-09-01 05:29:27.598 Z] [PROCESS] [cadence.virtuoso.ade.simulationMonitor] - Started Simulation {"hostname": "edatools", "processid": 103902, "history": "Interactive.236", "testname": "TRAN", "cornername": "Nominal", "point": 1, "logfile": "/home/saul/projects/LF_BG/logs_saul/logs5/Job10.log", "event": "started", "task": "simulation"}
[2026-09-01 05:29:28.598 Z] [INFO] [cadence.virtuoso.ade.simulationMonitor] - Peak resident memory used = 170 Mbytes. {"history": "Interactive.236", "point": 1, "testname": "TRAN", "cornername": "Nominal"}
[2026-09-01 05:29:29.599 Z] [INFO] [cadence.virtuoso.ade.simulationMonitor] - Notice from spectre during hierarchy flattening.
    Parasitic optimization will filter out parasitic nodes, nodes only connected to RCs, by default. To view individual parasitic nodes use individual save statements (i.e. save out), or use the 'savefilter=none' option to save all parasitic nodes. Saving all parasitic nodes may slow down simulation and create large waveform files. {"history": "Interactive.236", "point": 1, "testname": "TRAN", "cornername": "Nominal"}
[2026-09-01 05:29:29.599 Z] [INFO] [cadence.virtuoso.ade.simulationMonitor] - Peak resident memory used = 197 Mbytes. {"history": "Interactive.236", "point": 1, "testname": "TRAN", "cornername": "Nominal"}
[2026-09-01 05:29:29.599 Z] [INFO] [cadence.virtuoso.ade.simulationMonitor] - Notice from spectre during hierarchy flattening.
    The value 'psf' specified for the 'checklimitdest' option will no longer be supported in future releases. Use 'spectre -h' to see other recommended values for the 'checklimitdest' option. {"history": "Interactive.236", "point": 1, "testname": "TRAN", "cornername": "Nominal"}
[2026-09-01 05:29:29.600 Z] [WARN] [cadence.virtuoso.ade.simulationMonitor] -     WARNING (SPECTRE-16718): inlinesubcktcurrent option is set as `subckt', all the inline subckts will be treated as normal subckts when you access the current of their terminals. {"history": "Interactive.236", "point": 1, "testname": "TRAN", "cornername": "Nominal"}
[2026-09-01 05:29:29.600 Z] [WARN] [cadence.virtuoso.ade.simulationMonitor] -     WARNING (SPECTRE-8527): There are some nodes and instances removed from the netlist topology check. Check the circuit and correct the topology. Or use preserve_inst to keep them if necessary. {"history": "Interactive.236", "point": 1, "testname": "TRAN", "cornername": "Nominal"}
[2026-09-01 05:29:29.600 Z] [WARN] [cadence.virtuoso.ade.simulationMonitor] -     WARNING (SPECTRE-8529): Dangling instance. V9 is removed. {"history": "Interactive.236", "point": 1, "testname": "TRAN", "cornername": "Nominal"}
[2026-09-01 05:29:29.600 Z] [WARN] [cadence.virtuoso.ade.simulationMonitor] -     WARNING (SPECTRE-8530): Dangling node. net9 is removed. {"history": "Interactive.236", "point": 1, "testname": "TRAN", "cornername": "Nominal"}
[2026-09-01 05:29:29.600 Z] [INFO] [cadence.virtuoso.ade.simulationMonitor] - Peak resident memory used = 199 Mbytes. {"history": "Interactive.236", "point": 1, "testname": "TRAN", "cornername": "Nominal"}
[2026-09-01 05:29:29.600 Z] [INFO] [cadence.virtuoso.ade.simulationMonitor] - Notice from spectre during topology check.
    No DC path from node `VbgT' to ground, Gmin installed to provide path.
    No DC path from node `V1000' to ground, Gmin installed to provide path.
    No DC path from node `V550' to ground, Gmin installed to provide path.
    No DC path from node `LVDS' to ground, Gmin installed to provide path.
    No DC path from node `LDO' to ground, Gmin installed to provide path.
        Further occurrences of this notice will be suppressed. {"history": "Interactive.236", "point": 1, "testname": "TRAN", "cornername": "Nominal"}
[2026-09-01 05:29:29.600 Z] [INFO] [cadence.virtuoso.ade.simulationMonitor] - Notice from spectre during initial setup.
    Number of thread was limited to 1 because of small circuit size. {"history": "Interactive.236", "point": 1, "testname": "TRAN", "cornername": "Nominal"}
[2026-09-01 05:29:29.600 Z] [INFO] [cadence.virtuoso.ade.simulationMonitor] -               nodes 56 {"history": "Interactive.236", "point": 1, "testname": "TRAN", "cornername": "Nominal"}
[2026-09-01 05:29:29.600 Z] [INFO] [cadence.virtuoso.ade.simulationMonitor] - Notice from spectre during initial setup.
    Parasitics reduction enabled. 
         (Resistors reduced by 0.00%  Capacitors reduced by 0.00%, 0.00% of capacitors are coupled after RC reduction).  {"history": "Interactive.236", "point": 1, "testname": "TRAN", "cornername": "Nominal"}
[2026-09-01 05:29:29.600 Z] [INFO] [cadence.virtuoso.ade.simulationMonitor] - Notice from spectre during initial setup.
    1 vsources are shorted because their absolute value is less than or equal to 'vabsshort'.
    Fast APS enabled. {"history": "Interactive.236", "point": 1, "testname": "TRAN", "cornername": "Nominal"}
[2026-09-01 05:29:29.600 Z] [INFO] [cadence.virtuoso.ade.simulationMonitor] - Peak resident memory used = 205 Mbytes. {"history": "Interactive.236", "point": 1, "testname": "TRAN", "cornername": "Nominal"}
[2026-09-01 05:29:29.600 Z] [INFO] [cadence.virtuoso.ade.simulationMonitor] -    -   (Fast APS) Multi-threading. The recommended number of threads is 1, consider adding +mt=1 on command line. {"history": "Interactive.236", "point": 1, "testname": "TRAN", "cornername": "Nominal"}
[2026-09-01 05:29:29.600 Z] [INFO] [cadence.virtuoso.ade.simulationMonitor] - Total time required for dc analysis `dcOp': CPU = 1.765 ms, elapsed = 5.29313 ms, util. = 33.3%. {"history": "Interactive.236", "point": 1, "testname": "TRAN", "cornername": "Nominal"}
[2026-09-01 05:29:29.600 Z] [INFO] [cadence.virtuoso.ade.simulationMonitor] - Peak resident memory used = 205 Mbytes. {"history": "Interactive.236", "point": 1, "testname": "TRAN", "cornername": "Nominal"}
[2026-09-01 05:29:29.600 Z] [INFO] [cadence.virtuoso.ade.simulationMonitor] - Total time required for tran analysis `tran': CPU = 51.852 ms, elapsed = 55.752 ms, util. = 93%. {"history": "Interactive.236", "point": 1, "testname": "TRAN", "cornername": "Nominal"}
[2026-09-01 05:29:29.600 Z] [INFO] [cadence.virtuoso.ade.simulationMonitor] - Peak resident memory used = 205 Mbytes. {"history": "Interactive.236", "point": 1, "testname": "TRAN", "cornername": "Nominal"}
[2026-09-01 05:29:29.600 Z] [INFO] [cadence.virtuoso.ade.simulationMonitor] - Time used: CPU = 282 ms, elapsed = 1.59 s, util. = 17.7%. {"history": "Interactive.236", "point": 1, "testname": "TRAN", "cornername": "Nominal"}
[2026-09-01 05:29:29.601 Z] [INFO] [cadence.virtuoso.ade.simulationMonitor] - Time spent in licensing: elapsed = 26.1 ms. {"history": "Interactive.236", "point": 1, "testname": "TRAN", "cornername": "Nominal"}
[2026-09-01 05:29:29.601 Z] [INFO] [cadence.virtuoso.ade.simulationMonitor] - Peak memory used = 205 Mbytes. {"history": "Interactive.236", "point": 1, "testname": "TRAN", "cornername": "Nominal"}
[2026-09-01 05:29:29.601 Z] [PROCESS] [cadence.virtuoso.ade.simulationMonitor] - Simulation started at: 5:29:27 AM, Tue Sep 1, 2026, ended at: 5:29:29 AM, Tue Sep 1, 2026, with elapsed time (wall clock): 1.59 s. {"history": "Interactive.236", "point": 1, "testname": "TRAN", "cornername": "Nominal"}
[2026-09-01 05:29:29.601 Z] [PROCESS] [cadence.virtuoso.ade.simulationMonitor] - spectre completes with 0 errors, 4 warnings, and 12 notices. {"history": "Interactive.236", "point": 1, "testname": "TRAN", "cornername": "Nominal"}
[2026-09-01 05:29:29.601 Z] [PROCESS] [cadence.virtuoso.ade.simulationMonitor] - Finished simulating for one point {"hostname": "edatools", "processid": 103902, "history": "Interactive.236", "testname": "TRAN", "cornername": "Nominal", "point": 1, "logfile": "/home/saul/projects/LF_BG/logs_saul/logs5/Job10.log", "simid": "2"}
[2026-09-01 05:29:29.601 Z] [PROCESS] [cadence.virtuoso.ade.simulationMonitor] - Simulator exited {"hostname": "edatools", "processid": 103902, "history": "Interactive.236", "testname": "TRAN", "cornername": "Nominal", "point": 1, "logfile": "/home/saul/projects/LF_BG/logs_saul/logs5/Job10.log", "exitStatus": "0"}
[2026-09-01 05:29:29.601 Z] [PROCESS] [cadence.virtuoso.ade.simulationMonitor] - Finished Simulation {"hostname": "edatools", "processid": 103902, "history": "Interactive.236", "testname": "TRAN", "cornername": "Nominal", "point": 1, "logfile": "/home/saul/projects/LF_BG/logs_saul/logs5/Job10.log", "simid": "2"}
[2026-09-01 05:29:30.608 Z] [PROCESS] [cadence.virtuoso.ade.simulationMonitor] - Point Finished {"hostname": "edatools", "processid": 103902, "history": "Interactive.236", "testname": "TRAN", "cornername": "Nominal", "point": 1, "logfile": "/home/saul/projects/LF_BG/logs_saul/logs5/Job10.log"}
[2026-09-01 05:31:29.576 Z] [PROCESS] [cadence.virtuoso.ade.simulationMonitor] - Started History {"hostname": "edatools", "processid": 103902, "history": "Interactive.237", "testname": "TRAN", "cornername": "Nominal", "point": 1, "logfile": "/home/saul/projects/LF_BG/logs_saul/logs5/Job10.log"}
[2026-09-01 05:31:29.576 Z] [PROCESS] [cadence.virtuoso.ade.simulationMonitor] - HostInfo:
Host name (type):	edatools (x86_64)
Operating system:	Linux 7.0.0-30-generic #30~24.04.1-Ubuntu SMP PREEMPT_DYNAMIC Fri Aug  7 13:27:52 UTC 2 {"hostname": "edatools", "processid": 103902, "history": "Interactive.237", "testname": "TRAN", "cornername": "Nominal", "point": 1, "logfile": "/home/saul/projects/LF_BG/logs_saul/logs5/Job10.log", "nodename": "edatools", "domainname": "(none)", "machine": "x86_64", "sysname": "Linux", "release": "7.0.0-30-generic", "version": "#30~24.04.1-Ubuntu SMP PREEMPT_DYNAMIC Fri Aug  7 13:27:52 UTC 2"}
[2026-09-01 05:31:29.577 Z] [PROCESS] [cadence.virtuoso.ade.simulationMonitor] - UsageInfo:
pid=103902
totalPhysicalMemory=62.541851GB,Used=21.665958GB,totalVirtualMemory=70.541847GB,Used=21.665958GB
Cpu: Cores=16, Load average:0.280000,0.230000,0.180000 {"hostname": "edatools", "processid": 103902, "history": "Interactive.237", "testname": "TRAN", "cornername": "Nominal", "point": 1, "logfile": "/home/saul/projects/LF_BG/logs_saul/logs5/Job10.log", "pid": "103902", "totalPhysicalMemory": "62.541851", "physicalMemoryUsed": "21.665958", "totalVirtualMemory": "70.541847", "virtualMemoryUsed": "21.665958", "cpuCores": "16", "processes": "1998", "loadAverage1": "0.280000", "loadAverage5": "0.230000", "loadAverage15": "0.180000", "loadAverage1Percent": "0.017500"}
[2026-09-01 05:31:29.578 Z] [EVENT] [cadence.virtuoso.ade.simulationMonitor] - NewPoint {"history": "Interactive.237", "point": 1, "testname": "TRAN", "cornername": "Nominal", "event": "NewPoint", "EventSource": "Simulation Monitor", "HistoryName": "Interactive.237", "logFile": "/home/saul/projects/LF_BG/logs_saul/logs5/Job10.log", "logFileSize": "25727"}
[2026-09-01 05:31:29.680 Z] [EVENT] [cadence.virtuoso.ade.simulationMonitor] - NewPoint {"history": "Interactive.237", "point": 1, "testname": "TRAN", "cornername": "Nominal", "event": "NewPoint", "EventSource": "spectre", "HistoryName": "Interactive.237", "logFile": "/home/saul/simulation/REF_GEN/REF_GEN_f_TB/maestro/results/maestro/Interactive.237/1/TRAN/psf/spectre.out", "logFileSize": "-1"}
[2026-09-01 05:31:29.698 Z] [PROCESS] [cadence.virtuoso.ade.simulationMonitor] - Simulator launched {"hostname": "edatools", "processid": 103902, "history": "Interactive.237", "testname": "TRAN", "cornername": "Nominal", "point": 1, "logfile": "/home/saul/projects/LF_BG/logs_saul/logs5/Job10.log", "simid": "3"}
[2026-09-01 05:31:29.700 Z] [PROCESS] [cadence.virtuoso.ade.simulationMonitor] - Expression evaluator launched {"hostname": "edatools", "processid": 103902, "history": "Interactive.237", "testname": "TRAN", "cornername": "Nominal", "point": 1, "logfile": "/home/saul/projects/LF_BG/logs_saul/logs5/Job10.log"}
[2026-09-01 05:31:29.732 Z] [PROCESS] [cadence.virtuoso.ade.simulationMonitor] - Started Simulation {"hostname": "edatools", "processid": 103902, "history": "Interactive.237", "testname": "TRAN", "cornername": "Nominal", "point": 1, "logfile": "/home/saul/projects/LF_BG/logs_saul/logs5/Job10.log", "event": "started", "task": "simulation"}
[2026-09-01 05:31:30.733 Z] [INFO] [cadence.virtuoso.ade.simulationMonitor] - Peak resident memory used = 170 Mbytes. {"history": "Interactive.237", "point": 1, "testname": "TRAN", "cornername": "Nominal"}
[2026-09-01 05:31:31.733 Z] [INFO] [cadence.virtuoso.ade.simulationMonitor] - Notice from spectre during hierarchy flattening.
    Parasitic optimization will filter out parasitic nodes, nodes only connected to RCs, by default. To view individual parasitic nodes use individual save statements (i.e. save out), or use the 'savefilter=none' option to save all parasitic nodes. Saving all parasitic nodes may slow down simulation and create large waveform files. {"history": "Interactive.237", "point": 1, "testname": "TRAN", "cornername": "Nominal"}
[2026-09-01 05:31:31.734 Z] [INFO] [cadence.virtuoso.ade.simulationMonitor] - Peak resident memory used = 199 Mbytes. {"history": "Interactive.237", "point": 1, "testname": "TRAN", "cornername": "Nominal"}
[2026-09-01 05:31:31.734 Z] [INFO] [cadence.virtuoso.ade.simulationMonitor] - Notice from spectre during hierarchy flattening.
    The value 'psf' specified for the 'checklimitdest' option will no longer be supported in future releases. Use 'spectre -h' to see other recommended values for the 'checklimitdest' option. {"history": "Interactive.237", "point": 1, "testname": "TRAN", "cornername": "Nominal"}
[2026-09-01 05:31:31.734 Z] [WARN] [cadence.virtuoso.ade.simulationMonitor] -     WARNING (SPECTRE-16718): inlinesubcktcurrent option is set as `subckt', all the inline subckts will be treated as normal subckts when you access the current of their terminals. {"history": "Interactive.237", "point": 1, "testname": "TRAN", "cornername": "Nominal"}
[2026-09-01 05:31:31.734 Z] [WARN] [cadence.virtuoso.ade.simulationMonitor] -     WARNING (SPECTRE-8527): There are some nodes and instances removed from the netlist topology check. Check the circuit and correct the topology. Or use preserve_inst to keep them if necessary. {"history": "Interactive.237", "point": 1, "testname": "TRAN", "cornername": "Nominal"}
[2026-09-01 05:31:31.734 Z] [WARN] [cadence.virtuoso.ade.simulationMonitor] -     WARNING (SPECTRE-8529): Dangling instance. V9 is removed. {"history": "Interactive.237", "point": 1, "testname": "TRAN", "cornername": "Nominal"}
[2026-09-01 05:31:31.734 Z] [WARN] [cadence.virtuoso.ade.simulationMonitor] -     WARNING (SPECTRE-8530): Dangling node. net9 is removed. {"history": "Interactive.237", "point": 1, "testname": "TRAN", "cornername": "Nominal"}
[2026-09-01 05:31:31.734 Z] [INFO] [cadence.virtuoso.ade.simulationMonitor] - Peak resident memory used = 201 Mbytes. {"history": "Interactive.237", "point": 1, "testname": "TRAN", "cornername": "Nominal"}
[2026-09-01 05:31:31.734 Z] [INFO] [cadence.virtuoso.ade.simulationMonitor] - Notice from spectre during topology check.
    No DC path from node `VbgT' to ground, Gmin installed to provide path.
    No DC path from node `V1000' to ground, Gmin installed to provide path.
    No DC path from node `V550' to ground, Gmin installed to provide path.
    No DC path from node `LVDS' to ground, Gmin installed to provide path.
    No DC path from node `LDO' to ground, Gmin installed to provide path.
        Further occurrences of this notice will be suppressed. {"history": "Interactive.237", "point": 1, "testname": "TRAN", "cornername": "Nominal"}
[2026-09-01 05:31:31.734 Z] [INFO] [cadence.virtuoso.ade.simulationMonitor] - Notice from spectre during initial setup.
    Number of thread was limited to 1 because of small circuit size. {"history": "Interactive.237", "point": 1, "testname": "TRAN", "cornername": "Nominal"}
[2026-09-01 05:31:31.734 Z] [INFO] [cadence.virtuoso.ade.simulationMonitor] -               nodes 56 {"history": "Interactive.237", "point": 1, "testname": "TRAN", "cornername": "Nominal"}
[2026-09-01 05:31:31.734 Z] [INFO] [cadence.virtuoso.ade.simulationMonitor] - Notice from spectre during initial setup.
    Parasitics reduction enabled. 
         (Resistors reduced by 0.00%  Capacitors reduced by 0.00%, 0.00% of capacitors are coupled after RC reduction).  {"history": "Interactive.237", "point": 1, "testname": "TRAN", "cornername": "Nominal"}
[2026-09-01 05:31:31.734 Z] [INFO] [cadence.virtuoso.ade.simulationMonitor] - Notice from spectre during initial setup.
    1 vsources are shorted because their absolute value is less than or equal to 'vabsshort'.
    Fast APS enabled. {"history": "Interactive.237", "point": 1, "testname": "TRAN", "cornername": "Nominal"}
[2026-09-01 05:31:31.734 Z] [INFO] [cadence.virtuoso.ade.simulationMonitor] - Peak resident memory used = 207 Mbytes. {"history": "Interactive.237", "point": 1, "testname": "TRAN", "cornername": "Nominal"}
[2026-09-01 05:31:31.734 Z] [INFO] [cadence.virtuoso.ade.simulationMonitor] -    -   (Fast APS) Multi-threading. The recommended number of threads is 1, consider adding +mt=1 on command line. {"history": "Interactive.237", "point": 1, "testname": "TRAN", "cornername": "Nominal"}
[2026-09-01 05:31:31.734 Z] [INFO] [cadence.virtuoso.ade.simulationMonitor] - Total time required for dc analysis `dcOp': CPU = 1.987 ms, elapsed = 6.02603 ms, util. = 33%. {"history": "Interactive.237", "point": 1, "testname": "TRAN", "cornername": "Nominal"}
[2026-09-01 05:31:31.735 Z] [INFO] [cadence.virtuoso.ade.simulationMonitor] - Peak resident memory used = 207 Mbytes. {"history": "Interactive.237", "point": 1, "testname": "TRAN", "cornername": "Nominal"}
[2026-09-01 05:31:31.735 Z] [INFO] [cadence.virtuoso.ade.simulationMonitor] - Total time required for tran analysis `tran': CPU = 51.618 ms, elapsed = 55.805 ms, util. = 92.5%. {"history": "Interactive.237", "point": 1, "testname": "TRAN", "cornername": "Nominal"}
[2026-09-01 05:31:31.735 Z] [INFO] [cadence.virtuoso.ade.simulationMonitor] - Peak resident memory used = 207 Mbytes. {"history": "Interactive.237", "point": 1, "testname": "TRAN", "cornername": "Nominal"}
[2026-09-01 05:31:31.735 Z] [INFO] [cadence.virtuoso.ade.simulationMonitor] - Time used: CPU = 302 ms, elapsed = 1.69 s, util. = 17.9%. {"history": "Interactive.237", "point": 1, "testname": "TRAN", "cornername": "Nominal"}
[2026-09-01 05:31:31.735 Z] [INFO] [cadence.virtuoso.ade.simulationMonitor] - Time spent in licensing: elapsed = 24.6 ms. {"history": "Interactive.237", "point": 1, "testname": "TRAN", "cornername": "Nominal"}
[2026-09-01 05:31:31.735 Z] [INFO] [cadence.virtuoso.ade.simulationMonitor] - Peak memory used = 206 Mbytes. {"history": "Interactive.237", "point": 1, "testname": "TRAN", "cornername": "Nominal"}
[2026-09-01 05:31:31.735 Z] [PROCESS] [cadence.virtuoso.ade.simulationMonitor] - Simulation started at: 5:31:29 AM, Tue Sep 1, 2026, ended at: 5:31:31 AM, Tue Sep 1, 2026, with elapsed time (wall clock): 1.69 s. {"history": "Interactive.237", "point": 1, "testname": "TRAN", "cornername": "Nominal"}
[2026-09-01 05:31:31.735 Z] [PROCESS] [cadence.virtuoso.ade.simulationMonitor] - spectre completes with 0 errors, 4 warnings, and 12 notices. {"history": "Interactive.237", "point": 1, "testname": "TRAN", "cornername": "Nominal"}
[2026-09-01 05:31:32.236 Z] [PROCESS] [cadence.virtuoso.ade.simulationMonitor] - Finished simulating for one point {"hostname": "edatools", "processid": 103902, "history": "Interactive.237", "testname": "TRAN", "cornername": "Nominal", "point": 1, "logfile": "/home/saul/projects/LF_BG/logs_saul/logs5/Job10.log", "simid": "3"}
[2026-09-01 05:31:32.237 Z] [PROCESS] [cadence.virtuoso.ade.simulationMonitor] - Simulator exited {"hostname": "edatools", "processid": 103902, "history": "Interactive.237", "testname": "TRAN", "cornername": "Nominal", "point": 1, "logfile": "/home/saul/projects/LF_BG/logs_saul/logs5/Job10.log", "exitStatus": "0"}
[2026-09-01 05:31:32.237 Z] [PROCESS] [cadence.virtuoso.ade.simulationMonitor] - Finished Simulation {"hostname": "edatools", "processid": 103902, "history": "Interactive.237", "testname": "TRAN", "cornername": "Nominal", "point": 1, "logfile": "/home/saul/projects/LF_BG/logs_saul/logs5/Job10.log", "simid": "3"}
[2026-09-01 05:31:33.265 Z] [PROCESS] [cadence.virtuoso.ade.simulationMonitor] - Point Finished {"hostname": "edatools", "processid": 103902, "history": "Interactive.237", "testname": "TRAN", "cornername": "Nominal", "point": 1, "logfile": "/home/saul/projects/LF_BG/logs_saul/logs5/Job10.log"}
[2026-09-01 05:36:34.385 Z] [PROCESS] [cadence.virtuoso.ade.simulationMonitor] - Current memory used: 52.9688 MBytes, peak memory used: 52.9688 MBytes {"hostname": "edatools", "processid": 103902, "history": "Interactive.237", "testname": "TRAN", "cornername": "Nominal", "point": 1, "logfile": "/home/saul/projects/LF_BG/logs_saul/logs5/Job10.log"}
[2026-09-01 05:36:34.385 Z] [PROCESS] [cadence.virtuoso.ade.simulationMonitor] - Simulation Monitor process exit. {"hostname": "edatools", "processid": 103902, "history": "Interactive.237", "testname": "TRAN", "cornername": "Nominal", "point": 1, "logfile": "/home/saul/projects/LF_BG/logs_saul/logs5/Job10.log"}
