[Simulation Monitor: 12]
[2026-08-31 22:29:02.735 Z] [PROCESS] [cadence.virtuoso.ade.simulationMonitor] - Simulation Monitor has successfully started up. Trying to set up communication channels to other components ... {"hostname": "edatools", "processid": 77951, "logfile": "/home/saul/projects/LF_BG/logs_saul/logs5/Job12.log"}
[2026-08-31 22:29:02.735 Z] [PROCESS] [cadence.virtuoso.ade.simulationMonitor] - Communication channels have been successfully set up. Start processing events ... {"hostname": "edatools", "processid": 77951, "logfile": "/home/saul/projects/LF_BG/logs_saul/logs5/Job12.log"}
[2026-08-31 22:29:02.735 Z] [PROCESS] [cadence.virtuoso.ade.simulationMonitor] - Considering to start history {"hostname": "edatools", "processid": 77951, "history": "Interactive.210", "logfile": "/home/saul/projects/LF_BG/logs_saul/logs5/Job12.log"}
[2026-08-31 22:29:02.737 Z] [PROCESS] [cadence.virtuoso.ade.simulationMonitor] - HostInfo:
Host name (type):	edatools (x86_64)
Operating system:	Linux 7.0.0-30-generic #30~24.04.1-Ubuntu SMP PREEMPT_DYNAMIC Fri Aug  7 13:27:52 UTC 2 {"hostname": "edatools", "processid": 77951, "history": "Interactive.210", "logfile": "/home/saul/projects/LF_BG/logs_saul/logs5/Job12.log", "nodename": "edatools", "domainname": "(none)", "machine": "x86_64", "sysname": "Linux", "release": "7.0.0-30-generic", "version": "#30~24.04.1-Ubuntu SMP PREEMPT_DYNAMIC Fri Aug  7 13:27:52 UTC 2"}
[2026-08-31 22:29:02.737 Z] [PROCESS] [cadence.virtuoso.ade.simulationMonitor] - UsageInfo:
pid=77951
totalPhysicalMemory=62.541851GB,Used=18.991108GB,totalVirtualMemory=70.541847GB,Used=18.991108GB
Cpu: Cores=16, Load average:0.120000,0.100000,0.050000 {"hostname": "edatools", "processid": 77951, "history": "Interactive.210", "logfile": "/home/saul/projects/LF_BG/logs_saul/logs5/Job12.log", "pid": "77951", "totalPhysicalMemory": "62.541851", "physicalMemoryUsed": "18.991108", "totalVirtualMemory": "70.541847", "virtualMemoryUsed": "18.991108", "cpuCores": "16", "processes": "1546", "loadAverage1": "0.120000", "loadAverage5": "0.100000", "loadAverage15": "0.050000", "loadAverage1Percent": "0.007500"}
[2026-08-31 22:29:02.737 Z] [EVENT] [cadence.virtuoso.ade.simulationMonitor] - NewPoint {"history": "Interactive.210", "point": 1, "testname": "TRAN", "cornername": "Nominal", "event": "NewPoint", "EventSource": "Simulation Monitor", "HistoryName": "Interactive.210", "logFile": "/home/saul/projects/LF_BG/logs_saul/logs5/Job12.log", "logFileSize": "2137"}
[2026-08-31 22:29:02.838 Z] [EVENT] [cadence.virtuoso.ade.simulationMonitor] - NewPoint {"history": "Interactive.210", "point": 1, "testname": "TRAN", "cornername": "Nominal", "event": "NewPoint", "EventSource": "spectre", "HistoryName": "Interactive.210", "logFile": "/home/saul/simulation/REF_GEN/REF_GEN_f_TB/maestro/results/maestro/Interactive.210/1/TRAN/psf/spectre.out", "logFileSize": "-1"}
[2026-08-31 22:29:02.853 Z] [PROCESS] [cadence.virtuoso.ade.simulationMonitor] - Simulator launched {"hostname": "edatools", "processid": 77951, "history": "Interactive.210", "testname": "TRAN", "cornername": "Nominal", "point": 1, "logfile": "/home/saul/projects/LF_BG/logs_saul/logs5/Job12.log", "simid": "1"}
[2026-08-31 22:29:02.854 Z] [PROCESS] [cadence.virtuoso.ade.simulationMonitor] - Expression evaluator launched {"hostname": "edatools", "processid": 77951, "history": "Interactive.210", "testname": "TRAN", "cornername": "Nominal", "point": 1, "logfile": "/home/saul/projects/LF_BG/logs_saul/logs5/Job12.log"}
[2026-08-31 22:29:02.886 Z] [PROCESS] [cadence.virtuoso.ade.simulationMonitor] - Started Simulation {"hostname": "edatools", "processid": 77951, "history": "Interactive.210", "testname": "TRAN", "cornername": "Nominal", "point": 1, "logfile": "/home/saul/projects/LF_BG/logs_saul/logs5/Job12.log", "event": "started", "task": "simulation"}
[2026-08-31 22:29:03.386 Z] [INFO] [cadence.virtuoso.ade.simulationMonitor] - Peak resident memory used = 169 Mbytes. {"history": "Interactive.210", "point": 1, "testname": "TRAN", "cornername": "Nominal"}
[2026-08-31 22:29:04.387 Z] [INFO] [cadence.virtuoso.ade.simulationMonitor] - Notice from spectre during hierarchy flattening.
    Parasitic optimization will filter out parasitic nodes, nodes only connected to RCs, by default. To view individual parasitic nodes use individual save statements (i.e. save out), or use the 'savefilter=none' option to save all parasitic nodes. Saving all parasitic nodes may slow down simulation and create large waveform files. {"history": "Interactive.210", "point": 1, "testname": "TRAN", "cornername": "Nominal"}
[2026-08-31 22:29:04.387 Z] [INFO] [cadence.virtuoso.ade.simulationMonitor] - Peak resident memory used = 193 Mbytes. {"history": "Interactive.210", "point": 1, "testname": "TRAN", "cornername": "Nominal"}
[2026-08-31 22:29:04.387 Z] [INFO] [cadence.virtuoso.ade.simulationMonitor] - Notice from spectre during hierarchy flattening.
    The value 'psf' specified for the 'checklimitdest' option will no longer be supported in future releases. Use 'spectre -h' to see other recommended values for the 'checklimitdest' option. {"history": "Interactive.210", "point": 1, "testname": "TRAN", "cornername": "Nominal"}
[2026-08-31 22:29:04.387 Z] [WARN] [cadence.virtuoso.ade.simulationMonitor] -     WARNING (SPECTRE-16718): inlinesubcktcurrent option is set as `subckt', all the inline subckts will be treated as normal subckts when you access the current of their terminals. {"history": "Interactive.210", "point": 1, "testname": "TRAN", "cornername": "Nominal"}
[2026-08-31 22:29:04.387 Z] [WARN] [cadence.virtuoso.ade.simulationMonitor] -     WARNING (SPECTRE-8527): There are some nodes and instances removed from the netlist topology check. Check the circuit and correct the topology. Or use preserve_inst to keep them if necessary. {"history": "Interactive.210", "point": 1, "testname": "TRAN", "cornername": "Nominal"}
[2026-08-31 22:29:04.387 Z] [WARN] [cadence.virtuoso.ade.simulationMonitor] -     WARNING (SPECTRE-8529): Dangling instance. V9 is removed. {"history": "Interactive.210", "point": 1, "testname": "TRAN", "cornername": "Nominal"}
[2026-08-31 22:29:04.387 Z] [WARN] [cadence.virtuoso.ade.simulationMonitor] -     WARNING (SPECTRE-8530): Dangling node. net9 is removed. {"history": "Interactive.210", "point": 1, "testname": "TRAN", "cornername": "Nominal"}
[2026-08-31 22:29:04.387 Z] [INFO] [cadence.virtuoso.ade.simulationMonitor] - Peak resident memory used = 195 Mbytes. {"history": "Interactive.210", "point": 1, "testname": "TRAN", "cornername": "Nominal"}
[2026-08-31 22:29:04.387 Z] [INFO] [cadence.virtuoso.ade.simulationMonitor] - Notice from spectre during topology check.
    No DC path from node `VbgT' to ground, Gmin installed to provide path.
    No DC path from node `V1000' to ground, Gmin installed to provide path.
    No DC path from node `V550' to ground, Gmin installed to provide path.
    No DC path from node `LVDS' to ground, Gmin installed to provide path.
    No DC path from node `LDO' to ground, Gmin installed to provide path.
        Further occurrences of this notice will be suppressed. {"history": "Interactive.210", "point": 1, "testname": "TRAN", "cornername": "Nominal"}
[2026-08-31 22:29:04.388 Z] [INFO] [cadence.virtuoso.ade.simulationMonitor] - Notice from spectre during initial setup.
    Number of thread was limited to 1 because of small circuit size. {"history": "Interactive.210", "point": 1, "testname": "TRAN", "cornername": "Nominal"}
[2026-08-31 22:29:04.388 Z] [INFO] [cadence.virtuoso.ade.simulationMonitor] -               nodes 56 {"history": "Interactive.210", "point": 1, "testname": "TRAN", "cornername": "Nominal"}
[2026-08-31 22:29:04.388 Z] [INFO] [cadence.virtuoso.ade.simulationMonitor] - Notice from spectre during initial setup.
    Parasitics reduction enabled. 
         (Resistors reduced by 0.00%  Capacitors reduced by 0.00%, 0.00% of capacitors are coupled after RC reduction).  {"history": "Interactive.210", "point": 1, "testname": "TRAN", "cornername": "Nominal"}
[2026-08-31 22:29:04.388 Z] [INFO] [cadence.virtuoso.ade.simulationMonitor] - Notice from spectre during initial setup.
    1 vsources are shorted because their absolute value is less than or equal to 'vabsshort'.
    Fast APS enabled. {"history": "Interactive.210", "point": 1, "testname": "TRAN", "cornername": "Nominal"}
[2026-08-31 22:29:04.388 Z] [INFO] [cadence.virtuoso.ade.simulationMonitor] - Peak resident memory used = 201 Mbytes. {"history": "Interactive.210", "point": 1, "testname": "TRAN", "cornername": "Nominal"}
[2026-08-31 22:29:04.388 Z] [INFO] [cadence.virtuoso.ade.simulationMonitor] -    -   (Fast APS) Multi-threading. The recommended number of threads is 1, consider adding +mt=1 on command line. {"history": "Interactive.210", "point": 1, "testname": "TRAN", "cornername": "Nominal"}
[2026-08-31 22:29:04.388 Z] [INFO] [cadence.virtuoso.ade.simulationMonitor] - Total time required for dc analysis `dcOp': CPU = 1.968 ms, elapsed = 5.17011 ms, util. = 38.1%. {"history": "Interactive.210", "point": 1, "testname": "TRAN", "cornername": "Nominal"}
[2026-08-31 22:29:04.388 Z] [INFO] [cadence.virtuoso.ade.simulationMonitor] - Peak resident memory used = 201 Mbytes. {"history": "Interactive.210", "point": 1, "testname": "TRAN", "cornername": "Nominal"}
[2026-08-31 22:29:04.388 Z] [INFO] [cadence.virtuoso.ade.simulationMonitor] - Total time required for tran analysis `tran': CPU = 19.334 ms, elapsed = 23.6721 ms, util. = 81.7%. {"history": "Interactive.210", "point": 1, "testname": "TRAN", "cornername": "Nominal"}
[2026-08-31 22:29:04.388 Z] [INFO] [cadence.virtuoso.ade.simulationMonitor] - Peak resident memory used = 201 Mbytes. {"history": "Interactive.210", "point": 1, "testname": "TRAN", "cornername": "Nominal"}
[2026-08-31 22:29:04.889 Z] [INFO] [cadence.virtuoso.ade.simulationMonitor] - Time used: CPU = 237 ms, elapsed = 1.3 s, util. = 18.2%. {"history": "Interactive.210", "point": 1, "testname": "TRAN", "cornername": "Nominal"}
[2026-08-31 22:29:04.889 Z] [INFO] [cadence.virtuoso.ade.simulationMonitor] - Time spent in licensing: elapsed = 97.6 ms, percentage of total = 7.48%. {"history": "Interactive.210", "point": 1, "testname": "TRAN", "cornername": "Nominal"}
[2026-08-31 22:29:04.889 Z] [INFO] [cadence.virtuoso.ade.simulationMonitor] - Peak memory used = 201 Mbytes. {"history": "Interactive.210", "point": 1, "testname": "TRAN", "cornername": "Nominal"}
[2026-08-31 22:29:04.889 Z] [PROCESS] [cadence.virtuoso.ade.simulationMonitor] - Simulation started at: 10:29:02 PM, Mon Aug 31, 2026, ended at: 10:29:04 PM, Mon Aug 31, 2026, with elapsed time (wall clock): 1.3 s. {"history": "Interactive.210", "point": 1, "testname": "TRAN", "cornername": "Nominal"}
[2026-08-31 22:29:04.890 Z] [PROCESS] [cadence.virtuoso.ade.simulationMonitor] - spectre completes with 0 errors, 4 warnings, and 12 notices. {"history": "Interactive.210", "point": 1, "testname": "TRAN", "cornername": "Nominal"}
[2026-08-31 22:29:04.890 Z] [PROCESS] [cadence.virtuoso.ade.simulationMonitor] - Finished simulating for one point {"hostname": "edatools", "processid": 77951, "history": "Interactive.210", "testname": "TRAN", "cornername": "Nominal", "point": 1, "logfile": "/home/saul/projects/LF_BG/logs_saul/logs5/Job12.log", "simid": "1"}
[2026-08-31 22:29:04.890 Z] [PROCESS] [cadence.virtuoso.ade.simulationMonitor] - Simulator exited {"hostname": "edatools", "processid": 77951, "history": "Interactive.210", "testname": "TRAN", "cornername": "Nominal", "point": 1, "logfile": "/home/saul/projects/LF_BG/logs_saul/logs5/Job12.log", "exitStatus": "0"}
[2026-08-31 22:29:04.890 Z] [PROCESS] [cadence.virtuoso.ade.simulationMonitor] - Finished Simulation {"hostname": "edatools", "processid": 77951, "history": "Interactive.210", "testname": "TRAN", "cornername": "Nominal", "point": 1, "logfile": "/home/saul/projects/LF_BG/logs_saul/logs5/Job12.log", "simid": "1"}
[2026-08-31 22:29:05.897 Z] [PROCESS] [cadence.virtuoso.ade.simulationMonitor] - Point Finished {"hostname": "edatools", "processid": 77951, "history": "Interactive.210", "testname": "TRAN", "cornername": "Nominal", "point": 1, "logfile": "/home/saul/projects/LF_BG/logs_saul/logs5/Job12.log"}
[2026-08-31 22:32:55.711 Z] [PROCESS] [cadence.virtuoso.ade.simulationMonitor] - Started History {"hostname": "edatools", "processid": 77951, "history": "Interactive.211", "testname": "TRAN", "cornername": "Nominal", "point": 1, "logfile": "/home/saul/projects/LF_BG/logs_saul/logs5/Job12.log"}
[2026-08-31 22:32:55.712 Z] [PROCESS] [cadence.virtuoso.ade.simulationMonitor] - HostInfo:
Host name (type):	edatools (x86_64)
Operating system:	Linux 7.0.0-30-generic #30~24.04.1-Ubuntu SMP PREEMPT_DYNAMIC Fri Aug  7 13:27:52 UTC 2 {"hostname": "edatools", "processid": 77951, "history": "Interactive.211", "testname": "TRAN", "cornername": "Nominal", "point": 1, "logfile": "/home/saul/projects/LF_BG/logs_saul/logs5/Job12.log", "nodename": "edatools", "domainname": "(none)", "machine": "x86_64", "sysname": "Linux", "release": "7.0.0-30-generic", "version": "#30~24.04.1-Ubuntu SMP PREEMPT_DYNAMIC Fri Aug  7 13:27:52 UTC 2"}
[2026-08-31 22:32:55.712 Z] [PROCESS] [cadence.virtuoso.ade.simulationMonitor] - UsageInfo:
pid=77951
totalPhysicalMemory=62.541851GB,Used=19.033440GB,totalVirtualMemory=70.541847GB,Used=19.033440GB
Cpu: Cores=16, Load average:0.130000,0.090000,0.050000 {"hostname": "edatools", "processid": 77951, "history": "Interactive.211", "testname": "TRAN", "cornername": "Nominal", "point": 1, "logfile": "/home/saul/projects/LF_BG/logs_saul/logs5/Job12.log", "pid": "77951", "totalPhysicalMemory": "62.541851", "physicalMemoryUsed": "19.033440", "totalVirtualMemory": "70.541847", "virtualMemoryUsed": "19.033440", "cpuCores": "16", "processes": "1552", "loadAverage1": "0.130000", "loadAverage5": "0.090000", "loadAverage15": "0.050000", "loadAverage1Percent": "0.008125"}
[2026-08-31 22:32:55.713 Z] [EVENT] [cadence.virtuoso.ade.simulationMonitor] - NewPoint {"history": "Interactive.211", "point": 1, "testname": "TRAN", "cornername": "Nominal", "event": "NewPoint", "EventSource": "Simulation Monitor", "HistoryName": "Interactive.211", "logFile": "/home/saul/projects/LF_BG/logs_saul/logs5/Job12.log", "logFileSize": "13951"}
[2026-08-31 22:32:55.816 Z] [EVENT] [cadence.virtuoso.ade.simulationMonitor] - NewPoint {"history": "Interactive.211", "point": 1, "testname": "TRAN", "cornername": "Nominal", "event": "NewPoint", "EventSource": "spectre", "HistoryName": "Interactive.211", "logFile": "/home/saul/simulation/REF_GEN/REF_GEN_f_TB/maestro/results/maestro/Interactive.211/1/TRAN/psf/spectre.out", "logFileSize": "-1"}
[2026-08-31 22:32:55.825 Z] [PROCESS] [cadence.virtuoso.ade.simulationMonitor] - Simulator launched {"hostname": "edatools", "processid": 77951, "history": "Interactive.211", "testname": "TRAN", "cornername": "Nominal", "point": 1, "logfile": "/home/saul/projects/LF_BG/logs_saul/logs5/Job12.log", "simid": "2"}
[2026-08-31 22:32:55.826 Z] [PROCESS] [cadence.virtuoso.ade.simulationMonitor] - Expression evaluator launched {"hostname": "edatools", "processid": 77951, "history": "Interactive.211", "testname": "TRAN", "cornername": "Nominal", "point": 1, "logfile": "/home/saul/projects/LF_BG/logs_saul/logs5/Job12.log"}
[2026-08-31 22:32:55.861 Z] [PROCESS] [cadence.virtuoso.ade.simulationMonitor] - Started Simulation {"hostname": "edatools", "processid": 77951, "history": "Interactive.211", "testname": "TRAN", "cornername": "Nominal", "point": 1, "logfile": "/home/saul/projects/LF_BG/logs_saul/logs5/Job12.log", "event": "started", "task": "simulation"}
[2026-08-31 22:32:56.361 Z] [INFO] [cadence.virtuoso.ade.simulationMonitor] - Peak resident memory used = 169 Mbytes. {"history": "Interactive.211", "point": 1, "testname": "TRAN", "cornername": "Nominal"}
[2026-08-31 22:32:58.862 Z] [INFO] [cadence.virtuoso.ade.simulationMonitor] - Notice from spectre during hierarchy flattening.
    Parasitic optimization will filter out parasitic nodes, nodes only connected to RCs, by default. To view individual parasitic nodes use individual save statements (i.e. save out), or use the 'savefilter=none' option to save all parasitic nodes. Saving all parasitic nodes may slow down simulation and create large waveform files. {"history": "Interactive.211", "point": 1, "testname": "TRAN", "cornername": "Nominal"}
[2026-08-31 22:32:58.863 Z] [INFO] [cadence.virtuoso.ade.simulationMonitor] - Peak resident memory used = 194 Mbytes. {"history": "Interactive.211", "point": 1, "testname": "TRAN", "cornername": "Nominal"}
[2026-08-31 22:32:58.864 Z] [INFO] [cadence.virtuoso.ade.simulationMonitor] - Notice from spectre during hierarchy flattening.
    The value 'psf' specified for the 'checklimitdest' option will no longer be supported in future releases. Use 'spectre -h' to see other recommended values for the 'checklimitdest' option. {"history": "Interactive.211", "point": 1, "testname": "TRAN", "cornername": "Nominal"}
[2026-08-31 22:32:58.864 Z] [WARN] [cadence.virtuoso.ade.simulationMonitor] -     WARNING (SPECTRE-16718): inlinesubcktcurrent option is set as `subckt', all the inline subckts will be treated as normal subckts when you access the current of their terminals. {"history": "Interactive.211", "point": 1, "testname": "TRAN", "cornername": "Nominal"}
[2026-08-31 22:32:58.864 Z] [WARN] [cadence.virtuoso.ade.simulationMonitor] -     WARNING (SPECTRE-8527): There are some nodes and instances removed from the netlist topology check. Check the circuit and correct the topology. Or use preserve_inst to keep them if necessary. {"history": "Interactive.211", "point": 1, "testname": "TRAN", "cornername": "Nominal"}
[2026-08-31 22:32:58.865 Z] [WARN] [cadence.virtuoso.ade.simulationMonitor] -     WARNING (SPECTRE-8529): Dangling instance. V9 is removed. {"history": "Interactive.211", "point": 1, "testname": "TRAN", "cornername": "Nominal"}
[2026-08-31 22:32:58.865 Z] [WARN] [cadence.virtuoso.ade.simulationMonitor] -     WARNING (SPECTRE-8530): Dangling node. net9 is removed. {"history": "Interactive.211", "point": 1, "testname": "TRAN", "cornername": "Nominal"}
[2026-08-31 22:32:58.865 Z] [INFO] [cadence.virtuoso.ade.simulationMonitor] - Peak resident memory used = 195 Mbytes. {"history": "Interactive.211", "point": 1, "testname": "TRAN", "cornername": "Nominal"}
[2026-08-31 22:32:58.866 Z] [INFO] [cadence.virtuoso.ade.simulationMonitor] - Notice from spectre during topology check.
    No DC path from node `VbgT' to ground, Gmin installed to provide path.
    No DC path from node `V1000' to ground, Gmin installed to provide path.
    No DC path from node `V550' to ground, Gmin installed to provide path.
    No DC path from node `LVDS' to ground, Gmin installed to provide path.
    No DC path from node `LDO' to ground, Gmin installed to provide path.
        Further occurrences of this notice will be suppressed. {"history": "Interactive.211", "point": 1, "testname": "TRAN", "cornername": "Nominal"}
[2026-08-31 22:32:58.867 Z] [INFO] [cadence.virtuoso.ade.simulationMonitor] - Notice from spectre during initial setup.
    Number of thread was limited to 1 because of small circuit size. {"history": "Interactive.211", "point": 1, "testname": "TRAN", "cornername": "Nominal"}
[2026-08-31 22:32:58.867 Z] [INFO] [cadence.virtuoso.ade.simulationMonitor] -               nodes 56 {"history": "Interactive.211", "point": 1, "testname": "TRAN", "cornername": "Nominal"}
[2026-08-31 22:32:58.868 Z] [INFO] [cadence.virtuoso.ade.simulationMonitor] - Notice from spectre during initial setup.
    Parasitics reduction enabled. 
         (Resistors reduced by 0.00%  Capacitors reduced by 0.00%, 0.00% of capacitors are coupled after RC reduction).  {"history": "Interactive.211", "point": 1, "testname": "TRAN", "cornername": "Nominal"}
[2026-08-31 22:32:58.868 Z] [INFO] [cadence.virtuoso.ade.simulationMonitor] - Notice from spectre during initial setup.
    1 vsources are shorted because their absolute value is less than or equal to 'vabsshort'.
    Fast APS enabled. {"history": "Interactive.211", "point": 1, "testname": "TRAN", "cornername": "Nominal"}
[2026-08-31 22:32:58.869 Z] [INFO] [cadence.virtuoso.ade.simulationMonitor] - Peak resident memory used = 202 Mbytes. {"history": "Interactive.211", "point": 1, "testname": "TRAN", "cornername": "Nominal"}
[2026-08-31 22:32:58.869 Z] [INFO] [cadence.virtuoso.ade.simulationMonitor] -    -   (Fast APS) Multi-threading. The recommended number of threads is 1, consider adding +mt=1 on command line. {"history": "Interactive.211", "point": 1, "testname": "TRAN", "cornername": "Nominal"}
[2026-08-31 22:32:58.869 Z] [INFO] [cadence.virtuoso.ade.simulationMonitor] - Total time required for dc analysis `dcOp': CPU = 2.817 ms, elapsed = 6.387 ms, util. = 44.1%. {"history": "Interactive.211", "point": 1, "testname": "TRAN", "cornername": "Nominal"}
[2026-08-31 22:32:58.870 Z] [INFO] [cadence.virtuoso.ade.simulationMonitor] - Peak resident memory used = 202 Mbytes. {"history": "Interactive.211", "point": 1, "testname": "TRAN", "cornername": "Nominal"}
[2026-08-31 22:32:58.870 Z] [INFO] [cadence.virtuoso.ade.simulationMonitor] - Total time required for tran analysis `tran': CPU = 79.765 ms, elapsed = 84.5749 ms, util. = 94.3%. {"history": "Interactive.211", "point": 1, "testname": "TRAN", "cornername": "Nominal"}
[2026-08-31 22:32:58.870 Z] [INFO] [cadence.virtuoso.ade.simulationMonitor] - Peak resident memory used = 202 Mbytes. {"history": "Interactive.211", "point": 1, "testname": "TRAN", "cornername": "Nominal"}
[2026-08-31 22:32:58.870 Z] [INFO] [cadence.virtuoso.ade.simulationMonitor] - Time used: CPU = 319 ms, elapsed = 2.71 s, util. = 11.8%. {"history": "Interactive.211", "point": 1, "testname": "TRAN", "cornername": "Nominal"}
[2026-08-31 22:32:58.871 Z] [INFO] [cadence.virtuoso.ade.simulationMonitor] - Time spent in licensing: elapsed = 30.6 ms. {"history": "Interactive.211", "point": 1, "testname": "TRAN", "cornername": "Nominal"}
[2026-08-31 22:32:58.871 Z] [INFO] [cadence.virtuoso.ade.simulationMonitor] - Peak memory used = 202 Mbytes. {"history": "Interactive.211", "point": 1, "testname": "TRAN", "cornername": "Nominal"}
[2026-08-31 22:32:58.872 Z] [PROCESS] [cadence.virtuoso.ade.simulationMonitor] - Simulation started at: 10:32:55 PM, Mon Aug 31, 2026, ended at: 10:32:58 PM, Mon Aug 31, 2026, with elapsed time (wall clock): 2.71 s. {"history": "Interactive.211", "point": 1, "testname": "TRAN", "cornername": "Nominal"}
[2026-08-31 22:32:58.872 Z] [PROCESS] [cadence.virtuoso.ade.simulationMonitor] - spectre completes with 0 errors, 4 warnings, and 12 notices. {"history": "Interactive.211", "point": 1, "testname": "TRAN", "cornername": "Nominal"}
[2026-08-31 22:32:58.873 Z] [PROCESS] [cadence.virtuoso.ade.simulationMonitor] - Finished simulating for one point {"hostname": "edatools", "processid": 77951, "history": "Interactive.211", "testname": "TRAN", "cornername": "Nominal", "point": 1, "logfile": "/home/saul/projects/LF_BG/logs_saul/logs5/Job12.log", "simid": "2"}
[2026-08-31 22:32:58.873 Z] [PROCESS] [cadence.virtuoso.ade.simulationMonitor] - Simulator exited {"hostname": "edatools", "processid": 77951, "history": "Interactive.211", "testname": "TRAN", "cornername": "Nominal", "point": 1, "logfile": "/home/saul/projects/LF_BG/logs_saul/logs5/Job12.log", "exitStatus": "0"}
[2026-08-31 22:32:58.873 Z] [PROCESS] [cadence.virtuoso.ade.simulationMonitor] - Finished Simulation {"hostname": "edatools", "processid": 77951, "history": "Interactive.211", "testname": "TRAN", "cornername": "Nominal", "point": 1, "logfile": "/home/saul/projects/LF_BG/logs_saul/logs5/Job12.log", "simid": "2"}
[2026-08-31 22:32:59.890 Z] [PROCESS] [cadence.virtuoso.ade.simulationMonitor] - Point Finished {"hostname": "edatools", "processid": 77951, "history": "Interactive.211", "testname": "TRAN", "cornername": "Nominal", "point": 1, "logfile": "/home/saul/projects/LF_BG/logs_saul/logs5/Job12.log"}
[2026-08-31 22:33:40.960 Z] [PROCESS] [cadence.virtuoso.ade.simulationMonitor] - Started History {"hostname": "edatools", "processid": 77951, "history": "Interactive.212", "testname": "TRAN", "cornername": "Nominal", "point": 1, "logfile": "/home/saul/projects/LF_BG/logs_saul/logs5/Job12.log"}
[2026-08-31 22:33:40.961 Z] [PROCESS] [cadence.virtuoso.ade.simulationMonitor] - HostInfo:
Host name (type):	edatools (x86_64)
Operating system:	Linux 7.0.0-30-generic #30~24.04.1-Ubuntu SMP PREEMPT_DYNAMIC Fri Aug  7 13:27:52 UTC 2 {"hostname": "edatools", "processid": 77951, "history": "Interactive.212", "testname": "TRAN", "cornername": "Nominal", "point": 1, "logfile": "/home/saul/projects/LF_BG/logs_saul/logs5/Job12.log", "nodename": "edatools", "domainname": "(none)", "machine": "x86_64", "sysname": "Linux", "release": "7.0.0-30-generic", "version": "#30~24.04.1-Ubuntu SMP PREEMPT_DYNAMIC Fri Aug  7 13:27:52 UTC 2"}
[2026-08-31 22:33:40.961 Z] [PROCESS] [cadence.virtuoso.ade.simulationMonitor] - UsageInfo:
pid=77951
totalPhysicalMemory=62.541851GB,Used=19.027164GB,totalVirtualMemory=70.541847GB,Used=19.027164GB
Cpu: Cores=16, Load average:0.550000,0.230000,0.100000 {"hostname": "edatools", "processid": 77951, "history": "Interactive.212", "testname": "TRAN", "cornername": "Nominal", "point": 1, "logfile": "/home/saul/projects/LF_BG/logs_saul/logs5/Job12.log", "pid": "77951", "totalPhysicalMemory": "62.541851", "physicalMemoryUsed": "19.027164", "totalVirtualMemory": "70.541847", "virtualMemoryUsed": "19.027164", "cpuCores": "16", "processes": "1571", "loadAverage1": "0.550000", "loadAverage5": "0.230000", "loadAverage15": "0.100000", "loadAverage1Percent": "0.034375"}
[2026-08-31 22:33:40.962 Z] [EVENT] [cadence.virtuoso.ade.simulationMonitor] - NewPoint {"history": "Interactive.212", "point": 1, "testname": "TRAN", "cornername": "Nominal", "event": "NewPoint", "EventSource": "Simulation Monitor", "HistoryName": "Interactive.212", "logFile": "/home/saul/projects/LF_BG/logs_saul/logs5/Job12.log", "logFileSize": "25737"}
[2026-08-31 22:33:41.064 Z] [EVENT] [cadence.virtuoso.ade.simulationMonitor] - NewPoint {"history": "Interactive.212", "point": 1, "testname": "TRAN", "cornername": "Nominal", "event": "NewPoint", "EventSource": "spectre", "HistoryName": "Interactive.212", "logFile": "/home/saul/simulation/REF_GEN/REF_GEN_f_TB/maestro/results/maestro/Interactive.212/1/TRAN/psf/spectre.out", "logFileSize": "-1"}
[2026-08-31 22:33:41.081 Z] [PROCESS] [cadence.virtuoso.ade.simulationMonitor] - Simulator launched {"hostname": "edatools", "processid": 77951, "history": "Interactive.212", "testname": "TRAN", "cornername": "Nominal", "point": 1, "logfile": "/home/saul/projects/LF_BG/logs_saul/logs5/Job12.log", "simid": "3"}
[2026-08-31 22:33:41.084 Z] [PROCESS] [cadence.virtuoso.ade.simulationMonitor] - Expression evaluator launched {"hostname": "edatools", "processid": 77951, "history": "Interactive.212", "testname": "TRAN", "cornername": "Nominal", "point": 1, "logfile": "/home/saul/projects/LF_BG/logs_saul/logs5/Job12.log"}
[2026-08-31 22:33:41.119 Z] [PROCESS] [cadence.virtuoso.ade.simulationMonitor] - Started Simulation {"hostname": "edatools", "processid": 77951, "history": "Interactive.212", "testname": "TRAN", "cornername": "Nominal", "point": 1, "logfile": "/home/saul/projects/LF_BG/logs_saul/logs5/Job12.log", "event": "started", "task": "simulation"}
[2026-08-31 22:33:41.619 Z] [INFO] [cadence.virtuoso.ade.simulationMonitor] - Peak resident memory used = 169 Mbytes. {"history": "Interactive.212", "point": 1, "testname": "TRAN", "cornername": "Nominal"}
[2026-08-31 22:33:41.619 Z] [INFO] [cadence.virtuoso.ade.simulationMonitor] - Notice from spectre during hierarchy flattening.
    Parasitic optimization will filter out parasitic nodes, nodes only connected to RCs, by default. To view individual parasitic nodes use individual save statements (i.e. save out), or use the 'savefilter=none' option to save all parasitic nodes. Saving all parasitic nodes may slow down simulation and create large waveform files. {"history": "Interactive.212", "point": 1, "testname": "TRAN", "cornername": "Nominal"}
[2026-08-31 22:33:41.619 Z] [INFO] [cadence.virtuoso.ade.simulationMonitor] - Peak resident memory used = 179 Mbytes. {"history": "Interactive.212", "point": 1, "testname": "TRAN", "cornername": "Nominal"}
[2026-08-31 22:33:41.619 Z] [INFO] [cadence.virtuoso.ade.simulationMonitor] - Notice from spectre during hierarchy flattening.
    The value 'psf' specified for the 'checklimitdest' option will no longer be supported in future releases. Use 'spectre -h' to see other recommended values for the 'checklimitdest' option. {"history": "Interactive.212", "point": 1, "testname": "TRAN", "cornername": "Nominal"}
[2026-08-31 22:33:41.619 Z] [WARN] [cadence.virtuoso.ade.simulationMonitor] -     WARNING (SPECTRE-16718): inlinesubcktcurrent option is set as `subckt', all the inline subckts will be treated as normal subckts when you access the current of their terminals. {"history": "Interactive.212", "point": 1, "testname": "TRAN", "cornername": "Nominal"}
[2026-08-31 22:33:41.620 Z] [WARN] [cadence.virtuoso.ade.simulationMonitor] -     WARNING (SPECTRE-8527): There are some nodes and instances removed from the netlist topology check. Check the circuit and correct the topology. Or use preserve_inst to keep them if necessary. {"history": "Interactive.212", "point": 1, "testname": "TRAN", "cornername": "Nominal"}
[2026-08-31 22:33:41.620 Z] [WARN] [cadence.virtuoso.ade.simulationMonitor] -     WARNING (SPECTRE-8529): Dangling instance. V9 is removed. {"history": "Interactive.212", "point": 1, "testname": "TRAN", "cornername": "Nominal"}
[2026-08-31 22:33:41.620 Z] [WARN] [cadence.virtuoso.ade.simulationMonitor] -     WARNING (SPECTRE-8530): Dangling node. net9 is removed. {"history": "Interactive.212", "point": 1, "testname": "TRAN", "cornername": "Nominal"}
[2026-08-31 22:33:41.620 Z] [INFO] [cadence.virtuoso.ade.simulationMonitor] - Peak resident memory used = 181 Mbytes. {"history": "Interactive.212", "point": 1, "testname": "TRAN", "cornername": "Nominal"}
[2026-08-31 22:33:41.620 Z] [INFO] [cadence.virtuoso.ade.simulationMonitor] - Notice from spectre during topology check.
    No DC path from node `VbgT' to ground, Gmin installed to provide path.
    No DC path from node `V1000' to ground, Gmin installed to provide path.
    No DC path from node `V550' to ground, Gmin installed to provide path.
    No DC path from node `LVDS' to ground, Gmin installed to provide path.
    No DC path from node `LDO' to ground, Gmin installed to provide path.
        Further occurrences of this notice will be suppressed. {"history": "Interactive.212", "point": 1, "testname": "TRAN", "cornername": "Nominal"}
[2026-08-31 22:33:41.620 Z] [INFO] [cadence.virtuoso.ade.simulationMonitor] - Notice from spectre during initial setup.
    Number of thread was limited to 1 because of small circuit size. {"history": "Interactive.212", "point": 1, "testname": "TRAN", "cornername": "Nominal"}
[2026-08-31 22:33:41.620 Z] [INFO] [cadence.virtuoso.ade.simulationMonitor] -               nodes 56 {"history": "Interactive.212", "point": 1, "testname": "TRAN", "cornername": "Nominal"}
[2026-08-31 22:33:41.620 Z] [INFO] [cadence.virtuoso.ade.simulationMonitor] - Notice from spectre during initial setup.
    Parasitics reduction enabled. 
         (Resistors reduced by 0.00%  Capacitors reduced by 0.00%, 0.00% of capacitors are coupled after RC reduction).  {"history": "Interactive.212", "point": 1, "testname": "TRAN", "cornername": "Nominal"}
[2026-08-31 22:33:41.620 Z] [INFO] [cadence.virtuoso.ade.simulationMonitor] - Notice from spectre during initial setup.
    1 vsources are shorted because their absolute value is less than or equal to 'vabsshort'.
    Fast APS enabled. {"history": "Interactive.212", "point": 1, "testname": "TRAN", "cornername": "Nominal"}
[2026-08-31 22:33:41.620 Z] [INFO] [cadence.virtuoso.ade.simulationMonitor] - Peak resident memory used = 189 Mbytes. {"history": "Interactive.212", "point": 1, "testname": "TRAN", "cornername": "Nominal"}
[2026-08-31 22:33:41.620 Z] [INFO] [cadence.virtuoso.ade.simulationMonitor] -    -   (Fast APS) Multi-threading. The recommended number of threads is 1, consider adding +mt=1 on command line. {"history": "Interactive.212", "point": 1, "testname": "TRAN", "cornername": "Nominal"}
[2026-08-31 22:33:41.620 Z] [INFO] [cadence.virtuoso.ade.simulationMonitor] - Total time required for dc analysis `dcOp': CPU = 2.403 ms, elapsed = 5.94592 ms, util. = 40.4%. {"history": "Interactive.212", "point": 1, "testname": "TRAN", "cornername": "Nominal"}
[2026-08-31 22:33:41.620 Z] [INFO] [cadence.virtuoso.ade.simulationMonitor] - Peak resident memory used = 192 Mbytes. {"history": "Interactive.212", "point": 1, "testname": "TRAN", "cornername": "Nominal"}
[2026-08-31 22:33:42.121 Z] [INFO] [cadence.virtuoso.ade.simulationMonitor] - Total time required for tran analysis `tran': CPU = 71.067 ms, elapsed = 75.397 ms, util. = 94.3%. {"history": "Interactive.212", "point": 1, "testname": "TRAN", "cornername": "Nominal"}
[2026-08-31 22:33:42.121 Z] [INFO] [cadence.virtuoso.ade.simulationMonitor] - Peak resident memory used = 196 Mbytes. {"history": "Interactive.212", "point": 1, "testname": "TRAN", "cornername": "Nominal"}
[2026-08-31 22:33:42.122 Z] [INFO] [cadence.virtuoso.ade.simulationMonitor] - Time used: CPU = 255 ms, elapsed = 419 ms, util. = 61%. {"history": "Interactive.212", "point": 1, "testname": "TRAN", "cornername": "Nominal"}
[2026-08-31 22:33:42.122 Z] [INFO] [cadence.virtuoso.ade.simulationMonitor] - Time spent in licensing: elapsed = 24.8 ms, percentage of total = 5.93%. {"history": "Interactive.212", "point": 1, "testname": "TRAN", "cornername": "Nominal"}
[2026-08-31 22:33:42.122 Z] [INFO] [cadence.virtuoso.ade.simulationMonitor] - Peak memory used = 197 Mbytes. {"history": "Interactive.212", "point": 1, "testname": "TRAN", "cornername": "Nominal"}
[2026-08-31 22:33:42.122 Z] [PROCESS] [cadence.virtuoso.ade.simulationMonitor] - Simulation started at: 10:33:41 PM, Mon Aug 31, 2026, ended at: 10:33:41 PM, Mon Aug 31, 2026, with elapsed time (wall clock): 419 ms. {"history": "Interactive.212", "point": 1, "testname": "TRAN", "cornername": "Nominal"}
[2026-08-31 22:33:42.122 Z] [PROCESS] [cadence.virtuoso.ade.simulationMonitor] - spectre completes with 0 errors, 4 warnings, and 12 notices. {"history": "Interactive.212", "point": 1, "testname": "TRAN", "cornername": "Nominal"}
[2026-08-31 22:33:42.122 Z] [PROCESS] [cadence.virtuoso.ade.simulationMonitor] - Finished simulating for one point {"hostname": "edatools", "processid": 77951, "history": "Interactive.212", "testname": "TRAN", "cornername": "Nominal", "point": 1, "logfile": "/home/saul/projects/LF_BG/logs_saul/logs5/Job12.log", "simid": "3"}
[2026-08-31 22:33:42.123 Z] [PROCESS] [cadence.virtuoso.ade.simulationMonitor] - Simulator exited {"hostname": "edatools", "processid": 77951, "history": "Interactive.212", "testname": "TRAN", "cornername": "Nominal", "point": 1, "logfile": "/home/saul/projects/LF_BG/logs_saul/logs5/Job12.log", "exitStatus": "0"}
[2026-08-31 22:33:42.123 Z] [PROCESS] [cadence.virtuoso.ade.simulationMonitor] - Finished Simulation {"hostname": "edatools", "processid": 77951, "history": "Interactive.212", "testname": "TRAN", "cornername": "Nominal", "point": 1, "logfile": "/home/saul/projects/LF_BG/logs_saul/logs5/Job12.log", "simid": "3"}
[2026-08-31 22:33:44.131 Z] [PROCESS] [cadence.virtuoso.ade.simulationMonitor] - Point Finished {"hostname": "edatools", "processid": 77951, "history": "Interactive.212", "testname": "TRAN", "cornername": "Nominal", "point": 1, "logfile": "/home/saul/projects/LF_BG/logs_saul/logs5/Job12.log"}
[2026-08-31 22:35:58.000 Z] [PROCESS] [cadence.virtuoso.ade.simulationMonitor] - Started History {"hostname": "edatools", "processid": 77951, "history": "Interactive.213", "testname": "TRAN", "cornername": "Nominal", "point": 1, "logfile": "/home/saul/projects/LF_BG/logs_saul/logs5/Job12.log"}
[2026-08-31 22:35:58.001 Z] [PROCESS] [cadence.virtuoso.ade.simulationMonitor] - HostInfo:
Host name (type):	edatools (x86_64)
Operating system:	Linux 7.0.0-30-generic #30~24.04.1-Ubuntu SMP PREEMPT_DYNAMIC Fri Aug  7 13:27:52 UTC 2 {"hostname": "edatools", "processid": 77951, "history": "Interactive.213", "testname": "TRAN", "cornername": "Nominal", "point": 1, "logfile": "/home/saul/projects/LF_BG/logs_saul/logs5/Job12.log", "nodename": "edatools", "domainname": "(none)", "machine": "x86_64", "sysname": "Linux", "release": "7.0.0-30-generic", "version": "#30~24.04.1-Ubuntu SMP PREEMPT_DYNAMIC Fri Aug  7 13:27:52 UTC 2"}
[2026-08-31 22:35:58.002 Z] [PROCESS] [cadence.virtuoso.ade.simulationMonitor] - UsageInfo:
pid=77951
totalPhysicalMemory=62.541851GB,Used=19.039532GB,totalVirtualMemory=70.541847GB,Used=19.039532GB
Cpu: Cores=16, Load average:0.220000,0.190000,0.100000 {"hostname": "edatools", "processid": 77951, "history": "Interactive.213", "testname": "TRAN", "cornername": "Nominal", "point": 1, "logfile": "/home/saul/projects/LF_BG/logs_saul/logs5/Job12.log", "pid": "77951", "totalPhysicalMemory": "62.541851", "physicalMemoryUsed": "19.039532", "totalVirtualMemory": "70.541847", "virtualMemoryUsed": "19.039532", "cpuCores": "16", "processes": "1567", "loadAverage1": "0.220000", "loadAverage5": "0.190000", "loadAverage15": "0.100000", "loadAverage1Percent": "0.013750"}
[2026-08-31 22:35:58.003 Z] [EVENT] [cadence.virtuoso.ade.simulationMonitor] - NewPoint {"history": "Interactive.213", "point": 1, "testname": "TRAN", "cornername": "Nominal", "event": "NewPoint", "EventSource": "Simulation Monitor", "HistoryName": "Interactive.213", "logFile": "/home/saul/projects/LF_BG/logs_saul/logs5/Job12.log", "logFileSize": "37551"}
[2026-08-31 22:35:58.105 Z] [EVENT] [cadence.virtuoso.ade.simulationMonitor] - NewPoint {"history": "Interactive.213", "point": 1, "testname": "TRAN", "cornername": "Nominal", "event": "NewPoint", "EventSource": "spectre", "HistoryName": "Interactive.213", "logFile": "/home/saul/simulation/REF_GEN/REF_GEN_f_TB/maestro/results/maestro/Interactive.213/1/TRAN/psf/spectre.out", "logFileSize": "-1"}
[2026-08-31 22:35:58.114 Z] [PROCESS] [cadence.virtuoso.ade.simulationMonitor] - Simulator launched {"hostname": "edatools", "processid": 77951, "history": "Interactive.213", "testname": "TRAN", "cornername": "Nominal", "point": 1, "logfile": "/home/saul/projects/LF_BG/logs_saul/logs5/Job12.log", "simid": "4"}
[2026-08-31 22:35:58.115 Z] [PROCESS] [cadence.virtuoso.ade.simulationMonitor] - Expression evaluator launched {"hostname": "edatools", "processid": 77951, "history": "Interactive.213", "testname": "TRAN", "cornername": "Nominal", "point": 1, "logfile": "/home/saul/projects/LF_BG/logs_saul/logs5/Job12.log"}
[2026-08-31 22:35:58.151 Z] [PROCESS] [cadence.virtuoso.ade.simulationMonitor] - Started Simulation {"hostname": "edatools", "processid": 77951, "history": "Interactive.213", "testname": "TRAN", "cornername": "Nominal", "point": 1, "logfile": "/home/saul/projects/LF_BG/logs_saul/logs5/Job12.log", "event": "started", "task": "simulation"}
[2026-08-31 22:35:58.651 Z] [INFO] [cadence.virtuoso.ade.simulationMonitor] - Peak resident memory used = 169 Mbytes. {"history": "Interactive.213", "point": 1, "testname": "TRAN", "cornername": "Nominal"}
[2026-08-31 22:35:58.651 Z] [WARN] [cadence.virtuoso.ade.simulationMonitor] -     WARNING (SFE-2649): Terminals of top-level instance `Q3', in file`input.scs', at line 358, are connected. Remove the instance and rerun the simulation. {"history": "Interactive.213", "point": 1, "testname": "TRAN", "cornername": "Nominal"}
[2026-08-31 22:35:58.651 Z] [WARN] [cadence.virtuoso.ade.simulationMonitor] -     WARNING (SFE-2649): Terminals of top-level instance `Q2', in file`input.scs', at line 359, are connected. Remove the instance and rerun the simulation. {"history": "Interactive.213", "point": 1, "testname": "TRAN", "cornername": "Nominal"}
[2026-08-31 22:35:58.651 Z] [WARN] [cadence.virtuoso.ade.simulationMonitor] -     WARNING (SFE-2649): Terminals of top-level instance `M14', in file`input.scs', at line 1728, are connected. Remove the instance and rerun the simulation. {"history": "Interactive.213", "point": 1, "testname": "TRAN", "cornername": "Nominal"}
[2026-08-31 22:35:58.652 Z] [WARN] [cadence.virtuoso.ade.simulationMonitor] -     WARNING (SFE-2649): Terminals of top-level instance `M15', in file`input.scs', at line 1768, are connected. Remove the instance and rerun the simulation. {"history": "Interactive.213", "point": 1, "testname": "TRAN", "cornername": "Nominal"}
[2026-08-31 22:35:58.652 Z] [WARN] [cadence.virtuoso.ade.simulationMonitor] -     WARNING (SFE-2649): Terminals of top-level instance `M93', in file`input.scs', at line 1210, are connected. Remove the instance and rerun the simulation.
        Further occurrences of this warning will be suppressed. {"history": "Interactive.213", "point": 1, "testname": "TRAN", "cornername": "Nominal"}
[2026-08-31 22:35:59.152 Z] [INFO] [cadence.virtuoso.ade.simulationMonitor] - Notice from spectre during hierarchy flattening.
    Parasitic optimization will filter out parasitic nodes, nodes only connected to RCs, by default. To view individual parasitic nodes use individual save statements (i.e. save out), or use the 'savefilter=none' option to save all parasitic nodes. Saving all parasitic nodes may slow down simulation and create large waveform files. {"history": "Interactive.213", "point": 1, "testname": "TRAN", "cornername": "Nominal"}
[2026-08-31 22:35:59.152 Z] [INFO] [cadence.virtuoso.ade.simulationMonitor] - Peak resident memory used = 187 Mbytes. {"history": "Interactive.213", "point": 1, "testname": "TRAN", "cornername": "Nominal"}
[2026-08-31 22:35:59.152 Z] [INFO] [cadence.virtuoso.ade.simulationMonitor] - Notice from spectre during hierarchy flattening.
    The value 'psf' specified for the 'checklimitdest' option will no longer be supported in future releases. Use 'spectre -h' to see other recommended values for the 'checklimitdest' option. {"history": "Interactive.213", "point": 1, "testname": "TRAN", "cornername": "Nominal"}
[2026-08-31 22:35:59.153 Z] [WARN] [cadence.virtuoso.ade.simulationMonitor] -     WARNING (SPECTRE-16718): inlinesubcktcurrent option is set as `subckt', all the inline subckts will be treated as normal subckts when you access the current of their terminals. {"history": "Interactive.213", "point": 1, "testname": "TRAN", "cornername": "Nominal"}
[2026-08-31 22:35:59.153 Z] [WARN] [cadence.virtuoso.ade.simulationMonitor] -     WARNING (SPECTRE-8527): There are some nodes and instances removed from the netlist topology check. Check the circuit and correct the topology. Or use preserve_inst to keep them if necessary. {"history": "Interactive.213", "point": 1, "testname": "TRAN", "cornername": "Nominal"}
[2026-08-31 22:35:59.153 Z] [WARN] [cadence.virtuoso.ade.simulationMonitor] -     WARNING (SPECTRE-8529): Dangling instance. V9 is removed. {"history": "Interactive.213", "point": 1, "testname": "TRAN", "cornername": "Nominal"}
[2026-08-31 22:35:59.153 Z] [WARN] [cadence.virtuoso.ade.simulationMonitor] -     WARNING (SPECTRE-8528): The I8.I0.I8.R11.R_0_0.cn device is removed because its terminals are connected together. Check the device in the netlist file to ensure that this warning can be ignored. {"history": "Interactive.213", "point": 1, "testname": "TRAN", "cornername": "Nominal"}
[2026-08-31 22:35:59.153 Z] [WARN] [cadence.virtuoso.ade.simulationMonitor] -     WARNING (SPECTRE-8528): The I8.I0.I5.R11.R_0_0.cn device is removed because its terminals are connected together. Check the device in the netlist file to ensure that this warning can be ignored. {"history": "Interactive.213", "point": 1, "testname": "TRAN", "cornername": "Nominal"}
[2026-08-31 22:35:59.153 Z] [WARN] [cadence.virtuoso.ade.simulationMonitor] -     WARNING (SPECTRE-8528): The I8.I0.I4.R9.R_0_4_turbo_m5.cn device is removed because its terminals are connected together. Check the device in the netlist file to ensure that this warning can be ignored. {"history": "Interactive.213", "point": 1, "testname": "TRAN", "cornername": "Nominal"}
[2026-08-31 22:35:59.153 Z] [WARN] [cadence.virtuoso.ade.simulationMonitor] -     WARNING (SPECTRE-8528): The I8.I7.R12.R_0_21.cp device is removed because its terminals are connected together. Check the device in the netlist file to ensure that this warning can be ignored. {"history": "Interactive.213", "point": 1, "testname": "TRAN", "cornername": "Nominal"}
[2026-08-31 22:35:59.153 Z] [WARN] [cadence.virtuoso.ade.simulationMonitor] -     WARNING (SPECTRE-8528): The I8.I3.R1.R_0_74.cn device is removed because its terminals are connected together. Check the device in the netlist file to ensure that this warning can be ignored.
        Further occurrences of this warning will be suppressed. {"history": "Interactive.213", "point": 1, "testname": "TRAN", "cornername": "Nominal"}
[2026-08-31 22:35:59.153 Z] [WARN] [cadence.virtuoso.ade.simulationMonitor] -     WARNING (SPECTRE-8530): Dangling node. net9 is removed. {"history": "Interactive.213", "point": 1, "testname": "TRAN", "cornername": "Nominal"}
[2026-08-31 22:35:59.153 Z] [INFO] [cadence.virtuoso.ade.simulationMonitor] - Peak resident memory used = 194 Mbytes. {"history": "Interactive.213", "point": 1, "testname": "TRAN", "cornername": "Nominal"}
[2026-08-31 22:35:59.153 Z] [WARN] [cadence.virtuoso.ade.simulationMonitor] -     WARNING (CMI-2318): I8.I0.I10.Q1: Parasitic resistor `rc' has been deleted because its value of 473.498 uOhm ( R / MFactor ) was smaller than `minr'. {"history": "Interactive.213", "point": 1, "testname": "TRAN", "cornername": "Nominal"}
[2026-08-31 22:35:59.153 Z] [WARN] [cadence.virtuoso.ade.simulationMonitor] -     WARNING (CMI-2318): I8.I0.I10.Q1: Parasitic resistor `re' has been deleted because its value of 2.69521 mOhm ( R / MFactor ) was smaller than `minr'. {"history": "Interactive.213", "point": 1, "testname": "TRAN", "cornername": "Nominal"}
[2026-08-31 22:35:59.153 Z] [INFO] [cadence.virtuoso.ade.simulationMonitor] -               nodes 979 {"history": "Interactive.213", "point": 1, "testname": "TRAN", "cornername": "Nominal"}
[2026-08-31 22:35:59.153 Z] [INFO] [cadence.virtuoso.ade.simulationMonitor] - Notice from spectre during initial setup.
    Parasitics reduction enabled. 
         (Resistors reduced by 0.00%  Capacitors reduced by 71.94%, 0.00% of capacitors are coupled after RC reduction).  {"history": "Interactive.213", "point": 1, "testname": "TRAN", "cornername": "Nominal"}
[2026-08-31 22:35:59.153 Z] [INFO] [cadence.virtuoso.ade.simulationMonitor] - Notice from spectre during initial setup.
    1 vsources are shorted because their absolute value is less than or equal to 'vabsshort'.
    Fast APS enabled.
    20 warnings suppressed. {"history": "Interactive.213", "point": 1, "testname": "TRAN", "cornername": "Nominal"}
[2026-08-31 22:35:59.153 Z] [INFO] [cadence.virtuoso.ade.simulationMonitor] - Notice from spectre.
    Multithreading enabled: 8 threads in the system with 16 available processors. {"history": "Interactive.213", "point": 1, "testname": "TRAN", "cornername": "Nominal"}
[2026-08-31 22:35:59.153 Z] [INFO] [cadence.virtuoso.ade.simulationMonitor] - Peak resident memory used = 208 Mbytes. {"history": "Interactive.213", "point": 1, "testname": "TRAN", "cornername": "Nominal"}
[2026-08-31 22:35:59.154 Z] [INFO] [cadence.virtuoso.ade.simulationMonitor] -    -   (Fast APS) Multi-threading. The recommended number of threads is 4, consider adding +mt=4 on command line. {"history": "Interactive.213", "point": 1, "testname": "TRAN", "cornername": "Nominal"}
[2026-08-31 22:35:59.154 Z] [INFO] [cadence.virtuoso.ade.simulationMonitor] - Total time required for dc analysis `dcOp': CPU = 102.595 ms, elapsed = 48.0959 ms, util. = 213%. {"history": "Interactive.213", "point": 1, "testname": "TRAN", "cornername": "Nominal"}
[2026-08-31 22:35:59.154 Z] [INFO] [cadence.virtuoso.ade.simulationMonitor] - Peak resident memory used = 216 Mbytes. {"history": "Interactive.213", "point": 1, "testname": "TRAN", "cornername": "Nominal"}
[2026-08-31 22:36:00.154 Z] [INFO] [cadence.virtuoso.ade.simulationMonitor] - Total time required for tran analysis `tran': CPU = 3.87803 s, elapsed = 1.03109 s, util. = 376%. {"history": "Interactive.213", "point": 1, "testname": "TRAN", "cornername": "Nominal"}
[2026-08-31 22:36:00.154 Z] [INFO] [cadence.virtuoso.ade.simulationMonitor] - Peak resident memory used = 262 Mbytes. {"history": "Interactive.213", "point": 1, "testname": "TRAN", "cornername": "Nominal"}
[2026-08-31 22:36:00.154 Z] [INFO] [cadence.virtuoso.ade.simulationMonitor] - Time used: CPU = 4.44 s, elapsed = 1.76 s, util. = 252%. {"history": "Interactive.213", "point": 1, "testname": "TRAN", "cornername": "Nominal"}
[2026-08-31 22:36:00.154 Z] [INFO] [cadence.virtuoso.ade.simulationMonitor] - Time spent in licensing: elapsed = 32.9 ms. {"history": "Interactive.213", "point": 1, "testname": "TRAN", "cornername": "Nominal"}
[2026-08-31 22:36:00.154 Z] [INFO] [cadence.virtuoso.ade.simulationMonitor] - Peak memory used = 261 Mbytes. {"history": "Interactive.213", "point": 1, "testname": "TRAN", "cornername": "Nominal"}
[2026-08-31 22:36:00.154 Z] [PROCESS] [cadence.virtuoso.ade.simulationMonitor] - Simulation started at: 10:35:58 PM, Mon Aug 31, 2026, ended at: 10:35:59 PM, Mon Aug 31, 2026, with elapsed time (wall clock): 1.76 s. {"history": "Interactive.213", "point": 1, "testname": "TRAN", "cornername": "Nominal"}
[2026-08-31 22:36:00.155 Z] [PROCESS] [cadence.virtuoso.ade.simulationMonitor] - spectre completes with 0 errors, 16 warnings, and 8 notices. {"history": "Interactive.213", "point": 1, "testname": "TRAN", "cornername": "Nominal"}
[2026-08-31 22:36:00.155 Z] [PROCESS] [cadence.virtuoso.ade.simulationMonitor] - Finished simulating for one point {"hostname": "edatools", "processid": 77951, "history": "Interactive.213", "testname": "TRAN", "cornername": "Nominal", "point": 1, "logfile": "/home/saul/projects/LF_BG/logs_saul/logs5/Job12.log", "simid": "4"}
[2026-08-31 22:36:00.155 Z] [PROCESS] [cadence.virtuoso.ade.simulationMonitor] - Simulator exited {"hostname": "edatools", "processid": 77951, "history": "Interactive.213", "testname": "TRAN", "cornername": "Nominal", "point": 1, "logfile": "/home/saul/projects/LF_BG/logs_saul/logs5/Job12.log", "exitStatus": "0"}
[2026-08-31 22:36:00.155 Z] [PROCESS] [cadence.virtuoso.ade.simulationMonitor] - Finished Simulation {"hostname": "edatools", "processid": 77951, "history": "Interactive.213", "testname": "TRAN", "cornername": "Nominal", "point": 1, "logfile": "/home/saul/projects/LF_BG/logs_saul/logs5/Job12.log", "simid": "4"}
[2026-08-31 22:36:01.161 Z] [PROCESS] [cadence.virtuoso.ade.simulationMonitor] - Point Finished {"hostname": "edatools", "processid": 77951, "history": "Interactive.213", "testname": "TRAN", "cornername": "Nominal", "point": 1, "logfile": "/home/saul/projects/LF_BG/logs_saul/logs5/Job12.log"}
[2026-08-31 22:37:10.753 Z] [PROCESS] [cadence.virtuoso.ade.simulationMonitor] - Started History {"hostname": "edatools", "processid": 77951, "history": "Interactive.214", "testname": "TRAN", "cornername": "Nominal", "point": 1, "logfile": "/home/saul/projects/LF_BG/logs_saul/logs5/Job12.log"}
[2026-08-31 22:37:10.754 Z] [PROCESS] [cadence.virtuoso.ade.simulationMonitor] - HostInfo:
Host name (type):	edatools (x86_64)
Operating system:	Linux 7.0.0-30-generic #30~24.04.1-Ubuntu SMP PREEMPT_DYNAMIC Fri Aug  7 13:27:52 UTC 2 {"hostname": "edatools", "processid": 77951, "history": "Interactive.214", "testname": "TRAN", "cornername": "Nominal", "point": 1, "logfile": "/home/saul/projects/LF_BG/logs_saul/logs5/Job12.log", "nodename": "edatools", "domainname": "(none)", "machine": "x86_64", "sysname": "Linux", "release": "7.0.0-30-generic", "version": "#30~24.04.1-Ubuntu SMP PREEMPT_DYNAMIC Fri Aug  7 13:27:52 UTC 2"}
[2026-08-31 22:37:10.755 Z] [PROCESS] [cadence.virtuoso.ade.simulationMonitor] - UsageInfo:
pid=77951
totalPhysicalMemory=62.541851GB,Used=19.041119GB,totalVirtualMemory=70.541847GB,Used=19.041119GB
Cpu: Cores=16, Load average:0.110000,0.160000,0.090000 {"hostname": "edatools", "processid": 77951, "history": "Interactive.214", "testname": "TRAN", "cornername": "Nominal", "point": 1, "logfile": "/home/saul/projects/LF_BG/logs_saul/logs5/Job12.log", "pid": "77951", "totalPhysicalMemory": "62.541851", "physicalMemoryUsed": "19.041119", "totalVirtualMemory": "70.541847", "virtualMemoryUsed": "19.041119", "cpuCores": "16", "processes": "1552", "loadAverage1": "0.110000", "loadAverage5": "0.160000", "loadAverage15": "0.090000", "loadAverage1Percent": "0.006875"}
[2026-08-31 22:37:10.755 Z] [EVENT] [cadence.virtuoso.ade.simulationMonitor] - NewPoint {"history": "Interactive.214", "point": 1, "testname": "TRAN", "cornername": "Nominal", "event": "NewPoint", "EventSource": "Simulation Monitor", "HistoryName": "Interactive.214", "logFile": "/home/saul/projects/LF_BG/logs_saul/logs5/Job12.log", "logFileSize": "52924"}
[2026-08-31 22:37:10.857 Z] [EVENT] [cadence.virtuoso.ade.simulationMonitor] - NewPoint {"history": "Interactive.214", "point": 1, "testname": "TRAN", "cornername": "Nominal", "event": "NewPoint", "EventSource": "spectre", "HistoryName": "Interactive.214", "logFile": "/home/saul/simulation/REF_GEN/REF_GEN_f_TB/maestro/results/maestro/Interactive.214/1/TRAN/psf/spectre.out", "logFileSize": "-1"}
[2026-08-31 22:37:10.876 Z] [PROCESS] [cadence.virtuoso.ade.simulationMonitor] - Simulator launched {"hostname": "edatools", "processid": 77951, "history": "Interactive.214", "testname": "TRAN", "cornername": "Nominal", "point": 1, "logfile": "/home/saul/projects/LF_BG/logs_saul/logs5/Job12.log", "simid": "5"}
[2026-08-31 22:37:10.879 Z] [PROCESS] [cadence.virtuoso.ade.simulationMonitor] - Expression evaluator launched {"hostname": "edatools", "processid": 77951, "history": "Interactive.214", "testname": "TRAN", "cornername": "Nominal", "point": 1, "logfile": "/home/saul/projects/LF_BG/logs_saul/logs5/Job12.log"}
[2026-08-31 22:37:10.912 Z] [PROCESS] [cadence.virtuoso.ade.simulationMonitor] - Started Simulation {"hostname": "edatools", "processid": 77951, "history": "Interactive.214", "testname": "TRAN", "cornername": "Nominal", "point": 1, "logfile": "/home/saul/projects/LF_BG/logs_saul/logs5/Job12.log", "event": "started", "task": "simulation"}
[2026-08-31 22:37:11.912 Z] [INFO] [cadence.virtuoso.ade.simulationMonitor] - Peak resident memory used = 169 Mbytes. {"history": "Interactive.214", "point": 1, "testname": "TRAN", "cornername": "Nominal"}
[2026-08-31 22:37:12.412 Z] [INFO] [cadence.virtuoso.ade.simulationMonitor] - Notice from spectre during hierarchy flattening.
    Parasitic optimization will filter out parasitic nodes, nodes only connected to RCs, by default. To view individual parasitic nodes use individual save statements (i.e. save out), or use the 'savefilter=none' option to save all parasitic nodes. Saving all parasitic nodes may slow down simulation and create large waveform files. {"history": "Interactive.214", "point": 1, "testname": "TRAN", "cornername": "Nominal"}
[2026-08-31 22:37:12.413 Z] [INFO] [cadence.virtuoso.ade.simulationMonitor] - Peak resident memory used = 193 Mbytes. {"history": "Interactive.214", "point": 1, "testname": "TRAN", "cornername": "Nominal"}
[2026-08-31 22:37:12.413 Z] [INFO] [cadence.virtuoso.ade.simulationMonitor] - Notice from spectre during hierarchy flattening.
    The value 'psf' specified for the 'checklimitdest' option will no longer be supported in future releases. Use 'spectre -h' to see other recommended values for the 'checklimitdest' option. {"history": "Interactive.214", "point": 1, "testname": "TRAN", "cornername": "Nominal"}
[2026-08-31 22:37:12.413 Z] [WARN] [cadence.virtuoso.ade.simulationMonitor] -     WARNING (SPECTRE-16718): inlinesubcktcurrent option is set as `subckt', all the inline subckts will be treated as normal subckts when you access the current of their terminals. {"history": "Interactive.214", "point": 1, "testname": "TRAN", "cornername": "Nominal"}
[2026-08-31 22:37:12.413 Z] [WARN] [cadence.virtuoso.ade.simulationMonitor] -     WARNING (SPECTRE-8527): There are some nodes and instances removed from the netlist topology check. Check the circuit and correct the topology. Or use preserve_inst to keep them if necessary. {"history": "Interactive.214", "point": 1, "testname": "TRAN", "cornername": "Nominal"}
[2026-08-31 22:37:12.413 Z] [WARN] [cadence.virtuoso.ade.simulationMonitor] -     WARNING (SPECTRE-8529): Dangling instance. V9 is removed. {"history": "Interactive.214", "point": 1, "testname": "TRAN", "cornername": "Nominal"}
[2026-08-31 22:37:12.413 Z] [WARN] [cadence.virtuoso.ade.simulationMonitor] -     WARNING (SPECTRE-8530): Dangling node. net9 is removed. {"history": "Interactive.214", "point": 1, "testname": "TRAN", "cornername": "Nominal"}
[2026-08-31 22:37:12.413 Z] [INFO] [cadence.virtuoso.ade.simulationMonitor] - Peak resident memory used = 195 Mbytes. {"history": "Interactive.214", "point": 1, "testname": "TRAN", "cornername": "Nominal"}
[2026-08-31 22:37:12.413 Z] [INFO] [cadence.virtuoso.ade.simulationMonitor] - Notice from spectre during topology check.
    No DC path from node `VbgT' to ground, Gmin installed to provide path.
    No DC path from node `V1000' to ground, Gmin installed to provide path.
    No DC path from node `V550' to ground, Gmin installed to provide path.
    No DC path from node `LVDS' to ground, Gmin installed to provide path.
    No DC path from node `LDO' to ground, Gmin installed to provide path.
        Further occurrences of this notice will be suppressed. {"history": "Interactive.214", "point": 1, "testname": "TRAN", "cornername": "Nominal"}
[2026-08-31 22:37:12.413 Z] [INFO] [cadence.virtuoso.ade.simulationMonitor] - Notice from spectre during initial setup.
    Number of thread was limited to 1 because of small circuit size. {"history": "Interactive.214", "point": 1, "testname": "TRAN", "cornername": "Nominal"}
[2026-08-31 22:37:12.413 Z] [INFO] [cadence.virtuoso.ade.simulationMonitor] -               nodes 56 {"history": "Interactive.214", "point": 1, "testname": "TRAN", "cornername": "Nominal"}
[2026-08-31 22:37:12.414 Z] [INFO] [cadence.virtuoso.ade.simulationMonitor] - Notice from spectre during initial setup.
    Parasitics reduction enabled. 
         (Resistors reduced by 0.00%  Capacitors reduced by 0.00%, 0.00% of capacitors are coupled after RC reduction).  {"history": "Interactive.214", "point": 1, "testname": "TRAN", "cornername": "Nominal"}
[2026-08-31 22:37:12.414 Z] [INFO] [cadence.virtuoso.ade.simulationMonitor] - Notice from spectre during initial setup.
    1 vsources are shorted because their absolute value is less than or equal to 'vabsshort'.
    Fast APS enabled. {"history": "Interactive.214", "point": 1, "testname": "TRAN", "cornername": "Nominal"}
[2026-08-31 22:37:12.914 Z] [INFO] [cadence.virtuoso.ade.simulationMonitor] - Peak resident memory used = 201 Mbytes. {"history": "Interactive.214", "point": 1, "testname": "TRAN", "cornername": "Nominal"}
[2026-08-31 22:37:12.914 Z] [INFO] [cadence.virtuoso.ade.simulationMonitor] -    -   (Fast APS) Multi-threading. The recommended number of threads is 1, consider adding +mt=1 on command line. {"history": "Interactive.214", "point": 1, "testname": "TRAN", "cornername": "Nominal"}
[2026-08-31 22:37:12.914 Z] [INFO] [cadence.virtuoso.ade.simulationMonitor] - Total time required for dc analysis `dcOp': CPU = 1.689 ms, elapsed = 5.54585 ms, util. = 30.5%. {"history": "Interactive.214", "point": 1, "testname": "TRAN", "cornername": "Nominal"}
[2026-08-31 22:37:12.915 Z] [INFO] [cadence.virtuoso.ade.simulationMonitor] - Peak resident memory used = 201 Mbytes. {"history": "Interactive.214", "point": 1, "testname": "TRAN", "cornername": "Nominal"}
[2026-08-31 22:37:12.915 Z] [INFO] [cadence.virtuoso.ade.simulationMonitor] - Total time required for tran analysis `tran': CPU = 40.807 ms, elapsed = 44.9488 ms, util. = 90.8%. {"history": "Interactive.214", "point": 1, "testname": "TRAN", "cornername": "Nominal"}
[2026-08-31 22:37:12.915 Z] [INFO] [cadence.virtuoso.ade.simulationMonitor] - Peak resident memory used = 201 Mbytes. {"history": "Interactive.214", "point": 1, "testname": "TRAN", "cornername": "Nominal"}
[2026-08-31 22:37:12.915 Z] [INFO] [cadence.virtuoso.ade.simulationMonitor] - Time used: CPU = 260 ms, elapsed = 1.42 s, util. = 18.3%. {"history": "Interactive.214", "point": 1, "testname": "TRAN", "cornername": "Nominal"}
[2026-08-31 22:37:12.915 Z] [INFO] [cadence.virtuoso.ade.simulationMonitor] - Time spent in licensing: elapsed = 278 ms, percentage of total = 19.6%. {"history": "Interactive.214", "point": 1, "testname": "TRAN", "cornername": "Nominal"}
[2026-08-31 22:37:12.915 Z] [INFO] [cadence.virtuoso.ade.simulationMonitor] - Peak memory used = 201 Mbytes. {"history": "Interactive.214", "point": 1, "testname": "TRAN", "cornername": "Nominal"}
[2026-08-31 22:37:12.915 Z] [PROCESS] [cadence.virtuoso.ade.simulationMonitor] - Simulation started at: 10:37:10 PM, Mon Aug 31, 2026, ended at: 10:37:12 PM, Mon Aug 31, 2026, with elapsed time (wall clock): 1.42 s. {"history": "Interactive.214", "point": 1, "testname": "TRAN", "cornername": "Nominal"}
[2026-08-31 22:37:12.915 Z] [PROCESS] [cadence.virtuoso.ade.simulationMonitor] - spectre completes with 0 errors, 4 warnings, and 12 notices. {"history": "Interactive.214", "point": 1, "testname": "TRAN", "cornername": "Nominal"}
[2026-08-31 22:37:12.915 Z] [PROCESS] [cadence.virtuoso.ade.simulationMonitor] - Finished simulating for one point {"hostname": "edatools", "processid": 77951, "history": "Interactive.214", "testname": "TRAN", "cornername": "Nominal", "point": 1, "logfile": "/home/saul/projects/LF_BG/logs_saul/logs5/Job12.log", "simid": "5"}
[2026-08-31 22:37:12.915 Z] [PROCESS] [cadence.virtuoso.ade.simulationMonitor] - Simulator exited {"hostname": "edatools", "processid": 77951, "history": "Interactive.214", "testname": "TRAN", "cornername": "Nominal", "point": 1, "logfile": "/home/saul/projects/LF_BG/logs_saul/logs5/Job12.log", "exitStatus": "0"}
[2026-08-31 22:37:12.915 Z] [PROCESS] [cadence.virtuoso.ade.simulationMonitor] - Finished Simulation {"hostname": "edatools", "processid": 77951, "history": "Interactive.214", "testname": "TRAN", "cornername": "Nominal", "point": 1, "logfile": "/home/saul/projects/LF_BG/logs_saul/logs5/Job12.log", "simid": "5"}
[2026-08-31 22:37:14.422 Z] [PROCESS] [cadence.virtuoso.ade.simulationMonitor] - Point Finished {"hostname": "edatools", "processid": 77951, "history": "Interactive.214", "testname": "TRAN", "cornername": "Nominal", "point": 1, "logfile": "/home/saul/projects/LF_BG/logs_saul/logs5/Job12.log"}
[2026-08-31 22:38:26.796 Z] [PROCESS] [cadence.virtuoso.ade.simulationMonitor] - get signal Terminated<15> from user:saul, which pid:77949:/opt/tools/cadence/installs/IC618/tools/bin/64bit/cdsServIpc {"hostname": "edatools", "processid": 77951, "history": "Interactive.214", "testname": "TRAN", "cornername": "Nominal", "point": 1, "logfile": "/home/saul/projects/LF_BG/logs_saul/logs5/Job12.log", "signal": "15", "signalName": "Terminated", "which": "/opt/tools/cadence/installs/IC618/tools/bin/64bit/cdsServIpc", "pid": "77949", "user": "saul", "uid": "1000"}
[2026-08-31 22:38:26.796 Z] [INFO] [cadence.virtuoso.ade.simulationMonitor] - SimulationMonitor has terminated the  process '80839', reason: 'simulationMonitor is handling signal 15' {"history": "Interactive.214", "point": 1, "testname": "TRAN", "cornername": "Nominal"}
[2026-08-31 22:38:27.297 Z] [PROCESS] [cadence.virtuoso.ade.simulationMonitor] - Current memory used: 53.6367 MBytes, peak memory used: 53.6367 MBytes {"hostname": "edatools", "processid": 77951, "history": "Interactive.214", "testname": "TRAN", "cornername": "Nominal", "point": 1, "logfile": "/home/saul/projects/LF_BG/logs_saul/logs5/Job12.log"}
[2026-08-31 22:38:27.297 Z] [PROCESS] [cadence.virtuoso.ade.simulationMonitor] - Simulation Monitor process exit. {"hostname": "edatools", "processid": 77951, "history": "Interactive.214", "testname": "TRAN", "cornername": "Nominal", "point": 1, "logfile": "/home/saul/projects/LF_BG/logs_saul/logs5/Job12.log"}
