[Simulation Monitor: 16]
[2026-09-01 06:58:17.586 Z] [PROCESS] [cadence.virtuoso.ade.simulationMonitor] - Simulation Monitor has successfully started up. Trying to set up communication channels to other components ... {"hostname": "edatools", "processid": 126297, "logfile": "/home/saul/projects/LF_BG/logs_saul/logs5/Job16.log"}
[2026-09-01 06:58:17.586 Z] [PROCESS] [cadence.virtuoso.ade.simulationMonitor] - Communication channels have been successfully set up. Start processing events ... {"hostname": "edatools", "processid": 126297, "logfile": "/home/saul/projects/LF_BG/logs_saul/logs5/Job16.log"}
[2026-09-01 06:58:17.586 Z] [PROCESS] [cadence.virtuoso.ade.simulationMonitor] - Considering to start history {"hostname": "edatools", "processid": 126297, "history": "Interactive.262", "logfile": "/home/saul/projects/LF_BG/logs_saul/logs5/Job16.log"}
[2026-09-01 06:58:17.587 Z] [PROCESS] [cadence.virtuoso.ade.simulationMonitor] - HostInfo:
Host name (type):	edatools (x86_64)
Operating system:	Linux 7.0.0-30-generic #30~24.04.1-Ubuntu SMP PREEMPT_DYNAMIC Fri Aug  7 13:27:52 UTC 2 {"hostname": "edatools", "processid": 126297, "history": "Interactive.262", "logfile": "/home/saul/projects/LF_BG/logs_saul/logs5/Job16.log", "nodename": "edatools", "domainname": "(none)", "machine": "x86_64", "sysname": "Linux", "release": "7.0.0-30-generic", "version": "#30~24.04.1-Ubuntu SMP PREEMPT_DYNAMIC Fri Aug  7 13:27:52 UTC 2"}
[2026-09-01 06:58:17.587 Z] [PROCESS] [cadence.virtuoso.ade.simulationMonitor] - UsageInfo:
pid=126297
totalPhysicalMemory=62.541851GB,Used=24.097141GB,totalVirtualMemory=70.541847GB,Used=24.097141GB
Cpu: Cores=16, Load average:0.260000,0.310000,0.370000 {"hostname": "edatools", "processid": 126297, "history": "Interactive.262", "logfile": "/home/saul/projects/LF_BG/logs_saul/logs5/Job16.log", "pid": "126297", "totalPhysicalMemory": "62.541851", "physicalMemoryUsed": "24.097141", "totalVirtualMemory": "70.541847", "virtualMemoryUsed": "24.097141", "cpuCores": "16", "processes": "2132", "loadAverage1": "0.260000", "loadAverage5": "0.310000", "loadAverage15": "0.370000", "loadAverage1Percent": "0.016250"}
[2026-09-01 06:58:17.587 Z] [EVENT] [cadence.virtuoso.ade.simulationMonitor] - NewPoint {"history": "Interactive.262", "point": 1, "testname": "OP", "cornername": "Nominal", "event": "NewPoint", "EventSource": "Simulation Monitor", "HistoryName": "Interactive.262", "logFile": "/home/saul/projects/LF_BG/logs_saul/logs5/Job16.log", "logFileSize": "2144"}
[2026-09-01 06:58:17.688 Z] [EVENT] [cadence.virtuoso.ade.simulationMonitor] - NewPoint {"history": "Interactive.262", "point": 1, "testname": "OP", "cornername": "Nominal", "event": "NewPoint", "EventSource": "spectre", "HistoryName": "Interactive.262", "logFile": "/home/saul/simulation/REF_GEN/REF_GEN_f_TB/maestro/results/maestro/Interactive.262/1/OP/psf/spectre.out", "logFileSize": "-1"}
[2026-09-01 06:58:17.707 Z] [PROCESS] [cadence.virtuoso.ade.simulationMonitor] - Simulator launched {"hostname": "edatools", "processid": 126297, "history": "Interactive.262", "testname": "OP", "cornername": "Nominal", "point": 1, "logfile": "/home/saul/projects/LF_BG/logs_saul/logs5/Job16.log", "simid": "1"}
[2026-09-01 06:58:17.711 Z] [PROCESS] [cadence.virtuoso.ade.simulationMonitor] - Expression evaluator launched {"hostname": "edatools", "processid": 126297, "history": "Interactive.262", "testname": "OP", "cornername": "Nominal", "point": 1, "logfile": "/home/saul/projects/LF_BG/logs_saul/logs5/Job16.log"}
[2026-09-01 06:58:17.748 Z] [PROCESS] [cadence.virtuoso.ade.simulationMonitor] - Started Simulation {"hostname": "edatools", "processid": 126297, "history": "Interactive.262", "testname": "OP", "cornername": "Nominal", "point": 1, "logfile": "/home/saul/projects/LF_BG/logs_saul/logs5/Job16.log", "event": "started", "task": "simulation"}
[2026-09-01 06:58:18.748 Z] [INFO] [cadence.virtuoso.ade.simulationMonitor] - Peak resident memory used = 170 Mbytes. {"history": "Interactive.262", "point": 1, "testname": "OP", "cornername": "Nominal"}
[2026-09-01 06:58:18.749 Z] [WARN] [cadence.virtuoso.ade.simulationMonitor] -     WARNING (VACOMP-1116): "/home/saul/projects/LF_BG/REF_GEN/REF_GEN_fL_2/veriloga/veriloga.va", line 240: Transition filter contains a continuous signal in the expression. Since a transition filter can only be applied to piecewise constant signals, redefine the expression to ensure that the transition filter applies only to a piecewise constant signal. {"history": "Interactive.262", "point": 1, "testname": "OP", "cornername": "Nominal"}
[2026-09-01 06:58:18.749 Z] [WARN] [cadence.virtuoso.ade.simulationMonitor] -     WARNING (VACOMP-1116): "/home/saul/projects/LF_BG/REF_GEN/REF_GEN_fL_2/veriloga/veriloga.va", line 241: Transition filter contains a continuous signal in the expression. Since a transition filter can only be applied to piecewise constant signals, redefine the expression to ensure that the transition filter applies only to a piecewise constant signal. {"history": "Interactive.262", "point": 1, "testname": "OP", "cornername": "Nominal"}
[2026-09-01 06:58:18.749 Z] [WARN] [cadence.virtuoso.ade.simulationMonitor] -     WARNING (VACOMP-1116): "/home/saul/projects/LF_BG/REF_GEN/REF_GEN_fL_2/veriloga/veriloga.va", line 242: Transition filter contains a continuous signal in the expression. Since a transition filter can only be applied to piecewise constant signals, redefine the expression to ensure that the transition filter applies only to a piecewise constant signal. {"history": "Interactive.262", "point": 1, "testname": "OP", "cornername": "Nominal"}
[2026-09-01 06:58:18.749 Z] [WARN] [cadence.virtuoso.ade.simulationMonitor] -     WARNING (VACOMP-1116): "/home/saul/projects/LF_BG/REF_GEN/REF_GEN_fL_2/veriloga/veriloga.va", line 243: Transition filter contains a continuous signal in the expression. Since a transition filter can only be applied to piecewise constant signals, redefine the expression to ensure that the transition filter applies only to a piecewise constant signal. {"history": "Interactive.262", "point": 1, "testname": "OP", "cornername": "Nominal"}
[2026-09-01 06:58:18.749 Z] [WARN] [cadence.virtuoso.ade.simulationMonitor] -     WARNING (VACOMP-1116): "/home/saul/projects/LF_BG/REF_GEN/REF_GEN_fL_2/veriloga/veriloga.va", line 248: Transition filter contains a continuous signal in the expression. Since a transition filter can only be applied to piecewise constant signals, redefine the expression to ensure that the transition filter applies only to a piecewise constant signal.
        Further occurrences of this warning will be suppressed. {"history": "Interactive.262", "point": 1, "testname": "OP", "cornername": "Nominal"}
[2026-09-01 06:58:19.750 Z] [INFO] [cadence.virtuoso.ade.simulationMonitor] - Peak resident memory used = 203 Mbytes. {"history": "Interactive.262", "point": 1, "testname": "OP", "cornername": "Nominal"}
[2026-09-01 06:58:19.750 Z] [INFO] [cadence.virtuoso.ade.simulationMonitor] - Notice from spectre during hierarchy flattening.
    The value 'psf' specified for the 'checklimitdest' option will no longer be supported in future releases. Use 'spectre -h' to see other recommended values for the 'checklimitdest' option. {"history": "Interactive.262", "point": 1, "testname": "OP", "cornername": "Nominal"}
[2026-09-01 06:58:19.750 Z] [WARN] [cadence.virtuoso.ade.simulationMonitor] -     WARNING (SPECTRE-16718): inlinesubcktcurrent option is set as `subckt', all the inline subckts will be treated as normal subckts when you access the current of their terminals. {"history": "Interactive.262", "point": 1, "testname": "OP", "cornername": "Nominal"}
[2026-09-01 06:58:19.750 Z] [WARN] [cadence.virtuoso.ade.simulationMonitor] -     WARNING (SPECTRE-8527): There are some nodes and instances removed from the netlist topology check. Check the circuit and correct the topology. Or use preserve_inst to keep them if necessary. {"history": "Interactive.262", "point": 1, "testname": "OP", "cornername": "Nominal"}
[2026-09-01 06:58:19.750 Z] [WARN] [cadence.virtuoso.ade.simulationMonitor] -     WARNING (SPECTRE-8529): Dangling instance. V9 is removed. {"history": "Interactive.262", "point": 1, "testname": "OP", "cornername": "Nominal"}
[2026-09-01 06:58:19.750 Z] [WARN] [cadence.virtuoso.ade.simulationMonitor] -     WARNING (SPECTRE-8530): Dangling node. net9 is removed. {"history": "Interactive.262", "point": 1, "testname": "OP", "cornername": "Nominal"}
[2026-09-01 06:58:19.750 Z] [INFO] [cadence.virtuoso.ade.simulationMonitor] - Peak resident memory used = 204 Mbytes. {"history": "Interactive.262", "point": 1, "testname": "OP", "cornername": "Nominal"}
[2026-09-01 06:58:19.750 Z] [INFO] [cadence.virtuoso.ade.simulationMonitor] - Notice from spectre during topology check.
    No DC path from node `VbgT' to ground, Gmin installed to provide path.
    No DC path from node `V1000' to ground, Gmin installed to provide path.
    No DC path from node `V550' to ground, Gmin installed to provide path. {"history": "Interactive.262", "point": 1, "testname": "OP", "cornername": "Nominal"}
[2026-09-01 06:58:19.750 Z] [INFO] [cadence.virtuoso.ade.simulationMonitor] - Notice from spectre during initial setup.
    Multithreading is disabled due to the size of the design being too small. {"history": "Interactive.262", "point": 1, "testname": "OP", "cornername": "Nominal"}
[2026-09-01 06:58:19.750 Z] [INFO] [cadence.virtuoso.ade.simulationMonitor] -               nodes 56 {"history": "Interactive.262", "point": 1, "testname": "OP", "cornername": "Nominal"}
[2026-09-01 06:58:19.750 Z] [INFO] [cadence.virtuoso.ade.simulationMonitor] - Notice from spectre during initial setup.
    Fast APS enabled.
    7 warnings suppressed. {"history": "Interactive.262", "point": 1, "testname": "OP", "cornername": "Nominal"}
[2026-09-01 06:58:19.751 Z] [INFO] [cadence.virtuoso.ade.simulationMonitor] - Peak resident memory used = 207 Mbytes. {"history": "Interactive.262", "point": 1, "testname": "OP", "cornername": "Nominal"}
[2026-09-01 06:58:19.751 Z] [INFO] [cadence.virtuoso.ade.simulationMonitor] -    -   (Fast APS) Multi-threading. The recommended number of threads is 1, consider adding +mt=1 on command line. {"history": "Interactive.262", "point": 1, "testname": "OP", "cornername": "Nominal"}
[2026-09-01 06:58:19.751 Z] [INFO] [cadence.virtuoso.ade.simulationMonitor] - Total time required for dc analysis `dcOp': CPU = 1.431 ms, elapsed = 4.86493 ms, util. = 29.4%. {"history": "Interactive.262", "point": 1, "testname": "OP", "cornername": "Nominal"}
[2026-09-01 06:58:19.751 Z] [INFO] [cadence.virtuoso.ade.simulationMonitor] - Peak resident memory used = 207 Mbytes. {"history": "Interactive.262", "point": 1, "testname": "OP", "cornername": "Nominal"}
[2026-09-01 06:58:19.751 Z] [INFO] [cadence.virtuoso.ade.simulationMonitor] - Time used: CPU = 252 ms, elapsed = 1.62 s, util. = 15.6%. {"history": "Interactive.262", "point": 1, "testname": "OP", "cornername": "Nominal"}
[2026-09-01 06:58:19.751 Z] [INFO] [cadence.virtuoso.ade.simulationMonitor] - Time spent in licensing: elapsed = 26.2 ms. {"history": "Interactive.262", "point": 1, "testname": "OP", "cornername": "Nominal"}
[2026-09-01 06:58:19.751 Z] [INFO] [cadence.virtuoso.ade.simulationMonitor] - Peak memory used = 207 Mbytes. {"history": "Interactive.262", "point": 1, "testname": "OP", "cornername": "Nominal"}
[2026-09-01 06:58:19.751 Z] [PROCESS] [cadence.virtuoso.ade.simulationMonitor] - Simulation started at: 6:58:17 AM, Tue Sep 1, 2026, ended at: 6:58:19 AM, Tue Sep 1, 2026, with elapsed time (wall clock): 1.62 s. {"history": "Interactive.262", "point": 1, "testname": "OP", "cornername": "Nominal"}
[2026-09-01 06:58:19.751 Z] [PROCESS] [cadence.virtuoso.ade.simulationMonitor] - spectre completes with 0 errors, 9 warnings, and 8 notices. {"history": "Interactive.262", "point": 1, "testname": "OP", "cornername": "Nominal"}
[2026-09-01 06:58:19.751 Z] [PROCESS] [cadence.virtuoso.ade.simulationMonitor] - Finished simulating for one point {"hostname": "edatools", "processid": 126297, "history": "Interactive.262", "testname": "OP", "cornername": "Nominal", "point": 1, "logfile": "/home/saul/projects/LF_BG/logs_saul/logs5/Job16.log", "simid": "1"}
[2026-09-01 06:58:19.751 Z] [PROCESS] [cadence.virtuoso.ade.simulationMonitor] - Simulator exited {"hostname": "edatools", "processid": 126297, "history": "Interactive.262", "testname": "OP", "cornername": "Nominal", "point": 1, "logfile": "/home/saul/projects/LF_BG/logs_saul/logs5/Job16.log", "exitStatus": "0"}
[2026-09-01 06:58:19.751 Z] [PROCESS] [cadence.virtuoso.ade.simulationMonitor] - Finished Simulation {"hostname": "edatools", "processid": 126297, "history": "Interactive.262", "testname": "OP", "cornername": "Nominal", "point": 1, "logfile": "/home/saul/projects/LF_BG/logs_saul/logs5/Job16.log", "simid": "1"}
[2026-09-01 06:58:20.758 Z] [PROCESS] [cadence.virtuoso.ade.simulationMonitor] - Point Finished {"hostname": "edatools", "processid": 126297, "history": "Interactive.262", "testname": "OP", "cornername": "Nominal", "point": 1, "logfile": "/home/saul/projects/LF_BG/logs_saul/logs5/Job16.log"}
[2026-09-01 06:58:51.019 Z] [PROCESS] [cadence.virtuoso.ade.simulationMonitor] - Started History {"hostname": "edatools", "processid": 126297, "history": "Interactive.263", "testname": "OP", "cornername": "Nominal", "point": 1, "logfile": "/home/saul/projects/LF_BG/logs_saul/logs5/Job16.log"}
[2026-09-01 06:58:51.020 Z] [PROCESS] [cadence.virtuoso.ade.simulationMonitor] - HostInfo:
Host name (type):	edatools (x86_64)
Operating system:	Linux 7.0.0-30-generic #30~24.04.1-Ubuntu SMP PREEMPT_DYNAMIC Fri Aug  7 13:27:52 UTC 2 {"hostname": "edatools", "processid": 126297, "history": "Interactive.263", "testname": "OP", "cornername": "Nominal", "point": 1, "logfile": "/home/saul/projects/LF_BG/logs_saul/logs5/Job16.log", "nodename": "edatools", "domainname": "(none)", "machine": "x86_64", "sysname": "Linux", "release": "7.0.0-30-generic", "version": "#30~24.04.1-Ubuntu SMP PREEMPT_DYNAMIC Fri Aug  7 13:27:52 UTC 2"}
[2026-09-01 06:58:51.020 Z] [PROCESS] [cadence.virtuoso.ade.simulationMonitor] - UsageInfo:
pid=126297
totalPhysicalMemory=62.541851GB,Used=24.107792GB,totalVirtualMemory=70.541847GB,Used=24.107792GB
Cpu: Cores=16, Load average:0.450000,0.360000,0.390000 {"hostname": "edatools", "processid": 126297, "history": "Interactive.263", "testname": "OP", "cornername": "Nominal", "point": 1, "logfile": "/home/saul/projects/LF_BG/logs_saul/logs5/Job16.log", "pid": "126297", "totalPhysicalMemory": "62.541851", "physicalMemoryUsed": "24.107792", "totalVirtualMemory": "70.541847", "virtualMemoryUsed": "24.107792", "cpuCores": "16", "processes": "2124", "loadAverage1": "0.450000", "loadAverage5": "0.360000", "loadAverage15": "0.390000", "loadAverage1Percent": "0.028125"}
[2026-09-01 06:58:51.021 Z] [EVENT] [cadence.virtuoso.ade.simulationMonitor] - NewPoint {"history": "Interactive.263", "point": 1, "testname": "OP", "cornername": "Nominal", "event": "NewPoint", "EventSource": "Simulation Monitor", "HistoryName": "Interactive.263", "logFile": "/home/saul/projects/LF_BG/logs_saul/logs5/Job16.log", "logFileSize": "14884"}
[2026-09-01 06:58:51.123 Z] [EVENT] [cadence.virtuoso.ade.simulationMonitor] - NewPoint {"history": "Interactive.263", "point": 1, "testname": "OP", "cornername": "Nominal", "event": "NewPoint", "EventSource": "spectre", "HistoryName": "Interactive.263", "logFile": "/home/saul/simulation/REF_GEN/REF_GEN_f_TB/maestro/results/maestro/Interactive.263/1/OP/psf/spectre.out", "logFileSize": "-1"}
[2026-09-01 06:58:51.133 Z] [PROCESS] [cadence.virtuoso.ade.simulationMonitor] - Simulator launched {"hostname": "edatools", "processid": 126297, "history": "Interactive.263", "testname": "OP", "cornername": "Nominal", "point": 1, "logfile": "/home/saul/projects/LF_BG/logs_saul/logs5/Job16.log", "simid": "2"}
[2026-09-01 06:58:51.134 Z] [PROCESS] [cadence.virtuoso.ade.simulationMonitor] - Expression evaluator launched {"hostname": "edatools", "processid": 126297, "history": "Interactive.263", "testname": "OP", "cornername": "Nominal", "point": 1, "logfile": "/home/saul/projects/LF_BG/logs_saul/logs5/Job16.log"}
[2026-09-01 06:58:51.163 Z] [PROCESS] [cadence.virtuoso.ade.simulationMonitor] - Started Simulation {"hostname": "edatools", "processid": 126297, "history": "Interactive.263", "testname": "OP", "cornername": "Nominal", "point": 1, "logfile": "/home/saul/projects/LF_BG/logs_saul/logs5/Job16.log", "event": "started", "task": "simulation"}
[2026-09-01 06:58:52.164 Z] [INFO] [cadence.virtuoso.ade.simulationMonitor] - Peak resident memory used = 170 Mbytes. {"history": "Interactive.263", "point": 1, "testname": "OP", "cornername": "Nominal"}
[2026-09-01 06:58:52.165 Z] [INFO] [cadence.virtuoso.ade.simulationMonitor] - Peak resident memory used = 179 Mbytes. {"history": "Interactive.263", "point": 1, "testname": "OP", "cornername": "Nominal"}
[2026-09-01 06:58:52.165 Z] [INFO] [cadence.virtuoso.ade.simulationMonitor] - Notice from spectre during hierarchy flattening.
    The value 'psf' specified for the 'checklimitdest' option will no longer be supported in future releases. Use 'spectre -h' to see other recommended values for the 'checklimitdest' option. {"history": "Interactive.263", "point": 1, "testname": "OP", "cornername": "Nominal"}
[2026-09-01 06:58:52.165 Z] [WARN] [cadence.virtuoso.ade.simulationMonitor] -     WARNING (SPECTRE-16718): inlinesubcktcurrent option is set as `subckt', all the inline subckts will be treated as normal subckts when you access the current of their terminals. {"history": "Interactive.263", "point": 1, "testname": "OP", "cornername": "Nominal"}
[2026-09-01 06:58:52.166 Z] [WARN] [cadence.virtuoso.ade.simulationMonitor] -     WARNING (SPECTRE-8527): There are some nodes and instances removed from the netlist topology check. Check the circuit and correct the topology. Or use preserve_inst to keep them if necessary. {"history": "Interactive.263", "point": 1, "testname": "OP", "cornername": "Nominal"}
[2026-09-01 06:58:52.166 Z] [WARN] [cadence.virtuoso.ade.simulationMonitor] -     WARNING (SPECTRE-8529): Dangling instance. V9 is removed. {"history": "Interactive.263", "point": 1, "testname": "OP", "cornername": "Nominal"}
[2026-09-01 06:58:52.166 Z] [WARN] [cadence.virtuoso.ade.simulationMonitor] -     WARNING (SPECTRE-8530): Dangling node. net9 is removed. {"history": "Interactive.263", "point": 1, "testname": "OP", "cornername": "Nominal"}
[2026-09-01 06:58:52.167 Z] [INFO] [cadence.virtuoso.ade.simulationMonitor] - Peak resident memory used = 181 Mbytes. {"history": "Interactive.263", "point": 1, "testname": "OP", "cornername": "Nominal"}
[2026-09-01 06:58:52.167 Z] [INFO] [cadence.virtuoso.ade.simulationMonitor] - Notice from spectre during topology check.
    No DC path from node `VbgT' to ground, Gmin installed to provide path.
    No DC path from node `V1000' to ground, Gmin installed to provide path.
    No DC path from node `V550' to ground, Gmin installed to provide path. {"history": "Interactive.263", "point": 1, "testname": "OP", "cornername": "Nominal"}
[2026-09-01 06:58:52.168 Z] [INFO] [cadence.virtuoso.ade.simulationMonitor] - Notice from spectre during initial setup.
    Multithreading is disabled due to the size of the design being too small. {"history": "Interactive.263", "point": 1, "testname": "OP", "cornername": "Nominal"}
[2026-09-01 06:58:52.168 Z] [INFO] [cadence.virtuoso.ade.simulationMonitor] -               nodes 56 {"history": "Interactive.263", "point": 1, "testname": "OP", "cornername": "Nominal"}
[2026-09-01 06:58:52.169 Z] [INFO] [cadence.virtuoso.ade.simulationMonitor] - Notice from spectre during initial setup.
    Fast APS enabled. {"history": "Interactive.263", "point": 1, "testname": "OP", "cornername": "Nominal"}
[2026-09-01 06:58:52.169 Z] [INFO] [cadence.virtuoso.ade.simulationMonitor] - Peak resident memory used = 184 Mbytes. {"history": "Interactive.263", "point": 1, "testname": "OP", "cornername": "Nominal"}
[2026-09-01 06:58:52.169 Z] [INFO] [cadence.virtuoso.ade.simulationMonitor] -    -   (Fast APS) Multi-threading. The recommended number of threads is 1, consider adding +mt=1 on command line. {"history": "Interactive.263", "point": 1, "testname": "OP", "cornername": "Nominal"}
[2026-09-01 06:58:52.170 Z] [INFO] [cadence.virtuoso.ade.simulationMonitor] - Total time required for dc analysis `dcOp': CPU = 1.56 ms, elapsed = 4.79388 ms, util. = 32.5%. {"history": "Interactive.263", "point": 1, "testname": "OP", "cornername": "Nominal"}
[2026-09-01 06:58:52.170 Z] [INFO] [cadence.virtuoso.ade.simulationMonitor] - Peak resident memory used = 187 Mbytes. {"history": "Interactive.263", "point": 1, "testname": "OP", "cornername": "Nominal"}
[2026-09-01 06:58:52.170 Z] [INFO] [cadence.virtuoso.ade.simulationMonitor] - Time used: CPU = 182 ms, elapsed = 544 ms, util. = 33.6%. {"history": "Interactive.263", "point": 1, "testname": "OP", "cornername": "Nominal"}
[2026-09-01 06:58:52.170 Z] [INFO] [cadence.virtuoso.ade.simulationMonitor] - Time spent in licensing: elapsed = 25 ms. {"history": "Interactive.263", "point": 1, "testname": "OP", "cornername": "Nominal"}
[2026-09-01 06:58:52.171 Z] [INFO] [cadence.virtuoso.ade.simulationMonitor] - Peak memory used = 189 Mbytes. {"history": "Interactive.263", "point": 1, "testname": "OP", "cornername": "Nominal"}
[2026-09-01 06:58:52.171 Z] [PROCESS] [cadence.virtuoso.ade.simulationMonitor] - Simulation started at: 6:58:51 AM, Tue Sep 1, 2026, ended at: 6:58:51 AM, Tue Sep 1, 2026, with elapsed time (wall clock): 544 ms. {"history": "Interactive.263", "point": 1, "testname": "OP", "cornername": "Nominal"}
[2026-09-01 06:58:52.171 Z] [PROCESS] [cadence.virtuoso.ade.simulationMonitor] - spectre completes with 0 errors, 4 warnings, and 7 notices. {"history": "Interactive.263", "point": 1, "testname": "OP", "cornername": "Nominal"}
[2026-09-01 06:58:52.171 Z] [PROCESS] [cadence.virtuoso.ade.simulationMonitor] - Finished simulating for one point {"hostname": "edatools", "processid": 126297, "history": "Interactive.263", "testname": "OP", "cornername": "Nominal", "point": 1, "logfile": "/home/saul/projects/LF_BG/logs_saul/logs5/Job16.log", "simid": "2"}
[2026-09-01 06:58:52.171 Z] [PROCESS] [cadence.virtuoso.ade.simulationMonitor] - Simulator exited {"hostname": "edatools", "processid": 126297, "history": "Interactive.263", "testname": "OP", "cornername": "Nominal", "point": 1, "logfile": "/home/saul/projects/LF_BG/logs_saul/logs5/Job16.log", "exitStatus": "0"}
[2026-09-01 06:58:52.171 Z] [PROCESS] [cadence.virtuoso.ade.simulationMonitor] - Finished Simulation {"hostname": "edatools", "processid": 126297, "history": "Interactive.263", "testname": "OP", "cornername": "Nominal", "point": 1, "logfile": "/home/saul/projects/LF_BG/logs_saul/logs5/Job16.log", "simid": "2"}
[2026-09-01 06:58:54.178 Z] [PROCESS] [cadence.virtuoso.ade.simulationMonitor] - Point Finished {"hostname": "edatools", "processid": 126297, "history": "Interactive.263", "testname": "OP", "cornername": "Nominal", "point": 1, "logfile": "/home/saul/projects/LF_BG/logs_saul/logs5/Job16.log"}
[2026-09-01 07:02:00.587 Z] [PROCESS] [cadence.virtuoso.ade.simulationMonitor] - Started History {"hostname": "edatools", "processid": 126297, "history": "Interactive.264", "testname": "OP", "cornername": "Nominal", "point": 1, "logfile": "/home/saul/projects/LF_BG/logs_saul/logs5/Job16.log"}
[2026-09-01 07:02:00.588 Z] [PROCESS] [cadence.virtuoso.ade.simulationMonitor] - HostInfo:
Host name (type):	edatools (x86_64)
Operating system:	Linux 7.0.0-30-generic #30~24.04.1-Ubuntu SMP PREEMPT_DYNAMIC Fri Aug  7 13:27:52 UTC 2 {"hostname": "edatools", "processid": 126297, "history": "Interactive.264", "testname": "OP", "cornername": "Nominal", "point": 1, "logfile": "/home/saul/projects/LF_BG/logs_saul/logs5/Job16.log", "nodename": "edatools", "domainname": "(none)", "machine": "x86_64", "sysname": "Linux", "release": "7.0.0-30-generic", "version": "#30~24.04.1-Ubuntu SMP PREEMPT_DYNAMIC Fri Aug  7 13:27:52 UTC 2"}
[2026-09-01 07:02:00.589 Z] [PROCESS] [cadence.virtuoso.ade.simulationMonitor] - UsageInfo:
pid=126297
totalPhysicalMemory=62.541851GB,Used=24.165791GB,totalVirtualMemory=70.541847GB,Used=24.165791GB
Cpu: Cores=16, Load average:0.060000,0.240000,0.330000 {"hostname": "edatools", "processid": 126297, "history": "Interactive.264", "testname": "OP", "cornername": "Nominal", "point": 1, "logfile": "/home/saul/projects/LF_BG/logs_saul/logs5/Job16.log", "pid": "126297", "totalPhysicalMemory": "62.541851", "physicalMemoryUsed": "24.165791", "totalVirtualMemory": "70.541847", "virtualMemoryUsed": "24.165791", "cpuCores": "16", "processes": "2130", "loadAverage1": "0.060000", "loadAverage5": "0.240000", "loadAverage15": "0.330000", "loadAverage1Percent": "0.003750"}
[2026-09-01 07:02:00.590 Z] [EVENT] [cadence.virtuoso.ade.simulationMonitor] - NewPoint {"history": "Interactive.264", "point": 1, "testname": "OP", "cornername": "Nominal", "event": "NewPoint", "EventSource": "Simulation Monitor", "HistoryName": "Interactive.264", "logFile": "/home/saul/projects/LF_BG/logs_saul/logs5/Job16.log", "logFileSize": "24926"}
[2026-09-01 07:02:00.692 Z] [EVENT] [cadence.virtuoso.ade.simulationMonitor] - NewPoint {"history": "Interactive.264", "point": 1, "testname": "OP", "cornername": "Nominal", "event": "NewPoint", "EventSource": "spectre", "HistoryName": "Interactive.264", "logFile": "/home/saul/simulation/REF_GEN/REF_GEN_f_TB/maestro/results/maestro/Interactive.264/1/OP/psf/spectre.out", "logFileSize": "-1"}
[2026-09-01 07:02:00.710 Z] [PROCESS] [cadence.virtuoso.ade.simulationMonitor] - Simulator launched {"hostname": "edatools", "processid": 126297, "history": "Interactive.264", "testname": "OP", "cornername": "Nominal", "point": 1, "logfile": "/home/saul/projects/LF_BG/logs_saul/logs5/Job16.log", "simid": "3"}
[2026-09-01 07:02:00.713 Z] [PROCESS] [cadence.virtuoso.ade.simulationMonitor] - Expression evaluator launched {"hostname": "edatools", "processid": 126297, "history": "Interactive.264", "testname": "OP", "cornername": "Nominal", "point": 1, "logfile": "/home/saul/projects/LF_BG/logs_saul/logs5/Job16.log"}
[2026-09-01 07:02:00.744 Z] [PROCESS] [cadence.virtuoso.ade.simulationMonitor] - Started Simulation {"hostname": "edatools", "processid": 126297, "history": "Interactive.264", "testname": "OP", "cornername": "Nominal", "point": 1, "logfile": "/home/saul/projects/LF_BG/logs_saul/logs5/Job16.log", "event": "started", "task": "simulation"}
[2026-09-01 07:02:01.745 Z] [INFO] [cadence.virtuoso.ade.simulationMonitor] - Peak resident memory used = 170 Mbytes. {"history": "Interactive.264", "point": 1, "testname": "OP", "cornername": "Nominal"}
[2026-09-01 07:02:01.745 Z] [INFO] [cadence.virtuoso.ade.simulationMonitor] - Peak resident memory used = 179 Mbytes. {"history": "Interactive.264", "point": 1, "testname": "OP", "cornername": "Nominal"}
[2026-09-01 07:02:01.746 Z] [INFO] [cadence.virtuoso.ade.simulationMonitor] - Notice from spectre during hierarchy flattening.
    The value 'psf' specified for the 'checklimitdest' option will no longer be supported in future releases. Use 'spectre -h' to see other recommended values for the 'checklimitdest' option. {"history": "Interactive.264", "point": 1, "testname": "OP", "cornername": "Nominal"}
[2026-09-01 07:02:01.746 Z] [WARN] [cadence.virtuoso.ade.simulationMonitor] -     WARNING (SPECTRE-16718): inlinesubcktcurrent option is set as `subckt', all the inline subckts will be treated as normal subckts when you access the current of their terminals. {"history": "Interactive.264", "point": 1, "testname": "OP", "cornername": "Nominal"}
[2026-09-01 07:02:01.746 Z] [WARN] [cadence.virtuoso.ade.simulationMonitor] -     WARNING (SPECTRE-8527): There are some nodes and instances removed from the netlist topology check. Check the circuit and correct the topology. Or use preserve_inst to keep them if necessary. {"history": "Interactive.264", "point": 1, "testname": "OP", "cornername": "Nominal"}
[2026-09-01 07:02:01.746 Z] [WARN] [cadence.virtuoso.ade.simulationMonitor] -     WARNING (SPECTRE-8529): Dangling instance. V9 is removed. {"history": "Interactive.264", "point": 1, "testname": "OP", "cornername": "Nominal"}
[2026-09-01 07:02:01.747 Z] [WARN] [cadence.virtuoso.ade.simulationMonitor] -     WARNING (SPECTRE-8530): Dangling node. net9 is removed. {"history": "Interactive.264", "point": 1, "testname": "OP", "cornername": "Nominal"}
[2026-09-01 07:02:01.747 Z] [INFO] [cadence.virtuoso.ade.simulationMonitor] - Peak resident memory used = 181 Mbytes. {"history": "Interactive.264", "point": 1, "testname": "OP", "cornername": "Nominal"}
[2026-09-01 07:02:01.747 Z] [INFO] [cadence.virtuoso.ade.simulationMonitor] - Notice from spectre during topology check.
    No DC path from node `VbgT' to ground, Gmin installed to provide path.
    No DC path from node `V1000' to ground, Gmin installed to provide path.
    No DC path from node `V550' to ground, Gmin installed to provide path. {"history": "Interactive.264", "point": 1, "testname": "OP", "cornername": "Nominal"}
[2026-09-01 07:02:01.747 Z] [INFO] [cadence.virtuoso.ade.simulationMonitor] - Notice from spectre during initial setup.
    Multithreading is disabled due to the size of the design being too small. {"history": "Interactive.264", "point": 1, "testname": "OP", "cornername": "Nominal"}
[2026-09-01 07:02:01.748 Z] [INFO] [cadence.virtuoso.ade.simulationMonitor] -               nodes 56 {"history": "Interactive.264", "point": 1, "testname": "OP", "cornername": "Nominal"}
[2026-09-01 07:02:01.748 Z] [INFO] [cadence.virtuoso.ade.simulationMonitor] - Notice from spectre during initial setup.
    Fast APS enabled. {"history": "Interactive.264", "point": 1, "testname": "OP", "cornername": "Nominal"}
[2026-09-01 07:02:01.748 Z] [INFO] [cadence.virtuoso.ade.simulationMonitor] - Peak resident memory used = 184 Mbytes. {"history": "Interactive.264", "point": 1, "testname": "OP", "cornername": "Nominal"}
[2026-09-01 07:02:01.748 Z] [INFO] [cadence.virtuoso.ade.simulationMonitor] -    -   (Fast APS) Multi-threading. The recommended number of threads is 1, consider adding +mt=1 on command line. {"history": "Interactive.264", "point": 1, "testname": "OP", "cornername": "Nominal"}
[2026-09-01 07:02:01.748 Z] [INFO] [cadence.virtuoso.ade.simulationMonitor] - Total time required for dc analysis `dcOp': CPU = 1.705 ms, elapsed = 5.00894 ms, util. = 34%. {"history": "Interactive.264", "point": 1, "testname": "OP", "cornername": "Nominal"}
[2026-09-01 07:02:01.749 Z] [INFO] [cadence.virtuoso.ade.simulationMonitor] - Peak resident memory used = 187 Mbytes. {"history": "Interactive.264", "point": 1, "testname": "OP", "cornername": "Nominal"}
[2026-09-01 07:02:01.749 Z] [INFO] [cadence.virtuoso.ade.simulationMonitor] - Time used: CPU = 175 ms, elapsed = 526 ms, util. = 33.3%. {"history": "Interactive.264", "point": 1, "testname": "OP", "cornername": "Nominal"}
[2026-09-01 07:02:01.749 Z] [INFO] [cadence.virtuoso.ade.simulationMonitor] - Time spent in licensing: elapsed = 25.7 ms. {"history": "Interactive.264", "point": 1, "testname": "OP", "cornername": "Nominal"}
[2026-09-01 07:02:01.749 Z] [INFO] [cadence.virtuoso.ade.simulationMonitor] - Peak memory used = 189 Mbytes. {"history": "Interactive.264", "point": 1, "testname": "OP", "cornername": "Nominal"}
[2026-09-01 07:02:01.749 Z] [PROCESS] [cadence.virtuoso.ade.simulationMonitor] - Simulation started at: 7:02:00 AM, Tue Sep 1, 2026, ended at: 7:02:01 AM, Tue Sep 1, 2026, with elapsed time (wall clock): 526 ms. {"history": "Interactive.264", "point": 1, "testname": "OP", "cornername": "Nominal"}
[2026-09-01 07:02:01.749 Z] [PROCESS] [cadence.virtuoso.ade.simulationMonitor] - spectre completes with 0 errors, 4 warnings, and 7 notices. {"history": "Interactive.264", "point": 1, "testname": "OP", "cornername": "Nominal"}
[2026-09-01 07:02:01.750 Z] [PROCESS] [cadence.virtuoso.ade.simulationMonitor] - Finished simulating for one point {"hostname": "edatools", "processid": 126297, "history": "Interactive.264", "testname": "OP", "cornername": "Nominal", "point": 1, "logfile": "/home/saul/projects/LF_BG/logs_saul/logs5/Job16.log", "simid": "3"}
[2026-09-01 07:02:01.750 Z] [PROCESS] [cadence.virtuoso.ade.simulationMonitor] - Simulator exited {"hostname": "edatools", "processid": 126297, "history": "Interactive.264", "testname": "OP", "cornername": "Nominal", "point": 1, "logfile": "/home/saul/projects/LF_BG/logs_saul/logs5/Job16.log", "exitStatus": "0"}
[2026-09-01 07:02:01.750 Z] [PROCESS] [cadence.virtuoso.ade.simulationMonitor] - Finished Simulation {"hostname": "edatools", "processid": 126297, "history": "Interactive.264", "testname": "OP", "cornername": "Nominal", "point": 1, "logfile": "/home/saul/projects/LF_BG/logs_saul/logs5/Job16.log", "simid": "3"}
[2026-09-01 07:02:03.758 Z] [PROCESS] [cadence.virtuoso.ade.simulationMonitor] - Point Finished {"hostname": "edatools", "processid": 126297, "history": "Interactive.264", "testname": "OP", "cornername": "Nominal", "point": 1, "logfile": "/home/saul/projects/LF_BG/logs_saul/logs5/Job16.log"}
[2026-09-01 07:02:19.144 Z] [PROCESS] [cadence.virtuoso.ade.simulationMonitor] - Started History {"hostname": "edatools", "processid": 126297, "history": "Interactive.265", "testname": "OP", "cornername": "Nominal", "point": 1, "logfile": "/home/saul/projects/LF_BG/logs_saul/logs5/Job16.log"}
[2026-09-01 07:02:19.145 Z] [PROCESS] [cadence.virtuoso.ade.simulationMonitor] - HostInfo:
Host name (type):	edatools (x86_64)
Operating system:	Linux 7.0.0-30-generic #30~24.04.1-Ubuntu SMP PREEMPT_DYNAMIC Fri Aug  7 13:27:52 UTC 2 {"hostname": "edatools", "processid": 126297, "history": "Interactive.265", "testname": "OP", "cornername": "Nominal", "point": 1, "logfile": "/home/saul/projects/LF_BG/logs_saul/logs5/Job16.log", "nodename": "edatools", "domainname": "(none)", "machine": "x86_64", "sysname": "Linux", "release": "7.0.0-30-generic", "version": "#30~24.04.1-Ubuntu SMP PREEMPT_DYNAMIC Fri Aug  7 13:27:52 UTC 2"}
[2026-09-01 07:02:19.145 Z] [PROCESS] [cadence.virtuoso.ade.simulationMonitor] - UsageInfo:
pid=126297
totalPhysicalMemory=62.541851GB,Used=24.162144GB,totalVirtualMemory=70.541847GB,Used=24.162144GB
Cpu: Cores=16, Load average:0.250000,0.270000,0.340000 {"hostname": "edatools", "processid": 126297, "history": "Interactive.265", "testname": "OP", "cornername": "Nominal", "point": 1, "logfile": "/home/saul/projects/LF_BG/logs_saul/logs5/Job16.log", "pid": "126297", "totalPhysicalMemory": "62.541851", "physicalMemoryUsed": "24.162144", "totalVirtualMemory": "70.541847", "virtualMemoryUsed": "24.162144", "cpuCores": "16", "processes": "2131", "loadAverage1": "0.250000", "loadAverage5": "0.270000", "loadAverage15": "0.340000", "loadAverage1Percent": "0.015625"}
[2026-09-01 07:02:19.146 Z] [EVENT] [cadence.virtuoso.ade.simulationMonitor] - NewPoint {"history": "Interactive.265", "point": 1, "testname": "OP", "cornername": "Nominal", "event": "NewPoint", "EventSource": "Simulation Monitor", "HistoryName": "Interactive.265", "logFile": "/home/saul/projects/LF_BG/logs_saul/logs5/Job16.log", "logFileSize": "34969"}
[2026-09-01 07:02:19.249 Z] [EVENT] [cadence.virtuoso.ade.simulationMonitor] - NewPoint {"history": "Interactive.265", "point": 1, "testname": "OP", "cornername": "Nominal", "event": "NewPoint", "EventSource": "spectre", "HistoryName": "Interactive.265", "logFile": "/home/saul/simulation/REF_GEN/REF_GEN_f_TB/maestro/results/maestro/Interactive.265/1/OP/psf/spectre.out", "logFileSize": "-1"}
[2026-09-01 07:02:19.267 Z] [PROCESS] [cadence.virtuoso.ade.simulationMonitor] - Simulator launched {"hostname": "edatools", "processid": 126297, "history": "Interactive.265", "testname": "OP", "cornername": "Nominal", "point": 1, "logfile": "/home/saul/projects/LF_BG/logs_saul/logs5/Job16.log", "simid": "4"}
[2026-09-01 07:02:19.271 Z] [PROCESS] [cadence.virtuoso.ade.simulationMonitor] - Expression evaluator launched {"hostname": "edatools", "processid": 126297, "history": "Interactive.265", "testname": "OP", "cornername": "Nominal", "point": 1, "logfile": "/home/saul/projects/LF_BG/logs_saul/logs5/Job16.log"}
[2026-09-01 07:02:19.303 Z] [PROCESS] [cadence.virtuoso.ade.simulationMonitor] - Started Simulation {"hostname": "edatools", "processid": 126297, "history": "Interactive.265", "testname": "OP", "cornername": "Nominal", "point": 1, "logfile": "/home/saul/projects/LF_BG/logs_saul/logs5/Job16.log", "event": "started", "task": "simulation"}
[2026-09-01 07:02:20.304 Z] [INFO] [cadence.virtuoso.ade.simulationMonitor] - Peak resident memory used = 170 Mbytes. {"history": "Interactive.265", "point": 1, "testname": "OP", "cornername": "Nominal"}
[2026-09-01 07:02:20.305 Z] [INFO] [cadence.virtuoso.ade.simulationMonitor] - Peak resident memory used = 179 Mbytes. {"history": "Interactive.265", "point": 1, "testname": "OP", "cornername": "Nominal"}
[2026-09-01 07:02:20.305 Z] [INFO] [cadence.virtuoso.ade.simulationMonitor] - Notice from spectre during hierarchy flattening.
    The value 'psf' specified for the 'checklimitdest' option will no longer be supported in future releases. Use 'spectre -h' to see other recommended values for the 'checklimitdest' option. {"history": "Interactive.265", "point": 1, "testname": "OP", "cornername": "Nominal"}
[2026-09-01 07:02:20.306 Z] [WARN] [cadence.virtuoso.ade.simulationMonitor] -     WARNING (SPECTRE-16718): inlinesubcktcurrent option is set as `subckt', all the inline subckts will be treated as normal subckts when you access the current of their terminals. {"history": "Interactive.265", "point": 1, "testname": "OP", "cornername": "Nominal"}
[2026-09-01 07:02:20.306 Z] [WARN] [cadence.virtuoso.ade.simulationMonitor] -     WARNING (SPECTRE-8527): There are some nodes and instances removed from the netlist topology check. Check the circuit and correct the topology. Or use preserve_inst to keep them if necessary. {"history": "Interactive.265", "point": 1, "testname": "OP", "cornername": "Nominal"}
[2026-09-01 07:02:20.306 Z] [WARN] [cadence.virtuoso.ade.simulationMonitor] -     WARNING (SPECTRE-8529): Dangling instance. V9 is removed. {"history": "Interactive.265", "point": 1, "testname": "OP", "cornername": "Nominal"}
[2026-09-01 07:02:20.306 Z] [WARN] [cadence.virtuoso.ade.simulationMonitor] -     WARNING (SPECTRE-8530): Dangling node. net9 is removed. {"history": "Interactive.265", "point": 1, "testname": "OP", "cornername": "Nominal"}
[2026-09-01 07:02:20.307 Z] [INFO] [cadence.virtuoso.ade.simulationMonitor] - Peak resident memory used = 181 Mbytes. {"history": "Interactive.265", "point": 1, "testname": "OP", "cornername": "Nominal"}
[2026-09-01 07:02:20.307 Z] [INFO] [cadence.virtuoso.ade.simulationMonitor] - Notice from spectre during topology check.
    No DC path from node `VbgT' to ground, Gmin installed to provide path.
    No DC path from node `V1000' to ground, Gmin installed to provide path.
    No DC path from node `V550' to ground, Gmin installed to provide path. {"history": "Interactive.265", "point": 1, "testname": "OP", "cornername": "Nominal"}
[2026-09-01 07:02:20.307 Z] [INFO] [cadence.virtuoso.ade.simulationMonitor] - Notice from spectre during initial setup.
    Multithreading is disabled due to the size of the design being too small. {"history": "Interactive.265", "point": 1, "testname": "OP", "cornername": "Nominal"}
[2026-09-01 07:02:20.307 Z] [INFO] [cadence.virtuoso.ade.simulationMonitor] -               nodes 56 {"history": "Interactive.265", "point": 1, "testname": "OP", "cornername": "Nominal"}
[2026-09-01 07:02:20.308 Z] [INFO] [cadence.virtuoso.ade.simulationMonitor] - Notice from spectre during initial setup.
    Fast APS enabled. {"history": "Interactive.265", "point": 1, "testname": "OP", "cornername": "Nominal"}
[2026-09-01 07:02:20.308 Z] [INFO] [cadence.virtuoso.ade.simulationMonitor] - Peak resident memory used = 184 Mbytes. {"history": "Interactive.265", "point": 1, "testname": "OP", "cornername": "Nominal"}
[2026-09-01 07:02:20.308 Z] [INFO] [cadence.virtuoso.ade.simulationMonitor] -    -   (Fast APS) Multi-threading. The recommended number of threads is 1, consider adding +mt=1 on command line. {"history": "Interactive.265", "point": 1, "testname": "OP", "cornername": "Nominal"}
[2026-09-01 07:02:20.308 Z] [INFO] [cadence.virtuoso.ade.simulationMonitor] - Total time required for dc analysis `dcOp': CPU = 1.397 ms, elapsed = 5.34487 ms, util. = 26.1%. {"history": "Interactive.265", "point": 1, "testname": "OP", "cornername": "Nominal"}
[2026-09-01 07:02:20.309 Z] [INFO] [cadence.virtuoso.ade.simulationMonitor] - Peak resident memory used = 187 Mbytes. {"history": "Interactive.265", "point": 1, "testname": "OP", "cornername": "Nominal"}
[2026-09-01 07:02:20.309 Z] [INFO] [cadence.virtuoso.ade.simulationMonitor] - Time used: CPU = 169 ms, elapsed = 503 ms, util. = 33.7%. {"history": "Interactive.265", "point": 1, "testname": "OP", "cornername": "Nominal"}
[2026-09-01 07:02:20.309 Z] [INFO] [cadence.virtuoso.ade.simulationMonitor] - Time spent in licensing: elapsed = 24.1 ms. {"history": "Interactive.265", "point": 1, "testname": "OP", "cornername": "Nominal"}
[2026-09-01 07:02:20.309 Z] [INFO] [cadence.virtuoso.ade.simulationMonitor] - Peak memory used = 189 Mbytes. {"history": "Interactive.265", "point": 1, "testname": "OP", "cornername": "Nominal"}
[2026-09-01 07:02:20.310 Z] [PROCESS] [cadence.virtuoso.ade.simulationMonitor] - Simulation started at: 7:02:19 AM, Tue Sep 1, 2026, ended at: 7:02:19 AM, Tue Sep 1, 2026, with elapsed time (wall clock): 503 ms. {"history": "Interactive.265", "point": 1, "testname": "OP", "cornername": "Nominal"}
[2026-09-01 07:02:20.310 Z] [PROCESS] [cadence.virtuoso.ade.simulationMonitor] - spectre completes with 0 errors, 4 warnings, and 7 notices. {"history": "Interactive.265", "point": 1, "testname": "OP", "cornername": "Nominal"}
[2026-09-01 07:02:20.310 Z] [PROCESS] [cadence.virtuoso.ade.simulationMonitor] - Finished simulating for one point {"hostname": "edatools", "processid": 126297, "history": "Interactive.265", "testname": "OP", "cornername": "Nominal", "point": 1, "logfile": "/home/saul/projects/LF_BG/logs_saul/logs5/Job16.log", "simid": "4"}
[2026-09-01 07:02:20.311 Z] [PROCESS] [cadence.virtuoso.ade.simulationMonitor] - Simulator exited {"hostname": "edatools", "processid": 126297, "history": "Interactive.265", "testname": "OP", "cornername": "Nominal", "point": 1, "logfile": "/home/saul/projects/LF_BG/logs_saul/logs5/Job16.log", "exitStatus": "0"}
[2026-09-01 07:02:20.311 Z] [PROCESS] [cadence.virtuoso.ade.simulationMonitor] - Finished Simulation {"hostname": "edatools", "processid": 126297, "history": "Interactive.265", "testname": "OP", "cornername": "Nominal", "point": 1, "logfile": "/home/saul/projects/LF_BG/logs_saul/logs5/Job16.log", "simid": "4"}
[2026-09-01 07:02:22.323 Z] [PROCESS] [cadence.virtuoso.ade.simulationMonitor] - Point Finished {"hostname": "edatools", "processid": 126297, "history": "Interactive.265", "testname": "OP", "cornername": "Nominal", "point": 1, "logfile": "/home/saul/projects/LF_BG/logs_saul/logs5/Job16.log"}
[2026-09-01 07:02:48.230 Z] [PROCESS] [cadence.virtuoso.ade.simulationMonitor] - Started History {"hostname": "edatools", "processid": 126297, "history": "Interactive.266", "testname": "OP", "cornername": "Nominal", "point": 1, "logfile": "/home/saul/projects/LF_BG/logs_saul/logs5/Job16.log"}
[2026-09-01 07:02:48.230 Z] [PROCESS] [cadence.virtuoso.ade.simulationMonitor] - HostInfo:
Host name (type):	edatools (x86_64)
Operating system:	Linux 7.0.0-30-generic #30~24.04.1-Ubuntu SMP PREEMPT_DYNAMIC Fri Aug  7 13:27:52 UTC 2 {"hostname": "edatools", "processid": 126297, "history": "Interactive.266", "testname": "OP", "cornername": "Nominal", "point": 1, "logfile": "/home/saul/projects/LF_BG/logs_saul/logs5/Job16.log", "nodename": "edatools", "domainname": "(none)", "machine": "x86_64", "sysname": "Linux", "release": "7.0.0-30-generic", "version": "#30~24.04.1-Ubuntu SMP PREEMPT_DYNAMIC Fri Aug  7 13:27:52 UTC 2"}
[2026-09-01 07:02:48.231 Z] [PROCESS] [cadence.virtuoso.ade.simulationMonitor] - UsageInfo:
pid=126297
totalPhysicalMemory=62.541851GB,Used=24.177086GB,totalVirtualMemory=70.541847GB,Used=24.177086GB
Cpu: Cores=16, Load average:0.370000,0.300000,0.350000 {"hostname": "edatools", "processid": 126297, "history": "Interactive.266", "testname": "OP", "cornername": "Nominal", "point": 1, "logfile": "/home/saul/projects/LF_BG/logs_saul/logs5/Job16.log", "pid": "126297", "totalPhysicalMemory": "62.541851", "physicalMemoryUsed": "24.177086", "totalVirtualMemory": "70.541847", "virtualMemoryUsed": "24.177086", "cpuCores": "16", "processes": "2128", "loadAverage1": "0.370000", "loadAverage5": "0.300000", "loadAverage15": "0.350000", "loadAverage1Percent": "0.023125"}
[2026-09-01 07:02:48.232 Z] [EVENT] [cadence.virtuoso.ade.simulationMonitor] - NewPoint {"history": "Interactive.266", "point": 1, "testname": "OP", "cornername": "Nominal", "event": "NewPoint", "EventSource": "Simulation Monitor", "HistoryName": "Interactive.266", "logFile": "/home/saul/projects/LF_BG/logs_saul/logs5/Job16.log", "logFileSize": "45014"}
[2026-09-01 07:02:48.333 Z] [EVENT] [cadence.virtuoso.ade.simulationMonitor] - NewPoint {"history": "Interactive.266", "point": 1, "testname": "OP", "cornername": "Nominal", "event": "NewPoint", "EventSource": "spectre", "HistoryName": "Interactive.266", "logFile": "/home/saul/simulation/REF_GEN/REF_GEN_f_TB/maestro/results/maestro/Interactive.266/1/OP/psf/spectre.out", "logFileSize": "-1"}
[2026-09-01 07:02:48.338 Z] [PROCESS] [cadence.virtuoso.ade.simulationMonitor] - Simulator launched {"hostname": "edatools", "processid": 126297, "history": "Interactive.266", "testname": "OP", "cornername": "Nominal", "point": 1, "logfile": "/home/saul/projects/LF_BG/logs_saul/logs5/Job16.log", "simid": "5"}
[2026-09-01 07:02:48.339 Z] [PROCESS] [cadence.virtuoso.ade.simulationMonitor] - Expression evaluator launched {"hostname": "edatools", "processid": 126297, "history": "Interactive.266", "testname": "OP", "cornername": "Nominal", "point": 1, "logfile": "/home/saul/projects/LF_BG/logs_saul/logs5/Job16.log"}
[2026-09-01 07:02:48.360 Z] [PROCESS] [cadence.virtuoso.ade.simulationMonitor] - Started Simulation {"hostname": "edatools", "processid": 126297, "history": "Interactive.266", "testname": "OP", "cornername": "Nominal", "point": 1, "logfile": "/home/saul/projects/LF_BG/logs_saul/logs5/Job16.log", "event": "started", "task": "simulation"}
[2026-09-01 07:02:49.362 Z] [INFO] [cadence.virtuoso.ade.simulationMonitor] - Peak resident memory used = 170 Mbytes. {"history": "Interactive.266", "point": 1, "testname": "OP", "cornername": "Nominal"}
[2026-09-01 07:02:49.363 Z] [INFO] [cadence.virtuoso.ade.simulationMonitor] - Peak resident memory used = 179 Mbytes. {"history": "Interactive.266", "point": 1, "testname": "OP", "cornername": "Nominal"}
[2026-09-01 07:02:49.363 Z] [INFO] [cadence.virtuoso.ade.simulationMonitor] - Notice from spectre during hierarchy flattening.
    The value 'psf' specified for the 'checklimitdest' option will no longer be supported in future releases. Use 'spectre -h' to see other recommended values for the 'checklimitdest' option. {"history": "Interactive.266", "point": 1, "testname": "OP", "cornername": "Nominal"}
[2026-09-01 07:02:49.364 Z] [WARN] [cadence.virtuoso.ade.simulationMonitor] -     WARNING (SPECTRE-16718): inlinesubcktcurrent option is set as `subckt', all the inline subckts will be treated as normal subckts when you access the current of their terminals. {"history": "Interactive.266", "point": 1, "testname": "OP", "cornername": "Nominal"}
[2026-09-01 07:02:49.364 Z] [WARN] [cadence.virtuoso.ade.simulationMonitor] -     WARNING (SPECTRE-8527): There are some nodes and instances removed from the netlist topology check. Check the circuit and correct the topology. Or use preserve_inst to keep them if necessary. {"history": "Interactive.266", "point": 1, "testname": "OP", "cornername": "Nominal"}
[2026-09-01 07:02:49.364 Z] [WARN] [cadence.virtuoso.ade.simulationMonitor] -     WARNING (SPECTRE-8529): Dangling instance. V9 is removed. {"history": "Interactive.266", "point": 1, "testname": "OP", "cornername": "Nominal"}
[2026-09-01 07:02:49.365 Z] [WARN] [cadence.virtuoso.ade.simulationMonitor] -     WARNING (SPECTRE-8530): Dangling node. net9 is removed. {"history": "Interactive.266", "point": 1, "testname": "OP", "cornername": "Nominal"}
[2026-09-01 07:02:49.365 Z] [INFO] [cadence.virtuoso.ade.simulationMonitor] - Peak resident memory used = 181 Mbytes. {"history": "Interactive.266", "point": 1, "testname": "OP", "cornername": "Nominal"}
[2026-09-01 07:02:49.366 Z] [INFO] [cadence.virtuoso.ade.simulationMonitor] - Notice from spectre during topology check.
    No DC path from node `VbgT' to ground, Gmin installed to provide path.
    No DC path from node `V1000' to ground, Gmin installed to provide path.
    No DC path from node `V550' to ground, Gmin installed to provide path. {"history": "Interactive.266", "point": 1, "testname": "OP", "cornername": "Nominal"}
[2026-09-01 07:02:49.366 Z] [INFO] [cadence.virtuoso.ade.simulationMonitor] - Notice from spectre during initial setup.
    Multithreading is disabled due to the size of the design being too small. {"history": "Interactive.266", "point": 1, "testname": "OP", "cornername": "Nominal"}
[2026-09-01 07:02:49.367 Z] [INFO] [cadence.virtuoso.ade.simulationMonitor] -               nodes 56 {"history": "Interactive.266", "point": 1, "testname": "OP", "cornername": "Nominal"}
[2026-09-01 07:02:49.367 Z] [INFO] [cadence.virtuoso.ade.simulationMonitor] - Notice from spectre during initial setup.
    Fast APS enabled. {"history": "Interactive.266", "point": 1, "testname": "OP", "cornername": "Nominal"}
[2026-09-01 07:02:49.368 Z] [INFO] [cadence.virtuoso.ade.simulationMonitor] - Peak resident memory used = 184 Mbytes. {"history": "Interactive.266", "point": 1, "testname": "OP", "cornername": "Nominal"}
[2026-09-01 07:02:49.368 Z] [INFO] [cadence.virtuoso.ade.simulationMonitor] -    -   (Fast APS) Multi-threading. The recommended number of threads is 1, consider adding +mt=1 on command line. {"history": "Interactive.266", "point": 1, "testname": "OP", "cornername": "Nominal"}
[2026-09-01 07:02:49.369 Z] [INFO] [cadence.virtuoso.ade.simulationMonitor] - Total time required for dc analysis `dcOp': CPU = 1.567 ms, elapsed = 5.02396 ms, util. = 31.2%. {"history": "Interactive.266", "point": 1, "testname": "OP", "cornername": "Nominal"}
[2026-09-01 07:02:49.369 Z] [INFO] [cadence.virtuoso.ade.simulationMonitor] - Peak resident memory used = 187 Mbytes. {"history": "Interactive.266", "point": 1, "testname": "OP", "cornername": "Nominal"}
[2026-09-01 07:02:49.369 Z] [INFO] [cadence.virtuoso.ade.simulationMonitor] - Time used: CPU = 168 ms, elapsed = 534 ms, util. = 31.5%. {"history": "Interactive.266", "point": 1, "testname": "OP", "cornername": "Nominal"}
[2026-09-01 07:02:49.370 Z] [INFO] [cadence.virtuoso.ade.simulationMonitor] - Time spent in licensing: elapsed = 22.9 ms. {"history": "Interactive.266", "point": 1, "testname": "OP", "cornername": "Nominal"}
[2026-09-01 07:02:49.370 Z] [INFO] [cadence.virtuoso.ade.simulationMonitor] - Peak memory used = 189 Mbytes. {"history": "Interactive.266", "point": 1, "testname": "OP", "cornername": "Nominal"}
[2026-09-01 07:02:49.371 Z] [PROCESS] [cadence.virtuoso.ade.simulationMonitor] - Simulation started at: 7:02:48 AM, Tue Sep 1, 2026, ended at: 7:02:48 AM, Tue Sep 1, 2026, with elapsed time (wall clock): 534 ms. {"history": "Interactive.266", "point": 1, "testname": "OP", "cornername": "Nominal"}
[2026-09-01 07:02:49.371 Z] [PROCESS] [cadence.virtuoso.ade.simulationMonitor] - spectre completes with 0 errors, 4 warnings, and 7 notices. {"history": "Interactive.266", "point": 1, "testname": "OP", "cornername": "Nominal"}
[2026-09-01 07:02:49.372 Z] [PROCESS] [cadence.virtuoso.ade.simulationMonitor] - Finished simulating for one point {"hostname": "edatools", "processid": 126297, "history": "Interactive.266", "testname": "OP", "cornername": "Nominal", "point": 1, "logfile": "/home/saul/projects/LF_BG/logs_saul/logs5/Job16.log", "simid": "5"}
[2026-09-01 07:02:49.372 Z] [PROCESS] [cadence.virtuoso.ade.simulationMonitor] - Simulator exited {"hostname": "edatools", "processid": 126297, "history": "Interactive.266", "testname": "OP", "cornername": "Nominal", "point": 1, "logfile": "/home/saul/projects/LF_BG/logs_saul/logs5/Job16.log", "exitStatus": "0"}
[2026-09-01 07:02:49.373 Z] [PROCESS] [cadence.virtuoso.ade.simulationMonitor] - Finished Simulation {"hostname": "edatools", "processid": 126297, "history": "Interactive.266", "testname": "OP", "cornername": "Nominal", "point": 1, "logfile": "/home/saul/projects/LF_BG/logs_saul/logs5/Job16.log", "simid": "5"}
[2026-09-01 07:02:51.398 Z] [PROCESS] [cadence.virtuoso.ade.simulationMonitor] - Point Finished {"hostname": "edatools", "processid": 126297, "history": "Interactive.266", "testname": "OP", "cornername": "Nominal", "point": 1, "logfile": "/home/saul/projects/LF_BG/logs_saul/logs5/Job16.log"}
[2026-09-01 07:06:32.657 Z] [PROCESS] [cadence.virtuoso.ade.simulationMonitor] - Started History {"hostname": "edatools", "processid": 126297, "history": "Interactive.267", "testname": "OP", "cornername": "Nominal", "point": 1, "logfile": "/home/saul/projects/LF_BG/logs_saul/logs5/Job16.log"}
[2026-09-01 07:06:32.657 Z] [PROCESS] [cadence.virtuoso.ade.simulationMonitor] - HostInfo:
Host name (type):	edatools (x86_64)
Operating system:	Linux 7.0.0-30-generic #30~24.04.1-Ubuntu SMP PREEMPT_DYNAMIC Fri Aug  7 13:27:52 UTC 2 {"hostname": "edatools", "processid": 126297, "history": "Interactive.267", "testname": "OP", "cornername": "Nominal", "point": 1, "logfile": "/home/saul/projects/LF_BG/logs_saul/logs5/Job16.log", "nodename": "edatools", "domainname": "(none)", "machine": "x86_64", "sysname": "Linux", "release": "7.0.0-30-generic", "version": "#30~24.04.1-Ubuntu SMP PREEMPT_DYNAMIC Fri Aug  7 13:27:52 UTC 2"}
[2026-09-01 07:06:32.657 Z] [PROCESS] [cadence.virtuoso.ade.simulationMonitor] - UsageInfo:
pid=126297
totalPhysicalMemory=62.541851GB,Used=24.265690GB,totalVirtualMemory=70.541847GB,Used=24.265690GB
Cpu: Cores=16, Load average:0.150000,0.240000,0.320000 {"hostname": "edatools", "processid": 126297, "history": "Interactive.267", "testname": "OP", "cornername": "Nominal", "point": 1, "logfile": "/home/saul/projects/LF_BG/logs_saul/logs5/Job16.log", "pid": "126297", "totalPhysicalMemory": "62.541851", "physicalMemoryUsed": "24.265690", "totalVirtualMemory": "70.541847", "virtualMemoryUsed": "24.265690", "cpuCores": "16", "processes": "2132", "loadAverage1": "0.150000", "loadAverage5": "0.240000", "loadAverage15": "0.320000", "loadAverage1Percent": "0.009375"}
[2026-09-01 07:06:32.657 Z] [EVENT] [cadence.virtuoso.ade.simulationMonitor] - NewPoint {"history": "Interactive.267", "point": 1, "testname": "OP", "cornername": "Nominal", "event": "NewPoint", "EventSource": "Simulation Monitor", "HistoryName": "Interactive.267", "logFile": "/home/saul/projects/LF_BG/logs_saul/logs5/Job16.log", "logFileSize": "55059"}
[2026-09-01 07:06:32.758 Z] [EVENT] [cadence.virtuoso.ade.simulationMonitor] - NewPoint {"history": "Interactive.267", "point": 1, "testname": "OP", "cornername": "Nominal", "event": "NewPoint", "EventSource": "spectre", "HistoryName": "Interactive.267", "logFile": "/home/saul/simulation/REF_GEN/REF_GEN_f_TB/maestro/results/maestro/Interactive.267/1/OP/psf/spectre.out", "logFileSize": "-1"}
[2026-09-01 07:06:32.776 Z] [PROCESS] [cadence.virtuoso.ade.simulationMonitor] - Simulator launched {"hostname": "edatools", "processid": 126297, "history": "Interactive.267", "testname": "OP", "cornername": "Nominal", "point": 1, "logfile": "/home/saul/projects/LF_BG/logs_saul/logs5/Job16.log", "simid": "6"}
[2026-09-01 07:06:32.779 Z] [PROCESS] [cadence.virtuoso.ade.simulationMonitor] - Expression evaluator launched {"hostname": "edatools", "processid": 126297, "history": "Interactive.267", "testname": "OP", "cornername": "Nominal", "point": 1, "logfile": "/home/saul/projects/LF_BG/logs_saul/logs5/Job16.log"}
[2026-09-01 07:06:32.818 Z] [PROCESS] [cadence.virtuoso.ade.simulationMonitor] - Started Simulation {"hostname": "edatools", "processid": 126297, "history": "Interactive.267", "testname": "OP", "cornername": "Nominal", "point": 1, "logfile": "/home/saul/projects/LF_BG/logs_saul/logs5/Job16.log", "event": "started", "task": "simulation"}
[2026-09-01 07:06:33.819 Z] [INFO] [cadence.virtuoso.ade.simulationMonitor] - Peak resident memory used = 170 Mbytes. {"history": "Interactive.267", "point": 1, "testname": "OP", "cornername": "Nominal"}
[2026-09-01 07:06:33.819 Z] [WARN] [cadence.virtuoso.ade.simulationMonitor] -     WARNING (VACOMP-1116): "/home/saul/projects/LF_BG/REF_GEN/REF_GEN_fL_2/veriloga/veriloga.va", line 237: Transition filter contains a continuous signal in the expression. Since a transition filter can only be applied to piecewise constant signals, redefine the expression to ensure that the transition filter applies only to a piecewise constant signal. {"history": "Interactive.267", "point": 1, "testname": "OP", "cornername": "Nominal"}
[2026-09-01 07:06:33.819 Z] [WARN] [cadence.virtuoso.ade.simulationMonitor] -     WARNING (VACOMP-1116): "/home/saul/projects/LF_BG/REF_GEN/REF_GEN_fL_2/veriloga/veriloga.va", line 238: Transition filter contains a continuous signal in the expression. Since a transition filter can only be applied to piecewise constant signals, redefine the expression to ensure that the transition filter applies only to a piecewise constant signal. {"history": "Interactive.267", "point": 1, "testname": "OP", "cornername": "Nominal"}
[2026-09-01 07:06:33.819 Z] [WARN] [cadence.virtuoso.ade.simulationMonitor] -     WARNING (VACOMP-1116): "/home/saul/projects/LF_BG/REF_GEN/REF_GEN_fL_2/veriloga/veriloga.va", line 242: Transition filter contains a continuous signal in the expression. Since a transition filter can only be applied to piecewise constant signals, redefine the expression to ensure that the transition filter applies only to a piecewise constant signal. {"history": "Interactive.267", "point": 1, "testname": "OP", "cornername": "Nominal"}
[2026-09-01 07:06:33.819 Z] [WARN] [cadence.virtuoso.ade.simulationMonitor] -     WARNING (VACOMP-1116): "/home/saul/projects/LF_BG/REF_GEN/REF_GEN_fL_2/veriloga/veriloga.va", line 243: Transition filter contains a continuous signal in the expression. Since a transition filter can only be applied to piecewise constant signals, redefine the expression to ensure that the transition filter applies only to a piecewise constant signal. {"history": "Interactive.267", "point": 1, "testname": "OP", "cornername": "Nominal"}
[2026-09-01 07:06:33.820 Z] [WARN] [cadence.virtuoso.ade.simulationMonitor] -     WARNING (VACOMP-1116): "/home/saul/projects/LF_BG/REF_GEN/REF_GEN_fL_2/veriloga/veriloga.va", line 244: Transition filter contains a continuous signal in the expression. Since a transition filter can only be applied to piecewise constant signals, redefine the expression to ensure that the transition filter applies only to a piecewise constant signal.
        Further occurrences of this warning will be suppressed. {"history": "Interactive.267", "point": 1, "testname": "OP", "cornername": "Nominal"}
[2026-09-01 07:06:34.820 Z] [INFO] [cadence.virtuoso.ade.simulationMonitor] - Peak resident memory used = 204 Mbytes. {"history": "Interactive.267", "point": 1, "testname": "OP", "cornername": "Nominal"}
[2026-09-01 07:06:34.820 Z] [INFO] [cadence.virtuoso.ade.simulationMonitor] - Notice from spectre during hierarchy flattening.
    The value 'psf' specified for the 'checklimitdest' option will no longer be supported in future releases. Use 'spectre -h' to see other recommended values for the 'checklimitdest' option. {"history": "Interactive.267", "point": 1, "testname": "OP", "cornername": "Nominal"}
[2026-09-01 07:06:34.821 Z] [WARN] [cadence.virtuoso.ade.simulationMonitor] -     WARNING (SPECTRE-16718): inlinesubcktcurrent option is set as `subckt', all the inline subckts will be treated as normal subckts when you access the current of their terminals. {"history": "Interactive.267", "point": 1, "testname": "OP", "cornername": "Nominal"}
[2026-09-01 07:06:34.821 Z] [WARN] [cadence.virtuoso.ade.simulationMonitor] -     WARNING (SPECTRE-8527): There are some nodes and instances removed from the netlist topology check. Check the circuit and correct the topology. Or use preserve_inst to keep them if necessary. {"history": "Interactive.267", "point": 1, "testname": "OP", "cornername": "Nominal"}
[2026-09-01 07:06:34.821 Z] [WARN] [cadence.virtuoso.ade.simulationMonitor] -     WARNING (SPECTRE-8529): Dangling instance. V9 is removed. {"history": "Interactive.267", "point": 1, "testname": "OP", "cornername": "Nominal"}
[2026-09-01 07:06:34.821 Z] [WARN] [cadence.virtuoso.ade.simulationMonitor] -     WARNING (SPECTRE-8530): Dangling node. net9 is removed. {"history": "Interactive.267", "point": 1, "testname": "OP", "cornername": "Nominal"}
[2026-09-01 07:06:34.821 Z] [INFO] [cadence.virtuoso.ade.simulationMonitor] - Peak resident memory used = 205 Mbytes. {"history": "Interactive.267", "point": 1, "testname": "OP", "cornername": "Nominal"}
[2026-09-01 07:06:34.821 Z] [INFO] [cadence.virtuoso.ade.simulationMonitor] - Notice from spectre during topology check.
    No DC path from node `VbgT' to ground, Gmin installed to provide path. {"history": "Interactive.267", "point": 1, "testname": "OP", "cornername": "Nominal"}
[2026-09-01 07:06:34.821 Z] [INFO] [cadence.virtuoso.ade.simulationMonitor] - Notice from spectre during initial setup.
    Multithreading is disabled due to the size of the design being too small. {"history": "Interactive.267", "point": 1, "testname": "OP", "cornername": "Nominal"}
[2026-09-01 07:06:34.821 Z] [INFO] [cadence.virtuoso.ade.simulationMonitor] -               nodes 56 {"history": "Interactive.267", "point": 1, "testname": "OP", "cornername": "Nominal"}
[2026-09-01 07:06:34.821 Z] [INFO] [cadence.virtuoso.ade.simulationMonitor] - Notice from spectre during initial setup.
    Fast APS enabled.
    9 warnings suppressed. {"history": "Interactive.267", "point": 1, "testname": "OP", "cornername": "Nominal"}
[2026-09-01 07:06:34.822 Z] [INFO] [cadence.virtuoso.ade.simulationMonitor] - Peak resident memory used = 208 Mbytes. {"history": "Interactive.267", "point": 1, "testname": "OP", "cornername": "Nominal"}
[2026-09-01 07:06:34.822 Z] [INFO] [cadence.virtuoso.ade.simulationMonitor] -    -   (Fast APS) Multi-threading. The recommended number of threads is 1, consider adding +mt=1 on command line. {"history": "Interactive.267", "point": 1, "testname": "OP", "cornername": "Nominal"}
[2026-09-01 07:06:34.822 Z] [INFO] [cadence.virtuoso.ade.simulationMonitor] - Total time required for dc analysis `dcOp': CPU = 1.613 ms, elapsed = 16.0348 ms, util. = 10.1%. {"history": "Interactive.267", "point": 1, "testname": "OP", "cornername": "Nominal"}
[2026-09-01 07:06:34.822 Z] [INFO] [cadence.virtuoso.ade.simulationMonitor] - Peak resident memory used = 208 Mbytes. {"history": "Interactive.267", "point": 1, "testname": "OP", "cornername": "Nominal"}
[2026-09-01 07:06:34.822 Z] [INFO] [cadence.virtuoso.ade.simulationMonitor] - Time used: CPU = 265 ms, elapsed = 1.7 s, util. = 15.6%. {"history": "Interactive.267", "point": 1, "testname": "OP", "cornername": "Nominal"}
[2026-09-01 07:06:34.822 Z] [INFO] [cadence.virtuoso.ade.simulationMonitor] - Time spent in licensing: elapsed = 24.1 ms. {"history": "Interactive.267", "point": 1, "testname": "OP", "cornername": "Nominal"}
[2026-09-01 07:06:34.822 Z] [INFO] [cadence.virtuoso.ade.simulationMonitor] - Peak memory used = 208 Mbytes. {"history": "Interactive.267", "point": 1, "testname": "OP", "cornername": "Nominal"}
[2026-09-01 07:06:34.822 Z] [PROCESS] [cadence.virtuoso.ade.simulationMonitor] - Simulation started at: 7:06:32 AM, Tue Sep 1, 2026, ended at: 7:06:34 AM, Tue Sep 1, 2026, with elapsed time (wall clock): 1.7 s. {"history": "Interactive.267", "point": 1, "testname": "OP", "cornername": "Nominal"}
[2026-09-01 07:06:34.822 Z] [PROCESS] [cadence.virtuoso.ade.simulationMonitor] - spectre completes with 0 errors, 9 warnings, and 6 notices. {"history": "Interactive.267", "point": 1, "testname": "OP", "cornername": "Nominal"}
[2026-09-01 07:06:34.822 Z] [PROCESS] [cadence.virtuoso.ade.simulationMonitor] - Finished simulating for one point {"hostname": "edatools", "processid": 126297, "history": "Interactive.267", "testname": "OP", "cornername": "Nominal", "point": 1, "logfile": "/home/saul/projects/LF_BG/logs_saul/logs5/Job16.log", "simid": "6"}
[2026-09-01 07:06:34.822 Z] [PROCESS] [cadence.virtuoso.ade.simulationMonitor] - Simulator exited {"hostname": "edatools", "processid": 126297, "history": "Interactive.267", "testname": "OP", "cornername": "Nominal", "point": 1, "logfile": "/home/saul/projects/LF_BG/logs_saul/logs5/Job16.log", "exitStatus": "0"}
[2026-09-01 07:06:34.822 Z] [PROCESS] [cadence.virtuoso.ade.simulationMonitor] - Finished Simulation {"hostname": "edatools", "processid": 126297, "history": "Interactive.267", "testname": "OP", "cornername": "Nominal", "point": 1, "logfile": "/home/saul/projects/LF_BG/logs_saul/logs5/Job16.log", "simid": "6"}
[2026-09-01 07:06:35.829 Z] [PROCESS] [cadence.virtuoso.ade.simulationMonitor] - Point Finished {"hostname": "edatools", "processid": 126297, "history": "Interactive.267", "testname": "OP", "cornername": "Nominal", "point": 1, "logfile": "/home/saul/projects/LF_BG/logs_saul/logs5/Job16.log"}
[2026-09-01 07:10:24.258 Z] [PROCESS] [cadence.virtuoso.ade.simulationMonitor] - Started History {"hostname": "edatools", "processid": 126297, "history": "Interactive.268", "testname": "OP", "cornername": "Nominal", "point": 1, "logfile": "/home/saul/projects/LF_BG/logs_saul/logs5/Job16.log"}
[2026-09-01 07:10:24.259 Z] [PROCESS] [cadence.virtuoso.ade.simulationMonitor] - HostInfo:
Host name (type):	edatools (x86_64)
Operating system:	Linux 7.0.0-30-generic #30~24.04.1-Ubuntu SMP PREEMPT_DYNAMIC Fri Aug  7 13:27:52 UTC 2 {"hostname": "edatools", "processid": 126297, "history": "Interactive.268", "testname": "OP", "cornername": "Nominal", "point": 1, "logfile": "/home/saul/projects/LF_BG/logs_saul/logs5/Job16.log", "nodename": "edatools", "domainname": "(none)", "machine": "x86_64", "sysname": "Linux", "release": "7.0.0-30-generic", "version": "#30~24.04.1-Ubuntu SMP PREEMPT_DYNAMIC Fri Aug  7 13:27:52 UTC 2"}
[2026-09-01 07:10:24.259 Z] [PROCESS] [cadence.virtuoso.ade.simulationMonitor] - UsageInfo:
pid=126297
totalPhysicalMemory=62.541851GB,Used=24.509995GB,totalVirtualMemory=70.541847GB,Used=24.509995GB
Cpu: Cores=16, Load average:0.150000,0.190000,0.270000 {"hostname": "edatools", "processid": 126297, "history": "Interactive.268", "testname": "OP", "cornername": "Nominal", "point": 1, "logfile": "/home/saul/projects/LF_BG/logs_saul/logs5/Job16.log", "pid": "126297", "totalPhysicalMemory": "62.541851", "physicalMemoryUsed": "24.509995", "totalVirtualMemory": "70.541847", "virtualMemoryUsed": "24.509995", "cpuCores": "16", "processes": "2130", "loadAverage1": "0.150000", "loadAverage5": "0.190000", "loadAverage15": "0.270000", "loadAverage1Percent": "0.009375"}
[2026-09-01 07:10:24.260 Z] [EVENT] [cadence.virtuoso.ade.simulationMonitor] - NewPoint {"history": "Interactive.268", "point": 1, "testname": "OP", "cornername": "Nominal", "event": "NewPoint", "EventSource": "Simulation Monitor", "HistoryName": "Interactive.268", "logFile": "/home/saul/projects/LF_BG/logs_saul/logs5/Job16.log", "logFileSize": "67647"}
[2026-09-01 07:10:24.362 Z] [EVENT] [cadence.virtuoso.ade.simulationMonitor] - NewPoint {"history": "Interactive.268", "point": 1, "testname": "OP", "cornername": "Nominal", "event": "NewPoint", "EventSource": "spectre", "HistoryName": "Interactive.268", "logFile": "/home/saul/simulation/REF_GEN/REF_GEN_f_TB/maestro/results/maestro/Interactive.268/1/OP/psf/spectre.out", "logFileSize": "-1"}
[2026-09-01 07:10:24.376 Z] [PROCESS] [cadence.virtuoso.ade.simulationMonitor] - Simulator launched {"hostname": "edatools", "processid": 126297, "history": "Interactive.268", "testname": "OP", "cornername": "Nominal", "point": 1, "logfile": "/home/saul/projects/LF_BG/logs_saul/logs5/Job16.log", "simid": "7"}
[2026-09-01 07:10:24.378 Z] [PROCESS] [cadence.virtuoso.ade.simulationMonitor] - Expression evaluator launched {"hostname": "edatools", "processid": 126297, "history": "Interactive.268", "testname": "OP", "cornername": "Nominal", "point": 1, "logfile": "/home/saul/projects/LF_BG/logs_saul/logs5/Job16.log"}
[2026-09-01 07:10:24.410 Z] [PROCESS] [cadence.virtuoso.ade.simulationMonitor] - Started Simulation {"hostname": "edatools", "processid": 126297, "history": "Interactive.268", "testname": "OP", "cornername": "Nominal", "point": 1, "logfile": "/home/saul/projects/LF_BG/logs_saul/logs5/Job16.log", "event": "started", "task": "simulation"}
[2026-09-01 07:10:25.410 Z] [INFO] [cadence.virtuoso.ade.simulationMonitor] - Peak resident memory used = 170 Mbytes. {"history": "Interactive.268", "point": 1, "testname": "OP", "cornername": "Nominal"}
[2026-09-01 07:10:25.411 Z] [WARN] [cadence.virtuoso.ade.simulationMonitor] -     WARNING (VACOMP-1116): "/home/saul/projects/LF_BG/REF_GEN/REF_GEN_fL_2/veriloga/veriloga.va", line 237: Transition filter contains a continuous signal in the expression. Since a transition filter can only be applied to piecewise constant signals, redefine the expression to ensure that the transition filter applies only to a piecewise constant signal. {"history": "Interactive.268", "point": 1, "testname": "OP", "cornername": "Nominal"}
[2026-09-01 07:10:25.411 Z] [WARN] [cadence.virtuoso.ade.simulationMonitor] -     WARNING (VACOMP-1116): "/home/saul/projects/LF_BG/REF_GEN/REF_GEN_fL_2/veriloga/veriloga.va", line 238: Transition filter contains a continuous signal in the expression. Since a transition filter can only be applied to piecewise constant signals, redefine the expression to ensure that the transition filter applies only to a piecewise constant signal. {"history": "Interactive.268", "point": 1, "testname": "OP", "cornername": "Nominal"}
[2026-09-01 07:10:25.411 Z] [WARN] [cadence.virtuoso.ade.simulationMonitor] -     WARNING (VACOMP-1116): "/home/saul/projects/LF_BG/REF_GEN/REF_GEN_fL_2/veriloga/veriloga.va", line 242: Transition filter contains a continuous signal in the expression. Since a transition filter can only be applied to piecewise constant signals, redefine the expression to ensure that the transition filter applies only to a piecewise constant signal. {"history": "Interactive.268", "point": 1, "testname": "OP", "cornername": "Nominal"}
[2026-09-01 07:10:25.411 Z] [WARN] [cadence.virtuoso.ade.simulationMonitor] -     WARNING (VACOMP-1116): "/home/saul/projects/LF_BG/REF_GEN/REF_GEN_fL_2/veriloga/veriloga.va", line 243: Transition filter contains a continuous signal in the expression. Since a transition filter can only be applied to piecewise constant signals, redefine the expression to ensure that the transition filter applies only to a piecewise constant signal. {"history": "Interactive.268", "point": 1, "testname": "OP", "cornername": "Nominal"}
[2026-09-01 07:10:25.411 Z] [WARN] [cadence.virtuoso.ade.simulationMonitor] -     WARNING (VACOMP-1116): "/home/saul/projects/LF_BG/REF_GEN/REF_GEN_fL_2/veriloga/veriloga.va", line 244: Transition filter contains a continuous signal in the expression. Since a transition filter can only be applied to piecewise constant signals, redefine the expression to ensure that the transition filter applies only to a piecewise constant signal.
        Further occurrences of this warning will be suppressed. {"history": "Interactive.268", "point": 1, "testname": "OP", "cornername": "Nominal"}
[2026-09-01 07:10:26.411 Z] [INFO] [cadence.virtuoso.ade.simulationMonitor] - Peak resident memory used = 204 Mbytes. {"history": "Interactive.268", "point": 1, "testname": "OP", "cornername": "Nominal"}
[2026-09-01 07:10:26.412 Z] [INFO] [cadence.virtuoso.ade.simulationMonitor] - Notice from spectre during hierarchy flattening.
    The value 'psf' specified for the 'checklimitdest' option will no longer be supported in future releases. Use 'spectre -h' to see other recommended values for the 'checklimitdest' option. {"history": "Interactive.268", "point": 1, "testname": "OP", "cornername": "Nominal"}
[2026-09-01 07:10:26.412 Z] [WARN] [cadence.virtuoso.ade.simulationMonitor] -     WARNING (SPECTRE-16718): inlinesubcktcurrent option is set as `subckt', all the inline subckts will be treated as normal subckts when you access the current of their terminals. {"history": "Interactive.268", "point": 1, "testname": "OP", "cornername": "Nominal"}
[2026-09-01 07:10:26.412 Z] [WARN] [cadence.virtuoso.ade.simulationMonitor] -     WARNING (SPECTRE-8527): There are some nodes and instances removed from the netlist topology check. Check the circuit and correct the topology. Or use preserve_inst to keep them if necessary. {"history": "Interactive.268", "point": 1, "testname": "OP", "cornername": "Nominal"}
[2026-09-01 07:10:26.412 Z] [WARN] [cadence.virtuoso.ade.simulationMonitor] -     WARNING (SPECTRE-8529): Dangling instance. V9 is removed. {"history": "Interactive.268", "point": 1, "testname": "OP", "cornername": "Nominal"}
[2026-09-01 07:10:26.412 Z] [WARN] [cadence.virtuoso.ade.simulationMonitor] -     WARNING (SPECTRE-8530): Dangling node. net9 is removed. {"history": "Interactive.268", "point": 1, "testname": "OP", "cornername": "Nominal"}
[2026-09-01 07:10:26.412 Z] [INFO] [cadence.virtuoso.ade.simulationMonitor] - Peak resident memory used = 205 Mbytes. {"history": "Interactive.268", "point": 1, "testname": "OP", "cornername": "Nominal"}
[2026-09-01 07:10:26.412 Z] [INFO] [cadence.virtuoso.ade.simulationMonitor] - Notice from spectre during topology check.
    No DC path from node `VbgT' to ground, Gmin installed to provide path. {"history": "Interactive.268", "point": 1, "testname": "OP", "cornername": "Nominal"}
[2026-09-01 07:10:26.412 Z] [INFO] [cadence.virtuoso.ade.simulationMonitor] - Notice from spectre during initial setup.
    Multithreading is disabled due to the size of the design being too small. {"history": "Interactive.268", "point": 1, "testname": "OP", "cornername": "Nominal"}
[2026-09-01 07:10:26.412 Z] [INFO] [cadence.virtuoso.ade.simulationMonitor] -               nodes 56 {"history": "Interactive.268", "point": 1, "testname": "OP", "cornername": "Nominal"}
[2026-09-01 07:10:26.412 Z] [INFO] [cadence.virtuoso.ade.simulationMonitor] - Notice from spectre during initial setup.
    Fast APS enabled.
    9 warnings suppressed. {"history": "Interactive.268", "point": 1, "testname": "OP", "cornername": "Nominal"}
[2026-09-01 07:10:26.412 Z] [INFO] [cadence.virtuoso.ade.simulationMonitor] - Peak resident memory used = 208 Mbytes. {"history": "Interactive.268", "point": 1, "testname": "OP", "cornername": "Nominal"}
[2026-09-01 07:10:26.412 Z] [INFO] [cadence.virtuoso.ade.simulationMonitor] -    -   (Fast APS) Multi-threading. The recommended number of threads is 1, consider adding +mt=1 on command line. {"history": "Interactive.268", "point": 1, "testname": "OP", "cornername": "Nominal"}
[2026-09-01 07:10:26.412 Z] [INFO] [cadence.virtuoso.ade.simulationMonitor] - Total time required for dc analysis `dcOp': CPU = 1.415 ms, elapsed = 5.38707 ms, util. = 26.3%. {"history": "Interactive.268", "point": 1, "testname": "OP", "cornername": "Nominal"}
[2026-09-01 07:10:26.412 Z] [INFO] [cadence.virtuoso.ade.simulationMonitor] - Peak resident memory used = 208 Mbytes. {"history": "Interactive.268", "point": 1, "testname": "OP", "cornername": "Nominal"}
[2026-09-01 07:10:26.413 Z] [INFO] [cadence.virtuoso.ade.simulationMonitor] - Time used: CPU = 252 ms, elapsed = 1.71 s, util. = 14.7%. {"history": "Interactive.268", "point": 1, "testname": "OP", "cornername": "Nominal"}
[2026-09-01 07:10:26.413 Z] [INFO] [cadence.virtuoso.ade.simulationMonitor] - Time spent in licensing: elapsed = 26.5 ms. {"history": "Interactive.268", "point": 1, "testname": "OP", "cornername": "Nominal"}
[2026-09-01 07:10:26.413 Z] [INFO] [cadence.virtuoso.ade.simulationMonitor] - Peak memory used = 208 Mbytes. {"history": "Interactive.268", "point": 1, "testname": "OP", "cornername": "Nominal"}
[2026-09-01 07:10:26.413 Z] [PROCESS] [cadence.virtuoso.ade.simulationMonitor] - Simulation started at: 7:10:24 AM, Tue Sep 1, 2026, ended at: 7:10:26 AM, Tue Sep 1, 2026, with elapsed time (wall clock): 1.71 s. {"history": "Interactive.268", "point": 1, "testname": "OP", "cornername": "Nominal"}
[2026-09-01 07:10:26.413 Z] [PROCESS] [cadence.virtuoso.ade.simulationMonitor] - spectre completes with 0 errors, 9 warnings, and 6 notices. {"history": "Interactive.268", "point": 1, "testname": "OP", "cornername": "Nominal"}
[2026-09-01 07:10:26.413 Z] [PROCESS] [cadence.virtuoso.ade.simulationMonitor] - Finished simulating for one point {"hostname": "edatools", "processid": 126297, "history": "Interactive.268", "testname": "OP", "cornername": "Nominal", "point": 1, "logfile": "/home/saul/projects/LF_BG/logs_saul/logs5/Job16.log", "simid": "7"}
[2026-09-01 07:10:26.413 Z] [PROCESS] [cadence.virtuoso.ade.simulationMonitor] - Simulator exited {"hostname": "edatools", "processid": 126297, "history": "Interactive.268", "testname": "OP", "cornername": "Nominal", "point": 1, "logfile": "/home/saul/projects/LF_BG/logs_saul/logs5/Job16.log", "exitStatus": "0"}
[2026-09-01 07:10:26.413 Z] [PROCESS] [cadence.virtuoso.ade.simulationMonitor] - Finished Simulation {"hostname": "edatools", "processid": 126297, "history": "Interactive.268", "testname": "OP", "cornername": "Nominal", "point": 1, "logfile": "/home/saul/projects/LF_BG/logs_saul/logs5/Job16.log", "simid": "7"}
[2026-09-01 07:10:27.420 Z] [PROCESS] [cadence.virtuoso.ade.simulationMonitor] - Point Finished {"hostname": "edatools", "processid": 126297, "history": "Interactive.268", "testname": "OP", "cornername": "Nominal", "point": 1, "logfile": "/home/saul/projects/LF_BG/logs_saul/logs5/Job16.log"}
[2026-09-01 07:10:36.884 Z] [PROCESS] [cadence.virtuoso.ade.simulationMonitor] - Started History {"hostname": "edatools", "processid": 126297, "history": "Interactive.269", "testname": "OP", "cornername": "Nominal", "point": 1, "logfile": "/home/saul/projects/LF_BG/logs_saul/logs5/Job16.log"}
[2026-09-01 07:10:36.885 Z] [PROCESS] [cadence.virtuoso.ade.simulationMonitor] - HostInfo:
Host name (type):	edatools (x86_64)
Operating system:	Linux 7.0.0-30-generic #30~24.04.1-Ubuntu SMP PREEMPT_DYNAMIC Fri Aug  7 13:27:52 UTC 2 {"hostname": "edatools", "processid": 126297, "history": "Interactive.269", "testname": "OP", "cornername": "Nominal", "point": 1, "logfile": "/home/saul/projects/LF_BG/logs_saul/logs5/Job16.log", "nodename": "edatools", "domainname": "(none)", "machine": "x86_64", "sysname": "Linux", "release": "7.0.0-30-generic", "version": "#30~24.04.1-Ubuntu SMP PREEMPT_DYNAMIC Fri Aug  7 13:27:52 UTC 2"}
[2026-09-01 07:10:36.886 Z] [PROCESS] [cadence.virtuoso.ade.simulationMonitor] - UsageInfo:
pid=126297
totalPhysicalMemory=62.541851GB,Used=24.377590GB,totalVirtualMemory=70.541847GB,Used=24.377590GB
Cpu: Cores=16, Load average:0.130000,0.180000,0.270000 {"hostname": "edatools", "processid": 126297, "history": "Interactive.269", "testname": "OP", "cornername": "Nominal", "point": 1, "logfile": "/home/saul/projects/LF_BG/logs_saul/logs5/Job16.log", "pid": "126297", "totalPhysicalMemory": "62.541851", "physicalMemoryUsed": "24.377590", "totalVirtualMemory": "70.541847", "virtualMemoryUsed": "24.377590", "cpuCores": "16", "processes": "2165", "loadAverage1": "0.130000", "loadAverage5": "0.180000", "loadAverage15": "0.270000", "loadAverage1Percent": "0.008125"}
[2026-09-01 07:10:36.887 Z] [EVENT] [cadence.virtuoso.ade.simulationMonitor] - NewPoint {"history": "Interactive.269", "point": 1, "testname": "OP", "cornername": "Nominal", "event": "NewPoint", "EventSource": "Simulation Monitor", "HistoryName": "Interactive.269", "logFile": "/home/saul/projects/LF_BG/logs_saul/logs5/Job16.log", "logFileSize": "80237"}
[2026-09-01 07:10:36.989 Z] [EVENT] [cadence.virtuoso.ade.simulationMonitor] - NewPoint {"history": "Interactive.269", "point": 1, "testname": "OP", "cornername": "Nominal", "event": "NewPoint", "EventSource": "spectre", "HistoryName": "Interactive.269", "logFile": "/home/saul/simulation/REF_GEN/REF_GEN_f_TB/maestro/results/maestro/Interactive.269/1/OP/psf/spectre.out", "logFileSize": "-1"}
[2026-09-01 07:10:37.007 Z] [PROCESS] [cadence.virtuoso.ade.simulationMonitor] - Simulator launched {"hostname": "edatools", "processid": 126297, "history": "Interactive.269", "testname": "OP", "cornername": "Nominal", "point": 1, "logfile": "/home/saul/projects/LF_BG/logs_saul/logs5/Job16.log", "simid": "8"}
[2026-09-01 07:10:37.010 Z] [PROCESS] [cadence.virtuoso.ade.simulationMonitor] - Expression evaluator launched {"hostname": "edatools", "processid": 126297, "history": "Interactive.269", "testname": "OP", "cornername": "Nominal", "point": 1, "logfile": "/home/saul/projects/LF_BG/logs_saul/logs5/Job16.log"}
[2026-09-01 07:10:37.043 Z] [PROCESS] [cadence.virtuoso.ade.simulationMonitor] - Started Simulation {"hostname": "edatools", "processid": 126297, "history": "Interactive.269", "testname": "OP", "cornername": "Nominal", "point": 1, "logfile": "/home/saul/projects/LF_BG/logs_saul/logs5/Job16.log", "event": "started", "task": "simulation"}
[2026-09-01 07:10:38.044 Z] [INFO] [cadence.virtuoso.ade.simulationMonitor] - Peak resident memory used = 170 Mbytes. {"history": "Interactive.269", "point": 1, "testname": "OP", "cornername": "Nominal"}
[2026-09-01 07:10:38.045 Z] [INFO] [cadence.virtuoso.ade.simulationMonitor] - Peak resident memory used = 179 Mbytes. {"history": "Interactive.269", "point": 1, "testname": "OP", "cornername": "Nominal"}
[2026-09-01 07:10:38.046 Z] [INFO] [cadence.virtuoso.ade.simulationMonitor] - Notice from spectre during hierarchy flattening.
    The value 'psf' specified for the 'checklimitdest' option will no longer be supported in future releases. Use 'spectre -h' to see other recommended values for the 'checklimitdest' option. {"history": "Interactive.269", "point": 1, "testname": "OP", "cornername": "Nominal"}
[2026-09-01 07:10:38.046 Z] [WARN] [cadence.virtuoso.ade.simulationMonitor] -     WARNING (SPECTRE-16718): inlinesubcktcurrent option is set as `subckt', all the inline subckts will be treated as normal subckts when you access the current of their terminals. {"history": "Interactive.269", "point": 1, "testname": "OP", "cornername": "Nominal"}
[2026-09-01 07:10:38.046 Z] [WARN] [cadence.virtuoso.ade.simulationMonitor] -     WARNING (SPECTRE-8527): There are some nodes and instances removed from the netlist topology check. Check the circuit and correct the topology. Or use preserve_inst to keep them if necessary. {"history": "Interactive.269", "point": 1, "testname": "OP", "cornername": "Nominal"}
[2026-09-01 07:10:38.047 Z] [WARN] [cadence.virtuoso.ade.simulationMonitor] -     WARNING (SPECTRE-8529): Dangling instance. V9 is removed. {"history": "Interactive.269", "point": 1, "testname": "OP", "cornername": "Nominal"}
[2026-09-01 07:10:38.047 Z] [WARN] [cadence.virtuoso.ade.simulationMonitor] -     WARNING (SPECTRE-8530): Dangling node. net9 is removed. {"history": "Interactive.269", "point": 1, "testname": "OP", "cornername": "Nominal"}
[2026-09-01 07:10:38.047 Z] [INFO] [cadence.virtuoso.ade.simulationMonitor] - Peak resident memory used = 181 Mbytes. {"history": "Interactive.269", "point": 1, "testname": "OP", "cornername": "Nominal"}
[2026-09-01 07:10:38.047 Z] [INFO] [cadence.virtuoso.ade.simulationMonitor] - Notice from spectre during topology check.
    No DC path from node `VbgT' to ground, Gmin installed to provide path. {"history": "Interactive.269", "point": 1, "testname": "OP", "cornername": "Nominal"}
[2026-09-01 07:10:38.047 Z] [INFO] [cadence.virtuoso.ade.simulationMonitor] - Notice from spectre during initial setup.
    Multithreading is disabled due to the size of the design being too small. {"history": "Interactive.269", "point": 1, "testname": "OP", "cornername": "Nominal"}
[2026-09-01 07:10:38.048 Z] [INFO] [cadence.virtuoso.ade.simulationMonitor] -               nodes 56 {"history": "Interactive.269", "point": 1, "testname": "OP", "cornername": "Nominal"}
[2026-09-01 07:10:38.048 Z] [INFO] [cadence.virtuoso.ade.simulationMonitor] - Notice from spectre during initial setup.
    Fast APS enabled. {"history": "Interactive.269", "point": 1, "testname": "OP", "cornername": "Nominal"}
[2026-09-01 07:10:38.048 Z] [INFO] [cadence.virtuoso.ade.simulationMonitor] - Peak resident memory used = 184 Mbytes. {"history": "Interactive.269", "point": 1, "testname": "OP", "cornername": "Nominal"}
[2026-09-01 07:10:38.048 Z] [INFO] [cadence.virtuoso.ade.simulationMonitor] -    -   (Fast APS) Multi-threading. The recommended number of threads is 1, consider adding +mt=1 on command line. {"history": "Interactive.269", "point": 1, "testname": "OP", "cornername": "Nominal"}
[2026-09-01 07:10:38.048 Z] [INFO] [cadence.virtuoso.ade.simulationMonitor] - Total time required for dc analysis `dcOp': CPU = 1.948 ms, elapsed = 5.62906 ms, util. = 34.6%. {"history": "Interactive.269", "point": 1, "testname": "OP", "cornername": "Nominal"}
[2026-09-01 07:10:38.048 Z] [INFO] [cadence.virtuoso.ade.simulationMonitor] - Peak resident memory used = 187 Mbytes. {"history": "Interactive.269", "point": 1, "testname": "OP", "cornername": "Nominal"}
[2026-09-01 07:10:38.048 Z] [INFO] [cadence.virtuoso.ade.simulationMonitor] - Time used: CPU = 173 ms, elapsed = 586 ms, util. = 29.5%. {"history": "Interactive.269", "point": 1, "testname": "OP", "cornername": "Nominal"}
[2026-09-01 07:10:38.048 Z] [INFO] [cadence.virtuoso.ade.simulationMonitor] - Time spent in licensing: elapsed = 24.7 ms. {"history": "Interactive.269", "point": 1, "testname": "OP", "cornername": "Nominal"}
[2026-09-01 07:10:38.048 Z] [INFO] [cadence.virtuoso.ade.simulationMonitor] - Peak memory used = 189 Mbytes. {"history": "Interactive.269", "point": 1, "testname": "OP", "cornername": "Nominal"}
[2026-09-01 07:10:38.048 Z] [PROCESS] [cadence.virtuoso.ade.simulationMonitor] - Simulation started at: 7:10:37 AM, Tue Sep 1, 2026, ended at: 7:10:37 AM, Tue Sep 1, 2026, with elapsed time (wall clock): 586 ms. {"history": "Interactive.269", "point": 1, "testname": "OP", "cornername": "Nominal"}
[2026-09-01 07:10:38.048 Z] [PROCESS] [cadence.virtuoso.ade.simulationMonitor] - spectre completes with 0 errors, 4 warnings, and 5 notices. {"history": "Interactive.269", "point": 1, "testname": "OP", "cornername": "Nominal"}
[2026-09-01 07:10:38.048 Z] [PROCESS] [cadence.virtuoso.ade.simulationMonitor] - Finished simulating for one point {"hostname": "edatools", "processid": 126297, "history": "Interactive.269", "testname": "OP", "cornername": "Nominal", "point": 1, "logfile": "/home/saul/projects/LF_BG/logs_saul/logs5/Job16.log", "simid": "8"}
[2026-09-01 07:10:38.048 Z] [PROCESS] [cadence.virtuoso.ade.simulationMonitor] - Simulator exited {"hostname": "edatools", "processid": 126297, "history": "Interactive.269", "testname": "OP", "cornername": "Nominal", "point": 1, "logfile": "/home/saul/projects/LF_BG/logs_saul/logs5/Job16.log", "exitStatus": "0"}
[2026-09-01 07:10:38.048 Z] [PROCESS] [cadence.virtuoso.ade.simulationMonitor] - Finished Simulation {"hostname": "edatools", "processid": 126297, "history": "Interactive.269", "testname": "OP", "cornername": "Nominal", "point": 1, "logfile": "/home/saul/projects/LF_BG/logs_saul/logs5/Job16.log", "simid": "8"}
[2026-09-01 07:10:40.056 Z] [PROCESS] [cadence.virtuoso.ade.simulationMonitor] - Point Finished {"hostname": "edatools", "processid": 126297, "history": "Interactive.269", "testname": "OP", "cornername": "Nominal", "point": 1, "logfile": "/home/saul/projects/LF_BG/logs_saul/logs5/Job16.log"}
[2026-09-01 07:15:40.664 Z] [PROCESS] [cadence.virtuoso.ade.simulationMonitor] - Current memory used: 52.9492 MBytes, peak memory used: 52.9492 MBytes {"hostname": "edatools", "processid": 126297, "history": "Interactive.269", "testname": "OP", "cornername": "Nominal", "point": 1, "logfile": "/home/saul/projects/LF_BG/logs_saul/logs5/Job16.log"}
[2026-09-01 07:15:40.665 Z] [PROCESS] [cadence.virtuoso.ade.simulationMonitor] - Simulation Monitor process exit. {"hostname": "edatools", "processid": 126297, "history": "Interactive.269", "testname": "OP", "cornername": "Nominal", "point": 1, "logfile": "/home/saul/projects/LF_BG/logs_saul/logs5/Job16.log"}
