[Simulation Monitor: 23]
[2026-09-01 11:35:00.795 Z] [PROCESS] [cadence.virtuoso.ade.simulationMonitor] - Simulation Monitor has successfully started up. Trying to set up communication channels to other components ... {"hostname": "edatools", "processid": 161844, "logfile": "/home/saul/projects/LF_BG/logs_saul/logs5/Job23.log"}
[2026-09-01 11:35:00.795 Z] [PROCESS] [cadence.virtuoso.ade.simulationMonitor] - Communication channels have been successfully set up. Start processing events ... {"hostname": "edatools", "processid": 161844, "logfile": "/home/saul/projects/LF_BG/logs_saul/logs5/Job23.log"}
[2026-09-01 11:35:00.795 Z] [PROCESS] [cadence.virtuoso.ade.simulationMonitor] - Considering to start history {"hostname": "edatools", "processid": 161844, "history": "Interactive.303", "logfile": "/home/saul/projects/LF_BG/logs_saul/logs5/Job23.log"}
[2026-09-01 11:35:00.796 Z] [PROCESS] [cadence.virtuoso.ade.simulationMonitor] - HostInfo:
Host name (type):	edatools (x86_64)
Operating system:	Linux 7.0.0-30-generic #30~24.04.1-Ubuntu SMP PREEMPT_DYNAMIC Fri Aug  7 13:27:52 UTC 2 {"hostname": "edatools", "processid": 161844, "history": "Interactive.303", "logfile": "/home/saul/projects/LF_BG/logs_saul/logs5/Job23.log", "nodename": "edatools", "domainname": "(none)", "machine": "x86_64", "sysname": "Linux", "release": "7.0.0-30-generic", "version": "#30~24.04.1-Ubuntu SMP PREEMPT_DYNAMIC Fri Aug  7 13:27:52 UTC 2"}
[2026-09-01 11:35:00.796 Z] [PROCESS] [cadence.virtuoso.ade.simulationMonitor] - UsageInfo:
pid=161844
totalPhysicalMemory=62.541851GB,Used=24.909870GB,totalVirtualMemory=70.541847GB,Used=24.909870GB
Cpu: Cores=16, Load average:0.310000,0.320000,0.330000 {"hostname": "edatools", "processid": 161844, "history": "Interactive.303", "logfile": "/home/saul/projects/LF_BG/logs_saul/logs5/Job23.log", "pid": "161844", "totalPhysicalMemory": "62.541851", "physicalMemoryUsed": "24.909870", "totalVirtualMemory": "70.541847", "virtualMemoryUsed": "24.909870", "cpuCores": "16", "processes": "2093", "loadAverage1": "0.310000", "loadAverage5": "0.320000", "loadAverage15": "0.330000", "loadAverage1Percent": "0.019375"}
[2026-09-01 11:35:00.796 Z] [EVENT] [cadence.virtuoso.ade.simulationMonitor] - NewPoint {"history": "Interactive.303", "point": 1, "testname": "OP", "cornername": "Nominal", "event": "NewPoint", "EventSource": "Simulation Monitor", "HistoryName": "Interactive.303", "logFile": "/home/saul/projects/LF_BG/logs_saul/logs5/Job23.log", "logFileSize": "2144"}
[2026-09-01 11:35:00.897 Z] [EVENT] [cadence.virtuoso.ade.simulationMonitor] - NewPoint {"history": "Interactive.303", "point": 1, "testname": "OP", "cornername": "Nominal", "event": "NewPoint", "EventSource": "spectre", "HistoryName": "Interactive.303", "logFile": "/home/saul/simulation/REF_GEN/REF_GEN_f_TB/maestro/results/maestro/Interactive.303/1/OP/psf/spectre.out", "logFileSize": "-1"}
[2026-09-01 11:35:00.908 Z] [PROCESS] [cadence.virtuoso.ade.simulationMonitor] - Simulator launched {"hostname": "edatools", "processid": 161844, "history": "Interactive.303", "testname": "OP", "cornername": "Nominal", "point": 1, "logfile": "/home/saul/projects/LF_BG/logs_saul/logs5/Job23.log", "simid": "1"}
[2026-09-01 11:35:00.909 Z] [PROCESS] [cadence.virtuoso.ade.simulationMonitor] - Expression evaluator launched {"hostname": "edatools", "processid": 161844, "history": "Interactive.303", "testname": "OP", "cornername": "Nominal", "point": 1, "logfile": "/home/saul/projects/LF_BG/logs_saul/logs5/Job23.log"}
[2026-09-01 11:35:00.936 Z] [PROCESS] [cadence.virtuoso.ade.simulationMonitor] - Started Simulation {"hostname": "edatools", "processid": 161844, "history": "Interactive.303", "testname": "OP", "cornername": "Nominal", "point": 1, "logfile": "/home/saul/projects/LF_BG/logs_saul/logs5/Job23.log", "event": "started", "task": "simulation"}
[2026-09-01 11:35:01.937 Z] [INFO] [cadence.virtuoso.ade.simulationMonitor] - Peak resident memory used = 170 Mbytes. {"history": "Interactive.303", "point": 1, "testname": "OP", "cornername": "Nominal"}
[2026-09-01 11:35:01.938 Z] [ERROR] [cadence.virtuoso.ade.simulationMonitor] -     ERROR (VACOMP-2077): "/home/saul/projects/LF_BG/REF_GEN/REF_GEN_fL_2/veriloga/veriloga.va", near line 314: Encountered illegal use of both the potential and the flow of a pure probe branch (VbgT). Use either the potential or the flow of a pure probe branch, but not both. {"history": "Interactive.303", "point": 1, "testname": "OP", "cornername": "Nominal"}
[2026-09-01 11:35:01.939 Z] [ERROR] [cadence.virtuoso.ade.simulationMonitor] -     ERROR (VACOMP-1816): Exiting AHDL compilation. {"history": "Interactive.303", "point": 1, "testname": "OP", "cornername": "Nominal"}
[2026-09-01 11:35:01.939 Z] [ERROR] [cadence.virtuoso.ade.simulationMonitor] -     ERROR (SFE-91): Cannot run the simulation because an AHDL compilation error occurred. Check the VACOMP error message above and correct the syntax error in the Verilog-A file. Next, rerun the simulation. {"history": "Interactive.303", "point": 1, "testname": "OP", "cornername": "Nominal"}
[2026-09-01 11:35:01.940 Z] [INFO] [cadence.virtuoso.ade.simulationMonitor] - Peak resident memory used = 181 Mbytes. {"history": "Interactive.303", "point": 1, "testname": "OP", "cornername": "Nominal"}
[2026-09-01 11:35:01.940 Z] [INFO] [cadence.virtuoso.ade.simulationMonitor] - Time used: CPU = 162 ms, elapsed = 749 ms, util. = 21.6%. {"history": "Interactive.303", "point": 1, "testname": "OP", "cornername": "Nominal"}
[2026-09-01 11:35:01.941 Z] [INFO] [cadence.virtuoso.ade.simulationMonitor] - Time spent in licensing: elapsed = 189 ms, percentage of total = 25.3%. {"history": "Interactive.303", "point": 1, "testname": "OP", "cornername": "Nominal"}
[2026-09-01 11:35:01.941 Z] [INFO] [cadence.virtuoso.ade.simulationMonitor] - Peak memory used = 182 Mbytes. {"history": "Interactive.303", "point": 1, "testname": "OP", "cornername": "Nominal"}
[2026-09-01 11:35:01.942 Z] [PROCESS] [cadence.virtuoso.ade.simulationMonitor] - Simulation started at: 11:35:01 AM, Tue Sep 1, 2026, ended at: 11:35:01 AM, Tue Sep 1, 2026, with elapsed time (wall clock): 749 ms. {"history": "Interactive.303", "point": 1, "testname": "OP", "cornername": "Nominal"}
[2026-09-01 11:35:01.942 Z] [PROCESS] [cadence.virtuoso.ade.simulationMonitor] - spectre completes with 3 errors, 0 warnings, and 0 notices. {"history": "Interactive.303", "point": 1, "testname": "OP", "cornername": "Nominal"}
[2026-09-01 11:35:01.943 Z] [FATAL] [cadence.virtuoso.ade.simulationMonitor] - spectre terminated prematurely due to fatal error. {"history": "Interactive.303", "point": 1, "testname": "OP", "cornername": "Nominal"}
[2026-09-01 11:35:01.943 Z] [PROCESS] [cadence.virtuoso.ade.simulationMonitor] - Finished simulating for one point {"hostname": "edatools", "processid": 161844, "history": "Interactive.303", "testname": "OP", "cornername": "Nominal", "point": 1, "logfile": "/home/saul/projects/LF_BG/logs_saul/logs5/Job23.log", "simid": "1"}
[2026-09-01 11:35:01.944 Z] [ERROR] [cadence.virtuoso.ade.simulationMonitor] - While simulating run Interactive.303, point 1, test OP, received error:
Simulation Error:
 The simulator process returned a non-zero exit code, indicating failure.
The simulator could have crashed or intentionally returned to indicate an error.
Check the simulator log file for more information.  Common causes:
1. Simulator may have crashed during exit even after reporting success in log file.
2. Abrupt automatic simulator termination (e.g., SIGKILL) because the simulator process has
   exceeded resource li... {"history": "Interactive.303", "point": 1, "testname": "OP", "cornername": "Nominal"}
[2026-09-01 11:35:01.945 Z] [PROCESS] [cadence.virtuoso.ade.simulationMonitor] - Finished Simulation {"hostname": "edatools", "processid": 161844, "history": "Interactive.303", "testname": "OP", "cornername": "Nominal", "point": 1, "logfile": "/home/saul/projects/LF_BG/logs_saul/logs5/Job23.log", "simid": "1"}
[2026-09-01 11:36:11.119 Z] [PROCESS] [cadence.virtuoso.ade.simulationMonitor] - Started History {"hostname": "edatools", "processid": 161844, "history": "Interactive.304", "testname": "OP", "cornername": "Nominal", "point": 1, "logfile": "/home/saul/projects/LF_BG/logs_saul/logs5/Job23.log"}
[2026-09-01 11:36:11.120 Z] [PROCESS] [cadence.virtuoso.ade.simulationMonitor] - HostInfo:
Host name (type):	edatools (x86_64)
Operating system:	Linux 7.0.0-30-generic #30~24.04.1-Ubuntu SMP PREEMPT_DYNAMIC Fri Aug  7 13:27:52 UTC 2 {"hostname": "edatools", "processid": 161844, "history": "Interactive.304", "testname": "OP", "cornername": "Nominal", "point": 1, "logfile": "/home/saul/projects/LF_BG/logs_saul/logs5/Job23.log", "nodename": "edatools", "domainname": "(none)", "machine": "x86_64", "sysname": "Linux", "release": "7.0.0-30-generic", "version": "#30~24.04.1-Ubuntu SMP PREEMPT_DYNAMIC Fri Aug  7 13:27:52 UTC 2"}
[2026-09-01 11:36:11.121 Z] [PROCESS] [cadence.virtuoso.ade.simulationMonitor] - UsageInfo:
pid=161844
totalPhysicalMemory=62.541851GB,Used=24.948795GB,totalVirtualMemory=70.541847GB,Used=24.948795GB
Cpu: Cores=16, Load average:0.150000,0.280000,0.310000 {"hostname": "edatools", "processid": 161844, "history": "Interactive.304", "testname": "OP", "cornername": "Nominal", "point": 1, "logfile": "/home/saul/projects/LF_BG/logs_saul/logs5/Job23.log", "pid": "161844", "totalPhysicalMemory": "62.541851", "physicalMemoryUsed": "24.948795", "totalVirtualMemory": "70.541847", "virtualMemoryUsed": "24.948795", "cpuCores": "16", "processes": "2095", "loadAverage1": "0.150000", "loadAverage5": "0.280000", "loadAverage15": "0.310000", "loadAverage1Percent": "0.009375"}
[2026-09-01 11:36:11.121 Z] [EVENT] [cadence.virtuoso.ade.simulationMonitor] - NewPoint {"history": "Interactive.304", "point": 1, "testname": "OP", "cornername": "Nominal", "event": "NewPoint", "EventSource": "Simulation Monitor", "HistoryName": "Interactive.304", "logFile": "/home/saul/projects/LF_BG/logs_saul/logs5/Job23.log", "logFileSize": "9693"}
[2026-09-01 11:36:11.223 Z] [EVENT] [cadence.virtuoso.ade.simulationMonitor] - NewPoint {"history": "Interactive.304", "point": 1, "testname": "OP", "cornername": "Nominal", "event": "NewPoint", "EventSource": "spectre", "HistoryName": "Interactive.304", "logFile": "/home/saul/simulation/REF_GEN/REF_GEN_f_TB/maestro/results/maestro/Interactive.304/1/OP/psf/spectre.out", "logFileSize": "-1"}
[2026-09-01 11:36:11.236 Z] [PROCESS] [cadence.virtuoso.ade.simulationMonitor] - Simulator launched {"hostname": "edatools", "processid": 161844, "history": "Interactive.304", "testname": "OP", "cornername": "Nominal", "point": 1, "logfile": "/home/saul/projects/LF_BG/logs_saul/logs5/Job23.log", "simid": "2"}
[2026-09-01 11:36:11.238 Z] [PROCESS] [cadence.virtuoso.ade.simulationMonitor] - Expression evaluator launched {"hostname": "edatools", "processid": 161844, "history": "Interactive.304", "testname": "OP", "cornername": "Nominal", "point": 1, "logfile": "/home/saul/projects/LF_BG/logs_saul/logs5/Job23.log"}
[2026-09-01 11:36:11.270 Z] [PROCESS] [cadence.virtuoso.ade.simulationMonitor] - Started Simulation {"hostname": "edatools", "processid": 161844, "history": "Interactive.304", "testname": "OP", "cornername": "Nominal", "point": 1, "logfile": "/home/saul/projects/LF_BG/logs_saul/logs5/Job23.log", "event": "started", "task": "simulation"}
[2026-09-01 11:36:12.270 Z] [INFO] [cadence.virtuoso.ade.simulationMonitor] - Peak resident memory used = 170 Mbytes. {"history": "Interactive.304", "point": 1, "testname": "OP", "cornername": "Nominal"}
[2026-09-01 11:36:12.271 Z] [WARN] [cadence.virtuoso.ade.simulationMonitor] -     WARNING (VACOMP-1116): "/home/saul/projects/LF_BG/REF_GEN/REF_GEN_fL_2/veriloga/veriloga.va", line 255: Transition filter contains a continuous signal in the expression. Since a transition filter can only be applied to piecewise constant signals, redefine the expression to ensure that the transition filter applies only to a piecewise constant signal. {"history": "Interactive.304", "point": 1, "testname": "OP", "cornername": "Nominal"}
[2026-09-01 11:36:12.271 Z] [WARN] [cadence.virtuoso.ade.simulationMonitor] -     WARNING (VACOMP-1116): "/home/saul/projects/LF_BG/REF_GEN/REF_GEN_fL_2/veriloga/veriloga.va", line 256: Transition filter contains a continuous signal in the expression. Since a transition filter can only be applied to piecewise constant signals, redefine the expression to ensure that the transition filter applies only to a piecewise constant signal. {"history": "Interactive.304", "point": 1, "testname": "OP", "cornername": "Nominal"}
[2026-09-01 11:36:12.271 Z] [WARN] [cadence.virtuoso.ade.simulationMonitor] -     WARNING (VACOMP-1116): "/home/saul/projects/LF_BG/REF_GEN/REF_GEN_fL_2/veriloga/veriloga.va", line 260: Transition filter contains a continuous signal in the expression. Since a transition filter can only be applied to piecewise constant signals, redefine the expression to ensure that the transition filter applies only to a piecewise constant signal. {"history": "Interactive.304", "point": 1, "testname": "OP", "cornername": "Nominal"}
[2026-09-01 11:36:12.272 Z] [WARN] [cadence.virtuoso.ade.simulationMonitor] -     WARNING (VACOMP-1116): "/home/saul/projects/LF_BG/REF_GEN/REF_GEN_fL_2/veriloga/veriloga.va", line 261: Transition filter contains a continuous signal in the expression. Since a transition filter can only be applied to piecewise constant signals, redefine the expression to ensure that the transition filter applies only to a piecewise constant signal. {"history": "Interactive.304", "point": 1, "testname": "OP", "cornername": "Nominal"}
[2026-09-01 11:36:12.272 Z] [WARN] [cadence.virtuoso.ade.simulationMonitor] -     WARNING (VACOMP-1116): "/home/saul/projects/LF_BG/REF_GEN/REF_GEN_fL_2/veriloga/veriloga.va", line 262: Transition filter contains a continuous signal in the expression. Since a transition filter can only be applied to piecewise constant signals, redefine the expression to ensure that the transition filter applies only to a piecewise constant signal.
        Further occurrences of this warning will be suppressed. {"history": "Interactive.304", "point": 1, "testname": "OP", "cornername": "Nominal"}
[2026-09-01 11:36:13.284 Z] [INFO] [cadence.virtuoso.ade.simulationMonitor] - Peak resident memory used = 205 Mbytes. {"history": "Interactive.304", "point": 1, "testname": "OP", "cornername": "Nominal"}
[2026-09-01 11:36:13.284 Z] [INFO] [cadence.virtuoso.ade.simulationMonitor] - Notice from spectre during hierarchy flattening.
    The value 'psf' specified for the 'checklimitdest' option will no longer be supported in future releases. Use 'spectre -h' to see other recommended values for the 'checklimitdest' option. {"history": "Interactive.304", "point": 1, "testname": "OP", "cornername": "Nominal"}
[2026-09-01 11:36:13.284 Z] [WARN] [cadence.virtuoso.ade.simulationMonitor] -     WARNING (SPECTRE-16718): inlinesubcktcurrent option is set as `subckt', all the inline subckts will be treated as normal subckts when you access the current of their terminals. {"history": "Interactive.304", "point": 1, "testname": "OP", "cornername": "Nominal"}
[2026-09-01 11:36:13.284 Z] [WARN] [cadence.virtuoso.ade.simulationMonitor] -     WARNING (SPECTRE-8527): There are some nodes and instances removed from the netlist topology check. Check the circuit and correct the topology. Or use preserve_inst to keep them if necessary. {"history": "Interactive.304", "point": 1, "testname": "OP", "cornername": "Nominal"}
[2026-09-01 11:36:13.284 Z] [WARN] [cadence.virtuoso.ade.simulationMonitor] -     WARNING (SPECTRE-8529): Dangling instance. V9 is removed. {"history": "Interactive.304", "point": 1, "testname": "OP", "cornername": "Nominal"}
[2026-09-01 11:36:13.284 Z] [WARN] [cadence.virtuoso.ade.simulationMonitor] -     WARNING (SPECTRE-8530): Dangling node. net9 is removed. {"history": "Interactive.304", "point": 1, "testname": "OP", "cornername": "Nominal"}
[2026-09-01 11:36:13.284 Z] [INFO] [cadence.virtuoso.ade.simulationMonitor] - Peak resident memory used = 206 Mbytes. {"history": "Interactive.304", "point": 1, "testname": "OP", "cornername": "Nominal"}
[2026-09-01 11:36:13.285 Z] [INFO] [cadence.virtuoso.ade.simulationMonitor] - Notice from spectre during topology check.
    No DC path from node `VbgT' to ground, Gmin installed to provide path. {"history": "Interactive.304", "point": 1, "testname": "OP", "cornername": "Nominal"}
[2026-09-01 11:36:13.285 Z] [INFO] [cadence.virtuoso.ade.simulationMonitor] - Notice from spectre during initial setup.
    Multithreading is disabled due to the size of the design being too small. {"history": "Interactive.304", "point": 1, "testname": "OP", "cornername": "Nominal"}
[2026-09-01 11:36:13.285 Z] [INFO] [cadence.virtuoso.ade.simulationMonitor] -               nodes 56 {"history": "Interactive.304", "point": 1, "testname": "OP", "cornername": "Nominal"}
[2026-09-01 11:36:13.285 Z] [INFO] [cadence.virtuoso.ade.simulationMonitor] - Notice from spectre during initial setup.
    Fast APS enabled.
    9 warnings suppressed. {"history": "Interactive.304", "point": 1, "testname": "OP", "cornername": "Nominal"}
[2026-09-01 11:36:13.285 Z] [INFO] [cadence.virtuoso.ade.simulationMonitor] - Peak resident memory used = 209 Mbytes. {"history": "Interactive.304", "point": 1, "testname": "OP", "cornername": "Nominal"}
[2026-09-01 11:36:13.285 Z] [INFO] [cadence.virtuoso.ade.simulationMonitor] -    -   (Fast APS) Multi-threading. The recommended number of threads is 1, consider adding +mt=1 on command line. {"history": "Interactive.304", "point": 1, "testname": "OP", "cornername": "Nominal"}
[2026-09-01 11:36:13.786 Z] [INFO] [cadence.virtuoso.ade.simulationMonitor] - Total time required for dc analysis `dcOp': CPU = 1.525 ms, elapsed = 4.83418 ms, util. = 31.5%. {"history": "Interactive.304", "point": 1, "testname": "OP", "cornername": "Nominal"}
[2026-09-01 11:36:13.787 Z] [INFO] [cadence.virtuoso.ade.simulationMonitor] - Peak resident memory used = 209 Mbytes. {"history": "Interactive.304", "point": 1, "testname": "OP", "cornername": "Nominal"}
[2026-09-01 11:36:13.787 Z] [INFO] [cadence.virtuoso.ade.simulationMonitor] - Time used: CPU = 265 ms, elapsed = 1.95 s, util. = 13.6%. {"history": "Interactive.304", "point": 1, "testname": "OP", "cornername": "Nominal"}
[2026-09-01 11:36:13.788 Z] [INFO] [cadence.virtuoso.ade.simulationMonitor] - Time spent in licensing: elapsed = 51.9 ms. {"history": "Interactive.304", "point": 1, "testname": "OP", "cornername": "Nominal"}
[2026-09-01 11:36:13.788 Z] [INFO] [cadence.virtuoso.ade.simulationMonitor] - Peak memory used = 209 Mbytes. {"history": "Interactive.304", "point": 1, "testname": "OP", "cornername": "Nominal"}
[2026-09-01 11:36:13.789 Z] [PROCESS] [cadence.virtuoso.ade.simulationMonitor] - Simulation started at: 11:36:11 AM, Tue Sep 1, 2026, ended at: 11:36:13 AM, Tue Sep 1, 2026, with elapsed time (wall clock): 1.95 s. {"history": "Interactive.304", "point": 1, "testname": "OP", "cornername": "Nominal"}
[2026-09-01 11:36:13.789 Z] [PROCESS] [cadence.virtuoso.ade.simulationMonitor] - spectre completes with 0 errors, 9 warnings, and 6 notices. {"history": "Interactive.304", "point": 1, "testname": "OP", "cornername": "Nominal"}
[2026-09-01 11:36:13.790 Z] [PROCESS] [cadence.virtuoso.ade.simulationMonitor] - Finished simulating for one point {"hostname": "edatools", "processid": 161844, "history": "Interactive.304", "testname": "OP", "cornername": "Nominal", "point": 1, "logfile": "/home/saul/projects/LF_BG/logs_saul/logs5/Job23.log", "simid": "2"}
[2026-09-01 11:36:13.790 Z] [PROCESS] [cadence.virtuoso.ade.simulationMonitor] - Simulator exited {"hostname": "edatools", "processid": 161844, "history": "Interactive.304", "testname": "OP", "cornername": "Nominal", "point": 1, "logfile": "/home/saul/projects/LF_BG/logs_saul/logs5/Job23.log", "exitStatus": "0"}
[2026-09-01 11:36:13.791 Z] [PROCESS] [cadence.virtuoso.ade.simulationMonitor] - Finished Simulation {"hostname": "edatools", "processid": 161844, "history": "Interactive.304", "testname": "OP", "cornername": "Nominal", "point": 1, "logfile": "/home/saul/projects/LF_BG/logs_saul/logs5/Job23.log", "simid": "2"}
[2026-09-01 11:36:14.813 Z] [PROCESS] [cadence.virtuoso.ade.simulationMonitor] - Point Finished {"hostname": "edatools", "processid": 161844, "history": "Interactive.304", "testname": "OP", "cornername": "Nominal", "point": 1, "logfile": "/home/saul/projects/LF_BG/logs_saul/logs5/Job23.log"}
[2026-09-01 11:41:15.471 Z] [PROCESS] [cadence.virtuoso.ade.simulationMonitor] - Current memory used: 52.9414 MBytes, peak memory used: 52.9414 MBytes {"hostname": "edatools", "processid": 161844, "history": "Interactive.304", "testname": "OP", "cornername": "Nominal", "point": 1, "logfile": "/home/saul/projects/LF_BG/logs_saul/logs5/Job23.log"}
[2026-09-01 11:41:15.471 Z] [PROCESS] [cadence.virtuoso.ade.simulationMonitor] - Simulation Monitor process exit. {"hostname": "edatools", "processid": 161844, "history": "Interactive.304", "testname": "OP", "cornername": "Nominal", "point": 1, "logfile": "/home/saul/projects/LF_BG/logs_saul/logs5/Job23.log"}
