[Simulation Monitor: 21]
[2026-09-01 09:15:39.847 Z] [PROCESS] [cadence.virtuoso.ade.simulationMonitor] - Simulation Monitor has successfully started up. Trying to set up communication channels to other components ... {"hostname": "edatools", "processid": 155050, "logfile": "/home/saul/projects/LF_BG/logs_saul/logs5/Job21.log"}
[2026-09-01 09:15:39.847 Z] [PROCESS] [cadence.virtuoso.ade.simulationMonitor] - Communication channels have been successfully set up. Start processing events ... {"hostname": "edatools", "processid": 155050, "logfile": "/home/saul/projects/LF_BG/logs_saul/logs5/Job21.log"}
[2026-09-01 09:15:39.847 Z] [PROCESS] [cadence.virtuoso.ade.simulationMonitor] - Considering to start history {"hostname": "edatools", "processid": 155050, "history": "Interactive.302", "logfile": "/home/saul/projects/LF_BG/logs_saul/logs5/Job21.log"}
[2026-09-01 09:15:39.848 Z] [PROCESS] [cadence.virtuoso.ade.simulationMonitor] - HostInfo:
Host name (type):	edatools (x86_64)
Operating system:	Linux 7.0.0-30-generic #30~24.04.1-Ubuntu SMP PREEMPT_DYNAMIC Fri Aug  7 13:27:52 UTC 2 {"hostname": "edatools", "processid": 155050, "history": "Interactive.302", "logfile": "/home/saul/projects/LF_BG/logs_saul/logs5/Job21.log", "nodename": "edatools", "domainname": "(none)", "machine": "x86_64", "sysname": "Linux", "release": "7.0.0-30-generic", "version": "#30~24.04.1-Ubuntu SMP PREEMPT_DYNAMIC Fri Aug  7 13:27:52 UTC 2"}
[2026-09-01 09:15:39.849 Z] [PROCESS] [cadence.virtuoso.ade.simulationMonitor] - UsageInfo:
pid=155050
totalPhysicalMemory=62.541851GB,Used=25.488762GB,totalVirtualMemory=70.541847GB,Used=25.488762GB
Cpu: Cores=16, Load average:0.300000,0.130000,0.090000 {"hostname": "edatools", "processid": 155050, "history": "Interactive.302", "logfile": "/home/saul/projects/LF_BG/logs_saul/logs5/Job21.log", "pid": "155050", "totalPhysicalMemory": "62.541851", "physicalMemoryUsed": "25.488762", "totalVirtualMemory": "70.541847", "virtualMemoryUsed": "25.488762", "cpuCores": "16", "processes": "2114", "loadAverage1": "0.300000", "loadAverage5": "0.130000", "loadAverage15": "0.090000", "loadAverage1Percent": "0.018750"}
[2026-09-01 09:15:39.849 Z] [EVENT] [cadence.virtuoso.ade.simulationMonitor] - NewPoint {"history": "Interactive.302", "point": 1, "testname": "TRAN", "cornername": "Nominal", "event": "NewPoint", "EventSource": "Simulation Monitor", "HistoryName": "Interactive.302", "logFile": "/home/saul/projects/LF_BG/logs_saul/logs5/Job21.log", "logFileSize": "2144"}
[2026-09-01 09:15:39.950 Z] [EVENT] [cadence.virtuoso.ade.simulationMonitor] - NewPoint {"history": "Interactive.302", "point": 1, "testname": "TRAN", "cornername": "Nominal", "event": "NewPoint", "EventSource": "spectre", "HistoryName": "Interactive.302", "logFile": "/home/saul/simulation/REF_GEN/REF_GEN_f_TB/maestro/results/maestro/Interactive.302/1/TRAN/psf/spectre.out", "logFileSize": "-1"}
[2026-09-01 09:15:39.969 Z] [PROCESS] [cadence.virtuoso.ade.simulationMonitor] - Simulator launched {"hostname": "edatools", "processid": 155050, "history": "Interactive.302", "testname": "TRAN", "cornername": "Nominal", "point": 1, "logfile": "/home/saul/projects/LF_BG/logs_saul/logs5/Job21.log", "simid": "1"}
[2026-09-01 09:15:39.972 Z] [PROCESS] [cadence.virtuoso.ade.simulationMonitor] - Expression evaluator launched {"hostname": "edatools", "processid": 155050, "history": "Interactive.302", "testname": "TRAN", "cornername": "Nominal", "point": 1, "logfile": "/home/saul/projects/LF_BG/logs_saul/logs5/Job21.log"}
[2026-09-01 09:15:40.005 Z] [PROCESS] [cadence.virtuoso.ade.simulationMonitor] - Started Simulation {"hostname": "edatools", "processid": 155050, "history": "Interactive.302", "testname": "TRAN", "cornername": "Nominal", "point": 1, "logfile": "/home/saul/projects/LF_BG/logs_saul/logs5/Job21.log", "event": "started", "task": "simulation"}
[2026-09-01 09:15:41.006 Z] [INFO] [cadence.virtuoso.ade.simulationMonitor] - Peak resident memory used = 170 Mbytes. {"history": "Interactive.302", "point": 1, "testname": "TRAN", "cornername": "Nominal"}
[2026-09-01 09:15:41.006 Z] [INFO] [cadence.virtuoso.ade.simulationMonitor] - Notice from spectre during hierarchy flattening.
    Parasitic optimization will filter out parasitic nodes, nodes only connected to RCs, by default. To view individual parasitic nodes use individual save statements (i.e. save out), or use the 'savefilter=none' option to save all parasitic nodes. Saving all parasitic nodes may slow down simulation and create large waveform files. {"history": "Interactive.302", "point": 1, "testname": "TRAN", "cornername": "Nominal"}
[2026-09-01 09:15:41.007 Z] [INFO] [cadence.virtuoso.ade.simulationMonitor] - Peak resident memory used = 179 Mbytes. {"history": "Interactive.302", "point": 1, "testname": "TRAN", "cornername": "Nominal"}
[2026-09-01 09:15:41.007 Z] [INFO] [cadence.virtuoso.ade.simulationMonitor] - Notice from spectre during hierarchy flattening.
    The value 'psf' specified for the 'checklimitdest' option will no longer be supported in future releases. Use 'spectre -h' to see other recommended values for the 'checklimitdest' option. {"history": "Interactive.302", "point": 1, "testname": "TRAN", "cornername": "Nominal"}
[2026-09-01 09:15:41.008 Z] [WARN] [cadence.virtuoso.ade.simulationMonitor] -     WARNING (SPECTRE-16718): inlinesubcktcurrent option is set as `subckt', all the inline subckts will be treated as normal subckts when you access the current of their terminals. {"history": "Interactive.302", "point": 1, "testname": "TRAN", "cornername": "Nominal"}
[2026-09-01 09:15:41.008 Z] [WARN] [cadence.virtuoso.ade.simulationMonitor] -     WARNING (SPECTRE-8527): There are some nodes and instances removed from the netlist topology check. Check the circuit and correct the topology. Or use preserve_inst to keep them if necessary. {"history": "Interactive.302", "point": 1, "testname": "TRAN", "cornername": "Nominal"}
[2026-09-01 09:15:41.009 Z] [WARN] [cadence.virtuoso.ade.simulationMonitor] -     WARNING (SPECTRE-8529): Dangling instance. V9 is removed. {"history": "Interactive.302", "point": 1, "testname": "TRAN", "cornername": "Nominal"}
[2026-09-01 09:15:41.009 Z] [WARN] [cadence.virtuoso.ade.simulationMonitor] -     WARNING (SPECTRE-8530): Dangling node. net9 is removed. {"history": "Interactive.302", "point": 1, "testname": "TRAN", "cornername": "Nominal"}
[2026-09-01 09:15:41.009 Z] [INFO] [cadence.virtuoso.ade.simulationMonitor] - Peak resident memory used = 181 Mbytes. {"history": "Interactive.302", "point": 1, "testname": "TRAN", "cornername": "Nominal"}
[2026-09-01 09:15:41.010 Z] [INFO] [cadence.virtuoso.ade.simulationMonitor] - Notice from spectre during topology check.
    No DC path from node `VbgT' to ground, Gmin installed to provide path. {"history": "Interactive.302", "point": 1, "testname": "TRAN", "cornername": "Nominal"}
[2026-09-01 09:15:41.010 Z] [INFO] [cadence.virtuoso.ade.simulationMonitor] - Notice from spectre during initial setup.
    Number of thread was limited to 1 because of small circuit size. {"history": "Interactive.302", "point": 1, "testname": "TRAN", "cornername": "Nominal"}
[2026-09-01 09:15:41.010 Z] [INFO] [cadence.virtuoso.ade.simulationMonitor] -               nodes 56 {"history": "Interactive.302", "point": 1, "testname": "TRAN", "cornername": "Nominal"}
[2026-09-01 09:15:41.011 Z] [INFO] [cadence.virtuoso.ade.simulationMonitor] - Notice from spectre during initial setup.
    Parasitics reduction enabled. 
         (Resistors reduced by 0.00%  Capacitors reduced by 0.00%, 0.00% of capacitors are coupled after RC reduction).  {"history": "Interactive.302", "point": 1, "testname": "TRAN", "cornername": "Nominal"}
[2026-09-01 09:15:41.011 Z] [INFO] [cadence.virtuoso.ade.simulationMonitor] - Notice from spectre during initial setup.
    1 vsources are shorted because their absolute value is less than or equal to 'vabsshort'.
    Fast APS enabled. {"history": "Interactive.302", "point": 1, "testname": "TRAN", "cornername": "Nominal"}
[2026-09-01 09:15:41.012 Z] [INFO] [cadence.virtuoso.ade.simulationMonitor] - Peak resident memory used = 190 Mbytes. {"history": "Interactive.302", "point": 1, "testname": "TRAN", "cornername": "Nominal"}
[2026-09-01 09:15:41.012 Z] [INFO] [cadence.virtuoso.ade.simulationMonitor] -    -   (Fast APS) Multi-threading. The recommended number of threads is 1, consider adding +mt=1 on command line. {"history": "Interactive.302", "point": 1, "testname": "TRAN", "cornername": "Nominal"}
[2026-09-01 09:15:41.013 Z] [INFO] [cadence.virtuoso.ade.simulationMonitor] - Total time required for dc analysis `dcOp': CPU = 1.919 ms, elapsed = 5.69701 ms, util. = 33.7%. {"history": "Interactive.302", "point": 1, "testname": "TRAN", "cornername": "Nominal"}
[2026-09-01 09:15:41.013 Z] [INFO] [cadence.virtuoso.ade.simulationMonitor] - Peak resident memory used = 193 Mbytes. {"history": "Interactive.302", "point": 1, "testname": "TRAN", "cornername": "Nominal"}
[2026-09-01 09:15:41.014 Z] [INFO] [cadence.virtuoso.ade.simulationMonitor] - Total time required for tran analysis `tran': CPU = 62.604 ms, elapsed = 66.3629 ms, util. = 94.3%. {"history": "Interactive.302", "point": 1, "testname": "TRAN", "cornername": "Nominal"}
[2026-09-01 09:15:41.014 Z] [INFO] [cadence.virtuoso.ade.simulationMonitor] - Peak resident memory used = 196 Mbytes. {"history": "Interactive.302", "point": 1, "testname": "TRAN", "cornername": "Nominal"}
[2026-09-01 09:15:41.014 Z] [INFO] [cadence.virtuoso.ade.simulationMonitor] - Time used: CPU = 242 ms, elapsed = 665 ms, util. = 36.4%. {"history": "Interactive.302", "point": 1, "testname": "TRAN", "cornername": "Nominal"}
[2026-09-01 09:15:41.015 Z] [INFO] [cadence.virtuoso.ade.simulationMonitor] - Time spent in licensing: elapsed = 27.6 ms. {"history": "Interactive.302", "point": 1, "testname": "TRAN", "cornername": "Nominal"}
[2026-09-01 09:15:41.015 Z] [INFO] [cadence.virtuoso.ade.simulationMonitor] - Peak memory used = 197 Mbytes. {"history": "Interactive.302", "point": 1, "testname": "TRAN", "cornername": "Nominal"}
[2026-09-01 09:15:41.015 Z] [PROCESS] [cadence.virtuoso.ade.simulationMonitor] - Simulation started at: 9:15:40 AM, Tue Sep 1, 2026, ended at: 9:15:40 AM, Tue Sep 1, 2026, with elapsed time (wall clock): 665 ms. {"history": "Interactive.302", "point": 1, "testname": "TRAN", "cornername": "Nominal"}
[2026-09-01 09:15:41.016 Z] [PROCESS] [cadence.virtuoso.ade.simulationMonitor] - spectre completes with 0 errors, 4 warnings, and 8 notices. {"history": "Interactive.302", "point": 1, "testname": "TRAN", "cornername": "Nominal"}
[2026-09-01 09:15:41.516 Z] [PROCESS] [cadence.virtuoso.ade.simulationMonitor] - Finished simulating for one point {"hostname": "edatools", "processid": 155050, "history": "Interactive.302", "testname": "TRAN", "cornername": "Nominal", "point": 1, "logfile": "/home/saul/projects/LF_BG/logs_saul/logs5/Job21.log", "simid": "1"}
[2026-09-01 09:15:41.517 Z] [PROCESS] [cadence.virtuoso.ade.simulationMonitor] - Simulator exited {"hostname": "edatools", "processid": 155050, "history": "Interactive.302", "testname": "TRAN", "cornername": "Nominal", "point": 1, "logfile": "/home/saul/projects/LF_BG/logs_saul/logs5/Job21.log", "exitStatus": "0"}
[2026-09-01 09:15:41.517 Z] [PROCESS] [cadence.virtuoso.ade.simulationMonitor] - Finished Simulation {"hostname": "edatools", "processid": 155050, "history": "Interactive.302", "testname": "TRAN", "cornername": "Nominal", "point": 1, "logfile": "/home/saul/projects/LF_BG/logs_saul/logs5/Job21.log", "simid": "1"}
[2026-09-01 09:15:43.024 Z] [PROCESS] [cadence.virtuoso.ade.simulationMonitor] - Point Finished {"hostname": "edatools", "processid": 155050, "history": "Interactive.302", "testname": "TRAN", "cornername": "Nominal", "point": 1, "logfile": "/home/saul/projects/LF_BG/logs_saul/logs5/Job21.log"}
[2026-09-01 09:20:44.131 Z] [PROCESS] [cadence.virtuoso.ade.simulationMonitor] - Current memory used: 52.8906 MBytes, peak memory used: 52.8906 MBytes {"hostname": "edatools", "processid": 155050, "history": "Interactive.302", "testname": "TRAN", "cornername": "Nominal", "point": 1, "logfile": "/home/saul/projects/LF_BG/logs_saul/logs5/Job21.log"}
[2026-09-01 09:20:44.131 Z] [PROCESS] [cadence.virtuoso.ade.simulationMonitor] - Simulation Monitor process exit. {"hostname": "edatools", "processid": 155050, "history": "Interactive.302", "testname": "TRAN", "cornername": "Nominal", "point": 1, "logfile": "/home/saul/projects/LF_BG/logs_saul/logs5/Job21.log"}
