[Simulation Monitor: 24]
[2026-09-01 11:42:38.657 Z] [PROCESS] [cadence.virtuoso.ade.simulationMonitor] - Simulation Monitor has successfully started up. Trying to set up communication channels to other components ... {"hostname": "edatools", "processid": 163687, "logfile": "/home/saul/projects/LF_BG/logs_saul/logs5/Job24.log"}
[2026-09-01 11:42:38.657 Z] [PROCESS] [cadence.virtuoso.ade.simulationMonitor] - Communication channels have been successfully set up. Start processing events ... {"hostname": "edatools", "processid": 163687, "logfile": "/home/saul/projects/LF_BG/logs_saul/logs5/Job24.log"}
[2026-09-01 11:42:38.657 Z] [PROCESS] [cadence.virtuoso.ade.simulationMonitor] - Considering to start history {"hostname": "edatools", "processid": 163687, "history": "Interactive.305", "logfile": "/home/saul/projects/LF_BG/logs_saul/logs5/Job24.log"}
[2026-09-01 11:42:38.658 Z] [PROCESS] [cadence.virtuoso.ade.simulationMonitor] - HostInfo:
Host name (type):	edatools (x86_64)
Operating system:	Linux 7.0.0-30-generic #30~24.04.1-Ubuntu SMP PREEMPT_DYNAMIC Fri Aug  7 13:27:52 UTC 2 {"hostname": "edatools", "processid": 163687, "history": "Interactive.305", "logfile": "/home/saul/projects/LF_BG/logs_saul/logs5/Job24.log", "nodename": "edatools", "domainname": "(none)", "machine": "x86_64", "sysname": "Linux", "release": "7.0.0-30-generic", "version": "#30~24.04.1-Ubuntu SMP PREEMPT_DYNAMIC Fri Aug  7 13:27:52 UTC 2"}
[2026-09-01 11:42:38.659 Z] [PROCESS] [cadence.virtuoso.ade.simulationMonitor] - UsageInfo:
pid=163687
totalPhysicalMemory=62.541851GB,Used=25.058594GB,totalVirtualMemory=70.541847GB,Used=25.058594GB
Cpu: Cores=16, Load average:0.380000,0.420000,0.360000 {"hostname": "edatools", "processid": 163687, "history": "Interactive.305", "logfile": "/home/saul/projects/LF_BG/logs_saul/logs5/Job24.log", "pid": "163687", "totalPhysicalMemory": "62.541851", "physicalMemoryUsed": "25.058594", "totalVirtualMemory": "70.541847", "virtualMemoryUsed": "25.058594", "cpuCores": "16", "processes": "2106", "loadAverage1": "0.380000", "loadAverage5": "0.420000", "loadAverage15": "0.360000", "loadAverage1Percent": "0.023750"}
[2026-09-01 11:42:38.659 Z] [EVENT] [cadence.virtuoso.ade.simulationMonitor] - NewPoint {"history": "Interactive.305", "point": 1, "testname": "OP", "cornername": "Nominal", "event": "NewPoint", "EventSource": "Simulation Monitor", "HistoryName": "Interactive.305", "logFile": "/home/saul/projects/LF_BG/logs_saul/logs5/Job24.log", "logFileSize": "2144"}
[2026-09-01 11:42:38.760 Z] [EVENT] [cadence.virtuoso.ade.simulationMonitor] - NewPoint {"history": "Interactive.305", "point": 1, "testname": "OP", "cornername": "Nominal", "event": "NewPoint", "EventSource": "spectre", "HistoryName": "Interactive.305", "logFile": "/home/saul/simulation/REF_GEN/REF_GEN_f_TB/maestro/results/maestro/Interactive.305/1/OP/psf/spectre.out", "logFileSize": "-1"}
[2026-09-01 11:42:38.778 Z] [PROCESS] [cadence.virtuoso.ade.simulationMonitor] - Simulator launched {"hostname": "edatools", "processid": 163687, "history": "Interactive.305", "testname": "OP", "cornername": "Nominal", "point": 1, "logfile": "/home/saul/projects/LF_BG/logs_saul/logs5/Job24.log", "simid": "1"}
[2026-09-01 11:42:38.782 Z] [PROCESS] [cadence.virtuoso.ade.simulationMonitor] - Expression evaluator launched {"hostname": "edatools", "processid": 163687, "history": "Interactive.305", "testname": "OP", "cornername": "Nominal", "point": 1, "logfile": "/home/saul/projects/LF_BG/logs_saul/logs5/Job24.log"}
[2026-09-01 11:42:38.816 Z] [PROCESS] [cadence.virtuoso.ade.simulationMonitor] - Started Simulation {"hostname": "edatools", "processid": 163687, "history": "Interactive.305", "testname": "OP", "cornername": "Nominal", "point": 1, "logfile": "/home/saul/projects/LF_BG/logs_saul/logs5/Job24.log", "event": "started", "task": "simulation"}
[2026-09-01 11:42:39.816 Z] [INFO] [cadence.virtuoso.ade.simulationMonitor] - Peak resident memory used = 170 Mbytes. {"history": "Interactive.305", "point": 1, "testname": "OP", "cornername": "Nominal"}
[2026-09-01 11:42:39.817 Z] [WARN] [cadence.virtuoso.ade.simulationMonitor] -     WARNING (VACOMP-1116): "/home/saul/projects/LF_BG/REF_GEN/REF_GEN_fL_2/veriloga/veriloga.va", line 256: Transition filter contains a continuous signal in the expression. Since a transition filter can only be applied to piecewise constant signals, redefine the expression to ensure that the transition filter applies only to a piecewise constant signal. {"history": "Interactive.305", "point": 1, "testname": "OP", "cornername": "Nominal"}
[2026-09-01 11:42:39.817 Z] [WARN] [cadence.virtuoso.ade.simulationMonitor] -     WARNING (VACOMP-1116): "/home/saul/projects/LF_BG/REF_GEN/REF_GEN_fL_2/veriloga/veriloga.va", line 257: Transition filter contains a continuous signal in the expression. Since a transition filter can only be applied to piecewise constant signals, redefine the expression to ensure that the transition filter applies only to a piecewise constant signal. {"history": "Interactive.305", "point": 1, "testname": "OP", "cornername": "Nominal"}
[2026-09-01 11:42:39.817 Z] [WARN] [cadence.virtuoso.ade.simulationMonitor] -     WARNING (VACOMP-1116): "/home/saul/projects/LF_BG/REF_GEN/REF_GEN_fL_2/veriloga/veriloga.va", line 261: Transition filter contains a continuous signal in the expression. Since a transition filter can only be applied to piecewise constant signals, redefine the expression to ensure that the transition filter applies only to a piecewise constant signal. {"history": "Interactive.305", "point": 1, "testname": "OP", "cornername": "Nominal"}
[2026-09-01 11:42:39.817 Z] [WARN] [cadence.virtuoso.ade.simulationMonitor] -     WARNING (VACOMP-1116): "/home/saul/projects/LF_BG/REF_GEN/REF_GEN_fL_2/veriloga/veriloga.va", line 262: Transition filter contains a continuous signal in the expression. Since a transition filter can only be applied to piecewise constant signals, redefine the expression to ensure that the transition filter applies only to a piecewise constant signal. {"history": "Interactive.305", "point": 1, "testname": "OP", "cornername": "Nominal"}
[2026-09-01 11:42:39.817 Z] [WARN] [cadence.virtuoso.ade.simulationMonitor] -     WARNING (VACOMP-1116): "/home/saul/projects/LF_BG/REF_GEN/REF_GEN_fL_2/veriloga/veriloga.va", line 263: Transition filter contains a continuous signal in the expression. Since a transition filter can only be applied to piecewise constant signals, redefine the expression to ensure that the transition filter applies only to a piecewise constant signal.
        Further occurrences of this warning will be suppressed. {"history": "Interactive.305", "point": 1, "testname": "OP", "cornername": "Nominal"}
[2026-09-01 11:42:40.818 Z] [INFO] [cadence.virtuoso.ade.simulationMonitor] - Peak resident memory used = 205 Mbytes. {"history": "Interactive.305", "point": 1, "testname": "OP", "cornername": "Nominal"}
[2026-09-01 11:42:40.818 Z] [INFO] [cadence.virtuoso.ade.simulationMonitor] - Notice from spectre during hierarchy flattening.
    The value 'psf' specified for the 'checklimitdest' option will no longer be supported in future releases. Use 'spectre -h' to see other recommended values for the 'checklimitdest' option. {"history": "Interactive.305", "point": 1, "testname": "OP", "cornername": "Nominal"}
[2026-09-01 11:42:40.818 Z] [WARN] [cadence.virtuoso.ade.simulationMonitor] -     WARNING (SPECTRE-16718): inlinesubcktcurrent option is set as `subckt', all the inline subckts will be treated as normal subckts when you access the current of their terminals. {"history": "Interactive.305", "point": 1, "testname": "OP", "cornername": "Nominal"}
[2026-09-01 11:42:40.818 Z] [WARN] [cadence.virtuoso.ade.simulationMonitor] -     WARNING (SPECTRE-8527): There are some nodes and instances removed from the netlist topology check. Check the circuit and correct the topology. Or use preserve_inst to keep them if necessary. {"history": "Interactive.305", "point": 1, "testname": "OP", "cornername": "Nominal"}
[2026-09-01 11:42:40.818 Z] [WARN] [cadence.virtuoso.ade.simulationMonitor] -     WARNING (SPECTRE-8529): Dangling instance. V9 is removed. {"history": "Interactive.305", "point": 1, "testname": "OP", "cornername": "Nominal"}
[2026-09-01 11:42:40.818 Z] [WARN] [cadence.virtuoso.ade.simulationMonitor] -     WARNING (SPECTRE-8530): Dangling node. net9 is removed. {"history": "Interactive.305", "point": 1, "testname": "OP", "cornername": "Nominal"}
[2026-09-01 11:42:40.818 Z] [INFO] [cadence.virtuoso.ade.simulationMonitor] - Peak resident memory used = 206 Mbytes. {"history": "Interactive.305", "point": 1, "testname": "OP", "cornername": "Nominal"}
[2026-09-01 11:42:40.818 Z] [INFO] [cadence.virtuoso.ade.simulationMonitor] - Notice from spectre during initial setup.
    Multithreading is disabled due to the size of the design being too small. {"history": "Interactive.305", "point": 1, "testname": "OP", "cornername": "Nominal"}
[2026-09-01 11:42:40.818 Z] [INFO] [cadence.virtuoso.ade.simulationMonitor] -               nodes 56 {"history": "Interactive.305", "point": 1, "testname": "OP", "cornername": "Nominal"}
[2026-09-01 11:42:40.819 Z] [INFO] [cadence.virtuoso.ade.simulationMonitor] - Notice from spectre during initial setup.
    Fast APS enabled.
    9 warnings suppressed. {"history": "Interactive.305", "point": 1, "testname": "OP", "cornername": "Nominal"}
[2026-09-01 11:42:40.819 Z] [INFO] [cadence.virtuoso.ade.simulationMonitor] - Peak resident memory used = 209 Mbytes. {"history": "Interactive.305", "point": 1, "testname": "OP", "cornername": "Nominal"}
[2026-09-01 11:42:40.819 Z] [INFO] [cadence.virtuoso.ade.simulationMonitor] -    -   (Fast APS) Multi-threading. The recommended number of threads is 1, consider adding +mt=1 on command line. {"history": "Interactive.305", "point": 1, "testname": "OP", "cornername": "Nominal"}
[2026-09-01 11:42:40.819 Z] [INFO] [cadence.virtuoso.ade.simulationMonitor] - Total time required for dc analysis `dcOp': CPU = 2.174 ms, elapsed = 5.4369 ms, util. = 40%. {"history": "Interactive.305", "point": 1, "testname": "OP", "cornername": "Nominal"}
[2026-09-01 11:42:40.819 Z] [INFO] [cadence.virtuoso.ade.simulationMonitor] - Peak resident memory used = 209 Mbytes. {"history": "Interactive.305", "point": 1, "testname": "OP", "cornername": "Nominal"}
[2026-09-01 11:42:40.819 Z] [INFO] [cadence.virtuoso.ade.simulationMonitor] - Time used: CPU = 286 ms, elapsed = 1.75 s, util. = 16.3%. {"history": "Interactive.305", "point": 1, "testname": "OP", "cornername": "Nominal"}
[2026-09-01 11:42:40.819 Z] [INFO] [cadence.virtuoso.ade.simulationMonitor] - Time spent in licensing: elapsed = 43.1 ms. {"history": "Interactive.305", "point": 1, "testname": "OP", "cornername": "Nominal"}
[2026-09-01 11:42:40.819 Z] [INFO] [cadence.virtuoso.ade.simulationMonitor] - Peak memory used = 209 Mbytes. {"history": "Interactive.305", "point": 1, "testname": "OP", "cornername": "Nominal"}
[2026-09-01 11:42:40.819 Z] [PROCESS] [cadence.virtuoso.ade.simulationMonitor] - Simulation started at: 11:42:38 AM, Tue Sep 1, 2026, ended at: 11:42:40 AM, Tue Sep 1, 2026, with elapsed time (wall clock): 1.75 s. {"history": "Interactive.305", "point": 1, "testname": "OP", "cornername": "Nominal"}
[2026-09-01 11:42:40.819 Z] [PROCESS] [cadence.virtuoso.ade.simulationMonitor] - spectre completes with 0 errors, 9 warnings, and 5 notices. {"history": "Interactive.305", "point": 1, "testname": "OP", "cornername": "Nominal"}
[2026-09-01 11:42:40.819 Z] [PROCESS] [cadence.virtuoso.ade.simulationMonitor] - Finished simulating for one point {"hostname": "edatools", "processid": 163687, "history": "Interactive.305", "testname": "OP", "cornername": "Nominal", "point": 1, "logfile": "/home/saul/projects/LF_BG/logs_saul/logs5/Job24.log", "simid": "1"}
[2026-09-01 11:42:40.819 Z] [PROCESS] [cadence.virtuoso.ade.simulationMonitor] - Simulator exited {"hostname": "edatools", "processid": 163687, "history": "Interactive.305", "testname": "OP", "cornername": "Nominal", "point": 1, "logfile": "/home/saul/projects/LF_BG/logs_saul/logs5/Job24.log", "exitStatus": "0"}
[2026-09-01 11:42:40.819 Z] [PROCESS] [cadence.virtuoso.ade.simulationMonitor] - Finished Simulation {"hostname": "edatools", "processid": 163687, "history": "Interactive.305", "testname": "OP", "cornername": "Nominal", "point": 1, "logfile": "/home/saul/projects/LF_BG/logs_saul/logs5/Job24.log", "simid": "1"}
[2026-09-01 11:42:41.826 Z] [PROCESS] [cadence.virtuoso.ade.simulationMonitor] - Point Finished {"hostname": "edatools", "processid": 163687, "history": "Interactive.305", "testname": "OP", "cornername": "Nominal", "point": 1, "logfile": "/home/saul/projects/LF_BG/logs_saul/logs5/Job24.log"}
[2026-09-01 11:43:21.867 Z] [PROCESS] [cadence.virtuoso.ade.simulationMonitor] - Started History {"hostname": "edatools", "processid": 163687, "history": "Interactive.306", "testname": "OP", "cornername": "Nominal", "point": 1, "logfile": "/home/saul/projects/LF_BG/logs_saul/logs5/Job24.log"}
[2026-09-01 11:43:21.868 Z] [PROCESS] [cadence.virtuoso.ade.simulationMonitor] - HostInfo:
Host name (type):	edatools (x86_64)
Operating system:	Linux 7.0.0-30-generic #30~24.04.1-Ubuntu SMP PREEMPT_DYNAMIC Fri Aug  7 13:27:52 UTC 2 {"hostname": "edatools", "processid": 163687, "history": "Interactive.306", "testname": "OP", "cornername": "Nominal", "point": 1, "logfile": "/home/saul/projects/LF_BG/logs_saul/logs5/Job24.log", "nodename": "edatools", "domainname": "(none)", "machine": "x86_64", "sysname": "Linux", "release": "7.0.0-30-generic", "version": "#30~24.04.1-Ubuntu SMP PREEMPT_DYNAMIC Fri Aug  7 13:27:52 UTC 2"}
[2026-09-01 11:43:21.869 Z] [PROCESS] [cadence.virtuoso.ade.simulationMonitor] - UsageInfo:
pid=163687
totalPhysicalMemory=62.541851GB,Used=25.077690GB,totalVirtualMemory=70.541847GB,Used=25.077690GB
Cpu: Cores=16, Load average:0.500000,0.440000,0.370000 {"hostname": "edatools", "processid": 163687, "history": "Interactive.306", "testname": "OP", "cornername": "Nominal", "point": 1, "logfile": "/home/saul/projects/LF_BG/logs_saul/logs5/Job24.log", "pid": "163687", "totalPhysicalMemory": "62.541851", "physicalMemoryUsed": "25.077690", "totalVirtualMemory": "70.541847", "virtualMemoryUsed": "25.077690", "cpuCores": "16", "processes": "2139", "loadAverage1": "0.500000", "loadAverage5": "0.440000", "loadAverage15": "0.370000", "loadAverage1Percent": "0.031250"}
[2026-09-01 11:43:21.869 Z] [EVENT] [cadence.virtuoso.ade.simulationMonitor] - NewPoint {"history": "Interactive.306", "point": 1, "testname": "OP", "cornername": "Nominal", "event": "NewPoint", "EventSource": "Simulation Monitor", "HistoryName": "Interactive.306", "logFile": "/home/saul/projects/LF_BG/logs_saul/logs5/Job24.log", "logFileSize": "14450"}
[2026-09-01 11:43:21.972 Z] [EVENT] [cadence.virtuoso.ade.simulationMonitor] - NewPoint {"history": "Interactive.306", "point": 1, "testname": "OP", "cornername": "Nominal", "event": "NewPoint", "EventSource": "spectre", "HistoryName": "Interactive.306", "logFile": "/home/saul/simulation/REF_GEN/REF_GEN_f_TB/maestro/results/maestro/Interactive.306/1/OP/psf/spectre.out", "logFileSize": "-1"}
[2026-09-01 11:43:21.981 Z] [PROCESS] [cadence.virtuoso.ade.simulationMonitor] - Simulator launched {"hostname": "edatools", "processid": 163687, "history": "Interactive.306", "testname": "OP", "cornername": "Nominal", "point": 1, "logfile": "/home/saul/projects/LF_BG/logs_saul/logs5/Job24.log", "simid": "2"}
[2026-09-01 11:43:21.982 Z] [PROCESS] [cadence.virtuoso.ade.simulationMonitor] - Expression evaluator launched {"hostname": "edatools", "processid": 163687, "history": "Interactive.306", "testname": "OP", "cornername": "Nominal", "point": 1, "logfile": "/home/saul/projects/LF_BG/logs_saul/logs5/Job24.log"}
[2026-09-01 11:43:22.012 Z] [PROCESS] [cadence.virtuoso.ade.simulationMonitor] - Started Simulation {"hostname": "edatools", "processid": 163687, "history": "Interactive.306", "testname": "OP", "cornername": "Nominal", "point": 1, "logfile": "/home/saul/projects/LF_BG/logs_saul/logs5/Job24.log", "event": "started", "task": "simulation"}
[2026-09-01 11:43:23.013 Z] [INFO] [cadence.virtuoso.ade.simulationMonitor] - Peak resident memory used = 170 Mbytes. {"history": "Interactive.306", "point": 1, "testname": "OP", "cornername": "Nominal"}
[2026-09-01 11:43:23.014 Z] [INFO] [cadence.virtuoso.ade.simulationMonitor] - Peak resident memory used = 179 Mbytes. {"history": "Interactive.306", "point": 1, "testname": "OP", "cornername": "Nominal"}
[2026-09-01 11:43:23.014 Z] [INFO] [cadence.virtuoso.ade.simulationMonitor] - Notice from spectre during hierarchy flattening.
    The value 'psf' specified for the 'checklimitdest' option will no longer be supported in future releases. Use 'spectre -h' to see other recommended values for the 'checklimitdest' option. {"history": "Interactive.306", "point": 1, "testname": "OP", "cornername": "Nominal"}
[2026-09-01 11:43:23.015 Z] [WARN] [cadence.virtuoso.ade.simulationMonitor] -     WARNING (SPECTRE-16718): inlinesubcktcurrent option is set as `subckt', all the inline subckts will be treated as normal subckts when you access the current of their terminals. {"history": "Interactive.306", "point": 1, "testname": "OP", "cornername": "Nominal"}
[2026-09-01 11:43:23.015 Z] [WARN] [cadence.virtuoso.ade.simulationMonitor] -     WARNING (SPECTRE-8527): There are some nodes and instances removed from the netlist topology check. Check the circuit and correct the topology. Or use preserve_inst to keep them if necessary. {"history": "Interactive.306", "point": 1, "testname": "OP", "cornername": "Nominal"}
[2026-09-01 11:43:23.015 Z] [WARN] [cadence.virtuoso.ade.simulationMonitor] -     WARNING (SPECTRE-8529): Dangling instance. V9 is removed. {"history": "Interactive.306", "point": 1, "testname": "OP", "cornername": "Nominal"}
[2026-09-01 11:43:23.016 Z] [WARN] [cadence.virtuoso.ade.simulationMonitor] -     WARNING (SPECTRE-8530): Dangling node. net9 is removed. {"history": "Interactive.306", "point": 1, "testname": "OP", "cornername": "Nominal"}
[2026-09-01 11:43:23.016 Z] [INFO] [cadence.virtuoso.ade.simulationMonitor] - Peak resident memory used = 181 Mbytes. {"history": "Interactive.306", "point": 1, "testname": "OP", "cornername": "Nominal"}
[2026-09-01 11:43:23.016 Z] [INFO] [cadence.virtuoso.ade.simulationMonitor] - Notice from spectre during initial setup.
    Multithreading is disabled due to the size of the design being too small. {"history": "Interactive.306", "point": 1, "testname": "OP", "cornername": "Nominal"}
[2026-09-01 11:43:23.017 Z] [INFO] [cadence.virtuoso.ade.simulationMonitor] -               nodes 56 {"history": "Interactive.306", "point": 1, "testname": "OP", "cornername": "Nominal"}
[2026-09-01 11:43:23.017 Z] [INFO] [cadence.virtuoso.ade.simulationMonitor] - Notice from spectre during initial setup.
    Fast APS enabled. {"history": "Interactive.306", "point": 1, "testname": "OP", "cornername": "Nominal"}
[2026-09-01 11:43:23.017 Z] [INFO] [cadence.virtuoso.ade.simulationMonitor] - Peak resident memory used = 184 Mbytes. {"history": "Interactive.306", "point": 1, "testname": "OP", "cornername": "Nominal"}
[2026-09-01 11:43:23.017 Z] [INFO] [cadence.virtuoso.ade.simulationMonitor] -    -   (Fast APS) Multi-threading. The recommended number of threads is 1, consider adding +mt=1 on command line. {"history": "Interactive.306", "point": 1, "testname": "OP", "cornername": "Nominal"}
[2026-09-01 11:43:23.017 Z] [INFO] [cadence.virtuoso.ade.simulationMonitor] - Total time required for dc analysis `dcOp': CPU = 2.39 ms, elapsed = 5.65696 ms, util. = 42.2%. {"history": "Interactive.306", "point": 1, "testname": "OP", "cornername": "Nominal"}
[2026-09-01 11:43:23.018 Z] [INFO] [cadence.virtuoso.ade.simulationMonitor] - Peak resident memory used = 187 Mbytes. {"history": "Interactive.306", "point": 1, "testname": "OP", "cornername": "Nominal"}
[2026-09-01 11:43:23.018 Z] [INFO] [cadence.virtuoso.ade.simulationMonitor] - Time used: CPU = 187 ms, elapsed = 586 ms, util. = 32%. {"history": "Interactive.306", "point": 1, "testname": "OP", "cornername": "Nominal"}
[2026-09-01 11:43:23.018 Z] [INFO] [cadence.virtuoso.ade.simulationMonitor] - Time spent in licensing: elapsed = 60.7 ms, percentage of total = 10.4%. {"history": "Interactive.306", "point": 1, "testname": "OP", "cornername": "Nominal"}
[2026-09-01 11:43:23.019 Z] [INFO] [cadence.virtuoso.ade.simulationMonitor] - Peak memory used = 189 Mbytes. {"history": "Interactive.306", "point": 1, "testname": "OP", "cornername": "Nominal"}
[2026-09-01 11:43:23.019 Z] [PROCESS] [cadence.virtuoso.ade.simulationMonitor] - Simulation started at: 11:43:22 AM, Tue Sep 1, 2026, ended at: 11:43:22 AM, Tue Sep 1, 2026, with elapsed time (wall clock): 586 ms. {"history": "Interactive.306", "point": 1, "testname": "OP", "cornername": "Nominal"}
[2026-09-01 11:43:23.019 Z] [PROCESS] [cadence.virtuoso.ade.simulationMonitor] - spectre completes with 0 errors, 4 warnings, and 4 notices. {"history": "Interactive.306", "point": 1, "testname": "OP", "cornername": "Nominal"}
[2026-09-01 11:43:23.020 Z] [PROCESS] [cadence.virtuoso.ade.simulationMonitor] - Finished simulating for one point {"hostname": "edatools", "processid": 163687, "history": "Interactive.306", "testname": "OP", "cornername": "Nominal", "point": 1, "logfile": "/home/saul/projects/LF_BG/logs_saul/logs5/Job24.log", "simid": "2"}
[2026-09-01 11:43:23.021 Z] [PROCESS] [cadence.virtuoso.ade.simulationMonitor] - Simulator exited {"hostname": "edatools", "processid": 163687, "history": "Interactive.306", "testname": "OP", "cornername": "Nominal", "point": 1, "logfile": "/home/saul/projects/LF_BG/logs_saul/logs5/Job24.log", "exitStatus": "0"}
[2026-09-01 11:43:23.021 Z] [PROCESS] [cadence.virtuoso.ade.simulationMonitor] - Finished Simulation {"hostname": "edatools", "processid": 163687, "history": "Interactive.306", "testname": "OP", "cornername": "Nominal", "point": 1, "logfile": "/home/saul/projects/LF_BG/logs_saul/logs5/Job24.log", "simid": "2"}
[2026-09-01 11:43:25.033 Z] [PROCESS] [cadence.virtuoso.ade.simulationMonitor] - Point Finished {"hostname": "edatools", "processid": 163687, "history": "Interactive.306", "testname": "OP", "cornername": "Nominal", "point": 1, "logfile": "/home/saul/projects/LF_BG/logs_saul/logs5/Job24.log"}
[2026-09-01 11:44:05.777 Z] [PROCESS] [cadence.virtuoso.ade.simulationMonitor] - Started History {"hostname": "edatools", "processid": 163687, "history": "Interactive.307", "testname": "OP", "cornername": "Nominal", "point": 1, "logfile": "/home/saul/projects/LF_BG/logs_saul/logs5/Job24.log"}
[2026-09-01 11:44:05.778 Z] [PROCESS] [cadence.virtuoso.ade.simulationMonitor] - HostInfo:
Host name (type):	edatools (x86_64)
Operating system:	Linux 7.0.0-30-generic #30~24.04.1-Ubuntu SMP PREEMPT_DYNAMIC Fri Aug  7 13:27:52 UTC 2 {"hostname": "edatools", "processid": 163687, "history": "Interactive.307", "testname": "OP", "cornername": "Nominal", "point": 1, "logfile": "/home/saul/projects/LF_BG/logs_saul/logs5/Job24.log", "nodename": "edatools", "domainname": "(none)", "machine": "x86_64", "sysname": "Linux", "release": "7.0.0-30-generic", "version": "#30~24.04.1-Ubuntu SMP PREEMPT_DYNAMIC Fri Aug  7 13:27:52 UTC 2"}
[2026-09-01 11:44:05.778 Z] [PROCESS] [cadence.virtuoso.ade.simulationMonitor] - UsageInfo:
pid=163687
totalPhysicalMemory=62.541851GB,Used=25.084259GB,totalVirtualMemory=70.541847GB,Used=25.084259GB
Cpu: Cores=16, Load average:0.640000,0.480000,0.390000 {"hostname": "edatools", "processid": 163687, "history": "Interactive.307", "testname": "OP", "cornername": "Nominal", "point": 1, "logfile": "/home/saul/projects/LF_BG/logs_saul/logs5/Job24.log", "pid": "163687", "totalPhysicalMemory": "62.541851", "physicalMemoryUsed": "25.084259", "totalVirtualMemory": "70.541847", "virtualMemoryUsed": "25.084259", "cpuCores": "16", "processes": "2105", "loadAverage1": "0.640000", "loadAverage5": "0.480000", "loadAverage15": "0.390000", "loadAverage1Percent": "0.040000"}
[2026-09-01 11:44:05.779 Z] [EVENT] [cadence.virtuoso.ade.simulationMonitor] - NewPoint {"history": "Interactive.307", "point": 1, "testname": "OP", "cornername": "Nominal", "event": "NewPoint", "EventSource": "Simulation Monitor", "HistoryName": "Interactive.307", "logFile": "/home/saul/projects/LF_BG/logs_saul/logs5/Job24.log", "logFileSize": "24090"}
[2026-09-01 11:44:05.881 Z] [EVENT] [cadence.virtuoso.ade.simulationMonitor] - NewPoint {"history": "Interactive.307", "point": 1, "testname": "OP", "cornername": "Nominal", "event": "NewPoint", "EventSource": "spectre", "HistoryName": "Interactive.307", "logFile": "/home/saul/simulation/REF_GEN/REF_GEN_f_TB/maestro/results/maestro/Interactive.307/1/OP/psf/spectre.out", "logFileSize": "-1"}
[2026-09-01 11:44:05.899 Z] [PROCESS] [cadence.virtuoso.ade.simulationMonitor] - Simulator launched {"hostname": "edatools", "processid": 163687, "history": "Interactive.307", "testname": "OP", "cornername": "Nominal", "point": 1, "logfile": "/home/saul/projects/LF_BG/logs_saul/logs5/Job24.log", "simid": "3"}
[2026-09-01 11:44:05.902 Z] [PROCESS] [cadence.virtuoso.ade.simulationMonitor] - Expression evaluator launched {"hostname": "edatools", "processid": 163687, "history": "Interactive.307", "testname": "OP", "cornername": "Nominal", "point": 1, "logfile": "/home/saul/projects/LF_BG/logs_saul/logs5/Job24.log"}
[2026-09-01 11:44:05.931 Z] [PROCESS] [cadence.virtuoso.ade.simulationMonitor] - Started Simulation {"hostname": "edatools", "processid": 163687, "history": "Interactive.307", "testname": "OP", "cornername": "Nominal", "point": 1, "logfile": "/home/saul/projects/LF_BG/logs_saul/logs5/Job24.log", "event": "started", "task": "simulation"}
[2026-09-01 11:44:06.932 Z] [INFO] [cadence.virtuoso.ade.simulationMonitor] - Peak resident memory used = 170 Mbytes. {"history": "Interactive.307", "point": 1, "testname": "OP", "cornername": "Nominal"}
[2026-09-01 11:44:06.933 Z] [INFO] [cadence.virtuoso.ade.simulationMonitor] - Peak resident memory used = 179 Mbytes. {"history": "Interactive.307", "point": 1, "testname": "OP", "cornername": "Nominal"}
[2026-09-01 11:44:06.933 Z] [INFO] [cadence.virtuoso.ade.simulationMonitor] - Notice from spectre during hierarchy flattening.
    The value 'psf' specified for the 'checklimitdest' option will no longer be supported in future releases. Use 'spectre -h' to see other recommended values for the 'checklimitdest' option. {"history": "Interactive.307", "point": 1, "testname": "OP", "cornername": "Nominal"}
[2026-09-01 11:44:06.934 Z] [WARN] [cadence.virtuoso.ade.simulationMonitor] -     WARNING (SPECTRE-16718): inlinesubcktcurrent option is set as `subckt', all the inline subckts will be treated as normal subckts when you access the current of their terminals. {"history": "Interactive.307", "point": 1, "testname": "OP", "cornername": "Nominal"}
[2026-09-01 11:44:06.934 Z] [WARN] [cadence.virtuoso.ade.simulationMonitor] -     WARNING (SPECTRE-8527): There are some nodes and instances removed from the netlist topology check. Check the circuit and correct the topology. Or use preserve_inst to keep them if necessary. {"history": "Interactive.307", "point": 1, "testname": "OP", "cornername": "Nominal"}
[2026-09-01 11:44:06.935 Z] [WARN] [cadence.virtuoso.ade.simulationMonitor] -     WARNING (SPECTRE-8529): Dangling instance. V9 is removed. {"history": "Interactive.307", "point": 1, "testname": "OP", "cornername": "Nominal"}
[2026-09-01 11:44:06.935 Z] [WARN] [cadence.virtuoso.ade.simulationMonitor] -     WARNING (SPECTRE-8530): Dangling node. net9 is removed. {"history": "Interactive.307", "point": 1, "testname": "OP", "cornername": "Nominal"}
[2026-09-01 11:44:06.936 Z] [INFO] [cadence.virtuoso.ade.simulationMonitor] - Peak resident memory used = 181 Mbytes. {"history": "Interactive.307", "point": 1, "testname": "OP", "cornername": "Nominal"}
[2026-09-01 11:44:06.936 Z] [INFO] [cadence.virtuoso.ade.simulationMonitor] - Notice from spectre during initial setup.
    Multithreading is disabled due to the size of the design being too small. {"history": "Interactive.307", "point": 1, "testname": "OP", "cornername": "Nominal"}
[2026-09-01 11:44:06.937 Z] [INFO] [cadence.virtuoso.ade.simulationMonitor] -               nodes 56 {"history": "Interactive.307", "point": 1, "testname": "OP", "cornername": "Nominal"}
[2026-09-01 11:44:06.937 Z] [INFO] [cadence.virtuoso.ade.simulationMonitor] - Notice from spectre during initial setup.
    1 vsources are shorted because their absolute value is less than or equal to 'vabsshort'.
    Fast APS enabled. {"history": "Interactive.307", "point": 1, "testname": "OP", "cornername": "Nominal"}
[2026-09-01 11:44:06.938 Z] [INFO] [cadence.virtuoso.ade.simulationMonitor] - Peak resident memory used = 184 Mbytes. {"history": "Interactive.307", "point": 1, "testname": "OP", "cornername": "Nominal"}
[2026-09-01 11:44:06.938 Z] [INFO] [cadence.virtuoso.ade.simulationMonitor] -    -   (Fast APS) Multi-threading. The recommended number of threads is 1, consider adding +mt=1 on command line. {"history": "Interactive.307", "point": 1, "testname": "OP", "cornername": "Nominal"}
[2026-09-01 11:44:06.939 Z] [INFO] [cadence.virtuoso.ade.simulationMonitor] - Total time required for dc analysis `dcOp': CPU = 3.493 ms, elapsed = 6.99401 ms, util. = 49.9%. {"history": "Interactive.307", "point": 1, "testname": "OP", "cornername": "Nominal"}
[2026-09-01 11:44:06.939 Z] [INFO] [cadence.virtuoso.ade.simulationMonitor] - Peak resident memory used = 187 Mbytes. {"history": "Interactive.307", "point": 1, "testname": "OP", "cornername": "Nominal"}
[2026-09-01 11:44:06.939 Z] [INFO] [cadence.virtuoso.ade.simulationMonitor] - Time used: CPU = 182 ms, elapsed = 699 ms, util. = 26%. {"history": "Interactive.307", "point": 1, "testname": "OP", "cornername": "Nominal"}
[2026-09-01 11:44:06.940 Z] [INFO] [cadence.virtuoso.ade.simulationMonitor] - Time spent in licensing: elapsed = 246 ms, percentage of total = 35.2%. {"history": "Interactive.307", "point": 1, "testname": "OP", "cornername": "Nominal"}
[2026-09-01 11:44:06.940 Z] [INFO] [cadence.virtuoso.ade.simulationMonitor] - Peak memory used = 189 Mbytes. {"history": "Interactive.307", "point": 1, "testname": "OP", "cornername": "Nominal"}
[2026-09-01 11:44:06.941 Z] [PROCESS] [cadence.virtuoso.ade.simulationMonitor] - Simulation started at: 11:44:06 AM, Tue Sep 1, 2026, ended at: 11:44:06 AM, Tue Sep 1, 2026, with elapsed time (wall clock): 699 ms. {"history": "Interactive.307", "point": 1, "testname": "OP", "cornername": "Nominal"}
[2026-09-01 11:44:06.941 Z] [PROCESS] [cadence.virtuoso.ade.simulationMonitor] - spectre completes with 0 errors, 4 warnings, and 5 notices. {"history": "Interactive.307", "point": 1, "testname": "OP", "cornername": "Nominal"}
[2026-09-01 11:44:06.942 Z] [PROCESS] [cadence.virtuoso.ade.simulationMonitor] - Finished simulating for one point {"hostname": "edatools", "processid": 163687, "history": "Interactive.307", "testname": "OP", "cornername": "Nominal", "point": 1, "logfile": "/home/saul/projects/LF_BG/logs_saul/logs5/Job24.log", "simid": "3"}
[2026-09-01 11:44:06.942 Z] [PROCESS] [cadence.virtuoso.ade.simulationMonitor] - Simulator exited {"hostname": "edatools", "processid": 163687, "history": "Interactive.307", "testname": "OP", "cornername": "Nominal", "point": 1, "logfile": "/home/saul/projects/LF_BG/logs_saul/logs5/Job24.log", "exitStatus": "0"}
[2026-09-01 11:44:06.943 Z] [PROCESS] [cadence.virtuoso.ade.simulationMonitor] - Finished Simulation {"hostname": "edatools", "processid": 163687, "history": "Interactive.307", "testname": "OP", "cornername": "Nominal", "point": 1, "logfile": "/home/saul/projects/LF_BG/logs_saul/logs5/Job24.log", "simid": "3"}
[2026-09-01 11:44:08.970 Z] [PROCESS] [cadence.virtuoso.ade.simulationMonitor] - Point Finished {"hostname": "edatools", "processid": 163687, "history": "Interactive.307", "testname": "OP", "cornername": "Nominal", "point": 1, "logfile": "/home/saul/projects/LF_BG/logs_saul/logs5/Job24.log"}
[2026-09-01 11:44:40.407 Z] [PROCESS] [cadence.virtuoso.ade.simulationMonitor] - Started History {"hostname": "edatools", "processid": 163687, "history": "Interactive.308", "testname": "OP", "cornername": "Nominal", "point": 1, "logfile": "/home/saul/projects/LF_BG/logs_saul/logs5/Job24.log"}
[2026-09-01 11:44:40.407 Z] [PROCESS] [cadence.virtuoso.ade.simulationMonitor] - HostInfo:
Host name (type):	edatools (x86_64)
Operating system:	Linux 7.0.0-30-generic #30~24.04.1-Ubuntu SMP PREEMPT_DYNAMIC Fri Aug  7 13:27:52 UTC 2 {"hostname": "edatools", "processid": 163687, "history": "Interactive.308", "testname": "OP", "cornername": "Nominal", "point": 1, "logfile": "/home/saul/projects/LF_BG/logs_saul/logs5/Job24.log", "nodename": "edatools", "domainname": "(none)", "machine": "x86_64", "sysname": "Linux", "release": "7.0.0-30-generic", "version": "#30~24.04.1-Ubuntu SMP PREEMPT_DYNAMIC Fri Aug  7 13:27:52 UTC 2"}
[2026-09-01 11:44:40.408 Z] [PROCESS] [cadence.virtuoso.ade.simulationMonitor] - UsageInfo:
pid=163687
totalPhysicalMemory=62.541851GB,Used=25.101200GB,totalVirtualMemory=70.541847GB,Used=25.101200GB
Cpu: Cores=16, Load average:0.780000,0.540000,0.410000 {"hostname": "edatools", "processid": 163687, "history": "Interactive.308", "testname": "OP", "cornername": "Nominal", "point": 1, "logfile": "/home/saul/projects/LF_BG/logs_saul/logs5/Job24.log", "pid": "163687", "totalPhysicalMemory": "62.541851", "physicalMemoryUsed": "25.101200", "totalVirtualMemory": "70.541847", "virtualMemoryUsed": "25.101200", "cpuCores": "16", "processes": "2107", "loadAverage1": "0.780000", "loadAverage5": "0.540000", "loadAverage15": "0.410000", "loadAverage1Percent": "0.048750"}
[2026-09-01 11:44:40.409 Z] [EVENT] [cadence.virtuoso.ade.simulationMonitor] - NewPoint {"history": "Interactive.308", "point": 1, "testname": "OP", "cornername": "Nominal", "event": "NewPoint", "EventSource": "Simulation Monitor", "HistoryName": "Interactive.308", "logFile": "/home/saul/projects/LF_BG/logs_saul/logs5/Job24.log", "logFileSize": "33824"}
[2026-09-01 11:44:40.510 Z] [EVENT] [cadence.virtuoso.ade.simulationMonitor] - NewPoint {"history": "Interactive.308", "point": 1, "testname": "OP", "cornername": "Nominal", "event": "NewPoint", "EventSource": "spectre", "HistoryName": "Interactive.308", "logFile": "/home/saul/simulation/REF_GEN/REF_GEN_f_TB/maestro/results/maestro/Interactive.308/1/OP/psf/spectre.out", "logFileSize": "-1"}
[2026-09-01 11:44:40.527 Z] [PROCESS] [cadence.virtuoso.ade.simulationMonitor] - Simulator launched {"hostname": "edatools", "processid": 163687, "history": "Interactive.308", "testname": "OP", "cornername": "Nominal", "point": 1, "logfile": "/home/saul/projects/LF_BG/logs_saul/logs5/Job24.log", "simid": "4"}
[2026-09-01 11:44:40.531 Z] [PROCESS] [cadence.virtuoso.ade.simulationMonitor] - Expression evaluator launched {"hostname": "edatools", "processid": 163687, "history": "Interactive.308", "testname": "OP", "cornername": "Nominal", "point": 1, "logfile": "/home/saul/projects/LF_BG/logs_saul/logs5/Job24.log"}
[2026-09-01 11:44:40.559 Z] [PROCESS] [cadence.virtuoso.ade.simulationMonitor] - Started Simulation {"hostname": "edatools", "processid": 163687, "history": "Interactive.308", "testname": "OP", "cornername": "Nominal", "point": 1, "logfile": "/home/saul/projects/LF_BG/logs_saul/logs5/Job24.log", "event": "started", "task": "simulation"}
[2026-09-01 11:44:41.559 Z] [INFO] [cadence.virtuoso.ade.simulationMonitor] - Peak resident memory used = 170 Mbytes. {"history": "Interactive.308", "point": 1, "testname": "OP", "cornername": "Nominal"}
[2026-09-01 11:44:41.560 Z] [INFO] [cadence.virtuoso.ade.simulationMonitor] - Peak resident memory used = 179 Mbytes. {"history": "Interactive.308", "point": 1, "testname": "OP", "cornername": "Nominal"}
[2026-09-01 11:44:41.560 Z] [INFO] [cadence.virtuoso.ade.simulationMonitor] - Notice from spectre during hierarchy flattening.
    The value 'psf' specified for the 'checklimitdest' option will no longer be supported in future releases. Use 'spectre -h' to see other recommended values for the 'checklimitdest' option. {"history": "Interactive.308", "point": 1, "testname": "OP", "cornername": "Nominal"}
[2026-09-01 11:44:41.561 Z] [WARN] [cadence.virtuoso.ade.simulationMonitor] -     WARNING (SPECTRE-16718): inlinesubcktcurrent option is set as `subckt', all the inline subckts will be treated as normal subckts when you access the current of their terminals. {"history": "Interactive.308", "point": 1, "testname": "OP", "cornername": "Nominal"}
[2026-09-01 11:44:41.561 Z] [INFO] [cadence.virtuoso.ade.simulationMonitor] - Peak resident memory used = 181 Mbytes. {"history": "Interactive.308", "point": 1, "testname": "OP", "cornername": "Nominal"}
[2026-09-01 11:44:41.561 Z] [INFO] [cadence.virtuoso.ade.simulationMonitor] - Notice from spectre during initial setup.
    Multithreading is disabled due to the size of the design being too small. {"history": "Interactive.308", "point": 1, "testname": "OP", "cornername": "Nominal"}
[2026-09-01 11:44:41.561 Z] [INFO] [cadence.virtuoso.ade.simulationMonitor] -               nodes 55 {"history": "Interactive.308", "point": 1, "testname": "OP", "cornername": "Nominal"}
[2026-09-01 11:44:41.562 Z] [INFO] [cadence.virtuoso.ade.simulationMonitor] - Notice from spectre during initial setup.
    1 vsources are shorted because their absolute value is less than or equal to 'vabsshort'.
    Fast APS enabled. {"history": "Interactive.308", "point": 1, "testname": "OP", "cornername": "Nominal"}
[2026-09-01 11:44:41.562 Z] [INFO] [cadence.virtuoso.ade.simulationMonitor] - Peak resident memory used = 184 Mbytes. {"history": "Interactive.308", "point": 1, "testname": "OP", "cornername": "Nominal"}
[2026-09-01 11:44:41.562 Z] [INFO] [cadence.virtuoso.ade.simulationMonitor] -    -   (Fast APS) Multi-threading. The recommended number of threads is 1, consider adding +mt=1 on command line. {"history": "Interactive.308", "point": 1, "testname": "OP", "cornername": "Nominal"}
[2026-09-01 11:44:41.563 Z] [INFO] [cadence.virtuoso.ade.simulationMonitor] - Total time required for dc analysis `dcOp': CPU = 1.98 ms, elapsed = 5.57089 ms, util. = 35.5%. {"history": "Interactive.308", "point": 1, "testname": "OP", "cornername": "Nominal"}
[2026-09-01 11:44:41.563 Z] [INFO] [cadence.virtuoso.ade.simulationMonitor] - Peak resident memory used = 187 Mbytes. {"history": "Interactive.308", "point": 1, "testname": "OP", "cornername": "Nominal"}
[2026-09-01 11:44:41.563 Z] [INFO] [cadence.virtuoso.ade.simulationMonitor] - Time used: CPU = 171 ms, elapsed = 572 ms, util. = 30%. {"history": "Interactive.308", "point": 1, "testname": "OP", "cornername": "Nominal"}
[2026-09-01 11:44:41.563 Z] [INFO] [cadence.virtuoso.ade.simulationMonitor] - Time spent in licensing: elapsed = 28.5 ms. {"history": "Interactive.308", "point": 1, "testname": "OP", "cornername": "Nominal"}
[2026-09-01 11:44:41.563 Z] [INFO] [cadence.virtuoso.ade.simulationMonitor] - Peak memory used = 188 Mbytes. {"history": "Interactive.308", "point": 1, "testname": "OP", "cornername": "Nominal"}
[2026-09-01 11:44:41.563 Z] [PROCESS] [cadence.virtuoso.ade.simulationMonitor] - Simulation started at: 11:44:40 AM, Tue Sep 1, 2026, ended at: 11:44:41 AM, Tue Sep 1, 2026, with elapsed time (wall clock): 572 ms. {"history": "Interactive.308", "point": 1, "testname": "OP", "cornername": "Nominal"}
[2026-09-01 11:44:41.564 Z] [PROCESS] [cadence.virtuoso.ade.simulationMonitor] - spectre completes with 0 errors, 1 warning, and 5 notices. {"history": "Interactive.308", "point": 1, "testname": "OP", "cornername": "Nominal"}
[2026-09-01 11:44:41.564 Z] [PROCESS] [cadence.virtuoso.ade.simulationMonitor] - Finished simulating for one point {"hostname": "edatools", "processid": 163687, "history": "Interactive.308", "testname": "OP", "cornername": "Nominal", "point": 1, "logfile": "/home/saul/projects/LF_BG/logs_saul/logs5/Job24.log", "simid": "4"}
[2026-09-01 11:44:41.564 Z] [PROCESS] [cadence.virtuoso.ade.simulationMonitor] - Simulator exited {"hostname": "edatools", "processid": 163687, "history": "Interactive.308", "testname": "OP", "cornername": "Nominal", "point": 1, "logfile": "/home/saul/projects/LF_BG/logs_saul/logs5/Job24.log", "exitStatus": "0"}
[2026-09-01 11:44:41.564 Z] [PROCESS] [cadence.virtuoso.ade.simulationMonitor] - Finished Simulation {"hostname": "edatools", "processid": 163687, "history": "Interactive.308", "testname": "OP", "cornername": "Nominal", "point": 1, "logfile": "/home/saul/projects/LF_BG/logs_saul/logs5/Job24.log", "simid": "4"}
[2026-09-01 11:44:43.572 Z] [PROCESS] [cadence.virtuoso.ade.simulationMonitor] - Point Finished {"hostname": "edatools", "processid": 163687, "history": "Interactive.308", "testname": "OP", "cornername": "Nominal", "point": 1, "logfile": "/home/saul/projects/LF_BG/logs_saul/logs5/Job24.log"}
[2026-09-01 11:48:57.909 Z] [PROCESS] [cadence.virtuoso.ade.simulationMonitor] - get signal Terminated<15> from user:saul, which pid:163685:/opt/tools/cadence/installs/IC618/tools/bin/64bit/cdsServIpc {"hostname": "edatools", "processid": 163687, "history": "Interactive.308", "testname": "OP", "cornername": "Nominal", "point": 1, "logfile": "/home/saul/projects/LF_BG/logs_saul/logs5/Job24.log", "signal": "15", "signalName": "Terminated", "which": "/opt/tools/cadence/installs/IC618/tools/bin/64bit/cdsServIpc", "pid": "163685", "user": "saul", "uid": "1000"}
[2026-09-01 11:48:57.909 Z] [INFO] [cadence.virtuoso.ade.simulationMonitor] - SimulationMonitor has terminated the  process '165343', reason: 'simulationMonitor is handling signal 15' {"history": "Interactive.308", "point": 1, "testname": "OP", "cornername": "Nominal"}
[2026-09-01 11:48:58.410 Z] [PROCESS] [cadence.virtuoso.ade.simulationMonitor] - Current memory used: 53.6992 MBytes, peak memory used: 53.6992 MBytes {"hostname": "edatools", "processid": 163687, "history": "Interactive.308", "testname": "OP", "cornername": "Nominal", "point": 1, "logfile": "/home/saul/projects/LF_BG/logs_saul/logs5/Job24.log"}
[2026-09-01 11:48:58.410 Z] [PROCESS] [cadence.virtuoso.ade.simulationMonitor] - Simulation Monitor process exit. {"hostname": "edatools", "processid": 163687, "history": "Interactive.308", "testname": "OP", "cornername": "Nominal", "point": 1, "logfile": "/home/saul/projects/LF_BG/logs_saul/logs5/Job24.log"}
