[Simulation Monitor: 3]
[2026-08-31 20:47:13.623 Z] [PROCESS] [cadence.virtuoso.ade.simulationMonitor] - Simulation Monitor has successfully started up. Trying to set up communication channels to other components ... {"hostname": "edatools", "processid": 54590, "logfile": "/home/saul/projects/LF_BG/logs_saul/logs5/Job3.log"}
[2026-08-31 20:47:13.624 Z] [PROCESS] [cadence.virtuoso.ade.simulationMonitor] - Communication channels have been successfully set up. Start processing events ... {"hostname": "edatools", "processid": 54590, "logfile": "/home/saul/projects/LF_BG/logs_saul/logs5/Job3.log"}
[2026-08-31 20:47:13.624 Z] [PROCESS] [cadence.virtuoso.ade.simulationMonitor] - Considering to start history {"hostname": "edatools", "processid": 54590, "history": "Interactive.191", "logfile": "/home/saul/projects/LF_BG/logs_saul/logs5/Job3.log"}
[2026-08-31 20:47:13.625 Z] [PROCESS] [cadence.virtuoso.ade.simulationMonitor] - HostInfo:
Host name (type):	edatools (x86_64)
Operating system:	Linux 7.0.0-30-generic #30~24.04.1-Ubuntu SMP PREEMPT_DYNAMIC Fri Aug  7 13:27:52 UTC 2 {"hostname": "edatools", "processid": 54590, "history": "Interactive.191", "logfile": "/home/saul/projects/LF_BG/logs_saul/logs5/Job3.log", "nodename": "edatools", "domainname": "(none)", "machine": "x86_64", "sysname": "Linux", "release": "7.0.0-30-generic", "version": "#30~24.04.1-Ubuntu SMP PREEMPT_DYNAMIC Fri Aug  7 13:27:52 UTC 2"}
[2026-08-31 20:47:13.625 Z] [PROCESS] [cadence.virtuoso.ade.simulationMonitor] - UsageInfo:
pid=54590
totalPhysicalMemory=62.541851GB,Used=18.972412GB,totalVirtualMemory=70.541847GB,Used=18.972412GB
Cpu: Cores=16, Load average:0.580000,0.210000,0.130000 {"hostname": "edatools", "processid": 54590, "history": "Interactive.191", "logfile": "/home/saul/projects/LF_BG/logs_saul/logs5/Job3.log", "pid": "54590", "totalPhysicalMemory": "62.541851", "physicalMemoryUsed": "18.972412", "totalVirtualMemory": "70.541847", "virtualMemoryUsed": "18.972412", "cpuCores": "16", "processes": "1564", "loadAverage1": "0.580000", "loadAverage5": "0.210000", "loadAverage15": "0.130000", "loadAverage1Percent": "0.036250"}
[2026-08-31 20:47:13.625 Z] [EVENT] [cadence.virtuoso.ade.simulationMonitor] - NewPoint {"history": "Interactive.191", "point": 1, "testname": "OP", "cornername": "Nominal", "event": "NewPoint", "EventSource": "Simulation Monitor", "HistoryName": "Interactive.191", "logFile": "/home/saul/projects/LF_BG/logs_saul/logs5/Job3.log", "logFileSize": "2131"}
[2026-08-31 20:47:13.726 Z] [EVENT] [cadence.virtuoso.ade.simulationMonitor] - NewPoint {"history": "Interactive.191", "point": 1, "testname": "OP", "cornername": "Nominal", "event": "NewPoint", "EventSource": "spectre", "HistoryName": "Interactive.191", "logFile": "/home/saul/simulation/REF_GEN/REF_GEN_f_TB/maestro/results/maestro/Interactive.191/1/OP/psf/spectre.out", "logFileSize": "-1"}
[2026-08-31 20:47:13.730 Z] [PROCESS] [cadence.virtuoso.ade.simulationMonitor] - Simulator launched {"hostname": "edatools", "processid": 54590, "history": "Interactive.191", "testname": "OP", "cornername": "Nominal", "point": 1, "logfile": "/home/saul/projects/LF_BG/logs_saul/logs5/Job3.log", "simid": "1"}
[2026-08-31 20:47:13.731 Z] [PROCESS] [cadence.virtuoso.ade.simulationMonitor] - Expression evaluator launched {"hostname": "edatools", "processid": 54590, "history": "Interactive.191", "testname": "OP", "cornername": "Nominal", "point": 1, "logfile": "/home/saul/projects/LF_BG/logs_saul/logs5/Job3.log"}
[2026-08-31 20:47:13.752 Z] [PROCESS] [cadence.virtuoso.ade.simulationMonitor] - Started Simulation {"hostname": "edatools", "processid": 54590, "history": "Interactive.191", "testname": "OP", "cornername": "Nominal", "point": 1, "logfile": "/home/saul/projects/LF_BG/logs_saul/logs5/Job3.log", "event": "started", "task": "simulation"}
[2026-08-31 20:47:14.752 Z] [INFO] [cadence.virtuoso.ade.simulationMonitor] - Peak resident memory used = 210 Mbytes. {"history": "Interactive.191", "point": 1, "testname": "OP", "cornername": "Nominal"}
[2026-08-31 20:47:17.753 Z] [INFO] [cadence.virtuoso.ade.simulationMonitor] - Peak resident memory used = 437 Mbytes. {"history": "Interactive.191", "point": 1, "testname": "OP", "cornername": "Nominal"}
[2026-08-31 20:47:17.753 Z] [INFO] [cadence.virtuoso.ade.simulationMonitor] - Notice from spectre during hierarchy flattening.
    The value 'psf' specified for the 'checklimitdest' option will no longer be supported in future releases. Use 'spectre -h' to see other recommended values for the 'checklimitdest' option. {"history": "Interactive.191", "point": 1, "testname": "OP", "cornername": "Nominal"}
[2026-08-31 20:47:17.753 Z] [WARN] [cadence.virtuoso.ade.simulationMonitor] -     WARNING (SPECTRE-16718): inlinesubcktcurrent option is set as `subckt', all the inline subckts will be treated as normal subckts when you access the current of their terminals. {"history": "Interactive.191", "point": 1, "testname": "OP", "cornername": "Nominal"}
[2026-08-31 20:47:19.254 Z] [WARN] [cadence.virtuoso.ade.simulationMonitor] -     WARNING (SPECTRE-8527): There are some nodes and instances removed from the netlist topology check. Check the circuit and correct the topology. Or use preserve_inst to keep them if necessary. {"history": "Interactive.191", "point": 1, "testname": "OP", "cornername": "Nominal"}
[2026-08-31 20:47:19.254 Z] [WARN] [cadence.virtuoso.ade.simulationMonitor] -     WARNING (SPECTRE-8529): Dangling instance. V9 is removed. {"history": "Interactive.191", "point": 1, "testname": "OP", "cornername": "Nominal"}
[2026-08-31 20:47:19.255 Z] [WARN] [cadence.virtuoso.ade.simulationMonitor] -     WARNING (SPECTRE-8528): The I8.C93335 device is removed because its terminals are connected together. Check the device in the netlist file to ensure that this warning can be ignored. {"history": "Interactive.191", "point": 1, "testname": "OP", "cornername": "Nominal"}
[2026-08-31 20:47:19.255 Z] [WARN] [cadence.virtuoso.ade.simulationMonitor] -     WARNING (SPECTRE-8528): The I8.Rf3744.C1 device is removed because its terminals are connected together. Check the device in the netlist file to ensure that this warning can be ignored. {"history": "Interactive.191", "point": 1, "testname": "OP", "cornername": "Nominal"}
[2026-08-31 20:47:19.255 Z] [WARN] [cadence.virtuoso.ade.simulationMonitor] -     WARNING (SPECTRE-8528): The I8.Rg11238.C2 device is removed because its terminals are connected together. Check the device in the netlist file to ensure that this warning can be ignored. {"history": "Interactive.191", "point": 1, "testname": "OP", "cornername": "Nominal"}
[2026-08-31 20:47:19.255 Z] [WARN] [cadence.virtuoso.ade.simulationMonitor] -     WARNING (SPECTRE-8528): The I8.Rg11239.C1 device is removed because its terminals are connected together. Check the device in the netlist file to ensure that this warning can be ignored. {"history": "Interactive.191", "point": 1, "testname": "OP", "cornername": "Nominal"}
[2026-08-31 20:47:19.255 Z] [WARN] [cadence.virtuoso.ade.simulationMonitor] -     WARNING (SPECTRE-8528): The I8.Rg18605.C1 device is removed because its terminals are connected together. Check the device in the netlist file to ensure that this warning can be ignored.
        Further occurrences of this warning will be suppressed. {"history": "Interactive.191", "point": 1, "testname": "OP", "cornername": "Nominal"}
[2026-08-31 20:47:19.255 Z] [WARN] [cadence.virtuoso.ade.simulationMonitor] -     WARNING (SPECTRE-8530): Dangling node. net9 is removed. {"history": "Interactive.191", "point": 1, "testname": "OP", "cornername": "Nominal"}
[2026-08-31 20:47:19.255 Z] [INFO] [cadence.virtuoso.ade.simulationMonitor] - Peak resident memory used = 696 Mbytes. {"history": "Interactive.191", "point": 1, "testname": "OP", "cornername": "Nominal"}
[2026-08-31 20:47:29.257 Z] [INFO] [cadence.virtuoso.ade.simulationMonitor] -               nodes 36600 {"history": "Interactive.191", "point": 1, "testname": "OP", "cornername": "Nominal"}
[2026-08-31 20:47:29.258 Z] [INFO] [cadence.virtuoso.ade.simulationMonitor] - Notice from spectre during initial setup.
    Fast APS enabled. {"history": "Interactive.191", "point": 1, "testname": "OP", "cornername": "Nominal"}
[2026-08-31 20:47:29.258 Z] [INFO] [cadence.virtuoso.ade.simulationMonitor] - Notice from spectre.
    Multithreading enabled: 8 threads in the system with 16 available processors. {"history": "Interactive.191", "point": 1, "testname": "OP", "cornername": "Nominal"}
[2026-08-31 20:47:29.258 Z] [INFO] [cadence.virtuoso.ade.simulationMonitor] - Peak resident memory used = 845 Mbytes. {"history": "Interactive.191", "point": 1, "testname": "OP", "cornername": "Nominal"}
[2026-08-31 20:47:29.258 Z] [INFO] [cadence.virtuoso.ade.simulationMonitor] -    -   (Fast APS) Multi-threading. The recommended number of threads is 8, consider adding +mt=8 on command line. {"history": "Interactive.191", "point": 1, "testname": "OP", "cornername": "Nominal"}
[2026-08-31 20:47:31.759 Z] [INFO] [cadence.virtuoso.ade.simulationMonitor] - Total time required for dc analysis `dcOp': CPU = 5.28689 s, elapsed = 2.53857 s, util. = 208%. {"history": "Interactive.191", "point": 1, "testname": "OP", "cornername": "Nominal"}
[2026-08-31 20:47:31.759 Z] [INFO] [cadence.virtuoso.ade.simulationMonitor] - Peak resident memory used = 939 Mbytes. {"history": "Interactive.191", "point": 1, "testname": "OP", "cornername": "Nominal"}
[2026-08-31 20:47:32.759 Z] [INFO] [cadence.virtuoso.ade.simulationMonitor] - Notice from spectre during Noise analysis `noise'.
    Operating points will not be recomputed: the circuit and conditions were not changed since previous analysis. {"history": "Interactive.191", "point": 1, "testname": "OP", "cornername": "Nominal"}
[2026-08-31 20:48:01.768 Z] [INFO] [cadence.virtuoso.ade.simulationMonitor] - Total time required for noise analysis `noise': CPU = 47.7154 s, elapsed = 27.9212 s, util. = 171%. {"history": "Interactive.191", "point": 1, "testname": "OP", "cornername": "Nominal"}
[2026-08-31 20:48:01.768 Z] [INFO] [cadence.virtuoso.ade.simulationMonitor] - Peak resident memory used = 1.08 Gbytes. {"history": "Interactive.191", "point": 1, "testname": "OP", "cornername": "Nominal"}
[2026-08-31 20:48:04.270 Z] [INFO] [cadence.virtuoso.ade.simulationMonitor] - Time used: CPU = 69.8 s (1m  9.8s), elapsed = 50 s, util. = 140%. {"history": "Interactive.191", "point": 1, "testname": "OP", "cornername": "Nominal"}
[2026-08-31 20:48:04.271 Z] [INFO] [cadence.virtuoso.ade.simulationMonitor] - Time spent in licensing: elapsed = 44.8 ms. {"history": "Interactive.191", "point": 1, "testname": "OP", "cornername": "Nominal"}
[2026-08-31 20:48:04.271 Z] [INFO] [cadence.virtuoso.ade.simulationMonitor] - Peak memory used = 1.13 Gbytes. {"history": "Interactive.191", "point": 1, "testname": "OP", "cornername": "Nominal"}
[2026-08-31 20:48:04.272 Z] [PROCESS] [cadence.virtuoso.ade.simulationMonitor] - Simulation started at: 8:47:13 PM, Mon Aug 31, 2026, ended at: 8:48:03 PM, Mon Aug 31, 2026, with elapsed time (wall clock): 50 s. {"history": "Interactive.191", "point": 1, "testname": "OP", "cornername": "Nominal"}
[2026-08-31 20:48:04.272 Z] [PROCESS] [cadence.virtuoso.ade.simulationMonitor] - spectre completes with 0 errors, 9 warnings, and 5 notices. {"history": "Interactive.191", "point": 1, "testname": "OP", "cornername": "Nominal"}
[2026-08-31 20:48:04.272 Z] [PROCESS] [cadence.virtuoso.ade.simulationMonitor] - Finished simulating for one point {"hostname": "edatools", "processid": 54590, "history": "Interactive.191", "testname": "OP", "cornername": "Nominal", "point": 1, "logfile": "/home/saul/projects/LF_BG/logs_saul/logs5/Job3.log", "simid": "1"}
[2026-08-31 20:48:04.273 Z] [PROCESS] [cadence.virtuoso.ade.simulationMonitor] - Simulator exited {"hostname": "edatools", "processid": 54590, "history": "Interactive.191", "testname": "OP", "cornername": "Nominal", "point": 1, "logfile": "/home/saul/projects/LF_BG/logs_saul/logs5/Job3.log", "exitStatus": "0"}
[2026-08-31 20:48:04.274 Z] [PROCESS] [cadence.virtuoso.ade.simulationMonitor] - Finished Simulation {"hostname": "edatools", "processid": 54590, "history": "Interactive.191", "testname": "OP", "cornername": "Nominal", "point": 1, "logfile": "/home/saul/projects/LF_BG/logs_saul/logs5/Job3.log", "simid": "1"}
[2026-08-31 20:48:07.286 Z] [PROCESS] [cadence.virtuoso.ade.simulationMonitor] - Point Finished {"hostname": "edatools", "processid": 54590, "history": "Interactive.191", "testname": "OP", "cornername": "Nominal", "point": 1, "logfile": "/home/saul/projects/LF_BG/logs_saul/logs5/Job3.log"}
[2026-08-31 20:49:03.216 Z] [PROCESS] [cadence.virtuoso.ade.simulationMonitor] - Started History {"hostname": "edatools", "processid": 54590, "history": "Interactive.192", "testname": "OP", "cornername": "Nominal", "point": 1, "logfile": "/home/saul/projects/LF_BG/logs_saul/logs5/Job3.log"}
[2026-08-31 20:49:03.216 Z] [PROCESS] [cadence.virtuoso.ade.simulationMonitor] - HostInfo:
Host name (type):	edatools (x86_64)
Operating system:	Linux 7.0.0-30-generic #30~24.04.1-Ubuntu SMP PREEMPT_DYNAMIC Fri Aug  7 13:27:52 UTC 2 {"hostname": "edatools", "processid": 54590, "history": "Interactive.192", "testname": "OP", "cornername": "Nominal", "point": 1, "logfile": "/home/saul/projects/LF_BG/logs_saul/logs5/Job3.log", "nodename": "edatools", "domainname": "(none)", "machine": "x86_64", "sysname": "Linux", "release": "7.0.0-30-generic", "version": "#30~24.04.1-Ubuntu SMP PREEMPT_DYNAMIC Fri Aug  7 13:27:52 UTC 2"}
[2026-08-31 20:49:03.216 Z] [PROCESS] [cadence.virtuoso.ade.simulationMonitor] - UsageInfo:
pid=54590
totalPhysicalMemory=62.541851GB,Used=19.776886GB,totalVirtualMemory=70.541847GB,Used=19.776886GB
Cpu: Cores=16, Load average:0.500000,0.340000,0.190000 {"hostname": "edatools", "processid": 54590, "history": "Interactive.192", "testname": "OP", "cornername": "Nominal", "point": 1, "logfile": "/home/saul/projects/LF_BG/logs_saul/logs5/Job3.log", "pid": "54590", "totalPhysicalMemory": "62.541851", "physicalMemoryUsed": "19.776886", "totalVirtualMemory": "70.541847", "virtualMemoryUsed": "19.776886", "cpuCores": "16", "processes": "1564", "loadAverage1": "0.500000", "loadAverage5": "0.340000", "loadAverage15": "0.190000", "loadAverage1Percent": "0.031250"}
[2026-08-31 20:49:03.217 Z] [EVENT] [cadence.virtuoso.ade.simulationMonitor] - NewPoint {"history": "Interactive.192", "point": 1, "testname": "OP", "cornername": "Nominal", "event": "NewPoint", "EventSource": "Simulation Monitor", "HistoryName": "Interactive.192", "logFile": "/home/saul/projects/LF_BG/logs_saul/logs5/Job3.log", "logFileSize": "14345"}
[2026-08-31 20:49:03.317 Z] [EVENT] [cadence.virtuoso.ade.simulationMonitor] - NewPoint {"history": "Interactive.192", "point": 1, "testname": "OP", "cornername": "Nominal", "event": "NewPoint", "EventSource": "spectre", "HistoryName": "Interactive.192", "logFile": "/home/saul/simulation/REF_GEN/REF_GEN_f_TB/maestro/results/maestro/Interactive.192/1/OP/psf/spectre.out", "logFileSize": "-1"}
[2026-08-31 20:49:03.335 Z] [PROCESS] [cadence.virtuoso.ade.simulationMonitor] - Simulator launched {"hostname": "edatools", "processid": 54590, "history": "Interactive.192", "testname": "OP", "cornername": "Nominal", "point": 1, "logfile": "/home/saul/projects/LF_BG/logs_saul/logs5/Job3.log", "simid": "2"}
[2026-08-31 20:49:03.339 Z] [PROCESS] [cadence.virtuoso.ade.simulationMonitor] - Expression evaluator launched {"hostname": "edatools", "processid": 54590, "history": "Interactive.192", "testname": "OP", "cornername": "Nominal", "point": 1, "logfile": "/home/saul/projects/LF_BG/logs_saul/logs5/Job3.log"}
[2026-08-31 20:49:03.369 Z] [PROCESS] [cadence.virtuoso.ade.simulationMonitor] - Started Simulation {"hostname": "edatools", "processid": 54590, "history": "Interactive.192", "testname": "OP", "cornername": "Nominal", "point": 1, "logfile": "/home/saul/projects/LF_BG/logs_saul/logs5/Job3.log", "event": "started", "task": "simulation"}
[2026-08-31 20:49:03.870 Z] [INFO] [cadence.virtuoso.ade.simulationMonitor] - Peak resident memory used = 169 Mbytes. {"history": "Interactive.192", "point": 1, "testname": "OP", "cornername": "Nominal"}
[2026-08-31 20:49:03.870 Z] [WARN] [cadence.virtuoso.ade.simulationMonitor] -     WARNING (SFE-2649): Terminals of top-level instance `Q3', in file`input.scs', at line 358, are connected. Remove the instance and rerun the simulation. {"history": "Interactive.192", "point": 1, "testname": "OP", "cornername": "Nominal"}
[2026-08-31 20:49:03.870 Z] [WARN] [cadence.virtuoso.ade.simulationMonitor] -     WARNING (SFE-2649): Terminals of top-level instance `Q2', in file`input.scs', at line 359, are connected. Remove the instance and rerun the simulation. {"history": "Interactive.192", "point": 1, "testname": "OP", "cornername": "Nominal"}
[2026-08-31 20:49:03.870 Z] [WARN] [cadence.virtuoso.ade.simulationMonitor] -     WARNING (SFE-2649): Terminals of top-level instance `M14', in file`input.scs', at line 1728, are connected. Remove the instance and rerun the simulation. {"history": "Interactive.192", "point": 1, "testname": "OP", "cornername": "Nominal"}
[2026-08-31 20:49:03.870 Z] [WARN] [cadence.virtuoso.ade.simulationMonitor] -     WARNING (SFE-2649): Terminals of top-level instance `M15', in file`input.scs', at line 1768, are connected. Remove the instance and rerun the simulation. {"history": "Interactive.192", "point": 1, "testname": "OP", "cornername": "Nominal"}
[2026-08-31 20:49:03.870 Z] [WARN] [cadence.virtuoso.ade.simulationMonitor] -     WARNING (SFE-2649): Terminals of top-level instance `M93', in file`input.scs', at line 1210, are connected. Remove the instance and rerun the simulation.
        Further occurrences of this warning will be suppressed. {"history": "Interactive.192", "point": 1, "testname": "OP", "cornername": "Nominal"}
[2026-08-31 20:49:04.370 Z] [INFO] [cadence.virtuoso.ade.simulationMonitor] - Peak resident memory used = 186 Mbytes. {"history": "Interactive.192", "point": 1, "testname": "OP", "cornername": "Nominal"}
[2026-08-31 20:49:04.371 Z] [INFO] [cadence.virtuoso.ade.simulationMonitor] - Notice from spectre during hierarchy flattening.
    The value 'psf' specified for the 'checklimitdest' option will no longer be supported in future releases. Use 'spectre -h' to see other recommended values for the 'checklimitdest' option. {"history": "Interactive.192", "point": 1, "testname": "OP", "cornername": "Nominal"}
[2026-08-31 20:49:04.371 Z] [WARN] [cadence.virtuoso.ade.simulationMonitor] -     WARNING (SPECTRE-16718): inlinesubcktcurrent option is set as `subckt', all the inline subckts will be treated as normal subckts when you access the current of their terminals. {"history": "Interactive.192", "point": 1, "testname": "OP", "cornername": "Nominal"}
[2026-08-31 20:49:04.371 Z] [WARN] [cadence.virtuoso.ade.simulationMonitor] -     WARNING (SPECTRE-8527): There are some nodes and instances removed from the netlist topology check. Check the circuit and correct the topology. Or use preserve_inst to keep them if necessary. {"history": "Interactive.192", "point": 1, "testname": "OP", "cornername": "Nominal"}
[2026-08-31 20:49:04.371 Z] [WARN] [cadence.virtuoso.ade.simulationMonitor] -     WARNING (SPECTRE-8529): Dangling instance. V9 is removed. {"history": "Interactive.192", "point": 1, "testname": "OP", "cornername": "Nominal"}
[2026-08-31 20:49:04.371 Z] [WARN] [cadence.virtuoso.ade.simulationMonitor] -     WARNING (SPECTRE-8528): The I8.I0.I8.R11.R_0_0.cn device is removed because its terminals are connected together. Check the device in the netlist file to ensure that this warning can be ignored. {"history": "Interactive.192", "point": 1, "testname": "OP", "cornername": "Nominal"}
[2026-08-31 20:49:04.371 Z] [WARN] [cadence.virtuoso.ade.simulationMonitor] -     WARNING (SPECTRE-8528): The I8.I0.I5.R11.R_0_0.cn device is removed because its terminals are connected together. Check the device in the netlist file to ensure that this warning can be ignored. {"history": "Interactive.192", "point": 1, "testname": "OP", "cornername": "Nominal"}
[2026-08-31 20:49:04.371 Z] [WARN] [cadence.virtuoso.ade.simulationMonitor] -     WARNING (SPECTRE-8528): The I8.I0.I4.R9.R_0_4_turbo_m5.cn device is removed because its terminals are connected together. Check the device in the netlist file to ensure that this warning can be ignored. {"history": "Interactive.192", "point": 1, "testname": "OP", "cornername": "Nominal"}
[2026-08-31 20:49:04.371 Z] [WARN] [cadence.virtuoso.ade.simulationMonitor] -     WARNING (SPECTRE-8528): The I8.I7.R12.R_0_21.cp device is removed because its terminals are connected together. Check the device in the netlist file to ensure that this warning can be ignored. {"history": "Interactive.192", "point": 1, "testname": "OP", "cornername": "Nominal"}
[2026-08-31 20:49:04.371 Z] [WARN] [cadence.virtuoso.ade.simulationMonitor] -     WARNING (SPECTRE-8528): The I8.I3.R1.R_0_74.cn device is removed because its terminals are connected together. Check the device in the netlist file to ensure that this warning can be ignored.
        Further occurrences of this warning will be suppressed. {"history": "Interactive.192", "point": 1, "testname": "OP", "cornername": "Nominal"}
[2026-08-31 20:49:04.371 Z] [WARN] [cadence.virtuoso.ade.simulationMonitor] -     WARNING (SPECTRE-8530): Dangling node. net9 is removed. {"history": "Interactive.192", "point": 1, "testname": "OP", "cornername": "Nominal"}
[2026-08-31 20:49:04.371 Z] [INFO] [cadence.virtuoso.ade.simulationMonitor] - Peak resident memory used = 194 Mbytes. {"history": "Interactive.192", "point": 1, "testname": "OP", "cornername": "Nominal"}
[2026-08-31 20:49:04.371 Z] [WARN] [cadence.virtuoso.ade.simulationMonitor] -     WARNING (CMI-2318): I8.I0.I10.Q1: Parasitic resistor `rc' has been deleted because its value of 473.498 uOhm ( R / MFactor ) was smaller than `minr'. {"history": "Interactive.192", "point": 1, "testname": "OP", "cornername": "Nominal"}
[2026-08-31 20:49:04.371 Z] [WARN] [cadence.virtuoso.ade.simulationMonitor] -     WARNING (CMI-2318): I8.I0.I10.Q1: Parasitic resistor `re' has been deleted because its value of 2.69521 mOhm ( R / MFactor ) was smaller than `minr'. {"history": "Interactive.192", "point": 1, "testname": "OP", "cornername": "Nominal"}
[2026-08-31 20:49:04.372 Z] [INFO] [cadence.virtuoso.ade.simulationMonitor] -               nodes 979 {"history": "Interactive.192", "point": 1, "testname": "OP", "cornername": "Nominal"}
[2026-08-31 20:49:04.372 Z] [INFO] [cadence.virtuoso.ade.simulationMonitor] - Notice from spectre during initial setup.
    Fast APS enabled.
    20 warnings suppressed. {"history": "Interactive.192", "point": 1, "testname": "OP", "cornername": "Nominal"}
[2026-08-31 20:49:04.372 Z] [INFO] [cadence.virtuoso.ade.simulationMonitor] - Notice from spectre.
    Multithreading enabled: 8 threads in the system with 16 available processors. {"history": "Interactive.192", "point": 1, "testname": "OP", "cornername": "Nominal"}
[2026-08-31 20:49:04.372 Z] [INFO] [cadence.virtuoso.ade.simulationMonitor] - Peak resident memory used = 205 Mbytes. {"history": "Interactive.192", "point": 1, "testname": "OP", "cornername": "Nominal"}
[2026-08-31 20:49:04.372 Z] [INFO] [cadence.virtuoso.ade.simulationMonitor] -    -   (Fast APS) Multi-threading. The recommended number of threads is 4, consider adding +mt=4 on command line. {"history": "Interactive.192", "point": 1, "testname": "OP", "cornername": "Nominal"}
[2026-08-31 20:49:04.372 Z] [INFO] [cadence.virtuoso.ade.simulationMonitor] - Total time required for dc analysis `dcOp': CPU = 546.074 ms, elapsed = 128.572 ms, util. = 425%. {"history": "Interactive.192", "point": 1, "testname": "OP", "cornername": "Nominal"}
[2026-08-31 20:49:04.372 Z] [INFO] [cadence.virtuoso.ade.simulationMonitor] - Peak resident memory used = 214 Mbytes. {"history": "Interactive.192", "point": 1, "testname": "OP", "cornername": "Nominal"}
[2026-08-31 20:49:04.372 Z] [INFO] [cadence.virtuoso.ade.simulationMonitor] - Notice from spectre during Noise analysis `noise'.
    Operating points will not be recomputed: the circuit and conditions were not changed since previous analysis. {"history": "Interactive.192", "point": 1, "testname": "OP", "cornername": "Nominal"}
[2026-08-31 20:49:04.872 Z] [INFO] [cadence.virtuoso.ade.simulationMonitor] - Total time required for noise analysis `noise': CPU = 700.452 ms, elapsed = 552.619 ms, util. = 127%. {"history": "Interactive.192", "point": 1, "testname": "OP", "cornername": "Nominal"}
[2026-08-31 20:49:04.872 Z] [INFO] [cadence.virtuoso.ade.simulationMonitor] - Peak resident memory used = 220 Mbytes. {"history": "Interactive.192", "point": 1, "testname": "OP", "cornername": "Nominal"}
[2026-08-31 20:49:05.373 Z] [INFO] [cadence.virtuoso.ade.simulationMonitor] - Time used: CPU = 1.66 s, elapsed = 1.37 s, util. = 121%. {"history": "Interactive.192", "point": 1, "testname": "OP", "cornername": "Nominal"}
[2026-08-31 20:49:05.373 Z] [INFO] [cadence.virtuoso.ade.simulationMonitor] - Time spent in licensing: elapsed = 33.8 ms. {"history": "Interactive.192", "point": 1, "testname": "OP", "cornername": "Nominal"}
[2026-08-31 20:49:05.373 Z] [INFO] [cadence.virtuoso.ade.simulationMonitor] - Peak memory used = 219 Mbytes. {"history": "Interactive.192", "point": 1, "testname": "OP", "cornername": "Nominal"}
[2026-08-31 20:49:05.374 Z] [PROCESS] [cadence.virtuoso.ade.simulationMonitor] - Simulation started at: 8:49:03 PM, Mon Aug 31, 2026, ended at: 8:49:04 PM, Mon Aug 31, 2026, with elapsed time (wall clock): 1.37 s. {"history": "Interactive.192", "point": 1, "testname": "OP", "cornername": "Nominal"}
[2026-08-31 20:49:05.374 Z] [PROCESS] [cadence.virtuoso.ade.simulationMonitor] - spectre completes with 0 errors, 16 warnings, and 6 notices. {"history": "Interactive.192", "point": 1, "testname": "OP", "cornername": "Nominal"}
[2026-08-31 20:49:05.374 Z] [PROCESS] [cadence.virtuoso.ade.simulationMonitor] - Finished simulating for one point {"hostname": "edatools", "processid": 54590, "history": "Interactive.192", "testname": "OP", "cornername": "Nominal", "point": 1, "logfile": "/home/saul/projects/LF_BG/logs_saul/logs5/Job3.log", "simid": "2"}
[2026-08-31 20:49:05.374 Z] [PROCESS] [cadence.virtuoso.ade.simulationMonitor] - Simulator exited {"hostname": "edatools", "processid": 54590, "history": "Interactive.192", "testname": "OP", "cornername": "Nominal", "point": 1, "logfile": "/home/saul/projects/LF_BG/logs_saul/logs5/Job3.log", "exitStatus": "0"}
[2026-08-31 20:49:05.374 Z] [PROCESS] [cadence.virtuoso.ade.simulationMonitor] - Finished Simulation {"hostname": "edatools", "processid": 54590, "history": "Interactive.192", "testname": "OP", "cornername": "Nominal", "point": 1, "logfile": "/home/saul/projects/LF_BG/logs_saul/logs5/Job3.log", "simid": "2"}
[2026-08-31 20:49:06.381 Z] [PROCESS] [cadence.virtuoso.ade.simulationMonitor] - Point Finished {"hostname": "edatools", "processid": 54590, "history": "Interactive.192", "testname": "OP", "cornername": "Nominal", "point": 1, "logfile": "/home/saul/projects/LF_BG/logs_saul/logs5/Job3.log"}
[2026-08-31 20:49:09.290 Z] [PROCESS] [cadence.virtuoso.ade.simulationMonitor] - Started History {"hostname": "edatools", "processid": 54590, "history": "Interactive.193", "testname": "OP", "cornername": "Nominal", "point": 1, "logfile": "/home/saul/projects/LF_BG/logs_saul/logs5/Job3.log"}
[2026-08-31 20:49:09.291 Z] [PROCESS] [cadence.virtuoso.ade.simulationMonitor] - HostInfo:
Host name (type):	edatools (x86_64)
Operating system:	Linux 7.0.0-30-generic #30~24.04.1-Ubuntu SMP PREEMPT_DYNAMIC Fri Aug  7 13:27:52 UTC 2 {"hostname": "edatools", "processid": 54590, "history": "Interactive.193", "testname": "OP", "cornername": "Nominal", "point": 1, "logfile": "/home/saul/projects/LF_BG/logs_saul/logs5/Job3.log", "nodename": "edatools", "domainname": "(none)", "machine": "x86_64", "sysname": "Linux", "release": "7.0.0-30-generic", "version": "#30~24.04.1-Ubuntu SMP PREEMPT_DYNAMIC Fri Aug  7 13:27:52 UTC 2"}
[2026-08-31 20:49:09.291 Z] [PROCESS] [cadence.virtuoso.ade.simulationMonitor] - UsageInfo:
pid=54590
totalPhysicalMemory=62.541851GB,Used=19.843895GB,totalVirtualMemory=70.541847GB,Used=19.843895GB
Cpu: Cores=16, Load average:0.540000,0.350000,0.200000 {"hostname": "edatools", "processid": 54590, "history": "Interactive.193", "testname": "OP", "cornername": "Nominal", "point": 1, "logfile": "/home/saul/projects/LF_BG/logs_saul/logs5/Job3.log", "pid": "54590", "totalPhysicalMemory": "62.541851", "physicalMemoryUsed": "19.843895", "totalVirtualMemory": "70.541847", "virtualMemoryUsed": "19.843895", "cpuCores": "16", "processes": "1564", "loadAverage1": "0.540000", "loadAverage5": "0.350000", "loadAverage15": "0.200000", "loadAverage1Percent": "0.033750"}
[2026-08-31 20:49:09.292 Z] [EVENT] [cadence.virtuoso.ade.simulationMonitor] - NewPoint {"history": "Interactive.193", "point": 1, "testname": "OP", "cornername": "Nominal", "event": "NewPoint", "EventSource": "Simulation Monitor", "HistoryName": "Interactive.193", "logFile": "/home/saul/projects/LF_BG/logs_saul/logs5/Job3.log", "logFileSize": "28936"}
[2026-08-31 20:49:09.395 Z] [EVENT] [cadence.virtuoso.ade.simulationMonitor] - NewPoint {"history": "Interactive.193", "point": 1, "testname": "OP", "cornername": "Nominal", "event": "NewPoint", "EventSource": "spectre", "HistoryName": "Interactive.193", "logFile": "/home/saul/simulation/REF_GEN/REF_GEN_f_TB/maestro/results/maestro/Interactive.193/1/OP/psf/spectre.out", "logFileSize": "-1"}
[2026-08-31 20:49:09.408 Z] [PROCESS] [cadence.virtuoso.ade.simulationMonitor] - Simulator launched {"hostname": "edatools", "processid": 54590, "history": "Interactive.193", "testname": "OP", "cornername": "Nominal", "point": 1, "logfile": "/home/saul/projects/LF_BG/logs_saul/logs5/Job3.log", "simid": "3"}
[2026-08-31 20:49:09.410 Z] [PROCESS] [cadence.virtuoso.ade.simulationMonitor] - Expression evaluator launched {"hostname": "edatools", "processid": 54590, "history": "Interactive.193", "testname": "OP", "cornername": "Nominal", "point": 1, "logfile": "/home/saul/projects/LF_BG/logs_saul/logs5/Job3.log"}
[2026-08-31 20:49:09.447 Z] [PROCESS] [cadence.virtuoso.ade.simulationMonitor] - Started Simulation {"hostname": "edatools", "processid": 54590, "history": "Interactive.193", "testname": "OP", "cornername": "Nominal", "point": 1, "logfile": "/home/saul/projects/LF_BG/logs_saul/logs5/Job3.log", "event": "started", "task": "simulation"}
[2026-08-31 20:49:09.947 Z] [INFO] [cadence.virtuoso.ade.simulationMonitor] - Peak resident memory used = 169 Mbytes. {"history": "Interactive.193", "point": 1, "testname": "OP", "cornername": "Nominal"}
[2026-08-31 20:49:09.947 Z] [WARN] [cadence.virtuoso.ade.simulationMonitor] -     WARNING (SFE-2649): Terminals of top-level instance `Q3', in file`input.scs', at line 358, are connected. Remove the instance and rerun the simulation. {"history": "Interactive.193", "point": 1, "testname": "OP", "cornername": "Nominal"}
[2026-08-31 20:49:09.947 Z] [WARN] [cadence.virtuoso.ade.simulationMonitor] -     WARNING (SFE-2649): Terminals of top-level instance `Q2', in file`input.scs', at line 359, are connected. Remove the instance and rerun the simulation. {"history": "Interactive.193", "point": 1, "testname": "OP", "cornername": "Nominal"}
[2026-08-31 20:49:09.948 Z] [WARN] [cadence.virtuoso.ade.simulationMonitor] -     WARNING (SFE-2649): Terminals of top-level instance `M14', in file`input.scs', at line 1728, are connected. Remove the instance and rerun the simulation. {"history": "Interactive.193", "point": 1, "testname": "OP", "cornername": "Nominal"}
[2026-08-31 20:49:09.948 Z] [WARN] [cadence.virtuoso.ade.simulationMonitor] -     WARNING (SFE-2649): Terminals of top-level instance `M15', in file`input.scs', at line 1768, are connected. Remove the instance and rerun the simulation. {"history": "Interactive.193", "point": 1, "testname": "OP", "cornername": "Nominal"}
[2026-08-31 20:49:09.948 Z] [WARN] [cadence.virtuoso.ade.simulationMonitor] -     WARNING (SFE-2649): Terminals of top-level instance `M93', in file`input.scs', at line 1210, are connected. Remove the instance and rerun the simulation.
        Further occurrences of this warning will be suppressed. {"history": "Interactive.193", "point": 1, "testname": "OP", "cornername": "Nominal"}
[2026-08-31 20:49:10.449 Z] [INFO] [cadence.virtuoso.ade.simulationMonitor] - Peak resident memory used = 186 Mbytes. {"history": "Interactive.193", "point": 1, "testname": "OP", "cornername": "Nominal"}
[2026-08-31 20:49:10.449 Z] [INFO] [cadence.virtuoso.ade.simulationMonitor] - Notice from spectre during hierarchy flattening.
    The value 'psf' specified for the 'checklimitdest' option will no longer be supported in future releases. Use 'spectre -h' to see other recommended values for the 'checklimitdest' option. {"history": "Interactive.193", "point": 1, "testname": "OP", "cornername": "Nominal"}
[2026-08-31 20:49:10.450 Z] [WARN] [cadence.virtuoso.ade.simulationMonitor] -     WARNING (SPECTRE-16718): inlinesubcktcurrent option is set as `subckt', all the inline subckts will be treated as normal subckts when you access the current of their terminals. {"history": "Interactive.193", "point": 1, "testname": "OP", "cornername": "Nominal"}
[2026-08-31 20:49:10.450 Z] [WARN] [cadence.virtuoso.ade.simulationMonitor] -     WARNING (SPECTRE-8527): There are some nodes and instances removed from the netlist topology check. Check the circuit and correct the topology. Or use preserve_inst to keep them if necessary. {"history": "Interactive.193", "point": 1, "testname": "OP", "cornername": "Nominal"}
[2026-08-31 20:49:10.450 Z] [WARN] [cadence.virtuoso.ade.simulationMonitor] -     WARNING (SPECTRE-8529): Dangling instance. V9 is removed. {"history": "Interactive.193", "point": 1, "testname": "OP", "cornername": "Nominal"}
[2026-08-31 20:49:10.450 Z] [WARN] [cadence.virtuoso.ade.simulationMonitor] -     WARNING (SPECTRE-8528): The I8.I0.I8.R11.R_0_0.cn device is removed because its terminals are connected together. Check the device in the netlist file to ensure that this warning can be ignored. {"history": "Interactive.193", "point": 1, "testname": "OP", "cornername": "Nominal"}
[2026-08-31 20:49:10.450 Z] [WARN] [cadence.virtuoso.ade.simulationMonitor] -     WARNING (SPECTRE-8528): The I8.I0.I5.R11.R_0_0.cn device is removed because its terminals are connected together. Check the device in the netlist file to ensure that this warning can be ignored. {"history": "Interactive.193", "point": 1, "testname": "OP", "cornername": "Nominal"}
[2026-08-31 20:49:10.451 Z] [WARN] [cadence.virtuoso.ade.simulationMonitor] -     WARNING (SPECTRE-8528): The I8.I0.I4.R9.R_0_4_turbo_m5.cn device is removed because its terminals are connected together. Check the device in the netlist file to ensure that this warning can be ignored. {"history": "Interactive.193", "point": 1, "testname": "OP", "cornername": "Nominal"}
[2026-08-31 20:49:10.451 Z] [WARN] [cadence.virtuoso.ade.simulationMonitor] -     WARNING (SPECTRE-8528): The I8.I7.R12.R_0_21.cp device is removed because its terminals are connected together. Check the device in the netlist file to ensure that this warning can be ignored. {"history": "Interactive.193", "point": 1, "testname": "OP", "cornername": "Nominal"}
[2026-08-31 20:49:10.451 Z] [WARN] [cadence.virtuoso.ade.simulationMonitor] -     WARNING (SPECTRE-8528): The I8.I3.R1.R_0_74.cn device is removed because its terminals are connected together. Check the device in the netlist file to ensure that this warning can be ignored.
        Further occurrences of this warning will be suppressed. {"history": "Interactive.193", "point": 1, "testname": "OP", "cornername": "Nominal"}
[2026-08-31 20:49:10.451 Z] [WARN] [cadence.virtuoso.ade.simulationMonitor] -     WARNING (SPECTRE-8530): Dangling node. net9 is removed. {"history": "Interactive.193", "point": 1, "testname": "OP", "cornername": "Nominal"}
[2026-08-31 20:49:10.451 Z] [INFO] [cadence.virtuoso.ade.simulationMonitor] - Peak resident memory used = 194 Mbytes. {"history": "Interactive.193", "point": 1, "testname": "OP", "cornername": "Nominal"}
[2026-08-31 20:49:10.452 Z] [WARN] [cadence.virtuoso.ade.simulationMonitor] -     WARNING (CMI-2318): I8.I0.I10.Q1: Parasitic resistor `rc' has been deleted because its value of 473.498 uOhm ( R / MFactor ) was smaller than `minr'. {"history": "Interactive.193", "point": 1, "testname": "OP", "cornername": "Nominal"}
[2026-08-31 20:49:10.452 Z] [WARN] [cadence.virtuoso.ade.simulationMonitor] -     WARNING (CMI-2318): I8.I0.I10.Q1: Parasitic resistor `re' has been deleted because its value of 2.69521 mOhm ( R / MFactor ) was smaller than `minr'. {"history": "Interactive.193", "point": 1, "testname": "OP", "cornername": "Nominal"}
[2026-08-31 20:49:10.452 Z] [INFO] [cadence.virtuoso.ade.simulationMonitor] -               nodes 979 {"history": "Interactive.193", "point": 1, "testname": "OP", "cornername": "Nominal"}
[2026-08-31 20:49:10.452 Z] [INFO] [cadence.virtuoso.ade.simulationMonitor] - Notice from spectre during initial setup.
    Fast APS enabled.
    20 warnings suppressed. {"history": "Interactive.193", "point": 1, "testname": "OP", "cornername": "Nominal"}
[2026-08-31 20:49:10.452 Z] [INFO] [cadence.virtuoso.ade.simulationMonitor] - Notice from spectre.
    Multithreading enabled: 8 threads in the system with 16 available processors. {"history": "Interactive.193", "point": 1, "testname": "OP", "cornername": "Nominal"}
[2026-08-31 20:49:10.453 Z] [INFO] [cadence.virtuoso.ade.simulationMonitor] - Peak resident memory used = 205 Mbytes. {"history": "Interactive.193", "point": 1, "testname": "OP", "cornername": "Nominal"}
[2026-08-31 20:49:10.453 Z] [INFO] [cadence.virtuoso.ade.simulationMonitor] -    -   (Fast APS) Multi-threading. The recommended number of threads is 4, consider adding +mt=4 on command line. {"history": "Interactive.193", "point": 1, "testname": "OP", "cornername": "Nominal"}
[2026-08-31 20:49:10.453 Z] [INFO] [cadence.virtuoso.ade.simulationMonitor] - Total time required for dc analysis `dcOp': CPU = 569.782 ms, elapsed = 135.874 ms, util. = 419%. {"history": "Interactive.193", "point": 1, "testname": "OP", "cornername": "Nominal"}
[2026-08-31 20:49:10.453 Z] [INFO] [cadence.virtuoso.ade.simulationMonitor] - Peak resident memory used = 214 Mbytes. {"history": "Interactive.193", "point": 1, "testname": "OP", "cornername": "Nominal"}
[2026-08-31 20:49:10.453 Z] [INFO] [cadence.virtuoso.ade.simulationMonitor] - Time used: CPU = 1.01 s, elapsed = 777 ms, util. = 130%. {"history": "Interactive.193", "point": 1, "testname": "OP", "cornername": "Nominal"}
[2026-08-31 20:49:10.453 Z] [INFO] [cadence.virtuoso.ade.simulationMonitor] - Time spent in licensing: elapsed = 30 ms. {"history": "Interactive.193", "point": 1, "testname": "OP", "cornername": "Nominal"}
[2026-08-31 20:49:10.453 Z] [INFO] [cadence.virtuoso.ade.simulationMonitor] - Peak memory used = 216 Mbytes. {"history": "Interactive.193", "point": 1, "testname": "OP", "cornername": "Nominal"}
[2026-08-31 20:49:10.454 Z] [PROCESS] [cadence.virtuoso.ade.simulationMonitor] - Simulation started at: 8:49:09 PM, Mon Aug 31, 2026, ended at: 8:49:10 PM, Mon Aug 31, 2026, with elapsed time (wall clock): 777 ms. {"history": "Interactive.193", "point": 1, "testname": "OP", "cornername": "Nominal"}
[2026-08-31 20:49:10.454 Z] [PROCESS] [cadence.virtuoso.ade.simulationMonitor] - spectre completes with 0 errors, 16 warnings, and 5 notices. {"history": "Interactive.193", "point": 1, "testname": "OP", "cornername": "Nominal"}
[2026-08-31 20:49:10.454 Z] [PROCESS] [cadence.virtuoso.ade.simulationMonitor] - Finished simulating for one point {"hostname": "edatools", "processid": 54590, "history": "Interactive.193", "testname": "OP", "cornername": "Nominal", "point": 1, "logfile": "/home/saul/projects/LF_BG/logs_saul/logs5/Job3.log", "simid": "3"}
[2026-08-31 20:49:10.454 Z] [PROCESS] [cadence.virtuoso.ade.simulationMonitor] - Simulator exited {"hostname": "edatools", "processid": 54590, "history": "Interactive.193", "testname": "OP", "cornername": "Nominal", "point": 1, "logfile": "/home/saul/projects/LF_BG/logs_saul/logs5/Job3.log", "exitStatus": "0"}
[2026-08-31 20:49:10.454 Z] [PROCESS] [cadence.virtuoso.ade.simulationMonitor] - Finished Simulation {"hostname": "edatools", "processid": 54590, "history": "Interactive.193", "testname": "OP", "cornername": "Nominal", "point": 1, "logfile": "/home/saul/projects/LF_BG/logs_saul/logs5/Job3.log", "simid": "3"}
[2026-08-31 20:49:12.461 Z] [PROCESS] [cadence.virtuoso.ade.simulationMonitor] - Point Finished {"hostname": "edatools", "processid": 54590, "history": "Interactive.193", "testname": "OP", "cornername": "Nominal", "point": 1, "logfile": "/home/saul/projects/LF_BG/logs_saul/logs5/Job3.log"}
[2026-08-31 20:49:38.763 Z] [PROCESS] [cadence.virtuoso.ade.simulationMonitor] - Started History {"hostname": "edatools", "processid": 54590, "history": "Interactive.194", "testname": "OP", "cornername": "Nominal", "point": 1, "logfile": "/home/saul/projects/LF_BG/logs_saul/logs5/Job3.log"}
[2026-08-31 20:49:38.763 Z] [PROCESS] [cadence.virtuoso.ade.simulationMonitor] - HostInfo:
Host name (type):	edatools (x86_64)
Operating system:	Linux 7.0.0-30-generic #30~24.04.1-Ubuntu SMP PREEMPT_DYNAMIC Fri Aug  7 13:27:52 UTC 2 {"hostname": "edatools", "processid": 54590, "history": "Interactive.194", "testname": "OP", "cornername": "Nominal", "point": 1, "logfile": "/home/saul/projects/LF_BG/logs_saul/logs5/Job3.log", "nodename": "edatools", "domainname": "(none)", "machine": "x86_64", "sysname": "Linux", "release": "7.0.0-30-generic", "version": "#30~24.04.1-Ubuntu SMP PREEMPT_DYNAMIC Fri Aug  7 13:27:52 UTC 2"}
[2026-08-31 20:49:38.764 Z] [PROCESS] [cadence.virtuoso.ade.simulationMonitor] - UsageInfo:
pid=54590
totalPhysicalMemory=62.541851GB,Used=19.822357GB,totalVirtualMemory=70.541847GB,Used=19.822357GB
Cpu: Cores=16, Load average:0.500000,0.370000,0.200000 {"hostname": "edatools", "processid": 54590, "history": "Interactive.194", "testname": "OP", "cornername": "Nominal", "point": 1, "logfile": "/home/saul/projects/LF_BG/logs_saul/logs5/Job3.log", "pid": "54590", "totalPhysicalMemory": "62.541851", "physicalMemoryUsed": "19.822357", "totalVirtualMemory": "70.541847", "virtualMemoryUsed": "19.822357", "cpuCores": "16", "processes": "1564", "loadAverage1": "0.500000", "loadAverage5": "0.370000", "loadAverage15": "0.200000", "loadAverage1Percent": "0.031250"}
[2026-08-31 20:49:38.765 Z] [EVENT] [cadence.virtuoso.ade.simulationMonitor] - NewPoint {"history": "Interactive.194", "point": 1, "testname": "OP", "cornername": "Nominal", "event": "NewPoint", "EventSource": "Simulation Monitor", "HistoryName": "Interactive.194", "logFile": "/home/saul/projects/LF_BG/logs_saul/logs5/Job3.log", "logFileSize": "42726"}
[2026-08-31 20:49:38.867 Z] [EVENT] [cadence.virtuoso.ade.simulationMonitor] - NewPoint {"history": "Interactive.194", "point": 1, "testname": "OP", "cornername": "Nominal", "event": "NewPoint", "EventSource": "spectre", "HistoryName": "Interactive.194", "logFile": "/home/saul/simulation/REF_GEN/REF_GEN_f_TB/maestro/results/maestro/Interactive.194/1/OP/psf/spectre.out", "logFileSize": "-1"}
[2026-08-31 20:49:38.883 Z] [PROCESS] [cadence.virtuoso.ade.simulationMonitor] - Simulator launched {"hostname": "edatools", "processid": 54590, "history": "Interactive.194", "testname": "OP", "cornername": "Nominal", "point": 1, "logfile": "/home/saul/projects/LF_BG/logs_saul/logs5/Job3.log", "simid": "4"}
[2026-08-31 20:49:38.886 Z] [PROCESS] [cadence.virtuoso.ade.simulationMonitor] - Expression evaluator launched {"hostname": "edatools", "processid": 54590, "history": "Interactive.194", "testname": "OP", "cornername": "Nominal", "point": 1, "logfile": "/home/saul/projects/LF_BG/logs_saul/logs5/Job3.log"}
[2026-08-31 20:49:38.923 Z] [PROCESS] [cadence.virtuoso.ade.simulationMonitor] - Started Simulation {"hostname": "edatools", "processid": 54590, "history": "Interactive.194", "testname": "OP", "cornername": "Nominal", "point": 1, "logfile": "/home/saul/projects/LF_BG/logs_saul/logs5/Job3.log", "event": "started", "task": "simulation"}
[2026-08-31 20:49:39.924 Z] [INFO] [cadence.virtuoso.ade.simulationMonitor] - Peak resident memory used = 169 Mbytes. {"history": "Interactive.194", "point": 1, "testname": "OP", "cornername": "Nominal"}
[2026-08-31 20:49:39.924 Z] [WARN] [cadence.virtuoso.ade.simulationMonitor] -     WARNING (SFE-2649): Terminals of top-level instance `Q3', in file`input.scs', at line 358, are connected. Remove the instance and rerun the simulation. {"history": "Interactive.194", "point": 1, "testname": "OP", "cornername": "Nominal"}
[2026-08-31 20:49:39.924 Z] [WARN] [cadence.virtuoso.ade.simulationMonitor] -     WARNING (SFE-2649): Terminals of top-level instance `Q2', in file`input.scs', at line 359, are connected. Remove the instance and rerun the simulation. {"history": "Interactive.194", "point": 1, "testname": "OP", "cornername": "Nominal"}
[2026-08-31 20:49:39.924 Z] [WARN] [cadence.virtuoso.ade.simulationMonitor] -     WARNING (SFE-2649): Terminals of top-level instance `M14', in file`input.scs', at line 1728, are connected. Remove the instance and rerun the simulation. {"history": "Interactive.194", "point": 1, "testname": "OP", "cornername": "Nominal"}
[2026-08-31 20:49:39.924 Z] [WARN] [cadence.virtuoso.ade.simulationMonitor] -     WARNING (SFE-2649): Terminals of top-level instance `M15', in file`input.scs', at line 1768, are connected. Remove the instance and rerun the simulation. {"history": "Interactive.194", "point": 1, "testname": "OP", "cornername": "Nominal"}
[2026-08-31 20:49:39.925 Z] [WARN] [cadence.virtuoso.ade.simulationMonitor] -     WARNING (SFE-2649): Terminals of top-level instance `M93', in file`input.scs', at line 1210, are connected. Remove the instance and rerun the simulation.
        Further occurrences of this warning will be suppressed. {"history": "Interactive.194", "point": 1, "testname": "OP", "cornername": "Nominal"}
[2026-08-31 20:49:39.925 Z] [INFO] [cadence.virtuoso.ade.simulationMonitor] - Peak resident memory used = 186 Mbytes. {"history": "Interactive.194", "point": 1, "testname": "OP", "cornername": "Nominal"}
[2026-08-31 20:49:39.925 Z] [INFO] [cadence.virtuoso.ade.simulationMonitor] - Notice from spectre during hierarchy flattening.
    The value 'psf' specified for the 'checklimitdest' option will no longer be supported in future releases. Use 'spectre -h' to see other recommended values for the 'checklimitdest' option. {"history": "Interactive.194", "point": 1, "testname": "OP", "cornername": "Nominal"}
[2026-08-31 20:49:39.925 Z] [WARN] [cadence.virtuoso.ade.simulationMonitor] -     WARNING (SPECTRE-16718): inlinesubcktcurrent option is set as `subckt', all the inline subckts will be treated as normal subckts when you access the current of their terminals. {"history": "Interactive.194", "point": 1, "testname": "OP", "cornername": "Nominal"}
[2026-08-31 20:49:39.925 Z] [WARN] [cadence.virtuoso.ade.simulationMonitor] -     WARNING (SPECTRE-8527): There are some nodes and instances removed from the netlist topology check. Check the circuit and correct the topology. Or use preserve_inst to keep them if necessary. {"history": "Interactive.194", "point": 1, "testname": "OP", "cornername": "Nominal"}
[2026-08-31 20:49:39.925 Z] [WARN] [cadence.virtuoso.ade.simulationMonitor] -     WARNING (SPECTRE-8529): Dangling instance. V9 is removed. {"history": "Interactive.194", "point": 1, "testname": "OP", "cornername": "Nominal"}
[2026-08-31 20:49:39.925 Z] [WARN] [cadence.virtuoso.ade.simulationMonitor] -     WARNING (SPECTRE-8528): The I8.I0.I8.R11.R_0_0.cn device is removed because its terminals are connected together. Check the device in the netlist file to ensure that this warning can be ignored. {"history": "Interactive.194", "point": 1, "testname": "OP", "cornername": "Nominal"}
[2026-08-31 20:49:39.925 Z] [WARN] [cadence.virtuoso.ade.simulationMonitor] -     WARNING (SPECTRE-8528): The I8.I0.I5.R11.R_0_0.cn device is removed because its terminals are connected together. Check the device in the netlist file to ensure that this warning can be ignored. {"history": "Interactive.194", "point": 1, "testname": "OP", "cornername": "Nominal"}
[2026-08-31 20:49:39.925 Z] [WARN] [cadence.virtuoso.ade.simulationMonitor] -     WARNING (SPECTRE-8528): The I8.I0.I4.R9.R_0_4_turbo_m5.cn device is removed because its terminals are connected together. Check the device in the netlist file to ensure that this warning can be ignored. {"history": "Interactive.194", "point": 1, "testname": "OP", "cornername": "Nominal"}
[2026-08-31 20:49:39.925 Z] [WARN] [cadence.virtuoso.ade.simulationMonitor] -     WARNING (SPECTRE-8528): The I8.I7.R12.R_0_21.cp device is removed because its terminals are connected together. Check the device in the netlist file to ensure that this warning can be ignored. {"history": "Interactive.194", "point": 1, "testname": "OP", "cornername": "Nominal"}
[2026-08-31 20:49:39.925 Z] [WARN] [cadence.virtuoso.ade.simulationMonitor] -     WARNING (SPECTRE-8528): The I8.I3.R1.R_0_74.cn device is removed because its terminals are connected together. Check the device in the netlist file to ensure that this warning can be ignored.
        Further occurrences of this warning will be suppressed. {"history": "Interactive.194", "point": 1, "testname": "OP", "cornername": "Nominal"}
[2026-08-31 20:49:39.925 Z] [WARN] [cadence.virtuoso.ade.simulationMonitor] -     WARNING (SPECTRE-8530): Dangling node. net9 is removed. {"history": "Interactive.194", "point": 1, "testname": "OP", "cornername": "Nominal"}
[2026-08-31 20:49:39.925 Z] [INFO] [cadence.virtuoso.ade.simulationMonitor] - Peak resident memory used = 194 Mbytes. {"history": "Interactive.194", "point": 1, "testname": "OP", "cornername": "Nominal"}
[2026-08-31 20:49:39.925 Z] [WARN] [cadence.virtuoso.ade.simulationMonitor] -     WARNING (CMI-2318): I8.I0.I10.Q1: Parasitic resistor `rc' has been deleted because its value of 473.498 uOhm ( R / MFactor ) was smaller than `minr'. {"history": "Interactive.194", "point": 1, "testname": "OP", "cornername": "Nominal"}
[2026-08-31 20:49:39.925 Z] [WARN] [cadence.virtuoso.ade.simulationMonitor] -     WARNING (CMI-2318): I8.I0.I10.Q1: Parasitic resistor `re' has been deleted because its value of 2.69521 mOhm ( R / MFactor ) was smaller than `minr'. {"history": "Interactive.194", "point": 1, "testname": "OP", "cornername": "Nominal"}
[2026-08-31 20:49:39.925 Z] [INFO] [cadence.virtuoso.ade.simulationMonitor] -               nodes 979 {"history": "Interactive.194", "point": 1, "testname": "OP", "cornername": "Nominal"}
[2026-08-31 20:49:39.925 Z] [INFO] [cadence.virtuoso.ade.simulationMonitor] - Notice from spectre during initial setup.
    Fast APS enabled.
    20 warnings suppressed. {"history": "Interactive.194", "point": 1, "testname": "OP", "cornername": "Nominal"}
[2026-08-31 20:49:39.925 Z] [INFO] [cadence.virtuoso.ade.simulationMonitor] - Notice from spectre.
    Multithreading enabled: 8 threads in the system with 16 available processors. {"history": "Interactive.194", "point": 1, "testname": "OP", "cornername": "Nominal"}
[2026-08-31 20:49:39.926 Z] [INFO] [cadence.virtuoso.ade.simulationMonitor] - Peak resident memory used = 204 Mbytes. {"history": "Interactive.194", "point": 1, "testname": "OP", "cornername": "Nominal"}
[2026-08-31 20:49:39.926 Z] [INFO] [cadence.virtuoso.ade.simulationMonitor] -    -   (Fast APS) Multi-threading. The recommended number of threads is 4, consider adding +mt=4 on command line. {"history": "Interactive.194", "point": 1, "testname": "OP", "cornername": "Nominal"}
[2026-08-31 20:49:39.926 Z] [INFO] [cadence.virtuoso.ade.simulationMonitor] - Notice from spectre during DC analysis `dcOp'.
    Bad pivoting is found during DC analysis. Option dc_pivot_check=yes is recommended for possible improvement of convergence. {"history": "Interactive.194", "point": 1, "testname": "OP", "cornername": "Nominal"}
[2026-08-31 20:49:39.926 Z] [INFO] [cadence.virtuoso.ade.simulationMonitor] - Total time required for dc analysis `dcOp': CPU = 571.621 ms, elapsed = 134.213 ms, util. = 426%. {"history": "Interactive.194", "point": 1, "testname": "OP", "cornername": "Nominal"}
[2026-08-31 20:49:39.926 Z] [INFO] [cadence.virtuoso.ade.simulationMonitor] - Peak resident memory used = 214 Mbytes. {"history": "Interactive.194", "point": 1, "testname": "OP", "cornername": "Nominal"}
[2026-08-31 20:49:40.426 Z] [INFO] [cadence.virtuoso.ade.simulationMonitor] - Time used: CPU = 1.01 s, elapsed = 910 ms, util. = 111%. {"history": "Interactive.194", "point": 1, "testname": "OP", "cornername": "Nominal"}
[2026-08-31 20:49:40.426 Z] [INFO] [cadence.virtuoso.ade.simulationMonitor] - Time spent in licensing: elapsed = 264 ms, percentage of total = 29%. {"history": "Interactive.194", "point": 1, "testname": "OP", "cornername": "Nominal"}
[2026-08-31 20:49:40.426 Z] [INFO] [cadence.virtuoso.ade.simulationMonitor] - Peak memory used = 216 Mbytes. {"history": "Interactive.194", "point": 1, "testname": "OP", "cornername": "Nominal"}
[2026-08-31 20:49:40.427 Z] [PROCESS] [cadence.virtuoso.ade.simulationMonitor] - Simulation started at: 8:49:39 PM, Mon Aug 31, 2026, ended at: 8:49:39 PM, Mon Aug 31, 2026, with elapsed time (wall clock): 910 ms. {"history": "Interactive.194", "point": 1, "testname": "OP", "cornername": "Nominal"}
[2026-08-31 20:49:40.427 Z] [PROCESS] [cadence.virtuoso.ade.simulationMonitor] - spectre completes with 0 errors, 16 warnings, and 6 notices. {"history": "Interactive.194", "point": 1, "testname": "OP", "cornername": "Nominal"}
[2026-08-31 20:49:40.427 Z] [PROCESS] [cadence.virtuoso.ade.simulationMonitor] - Finished simulating for one point {"hostname": "edatools", "processid": 54590, "history": "Interactive.194", "testname": "OP", "cornername": "Nominal", "point": 1, "logfile": "/home/saul/projects/LF_BG/logs_saul/logs5/Job3.log", "simid": "4"}
[2026-08-31 20:49:40.427 Z] [PROCESS] [cadence.virtuoso.ade.simulationMonitor] - Simulator exited {"hostname": "edatools", "processid": 54590, "history": "Interactive.194", "testname": "OP", "cornername": "Nominal", "point": 1, "logfile": "/home/saul/projects/LF_BG/logs_saul/logs5/Job3.log", "exitStatus": "0"}
[2026-08-31 20:49:40.427 Z] [PROCESS] [cadence.virtuoso.ade.simulationMonitor] - Finished Simulation {"hostname": "edatools", "processid": 54590, "history": "Interactive.194", "testname": "OP", "cornername": "Nominal", "point": 1, "logfile": "/home/saul/projects/LF_BG/logs_saul/logs5/Job3.log", "simid": "4"}
[2026-08-31 20:49:41.934 Z] [PROCESS] [cadence.virtuoso.ade.simulationMonitor] - Point Finished {"hostname": "edatools", "processid": 54590, "history": "Interactive.194", "testname": "OP", "cornername": "Nominal", "point": 1, "logfile": "/home/saul/projects/LF_BG/logs_saul/logs5/Job3.log"}
[2026-08-31 20:54:42.558 Z] [PROCESS] [cadence.virtuoso.ade.simulationMonitor] - Current memory used: 52.9102 MBytes, peak memory used: 52.9102 MBytes {"hostname": "edatools", "processid": 54590, "history": "Interactive.194", "testname": "OP", "cornername": "Nominal", "point": 1, "logfile": "/home/saul/projects/LF_BG/logs_saul/logs5/Job3.log"}
[2026-08-31 20:54:42.559 Z] [PROCESS] [cadence.virtuoso.ade.simulationMonitor] - Simulation Monitor process exit. {"hostname": "edatools", "processid": 54590, "history": "Interactive.194", "testname": "OP", "cornername": "Nominal", "point": 1, "logfile": "/home/saul/projects/LF_BG/logs_saul/logs5/Job3.log"}
