\# Program start time:     UTC 2026.08.05 06:34:30.411
\# Local time: UTC (UTC+00:00) 2026.08.05 06:34:30.411
\o Program:		@(#)$CDS: virtuoso version 6.1.8-64b 09/03/2024 19:11 (sjfhw316) $
\o Hierarchy:		/opt/tools/cadence/installs/IC618/tools.lnx86/dfII/
\o Sub version:		sub-version  IC6.1.8-64b.500.36  (64-bit addresses)
\# Command line:	/opt/tools/cadence/installs/IC618/tools.lnx86/dfII/bin/64bit/virtuoso -noautostart -mpssession virtuosoEjQH6mmxYJsSVC4fD9i9EL_80269 -mpshost 53391@edatools -davinciService DaVinciService_80466_1785911562 -log /home/saul/projects/LF_BG/logs_saul/logs5/Job4.log -licenseLockFileName /home/saul/projects/LF_BG/.tmp_saul/.edatools_80466 -interactiveA -interactiveE -interactiveRTT -nostdin -nographE -axlChildIdFlag 4
\# Host name (type):	edatools (x86_64)
\# Operating system:	Linux 7.0.0-28-generic #28~24.04.1-Ubuntu SMP PREEMPT_DYNAMIC Wed Jul  1 15:50:57 UTC 2
\# Linux /etc/issue:	\S
\# Linux /etc/issue:	Kernel \r on an \m
\# X display name (WxH):	:5590 (1024x868)
\# Available geometry:			TL(0:0) BR(1023:867)
\# X server:			The X.Org Foundation
\# Depth of Visual (Root):	24 (24)
\# Number of Planes Used:	24
\# X version:		11.0 (vendor release 12011000)
\# X resource pool:	base 0x400000, mask 0x1fffff (2097151), shift 0
\# 			current id 0x0, current max 0x1ffffa (2097146)
\# Max data seg size:	     unlimited
\# Max process size:	     unlimited
\# Initial sbrk value:	      1,424 MB
\# Available memory:	     54,915 MB
\# System memory:	     72,235 MB
\# Maximum memory size:	     70,931 MB
\# Max mem available:	     55,034 MB
\# Initial memory used:	        120 MB
\#        process size:	      1,680 MB
\# Thread usage limits (effective/default):	maxthreads 4294967295/4294967295 maxload 16.00/16.00
\# Qt version:		5.9.1
\# Window Manager:	other
\# User Name:		saul
\o Working Directory:	edatools:/home/saul/projects/LF_BG
\# Process Id:		82434
\# Container Id:	EjQH6mmxYJsSVC4fD9i9EL
\o 
\o COPYRIGHT (C) 1992-2024  CADENCE DESIGN SYSTEMS INC.  ALL RIGHTS RESERVED.
\o           (C) 1992-2024  UNIX SYSTEMS Laboratories INC.,
\o                          Reproduced with permission.
\o 
\o This Cadence Design Systems program and online documentation are
\o proprietary/confidential information and may be disclosed/used only
\o as authorized in a license agreement controlling such use and disclosure.
\o 
\o           RESTRICTED RIGHTS NOTICE (SHORT FORM)
\o Use/reproduction/disclosure is subject to restriction
\o set forth at FAR 1252.227-19 or its equivalent.
\o Loading geView.cxt 
\o Loading menuBuilder.cxt 
\o Loading schView.cxt 
\o Loading selectSv.cxt 
\o Loading pvsui.cxt
\o Loading wireEdit.cxt 
\o Loading pte2.cxt 
\o Loading xlUI.cxt 
\o Loading auCore.cxt 
\o Loading vhdl.cxt 
\o Loading seismic.cxt 
\o Loading ci.cxt 
\o Loading ams.cxt 
\o Loading oasis.cxt 
\o Loading analog.cxt 
\o Loading asimenv.cxt 
\o Loading dal.cxt 
\o Loading awv.cxt 
\o Loading socket.cxt 
\o Loading par.cxt 
\o Loading alvs.cxt 
\o Loading caa.cxt 
\o Loading amps.cxt 
\o Loading adexlCore.cxt 
\o Loading adexl.cxt 
\o *Info*    Exporting services from client ... 
\o 
\o Loading adexlDM.cxt 
\o Loading cpf.cxt 
\o Loading cli.cxt 
\o Loading lp.cxt 
\o INFO (ELI-00302) Connecting to parent process (session=virtuosoEjQH6mmxYJsSVC4fD9i9EL_80269, host=53391@edatools). Connection mode is ICRP. Total timeout is 180 seconds. Connection timeout is 90 seconds.
\o INFO (ELI-00303) Step 1: Connecting to parent. Time spent is 0 seconds.
\o INFO (ELI-00304) The registration of the child 82434 within 90 seconds is being processed...
\o INFO (ELI-00305) The result of registration is true. Time spent is 0 seconds.
\o INFO (ELI-00308) The connection has ended. Result is true. Total time spent is 0 seconds.
\# [06:34:30.445314] Configured Lic search path (22.01-s002): 3000@lic08.ug.kth.se:29000@lic06.ug.kth.se
\w *WARNING* The directory: '/opt/pdk/lf11/PDK_LF11ISi_V1_3_2/tools/setup/$ASSURAHOME/tools/assura/etc/avtech/avTech' does not exist
\w 	but was defined in libFile '/opt/pdk/lf11/PDK_LF11ISi_V1_3_2/tools/setup/cds.lib' for Lib 'avTech'.
\o 
\o ----------------          LFoundry            ----------------
\o ----------------    Initializing LF11IS PDK    ----------------
\o ----------------        Version 1.3.2         ----------------
\o ----------------        Option 6metal         ----------------
\o *LF-INFO* Loading lf11is:/opt/pdk/lf11/PDK_LF11ISi_V1_3_2/analog/callbacks/lf11is_cdfCbks.il   done
\o *LF-INFO* lf11is libInit.il loaded successfully. 
\w *WARNING* Cannot find /opt/tools/cadence/installs/IC618/tools.lnx86/dfII/etc/tools/wavescan directory to load environment variables
\w *WARNING* envSetVal: could not find tool[.partition] 'wavescan.trace'
\w *WARNING* Cannot find /opt/tools/cadence/installs/IC618/tools.lnx86/dfII/etc/tools/wavescan directory to load environment variables
\w *WARNING* envSetVal: could not find tool[.partition] 'wavescan.trace'
\o *LF-INFO* .cdsinit: Loading project .cdsenv file       skipped
\o *LF-INFO* .cdsinit: Setting Spectre models                done
\o *LF-INFO* .cdsinit: Setting UltraSim models               done
\o *LF-INFO* .cdsinit: Setting AMS analog models             done
\o *LF-INFO* .cdsinit: Setting AMS netlist mode to OSS       done
\o *LF-INFO* .cdsinit: Setting HSpice models                 done
\o *LF-INFO* .cdsinit: Setting CDL out keys                  done
\o *LF-INFO* .cdsinit: Loading Ciranova abut function        done
\o *LF-INFO* .cdsinit: WiCkeD setup                       skipped
\o *LF-INFO* .cdsinit: Golden Gate setup                  skipped
\o *LF-INFO* .cdsinit: Loading default bindkeys              done
\o *LF-INFO* .cdsinit: PDF reader "evince" found: /bin/evince.
\o *LF-INFO* .cdsinit: Creating LF11IS PDK menus              done
\o *LF-INFO* .cdsinit: Loading LF11IS display.drf             done
\o *LF-INFO* .cdsinit: Setting PVS setup trigger      done
\o *LF-INFO* .cdsinit: Loading the user .cdsinit          skipped
\o *LF-INFO* .cdsinit: Loading ISO Ring utility              done
\o *LF-INFO* .cdsinit: Loading Layout Utilities              done
\o *LF-INFO* .cdsinit: Opening library manager 				  done
\e *Error* load: can't access file - "/opt/tools/mentor/CALIBRE_2022.4_16/aoi_cal_2022.4_16.8/lib/calibre.skl"
\o *Info*    Client has finished starting ... 
\o 
\o Loading vdsil.cxt 
\p > 
\# Loading perfDiag...
\# (PerfDiag): Set GDB path to environment variable 'gdbPath' (gdb).
\# Memory report: using         278 MB, process size 1,971 MB at UTC 2026.08.05 06:34:32.159
\w *WARNING* (PerfDiag): The GDB command 'gdb' is not found or is invalid.
\w *WARNING* (PerfDiag): The GDB-related functionality has been disabled. Use the 'gdbPath' environment variable to set a valid GDB path or set one of the SHELL environment variables CDS_DEBUGGER, DEBUGGER, or GDB, and restart Virtuoso.
\# Performance Diagnostic tool is installed. You can access PerfDiag from CIW Tools or use the shell command 'cdsPerfDiag -p 82434' to open it when Virtuoso freezes.
\# (PerfDiag): Use backtrace from GLIBC.
\w *WARNING* _perfPstackCheck: Cannot find pstack/gstack. Please setup PATH environment variable to pstack/gstack executable.
\o Loading vqp.cxt 
\o Loading hdlPkg.cxt 
\o 
\o 
\o *Info*    Configuring the session ...
\o 
\o Loading simui.cxt 
\o 	Library      = REF_GEN
\o 	Cell         = REF_GEN_f_TB
\o 	View         = config
\o 	Simulator    = spectre
\o 	State Path   = $AXL_SETUPDB_DIR/test_states
\o 	State Name   = OP_none_MonteCarlo.1
\o 	Results DB   = /home/saul/projects/LF_BG/REF_GEN/REF_GEN_f_TB/adexl/results/data/MonteCarlo.1.rdb
\o 	Results Dir  = /home/saul/simulation/REF_GEN/REF_GEN_f_TB/adexl/results/data/MonteCarlo.1/21/OP
\o 	Results Loc  = /home/saul/simulation/REF_GEN/REF_GEN_f_TB/adexl/results/data
\o 	Project Dir  = /home/saul/simulation
\o 	Setup DB loc = /home/saul/projects/LF_BG/REF_GEN/REF_GEN_f_TB/adexl
\o 	File Encoding = 0
\o 
\o 
\o Loading viva.cxt 
\w *WARNING* The directory: '/opt/pdk/lf11/PDK_LF11ISi_V1_3_2/tools/setup/$ASSURAHOME/tools/assura/etc/avtech/avTech' does not exist
\w 	but was defined in libFile '/opt/pdk/lf11/PDK_LF11ISi_V1_3_2/tools/setup/cds.lib' for Lib 'avTech'.
\o Loading spectrei.cxt 
\o Loading devCheck.cxt 
\o Loading relXpert.cxt 
\o WARNING (ADE-7017): The Spectre run mode needs to be 'batch' when EM/IR analysis is enabled. Automatically setting the run mode to 'batch'.
\o Loading hspiceD.cxt 
\o Loading spectreinl.cxt 
\o Loading msgHandler.cxt 
\o Loading UltraSim.cxt 
\o Loading AMSOSS.cxt 
\o Loading AMS.cxt 
\o 
\o *Info*    The auto suspension is disabled.
\o 
\o Loading monte.cxt 
\o 
\o 
\o 
\o 
\o 
\o *Info*    Run start for Point ID (1 41) on testbench [ OP ].
\o 
\o Resetting statistical vars
\o 
\o *Info*    Setting parameter values ...
\o 
\o Setting var CL = "150f"
\o Setting var CL2 = "3p"
\o Setting var CONF_BG_SL_TRIM = "3"
\o Setting var CONF_BG_TRIM = "3"
\o Setting var CONF_LDO_SEL = "0"
\o Setting var CONF_LVDS_SEL = "0"
\o Setting var CONF_REF_TRIM = "3"
\o Setting var EN = "1.2"
\o Setting var EN_PULSE = "0"
\o Setting var PD = "0"
\o Setting var PD_PULSE = "0"
\o Setting var TT = "1u"
\o Setting var VDD = "1.2"
\o Setting var VDD_PULSE = "0"
\o Setting var temperature = "50.0"
\o Setting temp(T) = 50.0
\o 
\o *Info*    Netlist Directory =
\o           /home/saul/simulation/REF_GEN/REF_GEN_f_TB/adexl/results/data/MonteCarlo.1/41/OP/groupRunDataDir/netlist
\o 
\o 
\o *Info*    Data Directory    =
\o           /home/saul/simulation/REF_GEN/REF_GEN_f_TB/adexl/results/data/MonteCarlo.1/41/OP/groupRunDataDir
\o 
\o 
\o *Info*    Creating Netlist for Point ID (1 41)
\o 
\w *WARNING* (CMGR-6144): The 'ciRefreshCellView' SKILL function is not applicable to the layout constraint cache 'REF_GEN REF_GEN_fL_2 av_extracted'. Run the 'dbRefreshCellView' SKILL function to refresh the cellview.
\o generate netlist...
\o Loading hnlInit.cxt 
\o Loading seCore.cxt 
\# [06:34:33.353529] Periodic Lic check successful
\# [06:34:33.353531] Feature usage summary:
\o Begin Incremental Netlisting Aug  5 06:34:33 2026
\# Memory report: using         532 MB, process size 2,289 MB at UTC 2026.08.05 06:34:34.153
\o End netlisting Aug  5 06:34:35 2026
\o 
\o 	The netlist is up to date.
\o 	Time taken to compare the design with netlist:   2.0s
\o       ...successful.
\o compose simulator input file...
\o       ...successful.
\o 
\o *Info*    Running simulation on testbench [ OP ] for Point ID (1 41).
\o 
\o *Info*    Spectre controlMode is set "batch" due to monte carlo run.
\o 
\o Delete psf data in /home/saul/simulation/REF_GEN/REF_GEN_f_TB/adexl/results/data/MonteCarlo.1/41/OP/groupRunDataDir/psf.
\o generate netlist...
\o Begin Incremental Netlisting Aug  5 06:34:35 2026
\o End netlisting Aug  5 06:34:37 2026
\o 
\o 	The netlist is up to date.
\o 	Time taken to compare the design with netlist:   2.0s
\o       ...successful.
\o compose simulator input file...
\o       ...successful.
\o start simulator if needed...
\o       ...successful.
\o simulate...
\o To view the simulator output, right-click on the test name, result 
\o name, or any value in the "Results" tab of the Outputs section and 
\o choose "Output Log" menu option.
\o Loading paraplot.cxt 
\# Available memory:         50,371 MB at UTC 2026.08.05 06:34:40.553
\# Memory report: Maximum memory size now 50,978 MB at UTC 2026.08.05 06:34:40.553
\# Thread usage report: 22 active threads, active load 1.40 at UTC 2026.08.05 06:34:40.553
\# Memory report: Maximum memory size now 49,862 MB at UTC 2026.08.05 06:34:50.552
\# Memory report: Maximum memory size now 47,144 MB at UTC 2026.08.05 06:35:00.055
\# Available memory:         45,147 MB at UTC 2026.08.05 06:35:10.602
\# Memory report: Maximum memory size now 45,754 MB at UTC 2026.08.05 06:35:10.602
\o WARNING (OCN-6038): Results noise are not available for /home/saul/simulation/REF_GEN/REF_GEN_f_TB/adexl/results/data/MonteCarlo.1/41/OP/groupRunDataDir/psf/mc1_separate/041/. Use results() for a list of available results.
\o WARNING (OCN-6038): Results noise are not available for /home/saul/simulation/REF_GEN/REF_GEN_f_TB/adexl/results/data/MonteCarlo.1/41/OP/groupRunDataDir/psf/mc1_separate/041/. Use results() for a list of available results.
\e *Error* ("expt" 0 t nil ("*Error* expt: can't handle (nil**2)"))
\e 
\e 
\o ERROR (ADE-2708): Evaluation of output 'total_noise_V' failed for point:'41' test:'OP'
\o 	Expression:'sqrt(totalNoise("noise" 0.01 100000000 nil))'
\o 	because of the following error(s)
\o 	*Error* expt: can't handle (nil**2).
\o Ensure that the definition of output is correct.
\o 
\# Memory report: using         632 MB, process size 2,439 MB at UTC 2026.08.05 06:35:40.037
\o WARNING (OCN-6038): Results noise are not available for /home/saul/simulation/REF_GEN/REF_GEN_f_TB/adexl/results/data/MonteCarlo.1/41/OP/groupRunDataDir/psf/mc1_separate/041/. Use results() for a list of available results.
\o WARNING (OCN-6038): Results noise are not available for /home/saul/simulation/REF_GEN/REF_GEN_f_TB/adexl/results/data/MonteCarlo.1/41/OP/groupRunDataDir/psf/mc1_separate/041/. Use results() for a list of available results.
\e *Error* db: can't handle db(nil)
\e 
\e 
\o ERROR (ADE-2709): Evaluation of output 'output noise; V / sqrt(Hz)' returned 'nil' for point:'41' test:'OP'
\o 	Expression:'db(getData("out" ?result "noise"))'.
\o Ensure that the definition of output is correct.
\o 
\o WARNING (OCN-6038): Results xf are not available for /home/saul/simulation/REF_GEN/REF_GEN_f_TB/adexl/results/data/MonteCarlo.1/41/OP/groupRunDataDir/psf/mc1_separate/041/. Use results() for a list of available results.
\o WARNING (OCN-6038): Results xf are not available for /home/saul/simulation/REF_GEN/REF_GEN_f_TB/adexl/results/data/MonteCarlo.1/41/OP/groupRunDataDir/psf/mc1_separate/041/. Use results() for a list of available results.
\e *Error* db: can't handle db(nil)
\e 
\e 
\o ERROR (ADE-2709): Evaluation of output 'V/V /V0; xf dB20(V/V)' returned 'nil' for point:'41' test:'OP'
\o 	Expression:'db(getData("/V0" ?result "xf"))'.
\o Ensure that the definition of output is correct.
\o 
\o *Info*    Client has finished evaluating ... 
\o 
\o 
\o *Info*    Run complete for Point ID (1 41) on testbench [ OP ].
\o 
\o 
\o 
\o 
\o 
\o WARNING (OCN-6038): Results noise are not available for /home/saul/simulation/REF_GEN/REF_GEN_f_TB/adexl/results/data/MonteCarlo.1/41/OP/groupRunDataDir/psf/mc1_separate/042/. Use results() for a list of available results.
\o WARNING (OCN-6038): Results noise are not available for /home/saul/simulation/REF_GEN/REF_GEN_f_TB/adexl/results/data/MonteCarlo.1/41/OP/groupRunDataDir/psf/mc1_separate/042/. Use results() for a list of available results.
\e *Error* ("expt" 0 t nil ("*Error* expt: can't handle (nil**2)"))
\e 
\e 
\o ERROR (ADE-2708): Evaluation of output 'total_noise_V' failed for point:'42' test:'OP'
\o 	Expression:'sqrt(totalNoise("noise" 0.01 100000000 nil))'
\o 	because of the following error(s)
\o 	*Error* expt: can't handle (nil**2).
\o Ensure that the definition of output is correct.
\o 
\o WARNING (OCN-6038): Results noise are not available for /home/saul/simulation/REF_GEN/REF_GEN_f_TB/adexl/results/data/MonteCarlo.1/41/OP/groupRunDataDir/psf/mc1_separate/042/. Use results() for a list of available results.
\o WARNING (OCN-6038): Results noise are not available for /home/saul/simulation/REF_GEN/REF_GEN_f_TB/adexl/results/data/MonteCarlo.1/41/OP/groupRunDataDir/psf/mc1_separate/042/. Use results() for a list of available results.
\e *Error* db: can't handle db(nil)
\e 
\e 
\o ERROR (ADE-2709): Evaluation of output 'output noise; V / sqrt(Hz)' returned 'nil' for point:'42' test:'OP'
\o 	Expression:'db(getData("out" ?result "noise"))'.
\o Ensure that the definition of output is correct.
\o 
\# Memory report: using         735 MB, process size 2,542 MB at UTC 2026.08.05 06:37:27.209
\o WARNING (OCN-6038): Results xf are not available for /home/saul/simulation/REF_GEN/REF_GEN_f_TB/adexl/results/data/MonteCarlo.1/41/OP/groupRunDataDir/psf/mc1_separate/042/. Use results() for a list of available results.
\o WARNING (OCN-6038): Results xf are not available for /home/saul/simulation/REF_GEN/REF_GEN_f_TB/adexl/results/data/MonteCarlo.1/41/OP/groupRunDataDir/psf/mc1_separate/042/. Use results() for a list of available results.
\e *Error* db: can't handle db(nil)
\e 
\e 
\o ERROR (ADE-2709): Evaluation of output 'V/V /V0; xf dB20(V/V)' returned 'nil' for point:'42' test:'OP'
\o 	Expression:'db(getData("/V0" ?result "xf"))'.
\o Ensure that the definition of output is correct.
\o 
\o *Info*    Client has finished evaluating ... 
\o 
\o 
\o *Info*    Run complete for Point ID (1 42) on testbench [ OP ].
\o 
\o 
\o 
\o 
\o 
\o WARNING (OCN-6038): Results noise are not available for /home/saul/simulation/REF_GEN/REF_GEN_f_TB/adexl/results/data/MonteCarlo.1/41/OP/groupRunDataDir/psf/mc1_separate/043/. Use results() for a list of available results.
\o WARNING (OCN-6038): Results noise are not available for /home/saul/simulation/REF_GEN/REF_GEN_f_TB/adexl/results/data/MonteCarlo.1/41/OP/groupRunDataDir/psf/mc1_separate/043/. Use results() for a list of available results.
\e *Error* ("expt" 0 t nil ("*Error* expt: can't handle (nil**2)"))
\e 
\e 
\o ERROR (ADE-2708): Evaluation of output 'total_noise_V' failed for point:'43' test:'OP'
\o 	Expression:'sqrt(totalNoise("noise" 0.01 100000000 nil))'
\o 	because of the following error(s)
\o 	*Error* expt: can't handle (nil**2).
\o Ensure that the definition of output is correct.
\o 
\o WARNING (OCN-6038): Results noise are not available for /home/saul/simulation/REF_GEN/REF_GEN_f_TB/adexl/results/data/MonteCarlo.1/41/OP/groupRunDataDir/psf/mc1_separate/043/. Use results() for a list of available results.
\o WARNING (OCN-6038): Results noise are not available for /home/saul/simulation/REF_GEN/REF_GEN_f_TB/adexl/results/data/MonteCarlo.1/41/OP/groupRunDataDir/psf/mc1_separate/043/. Use results() for a list of available results.
\e *Error* db: can't handle db(nil)
\e 
\e 
\o ERROR (ADE-2709): Evaluation of output 'output noise; V / sqrt(Hz)' returned 'nil' for point:'43' test:'OP'
\o 	Expression:'db(getData("out" ?result "noise"))'.
\o Ensure that the definition of output is correct.
\o 
\o WARNING (OCN-6038): Results xf are not available for /home/saul/simulation/REF_GEN/REF_GEN_f_TB/adexl/results/data/MonteCarlo.1/41/OP/groupRunDataDir/psf/mc1_separate/043/. Use results() for a list of available results.
\o WARNING (OCN-6038): Results xf are not available for /home/saul/simulation/REF_GEN/REF_GEN_f_TB/adexl/results/data/MonteCarlo.1/41/OP/groupRunDataDir/psf/mc1_separate/043/. Use results() for a list of available results.
\e *Error* db: can't handle db(nil)
\e 
\e 
\o ERROR (ADE-2709): Evaluation of output 'V/V /V0; xf dB20(V/V)' returned 'nil' for point:'43' test:'OP'
\o 	Expression:'db(getData("/V0" ?result "xf"))'.
\o Ensure that the definition of output is correct.
\o 
\o *Info*    Client has finished evaluating ... 
\o 
\o 
\o *Info*    Run complete for Point ID (1 43) on testbench [ OP ].
\o 
\o 
\o 
\o 
\o 
\o WARNING (OCN-6038): Results noise are not available for /home/saul/simulation/REF_GEN/REF_GEN_f_TB/adexl/results/data/MonteCarlo.1/41/OP/groupRunDataDir/psf/mc1_separate/044/. Use results() for a list of available results.
\o WARNING (OCN-6038): Results noise are not available for /home/saul/simulation/REF_GEN/REF_GEN_f_TB/adexl/results/data/MonteCarlo.1/41/OP/groupRunDataDir/psf/mc1_separate/044/. Use results() for a list of available results.
\e *Error* ("expt" 0 t nil ("*Error* expt: can't handle (nil**2)"))
\e 
\e 
\o ERROR (ADE-2708): Evaluation of output 'total_noise_V' failed for point:'44' test:'OP'
\o 	Expression:'sqrt(totalNoise("noise" 0.01 100000000 nil))'
\o 	because of the following error(s)
\o 	*Error* expt: can't handle (nil**2).
\o Ensure that the definition of output is correct.
\o 
\o WARNING (OCN-6038): Results noise are not available for /home/saul/simulation/REF_GEN/REF_GEN_f_TB/adexl/results/data/MonteCarlo.1/41/OP/groupRunDataDir/psf/mc1_separate/044/. Use results() for a list of available results.
\o WARNING (OCN-6038): Results noise are not available for /home/saul/simulation/REF_GEN/REF_GEN_f_TB/adexl/results/data/MonteCarlo.1/41/OP/groupRunDataDir/psf/mc1_separate/044/. Use results() for a list of available results.
\e *Error* db: can't handle db(nil)
\e 
\e 
\o ERROR (ADE-2709): Evaluation of output 'output noise; V / sqrt(Hz)' returned 'nil' for point:'44' test:'OP'
\o 	Expression:'db(getData("out" ?result "noise"))'.
\o Ensure that the definition of output is correct.
\o 
\# Memory report: Maximum memory size now 44,737 MB at UTC 2026.08.05 06:39:20.307
\o WARNING (OCN-6038): Results xf are not available for /home/saul/simulation/REF_GEN/REF_GEN_f_TB/adexl/results/data/MonteCarlo.1/41/OP/groupRunDataDir/psf/mc1_separate/044/. Use results() for a list of available results.
\o WARNING (OCN-6038): Results xf are not available for /home/saul/simulation/REF_GEN/REF_GEN_f_TB/adexl/results/data/MonteCarlo.1/41/OP/groupRunDataDir/psf/mc1_separate/044/. Use results() for a list of available results.
\e *Error* db: can't handle db(nil)
\e 
\e 
\o ERROR (ADE-2709): Evaluation of output 'V/V /V0; xf dB20(V/V)' returned 'nil' for point:'44' test:'OP'
\o 	Expression:'db(getData("/V0" ?result "xf"))'.
\o Ensure that the definition of output is correct.
\o 
\o *Info*    Client has finished evaluating ... 
\o 
\o 
\o *Info*    Run complete for Point ID (1 44) on testbench [ OP ].
\o 
\o 
\o 
\o 
\o 
\o WARNING (OCN-6038): Results noise are not available for /home/saul/simulation/REF_GEN/REF_GEN_f_TB/adexl/results/data/MonteCarlo.1/41/OP/groupRunDataDir/psf/mc1_separate/045/. Use results() for a list of available results.
\o WARNING (OCN-6038): Results noise are not available for /home/saul/simulation/REF_GEN/REF_GEN_f_TB/adexl/results/data/MonteCarlo.1/41/OP/groupRunDataDir/psf/mc1_separate/045/. Use results() for a list of available results.
\e *Error* ("expt" 0 t nil ("*Error* expt: can't handle (nil**2)"))
\e 
\e 
\o ERROR (ADE-2708): Evaluation of output 'total_noise_V' failed for point:'45' test:'OP'
\o 	Expression:'sqrt(totalNoise("noise" 0.01 100000000 nil))'
\o 	because of the following error(s)
\o 	*Error* expt: can't handle (nil**2).
\o Ensure that the definition of output is correct.
\o 
\o WARNING (OCN-6038): Results noise are not available for /home/saul/simulation/REF_GEN/REF_GEN_f_TB/adexl/results/data/MonteCarlo.1/41/OP/groupRunDataDir/psf/mc1_separate/045/. Use results() for a list of available results.
\o WARNING (OCN-6038): Results noise are not available for /home/saul/simulation/REF_GEN/REF_GEN_f_TB/adexl/results/data/MonteCarlo.1/41/OP/groupRunDataDir/psf/mc1_separate/045/. Use results() for a list of available results.
\e *Error* db: can't handle db(nil)
\e 
\e 
\o ERROR (ADE-2709): Evaluation of output 'output noise; V / sqrt(Hz)' returned 'nil' for point:'45' test:'OP'
\o 	Expression:'db(getData("out" ?result "noise"))'.
\o Ensure that the definition of output is correct.
\o 
\o WARNING (OCN-6038): Results xf are not available for /home/saul/simulation/REF_GEN/REF_GEN_f_TB/adexl/results/data/MonteCarlo.1/41/OP/groupRunDataDir/psf/mc1_separate/045/. Use results() for a list of available results.
\o WARNING (OCN-6038): Results xf are not available for /home/saul/simulation/REF_GEN/REF_GEN_f_TB/adexl/results/data/MonteCarlo.1/41/OP/groupRunDataDir/psf/mc1_separate/045/. Use results() for a list of available results.
\e *Error* db: can't handle db(nil)
\e 
\e 
\o ERROR (ADE-2709): Evaluation of output 'V/V /V0; xf dB20(V/V)' returned 'nil' for point:'45' test:'OP'
\o 	Expression:'db(getData("/V0" ?result "xf"))'.
\o Ensure that the definition of output is correct.
\o 
\o *Info*    Client has finished evaluating ... 
\o 
\o 
\o *Info*    Run complete for Point ID (1 45) on testbench [ OP ].
\o 
\o 
\o 
\o 
\o 
\o WARNING (OCN-6038): Results noise are not available for /home/saul/simulation/REF_GEN/REF_GEN_f_TB/adexl/results/data/MonteCarlo.1/41/OP/groupRunDataDir/psf/mc1_separate/046/. Use results() for a list of available results.
\o WARNING (OCN-6038): Results noise are not available for /home/saul/simulation/REF_GEN/REF_GEN_f_TB/adexl/results/data/MonteCarlo.1/41/OP/groupRunDataDir/psf/mc1_separate/046/. Use results() for a list of available results.
\e *Error* ("expt" 0 t nil ("*Error* expt: can't handle (nil**2)"))
\e 
\e 
\o ERROR (ADE-2708): Evaluation of output 'total_noise_V' failed for point:'46' test:'OP'
\o 	Expression:'sqrt(totalNoise("noise" 0.01 100000000 nil))'
\o 	because of the following error(s)
\o 	*Error* expt: can't handle (nil**2).
\o Ensure that the definition of output is correct.
\o 
\o WARNING (OCN-6038): Results noise are not available for /home/saul/simulation/REF_GEN/REF_GEN_f_TB/adexl/results/data/MonteCarlo.1/41/OP/groupRunDataDir/psf/mc1_separate/046/. Use results() for a list of available results.
\o WARNING (OCN-6038): Results noise are not available for /home/saul/simulation/REF_GEN/REF_GEN_f_TB/adexl/results/data/MonteCarlo.1/41/OP/groupRunDataDir/psf/mc1_separate/046/. Use results() for a list of available results.
\e *Error* db: can't handle db(nil)
\e 
\e 
\o ERROR (ADE-2709): Evaluation of output 'output noise; V / sqrt(Hz)' returned 'nil' for point:'46' test:'OP'
\o 	Expression:'db(getData("out" ?result "noise"))'.
\o Ensure that the definition of output is correct.
\o 
\o WARNING (OCN-6038): Results xf are not available for /home/saul/simulation/REF_GEN/REF_GEN_f_TB/adexl/results/data/MonteCarlo.1/41/OP/groupRunDataDir/psf/mc1_separate/046/. Use results() for a list of available results.
\o WARNING (OCN-6038): Results xf are not available for /home/saul/simulation/REF_GEN/REF_GEN_f_TB/adexl/results/data/MonteCarlo.1/41/OP/groupRunDataDir/psf/mc1_separate/046/. Use results() for a list of available results.
\e *Error* db: can't handle db(nil)
\e 
\e 
\o ERROR (ADE-2709): Evaluation of output 'V/V /V0; xf dB20(V/V)' returned 'nil' for point:'46' test:'OP'
\o 	Expression:'db(getData("/V0" ?result "xf"))'.
\o Ensure that the definition of output is correct.
\o 
\o *Info*    Client has finished evaluating ... 
\o 
\o 
\o *Info*    Run complete for Point ID (1 46) on testbench [ OP ].
\o 
\o 
\o 
\o 
\o 
\o WARNING (OCN-6038): Results noise are not available for /home/saul/simulation/REF_GEN/REF_GEN_f_TB/adexl/results/data/MonteCarlo.1/41/OP/groupRunDataDir/psf/mc1_separate/047/. Use results() for a list of available results.
\o WARNING (OCN-6038): Results noise are not available for /home/saul/simulation/REF_GEN/REF_GEN_f_TB/adexl/results/data/MonteCarlo.1/41/OP/groupRunDataDir/psf/mc1_separate/047/. Use results() for a list of available results.
\e *Error* ("expt" 0 t nil ("*Error* expt: can't handle (nil**2)"))
\e 
\e 
\o ERROR (ADE-2708): Evaluation of output 'total_noise_V' failed for point:'47' test:'OP'
\o 	Expression:'sqrt(totalNoise("noise" 0.01 100000000 nil))'
\o 	because of the following error(s)
\o 	*Error* expt: can't handle (nil**2).
\o Ensure that the definition of output is correct.
\o 
\o WARNING (OCN-6038): Results noise are not available for /home/saul/simulation/REF_GEN/REF_GEN_f_TB/adexl/results/data/MonteCarlo.1/41/OP/groupRunDataDir/psf/mc1_separate/047/. Use results() for a list of available results.
\o WARNING (OCN-6038): Results noise are not available for /home/saul/simulation/REF_GEN/REF_GEN_f_TB/adexl/results/data/MonteCarlo.1/41/OP/groupRunDataDir/psf/mc1_separate/047/. Use results() for a list of available results.
\e *Error* db: can't handle db(nil)
\e 
\e 
\o ERROR (ADE-2709): Evaluation of output 'output noise; V / sqrt(Hz)' returned 'nil' for point:'47' test:'OP'
\o 	Expression:'db(getData("out" ?result "noise"))'.
\o Ensure that the definition of output is correct.
\o 
\o WARNING (OCN-6038): Results xf are not available for /home/saul/simulation/REF_GEN/REF_GEN_f_TB/adexl/results/data/MonteCarlo.1/41/OP/groupRunDataDir/psf/mc1_separate/047/. Use results() for a list of available results.
\o WARNING (OCN-6038): Results xf are not available for /home/saul/simulation/REF_GEN/REF_GEN_f_TB/adexl/results/data/MonteCarlo.1/41/OP/groupRunDataDir/psf/mc1_separate/047/. Use results() for a list of available results.
\e *Error* db: can't handle db(nil)
\e 
\e 
\o ERROR (ADE-2709): Evaluation of output 'V/V /V0; xf dB20(V/V)' returned 'nil' for point:'47' test:'OP'
\o 	Expression:'db(getData("/V0" ?result "xf"))'.
\o Ensure that the definition of output is correct.
\o 
\o *Info*    Client has finished evaluating ... 
\o 
\o 
\o *Info*    Run complete for Point ID (1 47) on testbench [ OP ].
\o 
\o 
\o 
\o 
\o 
\o WARNING (OCN-6038): Results noise are not available for /home/saul/simulation/REF_GEN/REF_GEN_f_TB/adexl/results/data/MonteCarlo.1/41/OP/groupRunDataDir/psf/mc1_separate/048/. Use results() for a list of available results.
\o WARNING (OCN-6038): Results noise are not available for /home/saul/simulation/REF_GEN/REF_GEN_f_TB/adexl/results/data/MonteCarlo.1/41/OP/groupRunDataDir/psf/mc1_separate/048/. Use results() for a list of available results.
\e *Error* ("expt" 0 t nil ("*Error* expt: can't handle (nil**2)"))
\e 
\e 
\o ERROR (ADE-2708): Evaluation of output 'total_noise_V' failed for point:'48' test:'OP'
\o 	Expression:'sqrt(totalNoise("noise" 0.01 100000000 nil))'
\o 	because of the following error(s)
\o 	*Error* expt: can't handle (nil**2).
\o Ensure that the definition of output is correct.
\o 
\o WARNING (OCN-6038): Results noise are not available for /home/saul/simulation/REF_GEN/REF_GEN_f_TB/adexl/results/data/MonteCarlo.1/41/OP/groupRunDataDir/psf/mc1_separate/048/. Use results() for a list of available results.
\o WARNING (OCN-6038): Results noise are not available for /home/saul/simulation/REF_GEN/REF_GEN_f_TB/adexl/results/data/MonteCarlo.1/41/OP/groupRunDataDir/psf/mc1_separate/048/. Use results() for a list of available results.
\e *Error* db: can't handle db(nil)
\e 
\e 
\o ERROR (ADE-2709): Evaluation of output 'output noise; V / sqrt(Hz)' returned 'nil' for point:'48' test:'OP'
\o 	Expression:'db(getData("out" ?result "noise"))'.
\o Ensure that the definition of output is correct.
\o 
\o WARNING (OCN-6038): Results xf are not available for /home/saul/simulation/REF_GEN/REF_GEN_f_TB/adexl/results/data/MonteCarlo.1/41/OP/groupRunDataDir/psf/mc1_separate/048/. Use results() for a list of available results.
\o WARNING (OCN-6038): Results xf are not available for /home/saul/simulation/REF_GEN/REF_GEN_f_TB/adexl/results/data/MonteCarlo.1/41/OP/groupRunDataDir/psf/mc1_separate/048/. Use results() for a list of available results.
\e *Error* db: can't handle db(nil)
\e 
\e 
\o ERROR (ADE-2709): Evaluation of output 'V/V /V0; xf dB20(V/V)' returned 'nil' for point:'48' test:'OP'
\o 	Expression:'db(getData("/V0" ?result "xf"))'.
\o Ensure that the definition of output is correct.
\o 
\o *Info*    Client has finished evaluating ... 
\o 
\o 
\o *Info*    Run complete for Point ID (1 48) on testbench [ OP ].
\o 
\o 
\o 
\o 
\o 
\o WARNING (OCN-6038): Results noise are not available for /home/saul/simulation/REF_GEN/REF_GEN_f_TB/adexl/results/data/MonteCarlo.1/41/OP/groupRunDataDir/psf/mc1_separate/049/. Use results() for a list of available results.
\o WARNING (OCN-6038): Results noise are not available for /home/saul/simulation/REF_GEN/REF_GEN_f_TB/adexl/results/data/MonteCarlo.1/41/OP/groupRunDataDir/psf/mc1_separate/049/. Use results() for a list of available results.
\e *Error* ("expt" 0 t nil ("*Error* expt: can't handle (nil**2)"))
\e 
\e 
\o ERROR (ADE-2708): Evaluation of output 'total_noise_V' failed for point:'49' test:'OP'
\o 	Expression:'sqrt(totalNoise("noise" 0.01 100000000 nil))'
\o 	because of the following error(s)
\o 	*Error* expt: can't handle (nil**2).
\o Ensure that the definition of output is correct.
\o 
\o WARNING (OCN-6038): Results noise are not available for /home/saul/simulation/REF_GEN/REF_GEN_f_TB/adexl/results/data/MonteCarlo.1/41/OP/groupRunDataDir/psf/mc1_separate/049/. Use results() for a list of available results.
\o WARNING (OCN-6038): Results noise are not available for /home/saul/simulation/REF_GEN/REF_GEN_f_TB/adexl/results/data/MonteCarlo.1/41/OP/groupRunDataDir/psf/mc1_separate/049/. Use results() for a list of available results.
\e *Error* db: can't handle db(nil)
\e 
\e 
\o ERROR (ADE-2709): Evaluation of output 'output noise; V / sqrt(Hz)' returned 'nil' for point:'49' test:'OP'
\o 	Expression:'db(getData("out" ?result "noise"))'.
\o Ensure that the definition of output is correct.
\o 
\o WARNING (OCN-6038): Results xf are not available for /home/saul/simulation/REF_GEN/REF_GEN_f_TB/adexl/results/data/MonteCarlo.1/41/OP/groupRunDataDir/psf/mc1_separate/049/. Use results() for a list of available results.
\o WARNING (OCN-6038): Results xf are not available for /home/saul/simulation/REF_GEN/REF_GEN_f_TB/adexl/results/data/MonteCarlo.1/41/OP/groupRunDataDir/psf/mc1_separate/049/. Use results() for a list of available results.
\e *Error* db: can't handle db(nil)
\e 
\e 
\o ERROR (ADE-2709): Evaluation of output 'V/V /V0; xf dB20(V/V)' returned 'nil' for point:'49' test:'OP'
\o 	Expression:'db(getData("/V0" ?result "xf"))'.
\o Ensure that the definition of output is correct.
\o 
\o *Info*    Client has finished evaluating ... 
\o 
\o 
\o *Info*    Run complete for Point ID (1 49) on testbench [ OP ].
\o 
\o 
\o 
\o 
\o 
\o WARNING (OCN-6038): Results noise are not available for /home/saul/simulation/REF_GEN/REF_GEN_f_TB/adexl/results/data/MonteCarlo.1/41/OP/groupRunDataDir/psf/mc1_separate/050/. Use results() for a list of available results.
\o WARNING (OCN-6038): Results noise are not available for /home/saul/simulation/REF_GEN/REF_GEN_f_TB/adexl/results/data/MonteCarlo.1/41/OP/groupRunDataDir/psf/mc1_separate/050/. Use results() for a list of available results.
\e *Error* ("expt" 0 t nil ("*Error* expt: can't handle (nil**2)"))
\e 
\e 
\o ERROR (ADE-2708): Evaluation of output 'total_noise_V' failed for point:'50' test:'OP'
\o 	Expression:'sqrt(totalNoise("noise" 0.01 100000000 nil))'
\o 	because of the following error(s)
\o 	*Error* expt: can't handle (nil**2).
\o Ensure that the definition of output is correct.
\o 
\o WARNING (OCN-6038): Results noise are not available for /home/saul/simulation/REF_GEN/REF_GEN_f_TB/adexl/results/data/MonteCarlo.1/41/OP/groupRunDataDir/psf/mc1_separate/050/. Use results() for a list of available results.
\o WARNING (OCN-6038): Results noise are not available for /home/saul/simulation/REF_GEN/REF_GEN_f_TB/adexl/results/data/MonteCarlo.1/41/OP/groupRunDataDir/psf/mc1_separate/050/. Use results() for a list of available results.
\e *Error* db: can't handle db(nil)
\e 
\e 
\o ERROR (ADE-2709): Evaluation of output 'output noise; V / sqrt(Hz)' returned 'nil' for point:'50' test:'OP'
\o 	Expression:'db(getData("out" ?result "noise"))'.
\o Ensure that the definition of output is correct.
\o 
\o WARNING (OCN-6038): Results xf are not available for /home/saul/simulation/REF_GEN/REF_GEN_f_TB/adexl/results/data/MonteCarlo.1/41/OP/groupRunDataDir/psf/mc1_separate/050/. Use results() for a list of available results.
\o WARNING (OCN-6038): Results xf are not available for /home/saul/simulation/REF_GEN/REF_GEN_f_TB/adexl/results/data/MonteCarlo.1/41/OP/groupRunDataDir/psf/mc1_separate/050/. Use results() for a list of available results.
\e *Error* db: can't handle db(nil)
\e 
\e 
\o ERROR (ADE-2709): Evaluation of output 'V/V /V0; xf dB20(V/V)' returned 'nil' for point:'50' test:'OP'
\o 	Expression:'db(getData("/V0" ?result "xf"))'.
\o Ensure that the definition of output is correct.
\o 
\o *Info*    Client has finished evaluating ... 
\o 
\o 
\o *Info*    Run complete for Point ID (1 50) on testbench [ OP ].
\o 
\o 
\o 
\o 
\o 
\o WARNING (OCN-6038): Results noise are not available for /home/saul/simulation/REF_GEN/REF_GEN_f_TB/adexl/results/data/MonteCarlo.1/41/OP/groupRunDataDir/psf/mc1_separate/051/. Use results() for a list of available results.
\o WARNING (OCN-6038): Results noise are not available for /home/saul/simulation/REF_GEN/REF_GEN_f_TB/adexl/results/data/MonteCarlo.1/41/OP/groupRunDataDir/psf/mc1_separate/051/. Use results() for a list of available results.
\e *Error* ("expt" 0 t nil ("*Error* expt: can't handle (nil**2)"))
\e 
\e 
\o ERROR (ADE-2708): Evaluation of output 'total_noise_V' failed for point:'51' test:'OP'
\o 	Expression:'sqrt(totalNoise("noise" 0.01 100000000 nil))'
\o 	because of the following error(s)
\o 	*Error* expt: can't handle (nil**2).
\o Ensure that the definition of output is correct.
\o 
\o WARNING (OCN-6038): Results noise are not available for /home/saul/simulation/REF_GEN/REF_GEN_f_TB/adexl/results/data/MonteCarlo.1/41/OP/groupRunDataDir/psf/mc1_separate/051/. Use results() for a list of available results.
\o WARNING (OCN-6038): Results noise are not available for /home/saul/simulation/REF_GEN/REF_GEN_f_TB/adexl/results/data/MonteCarlo.1/41/OP/groupRunDataDir/psf/mc1_separate/051/. Use results() for a list of available results.
\e *Error* db: can't handle db(nil)
\e 
\e 
\o ERROR (ADE-2709): Evaluation of output 'output noise; V / sqrt(Hz)' returned 'nil' for point:'51' test:'OP'
\o 	Expression:'db(getData("out" ?result "noise"))'.
\o Ensure that the definition of output is correct.
\o 
\o WARNING (OCN-6038): Results xf are not available for /home/saul/simulation/REF_GEN/REF_GEN_f_TB/adexl/results/data/MonteCarlo.1/41/OP/groupRunDataDir/psf/mc1_separate/051/. Use results() for a list of available results.
\o WARNING (OCN-6038): Results xf are not available for /home/saul/simulation/REF_GEN/REF_GEN_f_TB/adexl/results/data/MonteCarlo.1/41/OP/groupRunDataDir/psf/mc1_separate/051/. Use results() for a list of available results.
\e *Error* db: can't handle db(nil)
\e 
\e 
\o ERROR (ADE-2709): Evaluation of output 'V/V /V0; xf dB20(V/V)' returned 'nil' for point:'51' test:'OP'
\o 	Expression:'db(getData("/V0" ?result "xf"))'.
\o Ensure that the definition of output is correct.
\o 
\o *Info*    Client has finished evaluating ... 
\o 
\o 
\o *Info*    Run complete for Point ID (1 51) on testbench [ OP ].
\o 
\o 
\o 
\o 
\o 
\o WARNING (OCN-6038): Results noise are not available for /home/saul/simulation/REF_GEN/REF_GEN_f_TB/adexl/results/data/MonteCarlo.1/41/OP/groupRunDataDir/psf/mc1_separate/052/. Use results() for a list of available results.
\o WARNING (OCN-6038): Results noise are not available for /home/saul/simulation/REF_GEN/REF_GEN_f_TB/adexl/results/data/MonteCarlo.1/41/OP/groupRunDataDir/psf/mc1_separate/052/. Use results() for a list of available results.
\e *Error* ("expt" 0 t nil ("*Error* expt: can't handle (nil**2)"))
\e 
\e 
\o ERROR (ADE-2708): Evaluation of output 'total_noise_V' failed for point:'52' test:'OP'
\o 	Expression:'sqrt(totalNoise("noise" 0.01 100000000 nil))'
\o 	because of the following error(s)
\o 	*Error* expt: can't handle (nil**2).
\o Ensure that the definition of output is correct.
\o 
\o WARNING (OCN-6038): Results noise are not available for /home/saul/simulation/REF_GEN/REF_GEN_f_TB/adexl/results/data/MonteCarlo.1/41/OP/groupRunDataDir/psf/mc1_separate/052/. Use results() for a list of available results.
\o WARNING (OCN-6038): Results noise are not available for /home/saul/simulation/REF_GEN/REF_GEN_f_TB/adexl/results/data/MonteCarlo.1/41/OP/groupRunDataDir/psf/mc1_separate/052/. Use results() for a list of available results.
\e *Error* db: can't handle db(nil)
\e 
\e 
\o ERROR (ADE-2709): Evaluation of output 'output noise; V / sqrt(Hz)' returned 'nil' for point:'52' test:'OP'
\o 	Expression:'db(getData("out" ?result "noise"))'.
\o Ensure that the definition of output is correct.
\o 
\o WARNING (OCN-6038): Results xf are not available for /home/saul/simulation/REF_GEN/REF_GEN_f_TB/adexl/results/data/MonteCarlo.1/41/OP/groupRunDataDir/psf/mc1_separate/052/. Use results() for a list of available results.
\o WARNING (OCN-6038): Results xf are not available for /home/saul/simulation/REF_GEN/REF_GEN_f_TB/adexl/results/data/MonteCarlo.1/41/OP/groupRunDataDir/psf/mc1_separate/052/. Use results() for a list of available results.
\e *Error* db: can't handle db(nil)
\e 
\e 
\o ERROR (ADE-2709): Evaluation of output 'V/V /V0; xf dB20(V/V)' returned 'nil' for point:'52' test:'OP'
\o 	Expression:'db(getData("/V0" ?result "xf"))'.
\o Ensure that the definition of output is correct.
\o 
\o *Info*    Client has finished evaluating ... 
\o 
\o 
\o *Info*    Run complete for Point ID (1 52) on testbench [ OP ].
\o 
\o 
\o 
\o 
\o 
\o WARNING (OCN-6038): Results noise are not available for /home/saul/simulation/REF_GEN/REF_GEN_f_TB/adexl/results/data/MonteCarlo.1/41/OP/groupRunDataDir/psf/mc1_separate/053/. Use results() for a list of available results.
\o WARNING (OCN-6038): Results noise are not available for /home/saul/simulation/REF_GEN/REF_GEN_f_TB/adexl/results/data/MonteCarlo.1/41/OP/groupRunDataDir/psf/mc1_separate/053/. Use results() for a list of available results.
\e *Error* ("expt" 0 t nil ("*Error* expt: can't handle (nil**2)"))
\e 
\e 
\o ERROR (ADE-2708): Evaluation of output 'total_noise_V' failed for point:'53' test:'OP'
\o 	Expression:'sqrt(totalNoise("noise" 0.01 100000000 nil))'
\o 	because of the following error(s)
\o 	*Error* expt: can't handle (nil**2).
\o Ensure that the definition of output is correct.
\o 
\o WARNING (OCN-6038): Results noise are not available for /home/saul/simulation/REF_GEN/REF_GEN_f_TB/adexl/results/data/MonteCarlo.1/41/OP/groupRunDataDir/psf/mc1_separate/053/. Use results() for a list of available results.
\o WARNING (OCN-6038): Results noise are not available for /home/saul/simulation/REF_GEN/REF_GEN_f_TB/adexl/results/data/MonteCarlo.1/41/OP/groupRunDataDir/psf/mc1_separate/053/. Use results() for a list of available results.
\e *Error* db: can't handle db(nil)
\e 
\e 
\o ERROR (ADE-2709): Evaluation of output 'output noise; V / sqrt(Hz)' returned 'nil' for point:'53' test:'OP'
\o 	Expression:'db(getData("out" ?result "noise"))'.
\o Ensure that the definition of output is correct.
\o 
\o WARNING (OCN-6038): Results xf are not available for /home/saul/simulation/REF_GEN/REF_GEN_f_TB/adexl/results/data/MonteCarlo.1/41/OP/groupRunDataDir/psf/mc1_separate/053/. Use results() for a list of available results.
\o WARNING (OCN-6038): Results xf are not available for /home/saul/simulation/REF_GEN/REF_GEN_f_TB/adexl/results/data/MonteCarlo.1/41/OP/groupRunDataDir/psf/mc1_separate/053/. Use results() for a list of available results.
\e *Error* db: can't handle db(nil)
\e 
\e 
\o ERROR (ADE-2709): Evaluation of output 'V/V /V0; xf dB20(V/V)' returned 'nil' for point:'53' test:'OP'
\o 	Expression:'db(getData("/V0" ?result "xf"))'.
\o Ensure that the definition of output is correct.
\o 
\o *Info*    Client has finished evaluating ... 
\o 
\o 
\o *Info*    Run complete for Point ID (1 53) on testbench [ OP ].
\o 
\o 
\o 
\o 
\o 
\# Memory report: Maximum memory size now 43,591 MB at UTC 2026.08.05 06:49:51.603
\o WARNING (OCN-6038): Results noise are not available for /home/saul/simulation/REF_GEN/REF_GEN_f_TB/adexl/results/data/MonteCarlo.1/41/OP/groupRunDataDir/psf/mc1_separate/054/. Use results() for a list of available results.
\o WARNING (OCN-6038): Results noise are not available for /home/saul/simulation/REF_GEN/REF_GEN_f_TB/adexl/results/data/MonteCarlo.1/41/OP/groupRunDataDir/psf/mc1_separate/054/. Use results() for a list of available results.
\e *Error* ("expt" 0 t nil ("*Error* expt: can't handle (nil**2)"))
\e 
\e 
\o ERROR (ADE-2708): Evaluation of output 'total_noise_V' failed for point:'54' test:'OP'
\o 	Expression:'sqrt(totalNoise("noise" 0.01 100000000 nil))'
\o 	because of the following error(s)
\o 	*Error* expt: can't handle (nil**2).
\o Ensure that the definition of output is correct.
\o 
\o WARNING (OCN-6038): Results noise are not available for /home/saul/simulation/REF_GEN/REF_GEN_f_TB/adexl/results/data/MonteCarlo.1/41/OP/groupRunDataDir/psf/mc1_separate/054/. Use results() for a list of available results.
\o WARNING (OCN-6038): Results noise are not available for /home/saul/simulation/REF_GEN/REF_GEN_f_TB/adexl/results/data/MonteCarlo.1/41/OP/groupRunDataDir/psf/mc1_separate/054/. Use results() for a list of available results.
\e *Error* db: can't handle db(nil)
\e 
\e 
\o ERROR (ADE-2709): Evaluation of output 'output noise; V / sqrt(Hz)' returned 'nil' for point:'54' test:'OP'
\o 	Expression:'db(getData("out" ?result "noise"))'.
\o Ensure that the definition of output is correct.
\o 
\# Memory report: Maximum memory size now 44,613 MB at UTC 2026.08.05 06:50:21.014
\o WARNING (OCN-6038): Results xf are not available for /home/saul/simulation/REF_GEN/REF_GEN_f_TB/adexl/results/data/MonteCarlo.1/41/OP/groupRunDataDir/psf/mc1_separate/054/. Use results() for a list of available results.
\o WARNING (OCN-6038): Results xf are not available for /home/saul/simulation/REF_GEN/REF_GEN_f_TB/adexl/results/data/MonteCarlo.1/41/OP/groupRunDataDir/psf/mc1_separate/054/. Use results() for a list of available results.
\e *Error* db: can't handle db(nil)
\e 
\e 
\o ERROR (ADE-2709): Evaluation of output 'V/V /V0; xf dB20(V/V)' returned 'nil' for point:'54' test:'OP'
\o 	Expression:'db(getData("/V0" ?result "xf"))'.
\o Ensure that the definition of output is correct.
\o 
\o *Info*    Client has finished evaluating ... 
\o 
\o 
\o *Info*    Run complete for Point ID (1 54) on testbench [ OP ].
\o 
\o 
\o 
\o 
\o 
\o WARNING (OCN-6038): Results noise are not available for /home/saul/simulation/REF_GEN/REF_GEN_f_TB/adexl/results/data/MonteCarlo.1/41/OP/groupRunDataDir/psf/mc1_separate/055/. Use results() for a list of available results.
\o WARNING (OCN-6038): Results noise are not available for /home/saul/simulation/REF_GEN/REF_GEN_f_TB/adexl/results/data/MonteCarlo.1/41/OP/groupRunDataDir/psf/mc1_separate/055/. Use results() for a list of available results.
\e *Error* ("expt" 0 t nil ("*Error* expt: can't handle (nil**2)"))
\e 
\e 
\o ERROR (ADE-2708): Evaluation of output 'total_noise_V' failed for point:'55' test:'OP'
\o 	Expression:'sqrt(totalNoise("noise" 0.01 100000000 nil))'
\o 	because of the following error(s)
\o 	*Error* expt: can't handle (nil**2).
\o Ensure that the definition of output is correct.
\o 
\o WARNING (OCN-6038): Results noise are not available for /home/saul/simulation/REF_GEN/REF_GEN_f_TB/adexl/results/data/MonteCarlo.1/41/OP/groupRunDataDir/psf/mc1_separate/055/. Use results() for a list of available results.
\o WARNING (OCN-6038): Results noise are not available for /home/saul/simulation/REF_GEN/REF_GEN_f_TB/adexl/results/data/MonteCarlo.1/41/OP/groupRunDataDir/psf/mc1_separate/055/. Use results() for a list of available results.
\e *Error* db: can't handle db(nil)
\e 
\e 
\o ERROR (ADE-2709): Evaluation of output 'output noise; V / sqrt(Hz)' returned 'nil' for point:'55' test:'OP'
\o 	Expression:'db(getData("out" ?result "noise"))'.
\o Ensure that the definition of output is correct.
\o 
\o WARNING (OCN-6038): Results xf are not available for /home/saul/simulation/REF_GEN/REF_GEN_f_TB/adexl/results/data/MonteCarlo.1/41/OP/groupRunDataDir/psf/mc1_separate/055/. Use results() for a list of available results.
\o WARNING (OCN-6038): Results xf are not available for /home/saul/simulation/REF_GEN/REF_GEN_f_TB/adexl/results/data/MonteCarlo.1/41/OP/groupRunDataDir/psf/mc1_separate/055/. Use results() for a list of available results.
\e *Error* db: can't handle db(nil)
\e 
\e 
\o ERROR (ADE-2709): Evaluation of output 'V/V /V0; xf dB20(V/V)' returned 'nil' for point:'55' test:'OP'
\o 	Expression:'db(getData("/V0" ?result "xf"))'.
\o Ensure that the definition of output is correct.
\o 
\# Memory report: using         839 MB, process size 2,646 MB at UTC 2026.08.05 06:52:02.821
\o *Info*    Client has finished evaluating ... 
\o 
\o 
\o *Info*    Run complete for Point ID (1 55) on testbench [ OP ].
\o 
\o 
\o 
\o 
\o 
\o WARNING (OCN-6038): Results noise are not available for /home/saul/simulation/REF_GEN/REF_GEN_f_TB/adexl/results/data/MonteCarlo.1/41/OP/groupRunDataDir/psf/mc1_separate/056/. Use results() for a list of available results.
\o WARNING (OCN-6038): Results noise are not available for /home/saul/simulation/REF_GEN/REF_GEN_f_TB/adexl/results/data/MonteCarlo.1/41/OP/groupRunDataDir/psf/mc1_separate/056/. Use results() for a list of available results.
\e *Error* ("expt" 0 t nil ("*Error* expt: can't handle (nil**2)"))
\e 
\e 
\o ERROR (ADE-2708): Evaluation of output 'total_noise_V' failed for point:'56' test:'OP'
\o 	Expression:'sqrt(totalNoise("noise" 0.01 100000000 nil))'
\o 	because of the following error(s)
\o 	*Error* expt: can't handle (nil**2).
\o Ensure that the definition of output is correct.
\o 
\o WARNING (OCN-6038): Results noise are not available for /home/saul/simulation/REF_GEN/REF_GEN_f_TB/adexl/results/data/MonteCarlo.1/41/OP/groupRunDataDir/psf/mc1_separate/056/. Use results() for a list of available results.
\o WARNING (OCN-6038): Results noise are not available for /home/saul/simulation/REF_GEN/REF_GEN_f_TB/adexl/results/data/MonteCarlo.1/41/OP/groupRunDataDir/psf/mc1_separate/056/. Use results() for a list of available results.
\e *Error* db: can't handle db(nil)
\e 
\e 
\o ERROR (ADE-2709): Evaluation of output 'output noise; V / sqrt(Hz)' returned 'nil' for point:'56' test:'OP'
\o 	Expression:'db(getData("out" ?result "noise"))'.
\o Ensure that the definition of output is correct.
\o 
\o WARNING (OCN-6038): Results xf are not available for /home/saul/simulation/REF_GEN/REF_GEN_f_TB/adexl/results/data/MonteCarlo.1/41/OP/groupRunDataDir/psf/mc1_separate/056/. Use results() for a list of available results.
\o WARNING (OCN-6038): Results xf are not available for /home/saul/simulation/REF_GEN/REF_GEN_f_TB/adexl/results/data/MonteCarlo.1/41/OP/groupRunDataDir/psf/mc1_separate/056/. Use results() for a list of available results.
\e *Error* db: can't handle db(nil)
\e 
\e 
\o ERROR (ADE-2709): Evaluation of output 'V/V /V0; xf dB20(V/V)' returned 'nil' for point:'56' test:'OP'
\o 	Expression:'db(getData("/V0" ?result "xf"))'.
\o Ensure that the definition of output is correct.
\o 
\o *Info*    Client has finished evaluating ... 
\o 
\o 
\o *Info*    Run complete for Point ID (1 56) on testbench [ OP ].
\o 
\o 
\o 
\o 
\o 
\# Memory report: Maximum memory size now 43,651 MB at UTC 2026.08.05 06:52:42.553
\o WARNING (OCN-6038): Results noise are not available for /home/saul/simulation/REF_GEN/REF_GEN_f_TB/adexl/results/data/MonteCarlo.1/41/OP/groupRunDataDir/psf/mc1_separate/057/. Use results() for a list of available results.
\o WARNING (OCN-6038): Results noise are not available for /home/saul/simulation/REF_GEN/REF_GEN_f_TB/adexl/results/data/MonteCarlo.1/41/OP/groupRunDataDir/psf/mc1_separate/057/. Use results() for a list of available results.
\e *Error* ("expt" 0 t nil ("*Error* expt: can't handle (nil**2)"))
\e 
\e 
\o ERROR (ADE-2708): Evaluation of output 'total_noise_V' failed for point:'57' test:'OP'
\o 	Expression:'sqrt(totalNoise("noise" 0.01 100000000 nil))'
\o 	because of the following error(s)
\o 	*Error* expt: can't handle (nil**2).
\o Ensure that the definition of output is correct.
\o 
\o WARNING (OCN-6038): Results noise are not available for /home/saul/simulation/REF_GEN/REF_GEN_f_TB/adexl/results/data/MonteCarlo.1/41/OP/groupRunDataDir/psf/mc1_separate/057/. Use results() for a list of available results.
\o WARNING (OCN-6038): Results noise are not available for /home/saul/simulation/REF_GEN/REF_GEN_f_TB/adexl/results/data/MonteCarlo.1/41/OP/groupRunDataDir/psf/mc1_separate/057/. Use results() for a list of available results.
\e *Error* db: can't handle db(nil)
\e 
\e 
\o ERROR (ADE-2709): Evaluation of output 'output noise; V / sqrt(Hz)' returned 'nil' for point:'57' test:'OP'
\o 	Expression:'db(getData("out" ?result "noise"))'.
\o Ensure that the definition of output is correct.
\o 
\o WARNING (OCN-6038): Results xf are not available for /home/saul/simulation/REF_GEN/REF_GEN_f_TB/adexl/results/data/MonteCarlo.1/41/OP/groupRunDataDir/psf/mc1_separate/057/. Use results() for a list of available results.
\o WARNING (OCN-6038): Results xf are not available for /home/saul/simulation/REF_GEN/REF_GEN_f_TB/adexl/results/data/MonteCarlo.1/41/OP/groupRunDataDir/psf/mc1_separate/057/. Use results() for a list of available results.
\e *Error* db: can't handle db(nil)
\e 
\e 
\o ERROR (ADE-2709): Evaluation of output 'V/V /V0; xf dB20(V/V)' returned 'nil' for point:'57' test:'OP'
\o 	Expression:'db(getData("/V0" ?result "xf"))'.
\o Ensure that the definition of output is correct.
\o 
\o *Info*    Client has finished evaluating ... 
\o 
\o 
\o *Info*    Run complete for Point ID (1 57) on testbench [ OP ].
\o 
\o 
\o 
\o 
\o 
\o WARNING (OCN-6038): Results noise are not available for /home/saul/simulation/REF_GEN/REF_GEN_f_TB/adexl/results/data/MonteCarlo.1/41/OP/groupRunDataDir/psf/mc1_separate/058/. Use results() for a list of available results.
\o WARNING (OCN-6038): Results noise are not available for /home/saul/simulation/REF_GEN/REF_GEN_f_TB/adexl/results/data/MonteCarlo.1/41/OP/groupRunDataDir/psf/mc1_separate/058/. Use results() for a list of available results.
\e *Error* ("expt" 0 t nil ("*Error* expt: can't handle (nil**2)"))
\e 
\e 
\o ERROR (ADE-2708): Evaluation of output 'total_noise_V' failed for point:'58' test:'OP'
\o 	Expression:'sqrt(totalNoise("noise" 0.01 100000000 nil))'
\o 	because of the following error(s)
\o 	*Error* expt: can't handle (nil**2).
\o Ensure that the definition of output is correct.
\o 
\o WARNING (OCN-6038): Results noise are not available for /home/saul/simulation/REF_GEN/REF_GEN_f_TB/adexl/results/data/MonteCarlo.1/41/OP/groupRunDataDir/psf/mc1_separate/058/. Use results() for a list of available results.
\o WARNING (OCN-6038): Results noise are not available for /home/saul/simulation/REF_GEN/REF_GEN_f_TB/adexl/results/data/MonteCarlo.1/41/OP/groupRunDataDir/psf/mc1_separate/058/. Use results() for a list of available results.
\e *Error* db: can't handle db(nil)
\e 
\e 
\o ERROR (ADE-2709): Evaluation of output 'output noise; V / sqrt(Hz)' returned 'nil' for point:'58' test:'OP'
\o 	Expression:'db(getData("out" ?result "noise"))'.
\o Ensure that the definition of output is correct.
\o 
\o WARNING (OCN-6038): Results xf are not available for /home/saul/simulation/REF_GEN/REF_GEN_f_TB/adexl/results/data/MonteCarlo.1/41/OP/groupRunDataDir/psf/mc1_separate/058/. Use results() for a list of available results.
\o WARNING (OCN-6038): Results xf are not available for /home/saul/simulation/REF_GEN/REF_GEN_f_TB/adexl/results/data/MonteCarlo.1/41/OP/groupRunDataDir/psf/mc1_separate/058/. Use results() for a list of available results.
\e *Error* db: can't handle db(nil)
\e 
\e 
\o ERROR (ADE-2709): Evaluation of output 'V/V /V0; xf dB20(V/V)' returned 'nil' for point:'58' test:'OP'
\o 	Expression:'db(getData("/V0" ?result "xf"))'.
\o Ensure that the definition of output is correct.
\o 
\o *Info*    Client has finished evaluating ... 
\o 
\o 
\o *Info*    Run complete for Point ID (1 58) on testbench [ OP ].
\o 
\o 
\o 
\o 
\o 
\o WARNING (OCN-6038): Results noise are not available for /home/saul/simulation/REF_GEN/REF_GEN_f_TB/adexl/results/data/MonteCarlo.1/41/OP/groupRunDataDir/psf/mc1_separate/059/. Use results() for a list of available results.
\o WARNING (OCN-6038): Results noise are not available for /home/saul/simulation/REF_GEN/REF_GEN_f_TB/adexl/results/data/MonteCarlo.1/41/OP/groupRunDataDir/psf/mc1_separate/059/. Use results() for a list of available results.
\e *Error* ("expt" 0 t nil ("*Error* expt: can't handle (nil**2)"))
\e 
\e 
\o ERROR (ADE-2708): Evaluation of output 'total_noise_V' failed for point:'59' test:'OP'
\o 	Expression:'sqrt(totalNoise("noise" 0.01 100000000 nil))'
\o 	because of the following error(s)
\o 	*Error* expt: can't handle (nil**2).
\o Ensure that the definition of output is correct.
\o 
\o WARNING (OCN-6038): Results noise are not available for /home/saul/simulation/REF_GEN/REF_GEN_f_TB/adexl/results/data/MonteCarlo.1/41/OP/groupRunDataDir/psf/mc1_separate/059/. Use results() for a list of available results.
\o WARNING (OCN-6038): Results noise are not available for /home/saul/simulation/REF_GEN/REF_GEN_f_TB/adexl/results/data/MonteCarlo.1/41/OP/groupRunDataDir/psf/mc1_separate/059/. Use results() for a list of available results.
\e *Error* db: can't handle db(nil)
\e 
\e 
\o ERROR (ADE-2709): Evaluation of output 'output noise; V / sqrt(Hz)' returned 'nil' for point:'59' test:'OP'
\o 	Expression:'db(getData("out" ?result "noise"))'.
\o Ensure that the definition of output is correct.
\o 
\o WARNING (OCN-6038): Results xf are not available for /home/saul/simulation/REF_GEN/REF_GEN_f_TB/adexl/results/data/MonteCarlo.1/41/OP/groupRunDataDir/psf/mc1_separate/059/. Use results() for a list of available results.
\o WARNING (OCN-6038): Results xf are not available for /home/saul/simulation/REF_GEN/REF_GEN_f_TB/adexl/results/data/MonteCarlo.1/41/OP/groupRunDataDir/psf/mc1_separate/059/. Use results() for a list of available results.
\e *Error* db: can't handle db(nil)
\e 
\e 
\o ERROR (ADE-2709): Evaluation of output 'V/V /V0; xf dB20(V/V)' returned 'nil' for point:'59' test:'OP'
\o 	Expression:'db(getData("/V0" ?result "xf"))'.
\o Ensure that the definition of output is correct.
\o 
\o *Info*    Client has finished evaluating ... 
\o 
\o 
\o *Info*    Run complete for Point ID (1 59) on testbench [ OP ].
\o 
\o 
\o 
\o 
\o 
\o WARNING (OCN-6038): Results noise are not available for /home/saul/simulation/REF_GEN/REF_GEN_f_TB/adexl/results/data/MonteCarlo.1/41/OP/groupRunDataDir/psf/mc1_separate/060/. Use results() for a list of available results.
\o WARNING (OCN-6038): Results noise are not available for /home/saul/simulation/REF_GEN/REF_GEN_f_TB/adexl/results/data/MonteCarlo.1/41/OP/groupRunDataDir/psf/mc1_separate/060/. Use results() for a list of available results.
\e *Error* ("expt" 0 t nil ("*Error* expt: can't handle (nil**2)"))
\e 
\e 
\o ERROR (ADE-2708): Evaluation of output 'total_noise_V' failed for point:'60' test:'OP'
\o 	Expression:'sqrt(totalNoise("noise" 0.01 100000000 nil))'
\o 	because of the following error(s)
\o 	*Error* expt: can't handle (nil**2).
\o Ensure that the definition of output is correct.
\o 
\o WARNING (OCN-6038): Results noise are not available for /home/saul/simulation/REF_GEN/REF_GEN_f_TB/adexl/results/data/MonteCarlo.1/41/OP/groupRunDataDir/psf/mc1_separate/060/. Use results() for a list of available results.
\o WARNING (OCN-6038): Results noise are not available for /home/saul/simulation/REF_GEN/REF_GEN_f_TB/adexl/results/data/MonteCarlo.1/41/OP/groupRunDataDir/psf/mc1_separate/060/. Use results() for a list of available results.
\e *Error* db: can't handle db(nil)
\e 
\e 
\o ERROR (ADE-2709): Evaluation of output 'output noise; V / sqrt(Hz)' returned 'nil' for point:'60' test:'OP'
\o 	Expression:'db(getData("out" ?result "noise"))'.
\o Ensure that the definition of output is correct.
\o 
\# Memory report: Maximum memory size now 46,014 MB at UTC 2026.08.05 06:55:52.221
\o WARNING (OCN-6038): Results xf are not available for /home/saul/simulation/REF_GEN/REF_GEN_f_TB/adexl/results/data/MonteCarlo.1/41/OP/groupRunDataDir/psf/mc1_separate/060/. Use results() for a list of available results.
\o WARNING (OCN-6038): Results xf are not available for /home/saul/simulation/REF_GEN/REF_GEN_f_TB/adexl/results/data/MonteCarlo.1/41/OP/groupRunDataDir/psf/mc1_separate/060/. Use results() for a list of available results.
\e *Error* db: can't handle db(nil)
\e 
\e 
\o ERROR (ADE-2709): Evaluation of output 'V/V /V0; xf dB20(V/V)' returned 'nil' for point:'60' test:'OP'
\o 	Expression:'db(getData("/V0" ?result "xf"))'.
\o Ensure that the definition of output is correct.
\o 
\o INFO (ADE-3071): Simulation completed successfully.
\o reading simulation data...
\o       ...successful.
\o *Info*    Client has finished evaluating ... 
\o 
\o 
\o *Info*    Run complete for Point ID (1 60) on testbench [ OP ].
\o 
\o 
\o 
\o 
\o 
\# Available memory:         50,973 MB at UTC 2026.08.05 06:56:02.115
\# Memory report: Maximum memory size now 51,872 MB at UTC 2026.08.05 06:56:02.115
\o *Info*    Monte Carlo Simulation completed successfully...
\o Simulation design variables differ from those on the cellView,
\o they have been saved in the file "/tmp/saved-design-variables".
\o To save future changes, copy variables to cellView before exiting.
\# Lic Summary:
\# [07:01:09.118923] Cdslmd servers:3000@lic08.ug.kth.se:29000@lic06.ug.kth.se
\# [07:01:09.118944] Feature usage summary:
\# Memory report: on exit            899 MB, process size 2,706 MB at UTC 2026.08.05 07:01:09.643
\# Memory report: peak usage         899 MB, process size 2,706 MB
