*Info*    Exporting services from client ... 

*Info*    Client has finished starting ... 



*Info*    Configuring the session ...

	Library      = REF_GEN
	Cell         = REF_GEN_f_TB
	View         = config
	Simulator    = spectre
	State Path   = $AXL_SETUPDB_DIR/test_states
	State Name   = OP_none_Interactive.190
	Results DB   = /home/saul/projects/LF_BG/REF_GEN/REF_GEN_f_TB/adexl/results/data/Interactive.190.rdb
	Results Dir  = /home/saul/simulation/REF_GEN/REF_GEN_f_TB/adexl/results/data/Interactive.190/1/OP
	Results Loc  = /home/saul/simulation/REF_GEN/REF_GEN_f_TB/adexl/results/data
	Project Dir  = /home/saul/simulation
	Setup DB loc = /home/saul/projects/LF_BG/REF_GEN/REF_GEN_f_TB/adexl
	File Encoding = 0


WARNING (ADE-7017): The Spectre run mode needs to be 'batch' when EM/IR analysis is enabled. Automatically setting the run mode to 'batch'.

*Info*    The auto suspension is disabled.






*Info*    Run start for Point ID (2 1) on testbench [ OP ].

Resetting statistical vars

*Info*    Setting parameter values ...

Setting var CL = "150f"
Setting var CL2 = "3p"
Setting var CONF_BG_SL_TRIM = "3"
Setting var CONF_BG_TRIM = "3"
Setting var CONF_LDO_SEL = "0"
Setting var CONF_LVDS_SEL = "0"
Setting var CONF_REF_TRIM = "3"
Setting var EN = "1.2"
Setting var EN_PULSE = "0"
Setting var PD = "0"
Setting var PD_PULSE = "0"
Setting var TT = "1u"
Setting var VDD = "1.2"
Setting var VDD_PULSE = "0"
Setting var temperature = "85.0"
Setting temp(T) = 85.0

*Info*    Netlist Directory =
          /home/saul/simulation/REF_GEN/REF_GEN_f_TB/adexl/results/data/Interactive.190/1/OP/netlist


*Info*    Data Directory    =
          /home/saul/simulation/REF_GEN/REF_GEN_f_TB/adexl/results/data/Interactive.190/1/OP


*Info*    Creating Netlist for Point ID (2 1)

generate netlist...
Loading hnlInit.cxt 
Loading seCore.cxt 
Begin Incremental Netlisting Aug  5 08:33:31 2026
End netlisting Aug  5 08:33:32 2026

	The netlist is up to date.
	Time taken to compare the design with netlist:   1.0s
      ...successful.
compose simulator input file...
      ...successful.

*Info*    Running simulation on testbench [ OP ] for Point ID (2 1).

Delete psf data in /home/saul/simulation/REF_GEN/REF_GEN_f_TB/adexl/results/data/Interactive.190/1/OP/psf.
compose simulator input file...
      ...successful.
start simulator if needed...
      ...successful.
simulate...
To view the simulator output, right-click on the test name, result 
name, or any value in the "Results" tab of the Outputs section and 
choose "Output Log" menu option.
Loading paraplot.cxt 
INFO (ADE-3071): Simulation completed successfully.
reading simulation data...
      ...successful.
*Info*    Client has finished evaluating ... 

WARNING (OCN-6038): Results xf are not available for /home/saul/simulation/REF_GEN/REF_GEN_f_TB/adexl/results/data/Interactive.190/1/OP. Use results() for a list of available results.
WARNING (OCN-6038): Results xf are not available for /home/saul/simulation/REF_GEN/REF_GEN_f_TB/adexl/results/data/Interactive.190/1/OP. Use results() for a list of available results.
ERROR (ADEXL-2709): Evaluation of output 'V/V /V0; xf dB20(V/V)' returned 'nil' for point:'1' test:'OP'
	Expression:'db(getData("/V0" ?result "xf"))'.
Ensure that the definition of output is correct.


*Info*    Run complete for Point ID (2 1) on testbench [ OP ].





Simulation design variables differ from those on the cellView,
they have been saved in the file "/tmp/saved-design-variables".
To save future changes, copy variables to cellView before exiting.
