[Simulation Monitor: 6]
[2026-09-01 04:33:15.540 Z] [PROCESS] [cadence.virtuoso.ade.simulationMonitor] - Simulation Monitor has successfully started up. Trying to set up communication channels to other components ... {"hostname": "edatools", "processid": 88829, "logfile": "/home/saul/projects/LF_BG/logs_saul/logs5/Job6.log"}
[2026-09-01 04:33:15.540 Z] [PROCESS] [cadence.virtuoso.ade.simulationMonitor] - Communication channels have been successfully set up. Start processing events ... {"hostname": "edatools", "processid": 88829, "logfile": "/home/saul/projects/LF_BG/logs_saul/logs5/Job6.log"}
[2026-09-01 04:33:15.540 Z] [PROCESS] [cadence.virtuoso.ade.simulationMonitor] - Considering to start history {"hostname": "edatools", "processid": 88829, "history": "Interactive.215", "logfile": "/home/saul/projects/LF_BG/logs_saul/logs5/Job6.log"}
[2026-09-01 04:33:15.541 Z] [PROCESS] [cadence.virtuoso.ade.simulationMonitor] - Started History {"hostname": "edatools", "processid": 88829, "history": "Interactive.216", "logfile": "/home/saul/projects/LF_BG/logs_saul/logs5/Job6.log"}
[2026-09-01 04:33:15.541 Z] [PROCESS] [cadence.virtuoso.ade.simulationMonitor] - HostInfo:
Host name (type):	edatools (x86_64)
Operating system:	Linux 7.0.0-30-generic #30~24.04.1-Ubuntu SMP PREEMPT_DYNAMIC Fri Aug  7 13:27:52 UTC 2 {"hostname": "edatools", "processid": 88829, "history": "Interactive.216", "logfile": "/home/saul/projects/LF_BG/logs_saul/logs5/Job6.log", "nodename": "edatools", "domainname": "(none)", "machine": "x86_64", "sysname": "Linux", "release": "7.0.0-30-generic", "version": "#30~24.04.1-Ubuntu SMP PREEMPT_DYNAMIC Fri Aug  7 13:27:52 UTC 2"}
[2026-09-01 04:33:15.541 Z] [PROCESS] [cadence.virtuoso.ade.simulationMonitor] - UsageInfo:
pid=88829
totalPhysicalMemory=62.541851GB,Used=21.273109GB,totalVirtualMemory=70.541847GB,Used=21.273109GB
Cpu: Cores=16, Load average:0.420000,0.370000,0.370000 {"hostname": "edatools", "processid": 88829, "history": "Interactive.216", "logfile": "/home/saul/projects/LF_BG/logs_saul/logs5/Job6.log", "pid": "88829", "totalPhysicalMemory": "62.541851", "physicalMemoryUsed": "21.273109", "totalVirtualMemory": "70.541847", "virtualMemoryUsed": "21.273109", "cpuCores": "16", "processes": "2047", "loadAverage1": "0.420000", "loadAverage5": "0.370000", "loadAverage15": "0.370000", "loadAverage1Percent": "0.026250"}
[2026-09-01 04:33:15.542 Z] [EVENT] [cadence.virtuoso.ade.simulationMonitor] - NewPoint {"history": "Interactive.216", "point": 1, "testname": "TRAN", "cornername": "Nominal", "event": "NewPoint", "EventSource": "Simulation Monitor", "HistoryName": "Interactive.216", "logFile": "/home/saul/projects/LF_BG/logs_saul/logs5/Job6.log", "logFileSize": "2368"}
[2026-09-01 04:33:15.642 Z] [EVENT] [cadence.virtuoso.ade.simulationMonitor] - NewPoint {"history": "Interactive.216", "point": 1, "testname": "TRAN", "cornername": "Nominal", "event": "NewPoint", "EventSource": "spectre", "HistoryName": "Interactive.216", "logFile": "/home/saul/simulation/REF_GEN/REF_GEN_f_TB/maestro/results/maestro/Interactive.216/1/TRAN/psf/spectre.out", "logFileSize": "-1"}
[2026-09-01 04:33:15.661 Z] [PROCESS] [cadence.virtuoso.ade.simulationMonitor] - Simulator launched {"hostname": "edatools", "processid": 88829, "history": "Interactive.216", "testname": "TRAN", "cornername": "Nominal", "point": 1, "logfile": "/home/saul/projects/LF_BG/logs_saul/logs5/Job6.log", "simid": "1"}
[2026-09-01 04:33:15.665 Z] [PROCESS] [cadence.virtuoso.ade.simulationMonitor] - Expression evaluator launched {"hostname": "edatools", "processid": 88829, "history": "Interactive.216", "testname": "TRAN", "cornername": "Nominal", "point": 1, "logfile": "/home/saul/projects/LF_BG/logs_saul/logs5/Job6.log"}
[2026-09-01 04:33:15.705 Z] [PROCESS] [cadence.virtuoso.ade.simulationMonitor] - Started Simulation {"hostname": "edatools", "processid": 88829, "history": "Interactive.216", "testname": "TRAN", "cornername": "Nominal", "point": 1, "logfile": "/home/saul/projects/LF_BG/logs_saul/logs5/Job6.log", "event": "started", "task": "simulation"}
[2026-09-01 04:33:16.205 Z] [INFO] [cadence.virtuoso.ade.simulationMonitor] - Peak resident memory used = 169 Mbytes. {"history": "Interactive.216", "point": 1, "testname": "TRAN", "cornername": "Nominal"}
[2026-09-01 04:33:17.206 Z] [INFO] [cadence.virtuoso.ade.simulationMonitor] - Notice from spectre during hierarchy flattening.
    Parasitic optimization will filter out parasitic nodes, nodes only connected to RCs, by default. To view individual parasitic nodes use individual save statements (i.e. save out), or use the 'savefilter=none' option to save all parasitic nodes. Saving all parasitic nodes may slow down simulation and create large waveform files. {"history": "Interactive.216", "point": 1, "testname": "TRAN", "cornername": "Nominal"}
[2026-09-01 04:33:17.206 Z] [INFO] [cadence.virtuoso.ade.simulationMonitor] - Peak resident memory used = 194 Mbytes. {"history": "Interactive.216", "point": 1, "testname": "TRAN", "cornername": "Nominal"}
[2026-09-01 04:33:17.206 Z] [INFO] [cadence.virtuoso.ade.simulationMonitor] - Notice from spectre during hierarchy flattening.
    The value 'psf' specified for the 'checklimitdest' option will no longer be supported in future releases. Use 'spectre -h' to see other recommended values for the 'checklimitdest' option. {"history": "Interactive.216", "point": 1, "testname": "TRAN", "cornername": "Nominal"}
[2026-09-01 04:33:17.206 Z] [WARN] [cadence.virtuoso.ade.simulationMonitor] -     WARNING (SPECTRE-16718): inlinesubcktcurrent option is set as `subckt', all the inline subckts will be treated as normal subckts when you access the current of their terminals. {"history": "Interactive.216", "point": 1, "testname": "TRAN", "cornername": "Nominal"}
[2026-09-01 04:33:17.206 Z] [WARN] [cadence.virtuoso.ade.simulationMonitor] -     WARNING (SPECTRE-8527): There are some nodes and instances removed from the netlist topology check. Check the circuit and correct the topology. Or use preserve_inst to keep them if necessary. {"history": "Interactive.216", "point": 1, "testname": "TRAN", "cornername": "Nominal"}
[2026-09-01 04:33:17.206 Z] [WARN] [cadence.virtuoso.ade.simulationMonitor] -     WARNING (SPECTRE-8529): Dangling instance. V9 is removed. {"history": "Interactive.216", "point": 1, "testname": "TRAN", "cornername": "Nominal"}
[2026-09-01 04:33:17.206 Z] [WARN] [cadence.virtuoso.ade.simulationMonitor] -     WARNING (SPECTRE-8530): Dangling node. net9 is removed. {"history": "Interactive.216", "point": 1, "testname": "TRAN", "cornername": "Nominal"}
[2026-09-01 04:33:17.206 Z] [INFO] [cadence.virtuoso.ade.simulationMonitor] - Peak resident memory used = 196 Mbytes. {"history": "Interactive.216", "point": 1, "testname": "TRAN", "cornername": "Nominal"}
[2026-09-01 04:33:17.206 Z] [INFO] [cadence.virtuoso.ade.simulationMonitor] - Notice from spectre during topology check.
    No DC path from node `VbgT' to ground, Gmin installed to provide path.
    No DC path from node `V1000' to ground, Gmin installed to provide path.
    No DC path from node `V550' to ground, Gmin installed to provide path.
    No DC path from node `LVDS' to ground, Gmin installed to provide path.
    No DC path from node `LDO' to ground, Gmin installed to provide path.
        Further occurrences of this notice will be suppressed. {"history": "Interactive.216", "point": 1, "testname": "TRAN", "cornername": "Nominal"}
[2026-09-01 04:33:17.207 Z] [INFO] [cadence.virtuoso.ade.simulationMonitor] - Notice from spectre during initial setup.
    Number of thread was limited to 1 because of small circuit size. {"history": "Interactive.216", "point": 1, "testname": "TRAN", "cornername": "Nominal"}
[2026-09-01 04:33:17.207 Z] [INFO] [cadence.virtuoso.ade.simulationMonitor] -               nodes 56 {"history": "Interactive.216", "point": 1, "testname": "TRAN", "cornername": "Nominal"}
[2026-09-01 04:33:17.207 Z] [INFO] [cadence.virtuoso.ade.simulationMonitor] - Notice from spectre during initial setup.
    Parasitics reduction enabled. 
         (Resistors reduced by 0.00%  Capacitors reduced by 0.00%, 0.00% of capacitors are coupled after RC reduction).  {"history": "Interactive.216", "point": 1, "testname": "TRAN", "cornername": "Nominal"}
[2026-09-01 04:33:17.207 Z] [INFO] [cadence.virtuoso.ade.simulationMonitor] - Notice from spectre during initial setup.
    1 vsources are shorted because their absolute value is less than or equal to 'vabsshort'.
    Fast APS enabled. {"history": "Interactive.216", "point": 1, "testname": "TRAN", "cornername": "Nominal"}
[2026-09-01 04:33:17.207 Z] [INFO] [cadence.virtuoso.ade.simulationMonitor] - Peak resident memory used = 202 Mbytes. {"history": "Interactive.216", "point": 1, "testname": "TRAN", "cornername": "Nominal"}
[2026-09-01 04:33:17.207 Z] [INFO] [cadence.virtuoso.ade.simulationMonitor] -    -   (Fast APS) Multi-threading. The recommended number of threads is 1, consider adding +mt=1 on command line. {"history": "Interactive.216", "point": 1, "testname": "TRAN", "cornername": "Nominal"}
[2026-09-01 04:33:17.707 Z] [INFO] [cadence.virtuoso.ade.simulationMonitor] - Total time required for dc analysis `dcOp': CPU = 1.937 ms, elapsed = 5.58305 ms, util. = 34.7%. {"history": "Interactive.216", "point": 1, "testname": "TRAN", "cornername": "Nominal"}
[2026-09-01 04:33:17.708 Z] [INFO] [cadence.virtuoso.ade.simulationMonitor] - Peak resident memory used = 202 Mbytes. {"history": "Interactive.216", "point": 1, "testname": "TRAN", "cornername": "Nominal"}
[2026-09-01 04:33:17.708 Z] [INFO] [cadence.virtuoso.ade.simulationMonitor] - Total time required for tran analysis `tran': CPU = 41.3 ms, elapsed = 44.888 ms, util. = 92%. {"history": "Interactive.216", "point": 1, "testname": "TRAN", "cornername": "Nominal"}
[2026-09-01 04:33:17.708 Z] [INFO] [cadence.virtuoso.ade.simulationMonitor] - Peak resident memory used = 202 Mbytes. {"history": "Interactive.216", "point": 1, "testname": "TRAN", "cornername": "Nominal"}
[2026-09-01 04:33:17.708 Z] [INFO] [cadence.virtuoso.ade.simulationMonitor] - Time used: CPU = 269 ms, elapsed = 1.39 s, util. = 19.3%. {"history": "Interactive.216", "point": 1, "testname": "TRAN", "cornername": "Nominal"}
[2026-09-01 04:33:17.708 Z] [INFO] [cadence.virtuoso.ade.simulationMonitor] - Time spent in licensing: elapsed = 23.6 ms. {"history": "Interactive.216", "point": 1, "testname": "TRAN", "cornername": "Nominal"}
[2026-09-01 04:33:17.708 Z] [INFO] [cadence.virtuoso.ade.simulationMonitor] - Peak memory used = 201 Mbytes. {"history": "Interactive.216", "point": 1, "testname": "TRAN", "cornername": "Nominal"}
[2026-09-01 04:33:17.708 Z] [PROCESS] [cadence.virtuoso.ade.simulationMonitor] - Simulation started at: 4:33:15 AM, Tue Sep 1, 2026, ended at: 4:33:17 AM, Tue Sep 1, 2026, with elapsed time (wall clock): 1.39 s. {"history": "Interactive.216", "point": 1, "testname": "TRAN", "cornername": "Nominal"}
[2026-09-01 04:33:17.708 Z] [PROCESS] [cadence.virtuoso.ade.simulationMonitor] - spectre completes with 0 errors, 4 warnings, and 12 notices. {"history": "Interactive.216", "point": 1, "testname": "TRAN", "cornername": "Nominal"}
[2026-09-01 04:33:17.708 Z] [PROCESS] [cadence.virtuoso.ade.simulationMonitor] - Finished simulating for one point {"hostname": "edatools", "processid": 88829, "history": "Interactive.216", "testname": "TRAN", "cornername": "Nominal", "point": 1, "logfile": "/home/saul/projects/LF_BG/logs_saul/logs5/Job6.log", "simid": "1"}
[2026-09-01 04:33:17.708 Z] [PROCESS] [cadence.virtuoso.ade.simulationMonitor] - Simulator exited {"hostname": "edatools", "processid": 88829, "history": "Interactive.216", "testname": "TRAN", "cornername": "Nominal", "point": 1, "logfile": "/home/saul/projects/LF_BG/logs_saul/logs5/Job6.log", "exitStatus": "0"}
[2026-09-01 04:33:17.708 Z] [PROCESS] [cadence.virtuoso.ade.simulationMonitor] - Finished Simulation {"hostname": "edatools", "processid": 88829, "history": "Interactive.216", "testname": "TRAN", "cornername": "Nominal", "point": 1, "logfile": "/home/saul/projects/LF_BG/logs_saul/logs5/Job6.log", "simid": "1"}
[2026-09-01 04:33:19.215 Z] [PROCESS] [cadence.virtuoso.ade.simulationMonitor] - Point Finished {"hostname": "edatools", "processid": 88829, "history": "Interactive.216", "testname": "TRAN", "cornername": "Nominal", "point": 1, "logfile": "/home/saul/projects/LF_BG/logs_saul/logs5/Job6.log"}
[2026-09-01 04:33:36.630 Z] [PROCESS] [cadence.virtuoso.ade.simulationMonitor] - Started History {"hostname": "edatools", "processid": 88829, "history": "Interactive.217", "testname": "TRAN", "cornername": "Nominal", "point": 1, "logfile": "/home/saul/projects/LF_BG/logs_saul/logs5/Job6.log"}
[2026-09-01 04:33:36.630 Z] [PROCESS] [cadence.virtuoso.ade.simulationMonitor] - HostInfo:
Host name (type):	edatools (x86_64)
Operating system:	Linux 7.0.0-30-generic #30~24.04.1-Ubuntu SMP PREEMPT_DYNAMIC Fri Aug  7 13:27:52 UTC 2 {"hostname": "edatools", "processid": 88829, "history": "Interactive.217", "testname": "TRAN", "cornername": "Nominal", "point": 1, "logfile": "/home/saul/projects/LF_BG/logs_saul/logs5/Job6.log", "nodename": "edatools", "domainname": "(none)", "machine": "x86_64", "sysname": "Linux", "release": "7.0.0-30-generic", "version": "#30~24.04.1-Ubuntu SMP PREEMPT_DYNAMIC Fri Aug  7 13:27:52 UTC 2"}
[2026-09-01 04:33:36.631 Z] [PROCESS] [cadence.virtuoso.ade.simulationMonitor] - UsageInfo:
pid=88829
totalPhysicalMemory=62.541851GB,Used=21.372742GB,totalVirtualMemory=70.541847GB,Used=21.372742GB
Cpu: Cores=16, Load average:0.800000,0.480000,0.410000 {"hostname": "edatools", "processid": 88829, "history": "Interactive.217", "testname": "TRAN", "cornername": "Nominal", "point": 1, "logfile": "/home/saul/projects/LF_BG/logs_saul/logs5/Job6.log", "pid": "88829", "totalPhysicalMemory": "62.541851", "physicalMemoryUsed": "21.372742", "totalVirtualMemory": "70.541847", "virtualMemoryUsed": "21.372742", "cpuCores": "16", "processes": "2058", "loadAverage1": "0.800000", "loadAverage5": "0.480000", "loadAverage15": "0.410000", "loadAverage1Percent": "0.050000"}
[2026-09-01 04:33:36.632 Z] [EVENT] [cadence.virtuoso.ade.simulationMonitor] - NewPoint {"history": "Interactive.217", "point": 1, "testname": "TRAN", "cornername": "Nominal", "event": "NewPoint", "EventSource": "Simulation Monitor", "HistoryName": "Interactive.217", "logFile": "/home/saul/projects/LF_BG/logs_saul/logs5/Job6.log", "logFileSize": "14135"}
[2026-09-01 04:33:36.734 Z] [EVENT] [cadence.virtuoso.ade.simulationMonitor] - NewPoint {"history": "Interactive.217", "point": 1, "testname": "TRAN", "cornername": "Nominal", "event": "NewPoint", "EventSource": "spectre", "HistoryName": "Interactive.217", "logFile": "/home/saul/simulation/REF_GEN/REF_GEN_f_TB/maestro/results/maestro/Interactive.217/1/TRAN/psf/spectre.out", "logFileSize": "-1"}
[2026-09-01 04:33:36.750 Z] [PROCESS] [cadence.virtuoso.ade.simulationMonitor] - Simulator launched {"hostname": "edatools", "processid": 88829, "history": "Interactive.217", "testname": "TRAN", "cornername": "Nominal", "point": 1, "logfile": "/home/saul/projects/LF_BG/logs_saul/logs5/Job6.log", "simid": "2"}
[2026-09-01 04:33:36.751 Z] [PROCESS] [cadence.virtuoso.ade.simulationMonitor] - Expression evaluator launched {"hostname": "edatools", "processid": 88829, "history": "Interactive.217", "testname": "TRAN", "cornername": "Nominal", "point": 1, "logfile": "/home/saul/projects/LF_BG/logs_saul/logs5/Job6.log"}
[2026-09-01 04:33:36.789 Z] [PROCESS] [cadence.virtuoso.ade.simulationMonitor] - Started Simulation {"hostname": "edatools", "processid": 88829, "history": "Interactive.217", "testname": "TRAN", "cornername": "Nominal", "point": 1, "logfile": "/home/saul/projects/LF_BG/logs_saul/logs5/Job6.log", "event": "started", "task": "simulation"}
[2026-09-01 04:33:37.289 Z] [INFO] [cadence.virtuoso.ade.simulationMonitor] - Peak resident memory used = 169 Mbytes. {"history": "Interactive.217", "point": 1, "testname": "TRAN", "cornername": "Nominal"}
[2026-09-01 04:33:38.290 Z] [INFO] [cadence.virtuoso.ade.simulationMonitor] - Notice from spectre during hierarchy flattening.
    Parasitic optimization will filter out parasitic nodes, nodes only connected to RCs, by default. To view individual parasitic nodes use individual save statements (i.e. save out), or use the 'savefilter=none' option to save all parasitic nodes. Saving all parasitic nodes may slow down simulation and create large waveform files. {"history": "Interactive.217", "point": 1, "testname": "TRAN", "cornername": "Nominal"}
[2026-09-01 04:33:38.290 Z] [INFO] [cadence.virtuoso.ade.simulationMonitor] - Peak resident memory used = 194 Mbytes. {"history": "Interactive.217", "point": 1, "testname": "TRAN", "cornername": "Nominal"}
[2026-09-01 04:33:38.290 Z] [INFO] [cadence.virtuoso.ade.simulationMonitor] - Notice from spectre during hierarchy flattening.
    The value 'psf' specified for the 'checklimitdest' option will no longer be supported in future releases. Use 'spectre -h' to see other recommended values for the 'checklimitdest' option. {"history": "Interactive.217", "point": 1, "testname": "TRAN", "cornername": "Nominal"}
[2026-09-01 04:33:38.290 Z] [WARN] [cadence.virtuoso.ade.simulationMonitor] -     WARNING (SPECTRE-16718): inlinesubcktcurrent option is set as `subckt', all the inline subckts will be treated as normal subckts when you access the current of their terminals. {"history": "Interactive.217", "point": 1, "testname": "TRAN", "cornername": "Nominal"}
[2026-09-01 04:33:38.290 Z] [WARN] [cadence.virtuoso.ade.simulationMonitor] -     WARNING (SPECTRE-8527): There are some nodes and instances removed from the netlist topology check. Check the circuit and correct the topology. Or use preserve_inst to keep them if necessary. {"history": "Interactive.217", "point": 1, "testname": "TRAN", "cornername": "Nominal"}
[2026-09-01 04:33:38.290 Z] [WARN] [cadence.virtuoso.ade.simulationMonitor] -     WARNING (SPECTRE-8529): Dangling instance. V9 is removed. {"history": "Interactive.217", "point": 1, "testname": "TRAN", "cornername": "Nominal"}
[2026-09-01 04:33:38.291 Z] [WARN] [cadence.virtuoso.ade.simulationMonitor] -     WARNING (SPECTRE-8530): Dangling node. net9 is removed. {"history": "Interactive.217", "point": 1, "testname": "TRAN", "cornername": "Nominal"}
[2026-09-01 04:33:38.291 Z] [INFO] [cadence.virtuoso.ade.simulationMonitor] - Peak resident memory used = 196 Mbytes. {"history": "Interactive.217", "point": 1, "testname": "TRAN", "cornername": "Nominal"}
[2026-09-01 04:33:38.291 Z] [INFO] [cadence.virtuoso.ade.simulationMonitor] - Notice from spectre during topology check.
    No DC path from node `VbgT' to ground, Gmin installed to provide path.
    No DC path from node `V1000' to ground, Gmin installed to provide path.
    No DC path from node `V550' to ground, Gmin installed to provide path.
    No DC path from node `LVDS' to ground, Gmin installed to provide path.
    No DC path from node `LDO' to ground, Gmin installed to provide path.
        Further occurrences of this notice will be suppressed. {"history": "Interactive.217", "point": 1, "testname": "TRAN", "cornername": "Nominal"}
[2026-09-01 04:33:38.291 Z] [INFO] [cadence.virtuoso.ade.simulationMonitor] - Notice from spectre during initial setup.
    Number of thread was limited to 1 because of small circuit size. {"history": "Interactive.217", "point": 1, "testname": "TRAN", "cornername": "Nominal"}
[2026-09-01 04:33:38.291 Z] [INFO] [cadence.virtuoso.ade.simulationMonitor] -               nodes 56 {"history": "Interactive.217", "point": 1, "testname": "TRAN", "cornername": "Nominal"}
[2026-09-01 04:33:38.291 Z] [INFO] [cadence.virtuoso.ade.simulationMonitor] - Notice from spectre during initial setup.
    Parasitics reduction enabled. 
         (Resistors reduced by 0.00%  Capacitors reduced by 0.00%, 0.00% of capacitors are coupled after RC reduction).  {"history": "Interactive.217", "point": 1, "testname": "TRAN", "cornername": "Nominal"}
[2026-09-01 04:33:38.291 Z] [INFO] [cadence.virtuoso.ade.simulationMonitor] - Notice from spectre during initial setup.
    1 vsources are shorted because their absolute value is less than or equal to 'vabsshort'.
    Fast APS enabled. {"history": "Interactive.217", "point": 1, "testname": "TRAN", "cornername": "Nominal"}
[2026-09-01 04:33:38.291 Z] [INFO] [cadence.virtuoso.ade.simulationMonitor] - Peak resident memory used = 202 Mbytes. {"history": "Interactive.217", "point": 1, "testname": "TRAN", "cornername": "Nominal"}
[2026-09-01 04:33:38.291 Z] [INFO] [cadence.virtuoso.ade.simulationMonitor] -    -   (Fast APS) Multi-threading. The recommended number of threads is 1, consider adding +mt=1 on command line. {"history": "Interactive.217", "point": 1, "testname": "TRAN", "cornername": "Nominal"}
[2026-09-01 04:33:38.291 Z] [INFO] [cadence.virtuoso.ade.simulationMonitor] - Total time required for dc analysis `dcOp': CPU = 1.969 ms, elapsed = 5.98407 ms, util. = 32.9%. {"history": "Interactive.217", "point": 1, "testname": "TRAN", "cornername": "Nominal"}
[2026-09-01 04:33:38.291 Z] [INFO] [cadence.virtuoso.ade.simulationMonitor] - Peak resident memory used = 202 Mbytes. {"history": "Interactive.217", "point": 1, "testname": "TRAN", "cornername": "Nominal"}
[2026-09-01 04:33:38.292 Z] [INFO] [cadence.virtuoso.ade.simulationMonitor] - Total time required for tran analysis `tran': CPU = 39.547 ms, elapsed = 43.0179 ms, util. = 91.9%. {"history": "Interactive.217", "point": 1, "testname": "TRAN", "cornername": "Nominal"}
[2026-09-01 04:33:38.292 Z] [INFO] [cadence.virtuoso.ade.simulationMonitor] - Peak resident memory used = 202 Mbytes. {"history": "Interactive.217", "point": 1, "testname": "TRAN", "cornername": "Nominal"}
[2026-09-01 04:33:38.792 Z] [INFO] [cadence.virtuoso.ade.simulationMonitor] - Time used: CPU = 272 ms, elapsed = 1.31 s, util. = 20.7%. {"history": "Interactive.217", "point": 1, "testname": "TRAN", "cornername": "Nominal"}
[2026-09-01 04:33:38.792 Z] [INFO] [cadence.virtuoso.ade.simulationMonitor] - Time spent in licensing: elapsed = 23.5 ms. {"history": "Interactive.217", "point": 1, "testname": "TRAN", "cornername": "Nominal"}
[2026-09-01 04:33:38.793 Z] [INFO] [cadence.virtuoso.ade.simulationMonitor] - Peak memory used = 201 Mbytes. {"history": "Interactive.217", "point": 1, "testname": "TRAN", "cornername": "Nominal"}
[2026-09-01 04:33:38.793 Z] [PROCESS] [cadence.virtuoso.ade.simulationMonitor] - Simulation started at: 4:33:36 AM, Tue Sep 1, 2026, ended at: 4:33:38 AM, Tue Sep 1, 2026, with elapsed time (wall clock): 1.31 s. {"history": "Interactive.217", "point": 1, "testname": "TRAN", "cornername": "Nominal"}
[2026-09-01 04:33:38.793 Z] [PROCESS] [cadence.virtuoso.ade.simulationMonitor] - spectre completes with 0 errors, 4 warnings, and 12 notices. {"history": "Interactive.217", "point": 1, "testname": "TRAN", "cornername": "Nominal"}
[2026-09-01 04:33:38.793 Z] [PROCESS] [cadence.virtuoso.ade.simulationMonitor] - Finished simulating for one point {"hostname": "edatools", "processid": 88829, "history": "Interactive.217", "testname": "TRAN", "cornername": "Nominal", "point": 1, "logfile": "/home/saul/projects/LF_BG/logs_saul/logs5/Job6.log", "simid": "2"}
[2026-09-01 04:33:38.793 Z] [PROCESS] [cadence.virtuoso.ade.simulationMonitor] - Simulator exited {"hostname": "edatools", "processid": 88829, "history": "Interactive.217", "testname": "TRAN", "cornername": "Nominal", "point": 1, "logfile": "/home/saul/projects/LF_BG/logs_saul/logs5/Job6.log", "exitStatus": "0"}
[2026-09-01 04:33:38.793 Z] [PROCESS] [cadence.virtuoso.ade.simulationMonitor] - Finished Simulation {"hostname": "edatools", "processid": 88829, "history": "Interactive.217", "testname": "TRAN", "cornername": "Nominal", "point": 1, "logfile": "/home/saul/projects/LF_BG/logs_saul/logs5/Job6.log", "simid": "2"}
[2026-09-01 04:33:40.300 Z] [PROCESS] [cadence.virtuoso.ade.simulationMonitor] - Point Finished {"hostname": "edatools", "processid": 88829, "history": "Interactive.217", "testname": "TRAN", "cornername": "Nominal", "point": 1, "logfile": "/home/saul/projects/LF_BG/logs_saul/logs5/Job6.log"}
[2026-09-01 04:37:01.123 Z] [PROCESS] [cadence.virtuoso.ade.simulationMonitor] - Started History {"hostname": "edatools", "processid": 88829, "history": "Interactive.218", "testname": "TRAN", "cornername": "Nominal", "point": 1, "logfile": "/home/saul/projects/LF_BG/logs_saul/logs5/Job6.log"}
[2026-09-01 04:37:01.124 Z] [PROCESS] [cadence.virtuoso.ade.simulationMonitor] - HostInfo:
Host name (type):	edatools (x86_64)
Operating system:	Linux 7.0.0-30-generic #30~24.04.1-Ubuntu SMP PREEMPT_DYNAMIC Fri Aug  7 13:27:52 UTC 2 {"hostname": "edatools", "processid": 88829, "history": "Interactive.218", "testname": "TRAN", "cornername": "Nominal", "point": 1, "logfile": "/home/saul/projects/LF_BG/logs_saul/logs5/Job6.log", "nodename": "edatools", "domainname": "(none)", "machine": "x86_64", "sysname": "Linux", "release": "7.0.0-30-generic", "version": "#30~24.04.1-Ubuntu SMP PREEMPT_DYNAMIC Fri Aug  7 13:27:52 UTC 2"}
[2026-09-01 04:37:01.125 Z] [PROCESS] [cadence.virtuoso.ade.simulationMonitor] - UsageInfo:
pid=88829
totalPhysicalMemory=62.541851GB,Used=21.336002GB,totalVirtualMemory=70.541847GB,Used=21.336002GB
Cpu: Cores=16, Load average:0.190000,0.340000,0.370000 {"hostname": "edatools", "processid": 88829, "history": "Interactive.218", "testname": "TRAN", "cornername": "Nominal", "point": 1, "logfile": "/home/saul/projects/LF_BG/logs_saul/logs5/Job6.log", "pid": "88829", "totalPhysicalMemory": "62.541851", "physicalMemoryUsed": "21.336002", "totalVirtualMemory": "70.541847", "virtualMemoryUsed": "21.336002", "cpuCores": "16", "processes": "2043", "loadAverage1": "0.190000", "loadAverage5": "0.340000", "loadAverage15": "0.370000", "loadAverage1Percent": "0.011875"}
[2026-09-01 04:37:01.126 Z] [EVENT] [cadence.virtuoso.ade.simulationMonitor] - NewPoint {"history": "Interactive.218", "point": 1, "testname": "OP", "cornername": "Nominal", "event": "NewPoint", "EventSource": "Simulation Monitor", "HistoryName": "Interactive.218", "logFile": "/home/saul/projects/LF_BG/logs_saul/logs5/Job6.log", "logFileSize": "25908"}
[2026-09-01 04:37:01.228 Z] [EVENT] [cadence.virtuoso.ade.simulationMonitor] - NewPoint {"history": "Interactive.218", "point": 1, "testname": "OP", "cornername": "Nominal", "event": "NewPoint", "EventSource": "spectre", "HistoryName": "Interactive.218", "logFile": "/home/saul/simulation/REF_GEN/REF_GEN_f_TB/maestro/results/maestro/Interactive.218/1/OP/psf/spectre.out", "logFileSize": "-1"}
[2026-09-01 04:37:01.245 Z] [PROCESS] [cadence.virtuoso.ade.simulationMonitor] - Simulator launched {"hostname": "edatools", "processid": 88829, "history": "Interactive.218", "testname": "OP", "cornername": "Nominal", "point": 1, "logfile": "/home/saul/projects/LF_BG/logs_saul/logs5/Job6.log", "simid": "3"}
[2026-09-01 04:37:01.248 Z] [PROCESS] [cadence.virtuoso.ade.simulationMonitor] - Expression evaluator launched {"hostname": "edatools", "processid": 88829, "history": "Interactive.218", "testname": "OP", "cornername": "Nominal", "point": 1, "logfile": "/home/saul/projects/LF_BG/logs_saul/logs5/Job6.log"}
[2026-09-01 04:37:01.288 Z] [PROCESS] [cadence.virtuoso.ade.simulationMonitor] - Started Simulation {"hostname": "edatools", "processid": 88829, "history": "Interactive.218", "testname": "OP", "cornername": "Nominal", "point": 1, "logfile": "/home/saul/projects/LF_BG/logs_saul/logs5/Job6.log", "event": "started", "task": "simulation"}
[2026-09-01 04:37:01.788 Z] [INFO] [cadence.virtuoso.ade.simulationMonitor] - Peak resident memory used = 169 Mbytes. {"history": "Interactive.218", "point": 1, "testname": "OP", "cornername": "Nominal"}
[2026-09-01 04:37:02.289 Z] [INFO] [cadence.virtuoso.ade.simulationMonitor] - Peak resident memory used = 179 Mbytes. {"history": "Interactive.218", "point": 1, "testname": "OP", "cornername": "Nominal"}
[2026-09-01 04:37:02.290 Z] [INFO] [cadence.virtuoso.ade.simulationMonitor] - Notice from spectre during hierarchy flattening.
    The value 'psf' specified for the 'checklimitdest' option will no longer be supported in future releases. Use 'spectre -h' to see other recommended values for the 'checklimitdest' option. {"history": "Interactive.218", "point": 1, "testname": "OP", "cornername": "Nominal"}
[2026-09-01 04:37:02.290 Z] [WARN] [cadence.virtuoso.ade.simulationMonitor] -     WARNING (SPECTRE-16718): inlinesubcktcurrent option is set as `subckt', all the inline subckts will be treated as normal subckts when you access the current of their terminals. {"history": "Interactive.218", "point": 1, "testname": "OP", "cornername": "Nominal"}
[2026-09-01 04:37:02.291 Z] [WARN] [cadence.virtuoso.ade.simulationMonitor] -     WARNING (SPECTRE-8527): There are some nodes and instances removed from the netlist topology check. Check the circuit and correct the topology. Or use preserve_inst to keep them if necessary. {"history": "Interactive.218", "point": 1, "testname": "OP", "cornername": "Nominal"}
[2026-09-01 04:37:02.291 Z] [WARN] [cadence.virtuoso.ade.simulationMonitor] -     WARNING (SPECTRE-8529): Dangling instance. V9 is removed. {"history": "Interactive.218", "point": 1, "testname": "OP", "cornername": "Nominal"}
[2026-09-01 04:37:02.291 Z] [WARN] [cadence.virtuoso.ade.simulationMonitor] -     WARNING (SPECTRE-8530): Dangling node. net9 is removed. {"history": "Interactive.218", "point": 1, "testname": "OP", "cornername": "Nominal"}
[2026-09-01 04:37:02.292 Z] [INFO] [cadence.virtuoso.ade.simulationMonitor] - Peak resident memory used = 180 Mbytes. {"history": "Interactive.218", "point": 1, "testname": "OP", "cornername": "Nominal"}
[2026-09-01 04:37:02.292 Z] [INFO] [cadence.virtuoso.ade.simulationMonitor] - Notice from spectre during topology check.
    No DC path from node `VbgT' to ground, Gmin installed to provide path.
    No DC path from node `V1000' to ground, Gmin installed to provide path.
    No DC path from node `V550' to ground, Gmin installed to provide path.
    No DC path from node `LVDS' to ground, Gmin installed to provide path.
    No DC path from node `LDO' to ground, Gmin installed to provide path.
        Further occurrences of this notice will be suppressed. {"history": "Interactive.218", "point": 1, "testname": "OP", "cornername": "Nominal"}
[2026-09-01 04:37:02.293 Z] [INFO] [cadence.virtuoso.ade.simulationMonitor] - Notice from spectre during initial setup.
    Multithreading is disabled due to the size of the design being too small. {"history": "Interactive.218", "point": 1, "testname": "OP", "cornername": "Nominal"}
[2026-09-01 04:37:02.293 Z] [INFO] [cadence.virtuoso.ade.simulationMonitor] -               nodes 56 {"history": "Interactive.218", "point": 1, "testname": "OP", "cornername": "Nominal"}
[2026-09-01 04:37:02.294 Z] [INFO] [cadence.virtuoso.ade.simulationMonitor] - Notice from spectre during initial setup.
    Fast APS enabled. {"history": "Interactive.218", "point": 1, "testname": "OP", "cornername": "Nominal"}
[2026-09-01 04:37:02.294 Z] [INFO] [cadence.virtuoso.ade.simulationMonitor] - Peak resident memory used = 184 Mbytes. {"history": "Interactive.218", "point": 1, "testname": "OP", "cornername": "Nominal"}
[2026-09-01 04:37:02.294 Z] [INFO] [cadence.virtuoso.ade.simulationMonitor] -    -   (Fast APS) Multi-threading. The recommended number of threads is 1, consider adding +mt=1 on command line. {"history": "Interactive.218", "point": 1, "testname": "OP", "cornername": "Nominal"}
[2026-09-01 04:37:02.294 Z] [INFO] [cadence.virtuoso.ade.simulationMonitor] - Total time required for dc analysis `dcOp': CPU = 1.514 ms, elapsed = 4.92811 ms, util. = 30.7%. {"history": "Interactive.218", "point": 1, "testname": "OP", "cornername": "Nominal"}
[2026-09-01 04:37:02.295 Z] [INFO] [cadence.virtuoso.ade.simulationMonitor] - Peak resident memory used = 186 Mbytes. {"history": "Interactive.218", "point": 1, "testname": "OP", "cornername": "Nominal"}
[2026-09-01 04:37:02.295 Z] [INFO] [cadence.virtuoso.ade.simulationMonitor] - Time used: CPU = 167 ms, elapsed = 371 ms, util. = 45%. {"history": "Interactive.218", "point": 1, "testname": "OP", "cornername": "Nominal"}
[2026-09-01 04:37:02.295 Z] [INFO] [cadence.virtuoso.ade.simulationMonitor] - Time spent in licensing: elapsed = 23.1 ms, percentage of total = 6.23%. {"history": "Interactive.218", "point": 1, "testname": "OP", "cornername": "Nominal"}
[2026-09-01 04:37:02.295 Z] [INFO] [cadence.virtuoso.ade.simulationMonitor] - Peak memory used = 187 Mbytes. {"history": "Interactive.218", "point": 1, "testname": "OP", "cornername": "Nominal"}
[2026-09-01 04:37:02.295 Z] [PROCESS] [cadence.virtuoso.ade.simulationMonitor] - Simulation started at: 4:37:01 AM, Tue Sep 1, 2026, ended at: 4:37:01 AM, Tue Sep 1, 2026, with elapsed time (wall clock): 371 ms. {"history": "Interactive.218", "point": 1, "testname": "OP", "cornername": "Nominal"}
[2026-09-01 04:37:02.295 Z] [PROCESS] [cadence.virtuoso.ade.simulationMonitor] - spectre completes with 0 errors, 4 warnings, and 9 notices. {"history": "Interactive.218", "point": 1, "testname": "OP", "cornername": "Nominal"}
[2026-09-01 04:37:02.295 Z] [PROCESS] [cadence.virtuoso.ade.simulationMonitor] - Finished simulating for one point {"hostname": "edatools", "processid": 88829, "history": "Interactive.218", "testname": "OP", "cornername": "Nominal", "point": 1, "logfile": "/home/saul/projects/LF_BG/logs_saul/logs5/Job6.log", "simid": "3"}
[2026-09-01 04:37:02.295 Z] [PROCESS] [cadence.virtuoso.ade.simulationMonitor] - Simulator exited {"hostname": "edatools", "processid": 88829, "history": "Interactive.218", "testname": "OP", "cornername": "Nominal", "point": 1, "logfile": "/home/saul/projects/LF_BG/logs_saul/logs5/Job6.log", "exitStatus": "0"}
[2026-09-01 04:37:02.295 Z] [PROCESS] [cadence.virtuoso.ade.simulationMonitor] - Finished Simulation {"hostname": "edatools", "processid": 88829, "history": "Interactive.218", "testname": "OP", "cornername": "Nominal", "point": 1, "logfile": "/home/saul/projects/LF_BG/logs_saul/logs5/Job6.log", "simid": "3"}
[2026-09-01 04:37:04.302 Z] [PROCESS] [cadence.virtuoso.ade.simulationMonitor] - Point Finished {"hostname": "edatools", "processid": 88829, "history": "Interactive.218", "testname": "OP", "cornername": "Nominal", "point": 1, "logfile": "/home/saul/projects/LF_BG/logs_saul/logs5/Job6.log"}
[2026-09-01 04:42:04.924 Z] [PROCESS] [cadence.virtuoso.ade.simulationMonitor] - Current memory used: 52.9375 MBytes, peak memory used: 52.9375 MBytes {"hostname": "edatools", "processid": 88829, "history": "Interactive.218", "testname": "OP", "cornername": "Nominal", "point": 1, "logfile": "/home/saul/projects/LF_BG/logs_saul/logs5/Job6.log"}
[2026-09-01 04:42:04.925 Z] [PROCESS] [cadence.virtuoso.ade.simulationMonitor] - Simulation Monitor process exit. {"hostname": "edatools", "processid": 88829, "history": "Interactive.218", "testname": "OP", "cornername": "Nominal", "point": 1, "logfile": "/home/saul/projects/LF_BG/logs_saul/logs5/Job6.log"}
