[Simulation Monitor: 7]
[2026-09-01 04:42:40.616 Z] [PROCESS] [cadence.virtuoso.ade.simulationMonitor] - Simulation Monitor has successfully started up. Trying to set up communication channels to other components ... {"hostname": "edatools", "processid": 91707, "logfile": "/home/saul/projects/LF_BG/logs_saul/logs5/Job7.log"}
[2026-09-01 04:42:40.616 Z] [PROCESS] [cadence.virtuoso.ade.simulationMonitor] - Communication channels have been successfully set up. Start processing events ... {"hostname": "edatools", "processid": 91707, "logfile": "/home/saul/projects/LF_BG/logs_saul/logs5/Job7.log"}
[2026-09-01 04:42:40.616 Z] [PROCESS] [cadence.virtuoso.ade.simulationMonitor] - Considering to start history {"hostname": "edatools", "processid": 91707, "history": "Interactive.215", "logfile": "/home/saul/projects/LF_BG/logs_saul/logs5/Job7.log"}
[2026-09-01 04:42:40.617 Z] [PROCESS] [cadence.virtuoso.ade.simulationMonitor] - Started History {"hostname": "edatools", "processid": 91707, "history": "Interactive.219", "logfile": "/home/saul/projects/LF_BG/logs_saul/logs5/Job7.log"}
[2026-09-01 04:42:40.617 Z] [PROCESS] [cadence.virtuoso.ade.simulationMonitor] - HostInfo:
Host name (type):	edatools (x86_64)
Operating system:	Linux 7.0.0-30-generic #30~24.04.1-Ubuntu SMP PREEMPT_DYNAMIC Fri Aug  7 13:27:52 UTC 2 {"hostname": "edatools", "processid": 91707, "history": "Interactive.219", "logfile": "/home/saul/projects/LF_BG/logs_saul/logs5/Job7.log", "nodename": "edatools", "domainname": "(none)", "machine": "x86_64", "sysname": "Linux", "release": "7.0.0-30-generic", "version": "#30~24.04.1-Ubuntu SMP PREEMPT_DYNAMIC Fri Aug  7 13:27:52 UTC 2"}
[2026-09-01 04:42:40.617 Z] [PROCESS] [cadence.virtuoso.ade.simulationMonitor] - UsageInfo:
pid=91707
totalPhysicalMemory=62.541851GB,Used=21.408642GB,totalVirtualMemory=70.541847GB,Used=21.408642GB
Cpu: Cores=16, Load average:0.560000,0.400000,0.380000 {"hostname": "edatools", "processid": 91707, "history": "Interactive.219", "logfile": "/home/saul/projects/LF_BG/logs_saul/logs5/Job7.log", "pid": "91707", "totalPhysicalMemory": "62.541851", "physicalMemoryUsed": "21.408642", "totalVirtualMemory": "70.541847", "virtualMemoryUsed": "21.408642", "cpuCores": "16", "processes": "2044", "loadAverage1": "0.560000", "loadAverage5": "0.400000", "loadAverage15": "0.380000", "loadAverage1Percent": "0.035000"}
[2026-09-01 04:42:40.618 Z] [EVENT] [cadence.virtuoso.ade.simulationMonitor] - NewPoint {"history": "Interactive.219", "point": 1, "testname": "OP", "cornername": "Nominal", "event": "NewPoint", "EventSource": "Simulation Monitor", "HistoryName": "Interactive.219", "logFile": "/home/saul/projects/LF_BG/logs_saul/logs5/Job7.log", "logFileSize": "2368"}
[2026-09-01 04:42:40.718 Z] [EVENT] [cadence.virtuoso.ade.simulationMonitor] - NewPoint {"history": "Interactive.219", "point": 1, "testname": "OP", "cornername": "Nominal", "event": "NewPoint", "EventSource": "spectre", "HistoryName": "Interactive.219", "logFile": "/home/saul/simulation/REF_GEN/REF_GEN_f_TB/maestro/results/maestro/Interactive.219/1/OP/psf/spectre.out", "logFileSize": "-1"}
[2026-09-01 04:42:40.729 Z] [PROCESS] [cadence.virtuoso.ade.simulationMonitor] - Simulator launched {"hostname": "edatools", "processid": 91707, "history": "Interactive.219", "testname": "OP", "cornername": "Nominal", "point": 1, "logfile": "/home/saul/projects/LF_BG/logs_saul/logs5/Job7.log", "simid": "1"}
[2026-09-01 04:42:40.730 Z] [PROCESS] [cadence.virtuoso.ade.simulationMonitor] - Expression evaluator launched {"hostname": "edatools", "processid": 91707, "history": "Interactive.219", "testname": "OP", "cornername": "Nominal", "point": 1, "logfile": "/home/saul/projects/LF_BG/logs_saul/logs5/Job7.log"}
[2026-09-01 04:42:40.772 Z] [PROCESS] [cadence.virtuoso.ade.simulationMonitor] - Started Simulation {"hostname": "edatools", "processid": 91707, "history": "Interactive.219", "testname": "OP", "cornername": "Nominal", "point": 1, "logfile": "/home/saul/projects/LF_BG/logs_saul/logs5/Job7.log", "event": "started", "task": "simulation"}
[2026-09-01 04:42:41.272 Z] [INFO] [cadence.virtuoso.ade.simulationMonitor] - Peak resident memory used = 169 Mbytes. {"history": "Interactive.219", "point": 1, "testname": "OP", "cornername": "Nominal"}
[2026-09-01 04:42:42.773 Z] [INFO] [cadence.virtuoso.ade.simulationMonitor] - Peak resident memory used = 194 Mbytes. {"history": "Interactive.219", "point": 1, "testname": "OP", "cornername": "Nominal"}
[2026-09-01 04:42:42.773 Z] [INFO] [cadence.virtuoso.ade.simulationMonitor] - Notice from spectre during hierarchy flattening.
    The value 'psf' specified for the 'checklimitdest' option will no longer be supported in future releases. Use 'spectre -h' to see other recommended values for the 'checklimitdest' option. {"history": "Interactive.219", "point": 1, "testname": "OP", "cornername": "Nominal"}
[2026-09-01 04:42:42.773 Z] [WARN] [cadence.virtuoso.ade.simulationMonitor] -     WARNING (SPECTRE-16718): inlinesubcktcurrent option is set as `subckt', all the inline subckts will be treated as normal subckts when you access the current of their terminals. {"history": "Interactive.219", "point": 1, "testname": "OP", "cornername": "Nominal"}
[2026-09-01 04:42:42.773 Z] [WARN] [cadence.virtuoso.ade.simulationMonitor] -     WARNING (SPECTRE-8527): There are some nodes and instances removed from the netlist topology check. Check the circuit and correct the topology. Or use preserve_inst to keep them if necessary. {"history": "Interactive.219", "point": 1, "testname": "OP", "cornername": "Nominal"}
[2026-09-01 04:42:42.773 Z] [WARN] [cadence.virtuoso.ade.simulationMonitor] -     WARNING (SPECTRE-8529): Dangling instance. V9 is removed. {"history": "Interactive.219", "point": 1, "testname": "OP", "cornername": "Nominal"}
[2026-09-01 04:42:42.773 Z] [WARN] [cadence.virtuoso.ade.simulationMonitor] -     WARNING (SPECTRE-8530): Dangling node. net9 is removed. {"history": "Interactive.219", "point": 1, "testname": "OP", "cornername": "Nominal"}
[2026-09-01 04:42:42.773 Z] [INFO] [cadence.virtuoso.ade.simulationMonitor] - Peak resident memory used = 196 Mbytes. {"history": "Interactive.219", "point": 1, "testname": "OP", "cornername": "Nominal"}
[2026-09-01 04:42:42.773 Z] [INFO] [cadence.virtuoso.ade.simulationMonitor] - Notice from spectre during topology check.
    No DC path from node `VbgT' to ground, Gmin installed to provide path.
    No DC path from node `V1000' to ground, Gmin installed to provide path.
    No DC path from node `V550' to ground, Gmin installed to provide path.
    No DC path from node `LVDS' to ground, Gmin installed to provide path.
    No DC path from node `LDO' to ground, Gmin installed to provide path.
        Further occurrences of this notice will be suppressed. {"history": "Interactive.219", "point": 1, "testname": "OP", "cornername": "Nominal"}
[2026-09-01 04:42:42.774 Z] [INFO] [cadence.virtuoso.ade.simulationMonitor] - Notice from spectre during initial setup.
    Multithreading is disabled due to the size of the design being too small. {"history": "Interactive.219", "point": 1, "testname": "OP", "cornername": "Nominal"}
[2026-09-01 04:42:42.774 Z] [INFO] [cadence.virtuoso.ade.simulationMonitor] -               nodes 56 {"history": "Interactive.219", "point": 1, "testname": "OP", "cornername": "Nominal"}
[2026-09-01 04:42:42.774 Z] [INFO] [cadence.virtuoso.ade.simulationMonitor] - Notice from spectre during initial setup.
    Fast APS enabled. {"history": "Interactive.219", "point": 1, "testname": "OP", "cornername": "Nominal"}
[2026-09-01 04:42:42.774 Z] [INFO] [cadence.virtuoso.ade.simulationMonitor] - Peak resident memory used = 199 Mbytes. {"history": "Interactive.219", "point": 1, "testname": "OP", "cornername": "Nominal"}
[2026-09-01 04:42:42.774 Z] [INFO] [cadence.virtuoso.ade.simulationMonitor] -    -   (Fast APS) Multi-threading. The recommended number of threads is 1, consider adding +mt=1 on command line. {"history": "Interactive.219", "point": 1, "testname": "OP", "cornername": "Nominal"}
[2026-09-01 04:42:42.774 Z] [INFO] [cadence.virtuoso.ade.simulationMonitor] - Total time required for dc analysis `dcOp': CPU = 1.359 ms, elapsed = 4.57001 ms, util. = 29.7%. {"history": "Interactive.219", "point": 1, "testname": "OP", "cornername": "Nominal"}
[2026-09-01 04:42:42.774 Z] [INFO] [cadence.virtuoso.ade.simulationMonitor] - Peak resident memory used = 199 Mbytes. {"history": "Interactive.219", "point": 1, "testname": "OP", "cornername": "Nominal"}
[2026-09-01 04:42:42.774 Z] [INFO] [cadence.virtuoso.ade.simulationMonitor] - Time used: CPU = 242 ms, elapsed = 1.37 s, util. = 17.7%. {"history": "Interactive.219", "point": 1, "testname": "OP", "cornername": "Nominal"}
[2026-09-01 04:42:42.774 Z] [INFO] [cadence.virtuoso.ade.simulationMonitor] - Time spent in licensing: elapsed = 26.7 ms. {"history": "Interactive.219", "point": 1, "testname": "OP", "cornername": "Nominal"}
[2026-09-01 04:42:42.774 Z] [INFO] [cadence.virtuoso.ade.simulationMonitor] - Peak memory used = 198 Mbytes. {"history": "Interactive.219", "point": 1, "testname": "OP", "cornername": "Nominal"}
[2026-09-01 04:42:42.775 Z] [PROCESS] [cadence.virtuoso.ade.simulationMonitor] - Simulation started at: 4:42:40 AM, Tue Sep 1, 2026, ended at: 4:42:42 AM, Tue Sep 1, 2026, with elapsed time (wall clock): 1.37 s. {"history": "Interactive.219", "point": 1, "testname": "OP", "cornername": "Nominal"}
[2026-09-01 04:42:42.775 Z] [PROCESS] [cadence.virtuoso.ade.simulationMonitor] - spectre completes with 0 errors, 4 warnings, and 9 notices. {"history": "Interactive.219", "point": 1, "testname": "OP", "cornername": "Nominal"}
[2026-09-01 04:42:42.775 Z] [PROCESS] [cadence.virtuoso.ade.simulationMonitor] - Finished simulating for one point {"hostname": "edatools", "processid": 91707, "history": "Interactive.219", "testname": "OP", "cornername": "Nominal", "point": 1, "logfile": "/home/saul/projects/LF_BG/logs_saul/logs5/Job7.log", "simid": "1"}
[2026-09-01 04:42:42.775 Z] [PROCESS] [cadence.virtuoso.ade.simulationMonitor] - Simulator exited {"hostname": "edatools", "processid": 91707, "history": "Interactive.219", "testname": "OP", "cornername": "Nominal", "point": 1, "logfile": "/home/saul/projects/LF_BG/logs_saul/logs5/Job7.log", "exitStatus": "0"}
[2026-09-01 04:42:42.775 Z] [PROCESS] [cadence.virtuoso.ade.simulationMonitor] - Finished Simulation {"hostname": "edatools", "processid": 91707, "history": "Interactive.219", "testname": "OP", "cornername": "Nominal", "point": 1, "logfile": "/home/saul/projects/LF_BG/logs_saul/logs5/Job7.log", "simid": "1"}
[2026-09-01 04:42:43.782 Z] [PROCESS] [cadence.virtuoso.ade.simulationMonitor] - Point Finished {"hostname": "edatools", "processid": 91707, "history": "Interactive.219", "testname": "OP", "cornername": "Nominal", "point": 1, "logfile": "/home/saul/projects/LF_BG/logs_saul/logs5/Job7.log"}
[2026-09-01 04:43:22.340 Z] [PROCESS] [cadence.virtuoso.ade.simulationMonitor] - Started History {"hostname": "edatools", "processid": 91707, "history": "Interactive.220", "testname": "OP", "cornername": "Nominal", "point": 1, "logfile": "/home/saul/projects/LF_BG/logs_saul/logs5/Job7.log"}
[2026-09-01 04:43:22.341 Z] [PROCESS] [cadence.virtuoso.ade.simulationMonitor] - HostInfo:
Host name (type):	edatools (x86_64)
Operating system:	Linux 7.0.0-30-generic #30~24.04.1-Ubuntu SMP PREEMPT_DYNAMIC Fri Aug  7 13:27:52 UTC 2 {"hostname": "edatools", "processid": 91707, "history": "Interactive.220", "testname": "OP", "cornername": "Nominal", "point": 1, "logfile": "/home/saul/projects/LF_BG/logs_saul/logs5/Job7.log", "nodename": "edatools", "domainname": "(none)", "machine": "x86_64", "sysname": "Linux", "release": "7.0.0-30-generic", "version": "#30~24.04.1-Ubuntu SMP PREEMPT_DYNAMIC Fri Aug  7 13:27:52 UTC 2"}
[2026-09-01 04:43:22.342 Z] [PROCESS] [cadence.virtuoso.ade.simulationMonitor] - UsageInfo:
pid=91707
totalPhysicalMemory=62.541851GB,Used=21.477680GB,totalVirtualMemory=70.541847GB,Used=21.477680GB
Cpu: Cores=16, Load average:0.500000,0.410000,0.380000 {"hostname": "edatools", "processid": 91707, "history": "Interactive.220", "testname": "OP", "cornername": "Nominal", "point": 1, "logfile": "/home/saul/projects/LF_BG/logs_saul/logs5/Job7.log", "pid": "91707", "totalPhysicalMemory": "62.541851", "physicalMemoryUsed": "21.477680", "totalVirtualMemory": "70.541847", "virtualMemoryUsed": "21.477680", "cpuCores": "16", "processes": "2042", "loadAverage1": "0.500000", "loadAverage5": "0.410000", "loadAverage15": "0.380000", "loadAverage1Percent": "0.031250"}
[2026-09-01 04:43:22.342 Z] [EVENT] [cadence.virtuoso.ade.simulationMonitor] - NewPoint {"history": "Interactive.220", "point": 1, "testname": "OP", "cornername": "Nominal", "event": "NewPoint", "EventSource": "Simulation Monitor", "HistoryName": "Interactive.220", "logFile": "/home/saul/projects/LF_BG/logs_saul/logs5/Job7.log", "logFileSize": "12601"}
[2026-09-01 04:43:22.444 Z] [EVENT] [cadence.virtuoso.ade.simulationMonitor] - NewPoint {"history": "Interactive.220", "point": 1, "testname": "OP", "cornername": "Nominal", "event": "NewPoint", "EventSource": "spectre", "HistoryName": "Interactive.220", "logFile": "/home/saul/simulation/REF_GEN/REF_GEN_f_TB/maestro/results/maestro/Interactive.220/1/OP/psf/spectre.out", "logFileSize": "-1"}
[2026-09-01 04:43:22.461 Z] [PROCESS] [cadence.virtuoso.ade.simulationMonitor] - Simulator launched {"hostname": "edatools", "processid": 91707, "history": "Interactive.220", "testname": "OP", "cornername": "Nominal", "point": 1, "logfile": "/home/saul/projects/LF_BG/logs_saul/logs5/Job7.log", "simid": "2"}
[2026-09-01 04:43:22.465 Z] [PROCESS] [cadence.virtuoso.ade.simulationMonitor] - Expression evaluator launched {"hostname": "edatools", "processid": 91707, "history": "Interactive.220", "testname": "OP", "cornername": "Nominal", "point": 1, "logfile": "/home/saul/projects/LF_BG/logs_saul/logs5/Job7.log"}
[2026-09-01 04:43:22.509 Z] [PROCESS] [cadence.virtuoso.ade.simulationMonitor] - Started Simulation {"hostname": "edatools", "processid": 91707, "history": "Interactive.220", "testname": "OP", "cornername": "Nominal", "point": 1, "logfile": "/home/saul/projects/LF_BG/logs_saul/logs5/Job7.log", "event": "started", "task": "simulation"}
[2026-09-01 04:43:23.010 Z] [INFO] [cadence.virtuoso.ade.simulationMonitor] - Peak resident memory used = 169 Mbytes. {"history": "Interactive.220", "point": 1, "testname": "OP", "cornername": "Nominal"}
[2026-09-01 04:43:24.010 Z] [INFO] [cadence.virtuoso.ade.simulationMonitor] - Peak resident memory used = 195 Mbytes. {"history": "Interactive.220", "point": 1, "testname": "OP", "cornername": "Nominal"}
[2026-09-01 04:43:24.010 Z] [INFO] [cadence.virtuoso.ade.simulationMonitor] - Notice from spectre during hierarchy flattening.
    The value 'psf' specified for the 'checklimitdest' option will no longer be supported in future releases. Use 'spectre -h' to see other recommended values for the 'checklimitdest' option. {"history": "Interactive.220", "point": 1, "testname": "OP", "cornername": "Nominal"}
[2026-09-01 04:43:24.010 Z] [WARN] [cadence.virtuoso.ade.simulationMonitor] -     WARNING (SPECTRE-16718): inlinesubcktcurrent option is set as `subckt', all the inline subckts will be treated as normal subckts when you access the current of their terminals. {"history": "Interactive.220", "point": 1, "testname": "OP", "cornername": "Nominal"}
[2026-09-01 04:43:24.010 Z] [WARN] [cadence.virtuoso.ade.simulationMonitor] -     WARNING (SPECTRE-8527): There are some nodes and instances removed from the netlist topology check. Check the circuit and correct the topology. Or use preserve_inst to keep them if necessary. {"history": "Interactive.220", "point": 1, "testname": "OP", "cornername": "Nominal"}
[2026-09-01 04:43:24.010 Z] [WARN] [cadence.virtuoso.ade.simulationMonitor] -     WARNING (SPECTRE-8529): Dangling instance. V9 is removed. {"history": "Interactive.220", "point": 1, "testname": "OP", "cornername": "Nominal"}
[2026-09-01 04:43:24.011 Z] [WARN] [cadence.virtuoso.ade.simulationMonitor] -     WARNING (SPECTRE-8530): Dangling node. net9 is removed. {"history": "Interactive.220", "point": 1, "testname": "OP", "cornername": "Nominal"}
[2026-09-01 04:43:24.011 Z] [INFO] [cadence.virtuoso.ade.simulationMonitor] - Peak resident memory used = 196 Mbytes. {"history": "Interactive.220", "point": 1, "testname": "OP", "cornername": "Nominal"}
[2026-09-01 04:43:24.011 Z] [INFO] [cadence.virtuoso.ade.simulationMonitor] - Notice from spectre during topology check.
    No DC path from node `VbgT' to ground, Gmin installed to provide path.
    No DC path from node `V1000' to ground, Gmin installed to provide path.
    No DC path from node `V550' to ground, Gmin installed to provide path.
    No DC path from node `LVDS' to ground, Gmin installed to provide path.
    No DC path from node `LDO' to ground, Gmin installed to provide path.
        Further occurrences of this notice will be suppressed. {"history": "Interactive.220", "point": 1, "testname": "OP", "cornername": "Nominal"}
[2026-09-01 04:43:24.011 Z] [INFO] [cadence.virtuoso.ade.simulationMonitor] - Notice from spectre during initial setup.
    Multithreading is disabled due to the size of the design being too small. {"history": "Interactive.220", "point": 1, "testname": "OP", "cornername": "Nominal"}
[2026-09-01 04:43:24.011 Z] [INFO] [cadence.virtuoso.ade.simulationMonitor] -               nodes 56 {"history": "Interactive.220", "point": 1, "testname": "OP", "cornername": "Nominal"}
[2026-09-01 04:43:24.011 Z] [INFO] [cadence.virtuoso.ade.simulationMonitor] - Notice from spectre during initial setup.
    Fast APS enabled. {"history": "Interactive.220", "point": 1, "testname": "OP", "cornername": "Nominal"}
[2026-09-01 04:43:24.011 Z] [INFO] [cadence.virtuoso.ade.simulationMonitor] - Peak resident memory used = 199 Mbytes. {"history": "Interactive.220", "point": 1, "testname": "OP", "cornername": "Nominal"}
[2026-09-01 04:43:24.011 Z] [INFO] [cadence.virtuoso.ade.simulationMonitor] -    -   (Fast APS) Multi-threading. The recommended number of threads is 1, consider adding +mt=1 on command line. {"history": "Interactive.220", "point": 1, "testname": "OP", "cornername": "Nominal"}
[2026-09-01 04:43:24.512 Z] [INFO] [cadence.virtuoso.ade.simulationMonitor] - Total time required for dc analysis `dcOp': CPU = 1.616 ms, elapsed = 4.86183 ms, util. = 33.2%. {"history": "Interactive.220", "point": 1, "testname": "OP", "cornername": "Nominal"}
[2026-09-01 04:43:24.512 Z] [INFO] [cadence.virtuoso.ade.simulationMonitor] - Peak resident memory used = 199 Mbytes. {"history": "Interactive.220", "point": 1, "testname": "OP", "cornername": "Nominal"}
[2026-09-01 04:43:24.512 Z] [INFO] [cadence.virtuoso.ade.simulationMonitor] - Time used: CPU = 236 ms, elapsed = 1.36 s, util. = 17.4%. {"history": "Interactive.220", "point": 1, "testname": "OP", "cornername": "Nominal"}
[2026-09-01 04:43:24.512 Z] [INFO] [cadence.virtuoso.ade.simulationMonitor] - Time spent in licensing: elapsed = 29.9 ms. {"history": "Interactive.220", "point": 1, "testname": "OP", "cornername": "Nominal"}
[2026-09-01 04:43:24.512 Z] [INFO] [cadence.virtuoso.ade.simulationMonitor] - Peak memory used = 199 Mbytes. {"history": "Interactive.220", "point": 1, "testname": "OP", "cornername": "Nominal"}
[2026-09-01 04:43:24.512 Z] [PROCESS] [cadence.virtuoso.ade.simulationMonitor] - Simulation started at: 4:43:22 AM, Tue Sep 1, 2026, ended at: 4:43:23 AM, Tue Sep 1, 2026, with elapsed time (wall clock): 1.36 s. {"history": "Interactive.220", "point": 1, "testname": "OP", "cornername": "Nominal"}
[2026-09-01 04:43:24.512 Z] [PROCESS] [cadence.virtuoso.ade.simulationMonitor] - spectre completes with 0 errors, 4 warnings, and 9 notices. {"history": "Interactive.220", "point": 1, "testname": "OP", "cornername": "Nominal"}
[2026-09-01 04:43:24.513 Z] [PROCESS] [cadence.virtuoso.ade.simulationMonitor] - Finished simulating for one point {"hostname": "edatools", "processid": 91707, "history": "Interactive.220", "testname": "OP", "cornername": "Nominal", "point": 1, "logfile": "/home/saul/projects/LF_BG/logs_saul/logs5/Job7.log", "simid": "2"}
[2026-09-01 04:43:24.513 Z] [PROCESS] [cadence.virtuoso.ade.simulationMonitor] - Simulator exited {"hostname": "edatools", "processid": 91707, "history": "Interactive.220", "testname": "OP", "cornername": "Nominal", "point": 1, "logfile": "/home/saul/projects/LF_BG/logs_saul/logs5/Job7.log", "exitStatus": "0"}
[2026-09-01 04:43:24.513 Z] [PROCESS] [cadence.virtuoso.ade.simulationMonitor] - Finished Simulation {"hostname": "edatools", "processid": 91707, "history": "Interactive.220", "testname": "OP", "cornername": "Nominal", "point": 1, "logfile": "/home/saul/projects/LF_BG/logs_saul/logs5/Job7.log", "simid": "2"}
[2026-09-01 04:43:25.520 Z] [PROCESS] [cadence.virtuoso.ade.simulationMonitor] - Point Finished {"hostname": "edatools", "processid": 91707, "history": "Interactive.220", "testname": "OP", "cornername": "Nominal", "point": 1, "logfile": "/home/saul/projects/LF_BG/logs_saul/logs5/Job7.log"}
[2026-09-01 04:45:15.203 Z] [PROCESS] [cadence.virtuoso.ade.simulationMonitor] - Started History {"hostname": "edatools", "processid": 91707, "history": "Interactive.221", "testname": "OP", "cornername": "Nominal", "point": 1, "logfile": "/home/saul/projects/LF_BG/logs_saul/logs5/Job7.log"}
[2026-09-01 04:45:15.204 Z] [PROCESS] [cadence.virtuoso.ade.simulationMonitor] - HostInfo:
Host name (type):	edatools (x86_64)
Operating system:	Linux 7.0.0-30-generic #30~24.04.1-Ubuntu SMP PREEMPT_DYNAMIC Fri Aug  7 13:27:52 UTC 2 {"hostname": "edatools", "processid": 91707, "history": "Interactive.221", "testname": "OP", "cornername": "Nominal", "point": 1, "logfile": "/home/saul/projects/LF_BG/logs_saul/logs5/Job7.log", "nodename": "edatools", "domainname": "(none)", "machine": "x86_64", "sysname": "Linux", "release": "7.0.0-30-generic", "version": "#30~24.04.1-Ubuntu SMP PREEMPT_DYNAMIC Fri Aug  7 13:27:52 UTC 2"}
[2026-09-01 04:45:15.205 Z] [PROCESS] [cadence.virtuoso.ade.simulationMonitor] - UsageInfo:
pid=91707
totalPhysicalMemory=62.541851GB,Used=21.545872GB,totalVirtualMemory=70.541847GB,Used=21.545872GB
Cpu: Cores=16, Load average:0.290000,0.380000,0.370000 {"hostname": "edatools", "processid": 91707, "history": "Interactive.221", "testname": "OP", "cornername": "Nominal", "point": 1, "logfile": "/home/saul/projects/LF_BG/logs_saul/logs5/Job7.log", "pid": "91707", "totalPhysicalMemory": "62.541851", "physicalMemoryUsed": "21.545872", "totalVirtualMemory": "70.541847", "virtualMemoryUsed": "21.545872", "cpuCores": "16", "processes": "2051", "loadAverage1": "0.290000", "loadAverage5": "0.380000", "loadAverage15": "0.370000", "loadAverage1Percent": "0.018125"}
[2026-09-01 04:45:15.206 Z] [EVENT] [cadence.virtuoso.ade.simulationMonitor] - NewPoint {"history": "Interactive.221", "point": 1, "testname": "OP", "cornername": "Nominal", "event": "NewPoint", "EventSource": "Simulation Monitor", "HistoryName": "Interactive.221", "logFile": "/home/saul/projects/LF_BG/logs_saul/logs5/Job7.log", "logFileSize": "22835"}
[2026-09-01 04:45:15.308 Z] [EVENT] [cadence.virtuoso.ade.simulationMonitor] - NewPoint {"history": "Interactive.221", "point": 1, "testname": "OP", "cornername": "Nominal", "event": "NewPoint", "EventSource": "spectre", "HistoryName": "Interactive.221", "logFile": "/home/saul/simulation/REF_GEN/REF_GEN_f_TB/maestro/results/maestro/Interactive.221/1/OP/psf/spectre.out", "logFileSize": "-1"}
[2026-09-01 04:45:15.325 Z] [PROCESS] [cadence.virtuoso.ade.simulationMonitor] - Simulator launched {"hostname": "edatools", "processid": 91707, "history": "Interactive.221", "testname": "OP", "cornername": "Nominal", "point": 1, "logfile": "/home/saul/projects/LF_BG/logs_saul/logs5/Job7.log", "simid": "3"}
[2026-09-01 04:45:15.329 Z] [PROCESS] [cadence.virtuoso.ade.simulationMonitor] - Expression evaluator launched {"hostname": "edatools", "processid": 91707, "history": "Interactive.221", "testname": "OP", "cornername": "Nominal", "point": 1, "logfile": "/home/saul/projects/LF_BG/logs_saul/logs5/Job7.log"}
[2026-09-01 04:45:15.364 Z] [PROCESS] [cadence.virtuoso.ade.simulationMonitor] - Started Simulation {"hostname": "edatools", "processid": 91707, "history": "Interactive.221", "testname": "OP", "cornername": "Nominal", "point": 1, "logfile": "/home/saul/projects/LF_BG/logs_saul/logs5/Job7.log", "event": "started", "task": "simulation"}
[2026-09-01 04:45:15.864 Z] [INFO] [cadence.virtuoso.ade.simulationMonitor] - Peak resident memory used = 169 Mbytes. {"history": "Interactive.221", "point": 1, "testname": "OP", "cornername": "Nominal"}
[2026-09-01 04:45:18.365 Z] [INFO] [cadence.virtuoso.ade.simulationMonitor] - Peak resident memory used = 195 Mbytes. {"history": "Interactive.221", "point": 1, "testname": "OP", "cornername": "Nominal"}
[2026-09-01 04:45:18.365 Z] [INFO] [cadence.virtuoso.ade.simulationMonitor] - Notice from spectre during hierarchy flattening.
    The value 'psf' specified for the 'checklimitdest' option will no longer be supported in future releases. Use 'spectre -h' to see other recommended values for the 'checklimitdest' option. {"history": "Interactive.221", "point": 1, "testname": "OP", "cornername": "Nominal"}
[2026-09-01 04:45:18.366 Z] [WARN] [cadence.virtuoso.ade.simulationMonitor] -     WARNING (SPECTRE-16718): inlinesubcktcurrent option is set as `subckt', all the inline subckts will be treated as normal subckts when you access the current of their terminals. {"history": "Interactive.221", "point": 1, "testname": "OP", "cornername": "Nominal"}
[2026-09-01 04:45:18.366 Z] [WARN] [cadence.virtuoso.ade.simulationMonitor] -     WARNING (SPECTRE-8527): There are some nodes and instances removed from the netlist topology check. Check the circuit and correct the topology. Or use preserve_inst to keep them if necessary. {"history": "Interactive.221", "point": 1, "testname": "OP", "cornername": "Nominal"}
[2026-09-01 04:45:18.367 Z] [WARN] [cadence.virtuoso.ade.simulationMonitor] -     WARNING (SPECTRE-8529): Dangling instance. V9 is removed. {"history": "Interactive.221", "point": 1, "testname": "OP", "cornername": "Nominal"}
[2026-09-01 04:45:18.367 Z] [WARN] [cadence.virtuoso.ade.simulationMonitor] -     WARNING (SPECTRE-8530): Dangling node. net9 is removed. {"history": "Interactive.221", "point": 1, "testname": "OP", "cornername": "Nominal"}
[2026-09-01 04:45:18.367 Z] [INFO] [cadence.virtuoso.ade.simulationMonitor] - Peak resident memory used = 197 Mbytes. {"history": "Interactive.221", "point": 1, "testname": "OP", "cornername": "Nominal"}
[2026-09-01 04:45:18.368 Z] [INFO] [cadence.virtuoso.ade.simulationMonitor] - Notice from spectre during topology check.
    No DC path from node `VbgT' to ground, Gmin installed to provide path.
    No DC path from node `V1000' to ground, Gmin installed to provide path.
    No DC path from node `V550' to ground, Gmin installed to provide path.
    No DC path from node `LVDS' to ground, Gmin installed to provide path.
    No DC path from node `LDO' to ground, Gmin installed to provide path.
        Further occurrences of this notice will be suppressed. {"history": "Interactive.221", "point": 1, "testname": "OP", "cornername": "Nominal"}
[2026-09-01 04:45:18.368 Z] [INFO] [cadence.virtuoso.ade.simulationMonitor] - Notice from spectre during initial setup.
    Multithreading is disabled due to the size of the design being too small. {"history": "Interactive.221", "point": 1, "testname": "OP", "cornername": "Nominal"}
[2026-09-01 04:45:18.369 Z] [INFO] [cadence.virtuoso.ade.simulationMonitor] -               nodes 56 {"history": "Interactive.221", "point": 1, "testname": "OP", "cornername": "Nominal"}
[2026-09-01 04:45:18.369 Z] [INFO] [cadence.virtuoso.ade.simulationMonitor] - Notice from spectre during initial setup.
    Fast APS enabled. {"history": "Interactive.221", "point": 1, "testname": "OP", "cornername": "Nominal"}
[2026-09-01 04:45:18.871 Z] [INFO] [cadence.virtuoso.ade.simulationMonitor] - Peak resident memory used = 200 Mbytes. {"history": "Interactive.221", "point": 1, "testname": "OP", "cornername": "Nominal"}
[2026-09-01 04:45:18.872 Z] [INFO] [cadence.virtuoso.ade.simulationMonitor] -    -   (Fast APS) Multi-threading. The recommended number of threads is 1, consider adding +mt=1 on command line. {"history": "Interactive.221", "point": 1, "testname": "OP", "cornername": "Nominal"}
[2026-09-01 04:45:18.872 Z] [INFO] [cadence.virtuoso.ade.simulationMonitor] - Total time required for dc analysis `dcOp': CPU = 2.416 ms, elapsed = 5.651 ms, util. = 42.8%. {"history": "Interactive.221", "point": 1, "testname": "OP", "cornername": "Nominal"}
[2026-09-01 04:45:18.873 Z] [INFO] [cadence.virtuoso.ade.simulationMonitor] - Peak resident memory used = 200 Mbytes. {"history": "Interactive.221", "point": 1, "testname": "OP", "cornername": "Nominal"}
[2026-09-01 04:45:18.873 Z] [INFO] [cadence.virtuoso.ade.simulationMonitor] - Time used: CPU = 232 ms, elapsed = 2.81 s, util. = 8.25%. {"history": "Interactive.221", "point": 1, "testname": "OP", "cornername": "Nominal"}
[2026-09-01 04:45:18.873 Z] [INFO] [cadence.virtuoso.ade.simulationMonitor] - Time spent in licensing: elapsed = 25.7 ms. {"history": "Interactive.221", "point": 1, "testname": "OP", "cornername": "Nominal"}
[2026-09-01 04:45:18.874 Z] [INFO] [cadence.virtuoso.ade.simulationMonitor] - Peak memory used = 199 Mbytes. {"history": "Interactive.221", "point": 1, "testname": "OP", "cornername": "Nominal"}
[2026-09-01 04:45:18.874 Z] [PROCESS] [cadence.virtuoso.ade.simulationMonitor] - Simulation started at: 4:45:15 AM, Tue Sep 1, 2026, ended at: 4:45:18 AM, Tue Sep 1, 2026, with elapsed time (wall clock): 2.81 s. {"history": "Interactive.221", "point": 1, "testname": "OP", "cornername": "Nominal"}
[2026-09-01 04:45:18.875 Z] [PROCESS] [cadence.virtuoso.ade.simulationMonitor] - spectre completes with 0 errors, 4 warnings, and 9 notices. {"history": "Interactive.221", "point": 1, "testname": "OP", "cornername": "Nominal"}
[2026-09-01 04:45:18.875 Z] [PROCESS] [cadence.virtuoso.ade.simulationMonitor] - Finished simulating for one point {"hostname": "edatools", "processid": 91707, "history": "Interactive.221", "testname": "OP", "cornername": "Nominal", "point": 1, "logfile": "/home/saul/projects/LF_BG/logs_saul/logs5/Job7.log", "simid": "3"}
[2026-09-01 04:45:18.876 Z] [PROCESS] [cadence.virtuoso.ade.simulationMonitor] - Simulator exited {"hostname": "edatools", "processid": 91707, "history": "Interactive.221", "testname": "OP", "cornername": "Nominal", "point": 1, "logfile": "/home/saul/projects/LF_BG/logs_saul/logs5/Job7.log", "exitStatus": "0"}
[2026-09-01 04:45:18.876 Z] [PROCESS] [cadence.virtuoso.ade.simulationMonitor] - Finished Simulation {"hostname": "edatools", "processid": 91707, "history": "Interactive.221", "testname": "OP", "cornername": "Nominal", "point": 1, "logfile": "/home/saul/projects/LF_BG/logs_saul/logs5/Job7.log", "simid": "3"}
[2026-09-01 04:45:19.885 Z] [PROCESS] [cadence.virtuoso.ade.simulationMonitor] - Point Finished {"hostname": "edatools", "processid": 91707, "history": "Interactive.221", "testname": "OP", "cornername": "Nominal", "point": 1, "logfile": "/home/saul/projects/LF_BG/logs_saul/logs5/Job7.log"}
[2026-09-01 04:46:25.548 Z] [PROCESS] [cadence.virtuoso.ade.simulationMonitor] - Started History {"hostname": "edatools", "processid": 91707, "history": "Interactive.222", "testname": "OP", "cornername": "Nominal", "point": 1, "logfile": "/home/saul/projects/LF_BG/logs_saul/logs5/Job7.log"}
[2026-09-01 04:46:25.548 Z] [PROCESS] [cadence.virtuoso.ade.simulationMonitor] - HostInfo:
Host name (type):	edatools (x86_64)
Operating system:	Linux 7.0.0-30-generic #30~24.04.1-Ubuntu SMP PREEMPT_DYNAMIC Fri Aug  7 13:27:52 UTC 2 {"hostname": "edatools", "processid": 91707, "history": "Interactive.222", "testname": "OP", "cornername": "Nominal", "point": 1, "logfile": "/home/saul/projects/LF_BG/logs_saul/logs5/Job7.log", "nodename": "edatools", "domainname": "(none)", "machine": "x86_64", "sysname": "Linux", "release": "7.0.0-30-generic", "version": "#30~24.04.1-Ubuntu SMP PREEMPT_DYNAMIC Fri Aug  7 13:27:52 UTC 2"}
[2026-09-01 04:46:25.549 Z] [PROCESS] [cadence.virtuoso.ade.simulationMonitor] - UsageInfo:
pid=91707
totalPhysicalMemory=62.541851GB,Used=21.490887GB,totalVirtualMemory=70.541847GB,Used=21.490887GB
Cpu: Cores=16, Load average:0.430000,0.440000,0.390000 {"hostname": "edatools", "processid": 91707, "history": "Interactive.222", "testname": "OP", "cornername": "Nominal", "point": 1, "logfile": "/home/saul/projects/LF_BG/logs_saul/logs5/Job7.log", "pid": "91707", "totalPhysicalMemory": "62.541851", "physicalMemoryUsed": "21.490887", "totalVirtualMemory": "70.541847", "virtualMemoryUsed": "21.490887", "cpuCores": "16", "processes": "2041", "loadAverage1": "0.430000", "loadAverage5": "0.440000", "loadAverage15": "0.390000", "loadAverage1Percent": "0.026875"}
[2026-09-01 04:46:25.550 Z] [EVENT] [cadence.virtuoso.ade.simulationMonitor] - NewPoint {"history": "Interactive.222", "point": 1, "testname": "TRAN", "cornername": "Nominal", "event": "NewPoint", "EventSource": "Simulation Monitor", "HistoryName": "Interactive.222", "logFile": "/home/saul/projects/LF_BG/logs_saul/logs5/Job7.log", "logFileSize": "33067"}
[2026-09-01 04:46:25.652 Z] [EVENT] [cadence.virtuoso.ade.simulationMonitor] - NewPoint {"history": "Interactive.222", "point": 1, "testname": "TRAN", "cornername": "Nominal", "event": "NewPoint", "EventSource": "spectre", "HistoryName": "Interactive.222", "logFile": "/home/saul/simulation/REF_GEN/REF_GEN_f_TB/maestro/results/maestro/Interactive.222/1/TRAN/psf/spectre.out", "logFileSize": "-1"}
[2026-09-01 04:46:25.669 Z] [PROCESS] [cadence.virtuoso.ade.simulationMonitor] - Simulator launched {"hostname": "edatools", "processid": 91707, "history": "Interactive.222", "testname": "TRAN", "cornername": "Nominal", "point": 1, "logfile": "/home/saul/projects/LF_BG/logs_saul/logs5/Job7.log", "simid": "4"}
[2026-09-01 04:46:25.673 Z] [PROCESS] [cadence.virtuoso.ade.simulationMonitor] - Expression evaluator launched {"hostname": "edatools", "processid": 91707, "history": "Interactive.222", "testname": "TRAN", "cornername": "Nominal", "point": 1, "logfile": "/home/saul/projects/LF_BG/logs_saul/logs5/Job7.log"}
[2026-09-01 04:46:25.704 Z] [PROCESS] [cadence.virtuoso.ade.simulationMonitor] - Started Simulation {"hostname": "edatools", "processid": 91707, "history": "Interactive.222", "testname": "TRAN", "cornername": "Nominal", "point": 1, "logfile": "/home/saul/projects/LF_BG/logs_saul/logs5/Job7.log", "event": "started", "task": "simulation"}
[2026-09-01 04:46:26.204 Z] [INFO] [cadence.virtuoso.ade.simulationMonitor] - Peak resident memory used = 169 Mbytes. {"history": "Interactive.222", "point": 1, "testname": "TRAN", "cornername": "Nominal"}
[2026-09-01 04:46:26.705 Z] [INFO] [cadence.virtuoso.ade.simulationMonitor] - Notice from spectre during hierarchy flattening.
    Parasitic optimization will filter out parasitic nodes, nodes only connected to RCs, by default. To view individual parasitic nodes use individual save statements (i.e. save out), or use the 'savefilter=none' option to save all parasitic nodes. Saving all parasitic nodes may slow down simulation and create large waveform files. {"history": "Interactive.222", "point": 1, "testname": "TRAN", "cornername": "Nominal"}
[2026-09-01 04:46:26.706 Z] [INFO] [cadence.virtuoso.ade.simulationMonitor] - Peak resident memory used = 179 Mbytes. {"history": "Interactive.222", "point": 1, "testname": "TRAN", "cornername": "Nominal"}
[2026-09-01 04:46:26.706 Z] [INFO] [cadence.virtuoso.ade.simulationMonitor] - Notice from spectre during hierarchy flattening.
    The value 'psf' specified for the 'checklimitdest' option will no longer be supported in future releases. Use 'spectre -h' to see other recommended values for the 'checklimitdest' option. {"history": "Interactive.222", "point": 1, "testname": "TRAN", "cornername": "Nominal"}
[2026-09-01 04:46:26.707 Z] [WARN] [cadence.virtuoso.ade.simulationMonitor] -     WARNING (SPECTRE-16718): inlinesubcktcurrent option is set as `subckt', all the inline subckts will be treated as normal subckts when you access the current of their terminals. {"history": "Interactive.222", "point": 1, "testname": "TRAN", "cornername": "Nominal"}
[2026-09-01 04:46:26.707 Z] [WARN] [cadence.virtuoso.ade.simulationMonitor] -     WARNING (SPECTRE-8527): There are some nodes and instances removed from the netlist topology check. Check the circuit and correct the topology. Or use preserve_inst to keep them if necessary. {"history": "Interactive.222", "point": 1, "testname": "TRAN", "cornername": "Nominal"}
[2026-09-01 04:46:26.707 Z] [WARN] [cadence.virtuoso.ade.simulationMonitor] -     WARNING (SPECTRE-8529): Dangling instance. V9 is removed. {"history": "Interactive.222", "point": 1, "testname": "TRAN", "cornername": "Nominal"}
[2026-09-01 04:46:26.707 Z] [WARN] [cadence.virtuoso.ade.simulationMonitor] -     WARNING (SPECTRE-8530): Dangling node. net9 is removed. {"history": "Interactive.222", "point": 1, "testname": "TRAN", "cornername": "Nominal"}
[2026-09-01 04:46:26.707 Z] [INFO] [cadence.virtuoso.ade.simulationMonitor] - Peak resident memory used = 181 Mbytes. {"history": "Interactive.222", "point": 1, "testname": "TRAN", "cornername": "Nominal"}
[2026-09-01 04:46:26.708 Z] [INFO] [cadence.virtuoso.ade.simulationMonitor] - Notice from spectre during topology check.
    No DC path from node `VbgT' to ground, Gmin installed to provide path.
    No DC path from node `V1000' to ground, Gmin installed to provide path.
    No DC path from node `V550' to ground, Gmin installed to provide path.
    No DC path from node `LVDS' to ground, Gmin installed to provide path.
    No DC path from node `LDO' to ground, Gmin installed to provide path.
        Further occurrences of this notice will be suppressed. {"history": "Interactive.222", "point": 1, "testname": "TRAN", "cornername": "Nominal"}
[2026-09-01 04:46:26.708 Z] [INFO] [cadence.virtuoso.ade.simulationMonitor] - Notice from spectre during initial setup.
    Number of thread was limited to 1 because of small circuit size. {"history": "Interactive.222", "point": 1, "testname": "TRAN", "cornername": "Nominal"}
[2026-09-01 04:46:26.708 Z] [INFO] [cadence.virtuoso.ade.simulationMonitor] -               nodes 56 {"history": "Interactive.222", "point": 1, "testname": "TRAN", "cornername": "Nominal"}
[2026-09-01 04:46:26.708 Z] [INFO] [cadence.virtuoso.ade.simulationMonitor] - Notice from spectre during initial setup.
    Parasitics reduction enabled. 
         (Resistors reduced by 0.00%  Capacitors reduced by 0.00%, 0.00% of capacitors are coupled after RC reduction).  {"history": "Interactive.222", "point": 1, "testname": "TRAN", "cornername": "Nominal"}
[2026-09-01 04:46:26.709 Z] [INFO] [cadence.virtuoso.ade.simulationMonitor] - Notice from spectre during initial setup.
    1 vsources are shorted because their absolute value is less than or equal to 'vabsshort'.
    Fast APS enabled. {"history": "Interactive.222", "point": 1, "testname": "TRAN", "cornername": "Nominal"}
[2026-09-01 04:46:26.709 Z] [INFO] [cadence.virtuoso.ade.simulationMonitor] - Peak resident memory used = 189 Mbytes. {"history": "Interactive.222", "point": 1, "testname": "TRAN", "cornername": "Nominal"}
[2026-09-01 04:46:26.709 Z] [INFO] [cadence.virtuoso.ade.simulationMonitor] -    -   (Fast APS) Multi-threading. The recommended number of threads is 1, consider adding +mt=1 on command line. {"history": "Interactive.222", "point": 1, "testname": "TRAN", "cornername": "Nominal"}
[2026-09-01 04:46:26.709 Z] [INFO] [cadence.virtuoso.ade.simulationMonitor] - Total time required for dc analysis `dcOp': CPU = 1.768 ms, elapsed = 5.42307 ms, util. = 32.6%. {"history": "Interactive.222", "point": 1, "testname": "TRAN", "cornername": "Nominal"}
[2026-09-01 04:46:26.709 Z] [INFO] [cadence.virtuoso.ade.simulationMonitor] - Peak resident memory used = 192 Mbytes. {"history": "Interactive.222", "point": 1, "testname": "TRAN", "cornername": "Nominal"}
[2026-09-01 04:46:26.709 Z] [INFO] [cadence.virtuoso.ade.simulationMonitor] - Total time required for tran analysis `tran': CPU = 38.331 ms, elapsed = 42.285 ms, util. = 90.6%. {"history": "Interactive.222", "point": 1, "testname": "TRAN", "cornername": "Nominal"}
[2026-09-01 04:46:26.709 Z] [INFO] [cadence.virtuoso.ade.simulationMonitor] - Peak resident memory used = 196 Mbytes. {"history": "Interactive.222", "point": 1, "testname": "TRAN", "cornername": "Nominal"}
[2026-09-01 04:46:26.709 Z] [INFO] [cadence.virtuoso.ade.simulationMonitor] - Time used: CPU = 213 ms, elapsed = 468 ms, util. = 45.5%. {"history": "Interactive.222", "point": 1, "testname": "TRAN", "cornername": "Nominal"}
[2026-09-01 04:46:26.709 Z] [INFO] [cadence.virtuoso.ade.simulationMonitor] - Time spent in licensing: elapsed = 26.2 ms, percentage of total = 5.59%. {"history": "Interactive.222", "point": 1, "testname": "TRAN", "cornername": "Nominal"}
[2026-09-01 04:46:26.709 Z] [INFO] [cadence.virtuoso.ade.simulationMonitor] - Peak memory used = 197 Mbytes. {"history": "Interactive.222", "point": 1, "testname": "TRAN", "cornername": "Nominal"}
[2026-09-01 04:46:26.709 Z] [PROCESS] [cadence.virtuoso.ade.simulationMonitor] - Simulation started at: 4:46:25 AM, Tue Sep 1, 2026, ended at: 4:46:26 AM, Tue Sep 1, 2026, with elapsed time (wall clock): 468 ms. {"history": "Interactive.222", "point": 1, "testname": "TRAN", "cornername": "Nominal"}
[2026-09-01 04:46:26.710 Z] [PROCESS] [cadence.virtuoso.ade.simulationMonitor] - spectre completes with 0 errors, 4 warnings, and 12 notices. {"history": "Interactive.222", "point": 1, "testname": "TRAN", "cornername": "Nominal"}
[2026-09-01 04:46:26.710 Z] [PROCESS] [cadence.virtuoso.ade.simulationMonitor] - Finished simulating for one point {"hostname": "edatools", "processid": 91707, "history": "Interactive.222", "testname": "TRAN", "cornername": "Nominal", "point": 1, "logfile": "/home/saul/projects/LF_BG/logs_saul/logs5/Job7.log", "simid": "4"}
[2026-09-01 04:46:26.710 Z] [PROCESS] [cadence.virtuoso.ade.simulationMonitor] - Simulator exited {"hostname": "edatools", "processid": 91707, "history": "Interactive.222", "testname": "TRAN", "cornername": "Nominal", "point": 1, "logfile": "/home/saul/projects/LF_BG/logs_saul/logs5/Job7.log", "exitStatus": "0"}
[2026-09-01 04:46:26.710 Z] [PROCESS] [cadence.virtuoso.ade.simulationMonitor] - Finished Simulation {"hostname": "edatools", "processid": 91707, "history": "Interactive.222", "testname": "TRAN", "cornername": "Nominal", "point": 1, "logfile": "/home/saul/projects/LF_BG/logs_saul/logs5/Job7.log", "simid": "4"}
[2026-09-01 04:46:28.716 Z] [PROCESS] [cadence.virtuoso.ade.simulationMonitor] - Point Finished {"hostname": "edatools", "processid": 91707, "history": "Interactive.222", "testname": "TRAN", "cornername": "Nominal", "point": 1, "logfile": "/home/saul/projects/LF_BG/logs_saul/logs5/Job7.log"}
[2026-09-01 04:47:54.412 Z] [PROCESS] [cadence.virtuoso.ade.simulationMonitor] - Started History {"hostname": "edatools", "processid": 91707, "history": "Interactive.223", "testname": "TRAN", "cornername": "Nominal", "point": 1, "logfile": "/home/saul/projects/LF_BG/logs_saul/logs5/Job7.log"}
[2026-09-01 04:47:54.412 Z] [PROCESS] [cadence.virtuoso.ade.simulationMonitor] - HostInfo:
Host name (type):	edatools (x86_64)
Operating system:	Linux 7.0.0-30-generic #30~24.04.1-Ubuntu SMP PREEMPT_DYNAMIC Fri Aug  7 13:27:52 UTC 2 {"hostname": "edatools", "processid": 91707, "history": "Interactive.223", "testname": "TRAN", "cornername": "Nominal", "point": 1, "logfile": "/home/saul/projects/LF_BG/logs_saul/logs5/Job7.log", "nodename": "edatools", "domainname": "(none)", "machine": "x86_64", "sysname": "Linux", "release": "7.0.0-30-generic", "version": "#30~24.04.1-Ubuntu SMP PREEMPT_DYNAMIC Fri Aug  7 13:27:52 UTC 2"}
[2026-09-01 04:47:54.413 Z] [PROCESS] [cadence.virtuoso.ade.simulationMonitor] - UsageInfo:
pid=91707
totalPhysicalMemory=62.541851GB,Used=21.432030GB,totalVirtualMemory=70.541847GB,Used=21.432030GB
Cpu: Cores=16, Load average:0.430000,0.470000,0.410000 {"hostname": "edatools", "processid": 91707, "history": "Interactive.223", "testname": "TRAN", "cornername": "Nominal", "point": 1, "logfile": "/home/saul/projects/LF_BG/logs_saul/logs5/Job7.log", "pid": "91707", "totalPhysicalMemory": "62.541851", "physicalMemoryUsed": "21.432030", "totalVirtualMemory": "70.541847", "virtualMemoryUsed": "21.432030", "cpuCores": "16", "processes": "2003", "loadAverage1": "0.430000", "loadAverage5": "0.470000", "loadAverage15": "0.410000", "loadAverage1Percent": "0.026875"}
[2026-09-01 04:47:54.414 Z] [EVENT] [cadence.virtuoso.ade.simulationMonitor] - NewPoint {"history": "Interactive.223", "point": 1, "testname": "TRAN", "cornername": "Nominal", "event": "NewPoint", "EventSource": "Simulation Monitor", "HistoryName": "Interactive.223", "logFile": "/home/saul/projects/LF_BG/logs_saul/logs5/Job7.log", "logFileSize": "44868"}
[2026-09-01 04:47:54.516 Z] [EVENT] [cadence.virtuoso.ade.simulationMonitor] - NewPoint {"history": "Interactive.223", "point": 1, "testname": "TRAN", "cornername": "Nominal", "event": "NewPoint", "EventSource": "spectre", "HistoryName": "Interactive.223", "logFile": "/home/saul/simulation/REF_GEN/REF_GEN_f_TB/maestro/results/maestro/Interactive.223/1/TRAN/psf/spectre.out", "logFileSize": "-1"}
[2026-09-01 04:47:54.526 Z] [PROCESS] [cadence.virtuoso.ade.simulationMonitor] - Simulator launched {"hostname": "edatools", "processid": 91707, "history": "Interactive.223", "testname": "TRAN", "cornername": "Nominal", "point": 1, "logfile": "/home/saul/projects/LF_BG/logs_saul/logs5/Job7.log", "simid": "5"}
[2026-09-01 04:47:54.528 Z] [PROCESS] [cadence.virtuoso.ade.simulationMonitor] - Expression evaluator launched {"hostname": "edatools", "processid": 91707, "history": "Interactive.223", "testname": "TRAN", "cornername": "Nominal", "point": 1, "logfile": "/home/saul/projects/LF_BG/logs_saul/logs5/Job7.log"}
[2026-09-01 04:47:54.559 Z] [PROCESS] [cadence.virtuoso.ade.simulationMonitor] - Started Simulation {"hostname": "edatools", "processid": 91707, "history": "Interactive.223", "testname": "TRAN", "cornername": "Nominal", "point": 1, "logfile": "/home/saul/projects/LF_BG/logs_saul/logs5/Job7.log", "event": "started", "task": "simulation"}
[2026-09-01 04:47:55.059 Z] [INFO] [cadence.virtuoso.ade.simulationMonitor] - Peak resident memory used = 169 Mbytes. {"history": "Interactive.223", "point": 1, "testname": "TRAN", "cornername": "Nominal"}
[2026-09-01 04:47:55.560 Z] [INFO] [cadence.virtuoso.ade.simulationMonitor] - Notice from spectre during hierarchy flattening.
    Parasitic optimization will filter out parasitic nodes, nodes only connected to RCs, by default. To view individual parasitic nodes use individual save statements (i.e. save out), or use the 'savefilter=none' option to save all parasitic nodes. Saving all parasitic nodes may slow down simulation and create large waveform files. {"history": "Interactive.223", "point": 1, "testname": "TRAN", "cornername": "Nominal"}
[2026-09-01 04:47:55.560 Z] [INFO] [cadence.virtuoso.ade.simulationMonitor] - Peak resident memory used = 179 Mbytes. {"history": "Interactive.223", "point": 1, "testname": "TRAN", "cornername": "Nominal"}
[2026-09-01 04:47:55.561 Z] [INFO] [cadence.virtuoso.ade.simulationMonitor] - Notice from spectre during hierarchy flattening.
    The value 'psf' specified for the 'checklimitdest' option will no longer be supported in future releases. Use 'spectre -h' to see other recommended values for the 'checklimitdest' option. {"history": "Interactive.223", "point": 1, "testname": "TRAN", "cornername": "Nominal"}
[2026-09-01 04:47:55.561 Z] [WARN] [cadence.virtuoso.ade.simulationMonitor] -     WARNING (SPECTRE-16718): inlinesubcktcurrent option is set as `subckt', all the inline subckts will be treated as normal subckts when you access the current of their terminals. {"history": "Interactive.223", "point": 1, "testname": "TRAN", "cornername": "Nominal"}
[2026-09-01 04:47:55.562 Z] [WARN] [cadence.virtuoso.ade.simulationMonitor] -     WARNING (SPECTRE-8527): There are some nodes and instances removed from the netlist topology check. Check the circuit and correct the topology. Or use preserve_inst to keep them if necessary. {"history": "Interactive.223", "point": 1, "testname": "TRAN", "cornername": "Nominal"}
[2026-09-01 04:47:55.562 Z] [WARN] [cadence.virtuoso.ade.simulationMonitor] -     WARNING (SPECTRE-8529): Dangling instance. V9 is removed. {"history": "Interactive.223", "point": 1, "testname": "TRAN", "cornername": "Nominal"}
[2026-09-01 04:47:55.562 Z] [WARN] [cadence.virtuoso.ade.simulationMonitor] -     WARNING (SPECTRE-8530): Dangling node. net9 is removed. {"history": "Interactive.223", "point": 1, "testname": "TRAN", "cornername": "Nominal"}
[2026-09-01 04:47:55.563 Z] [INFO] [cadence.virtuoso.ade.simulationMonitor] - Peak resident memory used = 181 Mbytes. {"history": "Interactive.223", "point": 1, "testname": "TRAN", "cornername": "Nominal"}
[2026-09-01 04:47:55.563 Z] [INFO] [cadence.virtuoso.ade.simulationMonitor] - Notice from spectre during topology check.
    No DC path from node `VbgT' to ground, Gmin installed to provide path.
    No DC path from node `V1000' to ground, Gmin installed to provide path.
    No DC path from node `V550' to ground, Gmin installed to provide path.
    No DC path from node `LVDS' to ground, Gmin installed to provide path.
    No DC path from node `LDO' to ground, Gmin installed to provide path.
        Further occurrences of this notice will be suppressed. {"history": "Interactive.223", "point": 1, "testname": "TRAN", "cornername": "Nominal"}
[2026-09-01 04:47:55.563 Z] [INFO] [cadence.virtuoso.ade.simulationMonitor] - Notice from spectre during initial setup.
    Number of thread was limited to 1 because of small circuit size. {"history": "Interactive.223", "point": 1, "testname": "TRAN", "cornername": "Nominal"}
[2026-09-01 04:47:55.564 Z] [INFO] [cadence.virtuoso.ade.simulationMonitor] -               nodes 56 {"history": "Interactive.223", "point": 1, "testname": "TRAN", "cornername": "Nominal"}
[2026-09-01 04:47:55.564 Z] [INFO] [cadence.virtuoso.ade.simulationMonitor] - Notice from spectre during initial setup.
    Parasitics reduction enabled. 
         (Resistors reduced by 0.00%  Capacitors reduced by 0.00%, 0.00% of capacitors are coupled after RC reduction).  {"history": "Interactive.223", "point": 1, "testname": "TRAN", "cornername": "Nominal"}
[2026-09-01 04:47:55.565 Z] [INFO] [cadence.virtuoso.ade.simulationMonitor] - Notice from spectre during initial setup.
    1 vsources are shorted because their absolute value is less than or equal to 'vabsshort'.
    Fast APS enabled. {"history": "Interactive.223", "point": 1, "testname": "TRAN", "cornername": "Nominal"}
[2026-09-01 04:47:55.565 Z] [INFO] [cadence.virtuoso.ade.simulationMonitor] - Peak resident memory used = 189 Mbytes. {"history": "Interactive.223", "point": 1, "testname": "TRAN", "cornername": "Nominal"}
[2026-09-01 04:47:55.565 Z] [INFO] [cadence.virtuoso.ade.simulationMonitor] -    -   (Fast APS) Multi-threading. The recommended number of threads is 1, consider adding +mt=1 on command line. {"history": "Interactive.223", "point": 1, "testname": "TRAN", "cornername": "Nominal"}
[2026-09-01 04:47:55.565 Z] [INFO] [cadence.virtuoso.ade.simulationMonitor] - Total time required for dc analysis `dcOp': CPU = 2.659 ms, elapsed = 6.67381 ms, util. = 39.8%. {"history": "Interactive.223", "point": 1, "testname": "TRAN", "cornername": "Nominal"}
[2026-09-01 04:47:55.566 Z] [INFO] [cadence.virtuoso.ade.simulationMonitor] - Peak resident memory used = 192 Mbytes. {"history": "Interactive.223", "point": 1, "testname": "TRAN", "cornername": "Nominal"}
[2026-09-01 04:47:55.566 Z] [INFO] [cadence.virtuoso.ade.simulationMonitor] - Total time required for tran analysis `tran': CPU = 41.26 ms, elapsed = 44.888 ms, util. = 91.9%. {"history": "Interactive.223", "point": 1, "testname": "TRAN", "cornername": "Nominal"}
[2026-09-01 04:47:55.566 Z] [INFO] [cadence.virtuoso.ade.simulationMonitor] - Peak resident memory used = 196 Mbytes. {"history": "Interactive.223", "point": 1, "testname": "TRAN", "cornername": "Nominal"}
[2026-09-01 04:47:55.566 Z] [INFO] [cadence.virtuoso.ade.simulationMonitor] - Time used: CPU = 219 ms, elapsed = 496 ms, util. = 44.2%. {"history": "Interactive.223", "point": 1, "testname": "TRAN", "cornername": "Nominal"}
[2026-09-01 04:47:55.567 Z] [INFO] [cadence.virtuoso.ade.simulationMonitor] - Time spent in licensing: elapsed = 24.9 ms, percentage of total = 5.02%. {"history": "Interactive.223", "point": 1, "testname": "TRAN", "cornername": "Nominal"}
[2026-09-01 04:47:55.567 Z] [INFO] [cadence.virtuoso.ade.simulationMonitor] - Peak memory used = 197 Mbytes. {"history": "Interactive.223", "point": 1, "testname": "TRAN", "cornername": "Nominal"}
[2026-09-01 04:47:55.567 Z] [PROCESS] [cadence.virtuoso.ade.simulationMonitor] - Simulation started at: 4:47:54 AM, Tue Sep 1, 2026, ended at: 4:47:55 AM, Tue Sep 1, 2026, with elapsed time (wall clock): 496 ms. {"history": "Interactive.223", "point": 1, "testname": "TRAN", "cornername": "Nominal"}
[2026-09-01 04:47:55.567 Z] [PROCESS] [cadence.virtuoso.ade.simulationMonitor] - spectre completes with 0 errors, 4 warnings, and 12 notices. {"history": "Interactive.223", "point": 1, "testname": "TRAN", "cornername": "Nominal"}
[2026-09-01 04:47:55.567 Z] [PROCESS] [cadence.virtuoso.ade.simulationMonitor] - Finished simulating for one point {"hostname": "edatools", "processid": 91707, "history": "Interactive.223", "testname": "TRAN", "cornername": "Nominal", "point": 1, "logfile": "/home/saul/projects/LF_BG/logs_saul/logs5/Job7.log", "simid": "5"}
[2026-09-01 04:47:55.567 Z] [PROCESS] [cadence.virtuoso.ade.simulationMonitor] - Simulator exited {"hostname": "edatools", "processid": 91707, "history": "Interactive.223", "testname": "TRAN", "cornername": "Nominal", "point": 1, "logfile": "/home/saul/projects/LF_BG/logs_saul/logs5/Job7.log", "exitStatus": "0"}
[2026-09-01 04:47:55.567 Z] [PROCESS] [cadence.virtuoso.ade.simulationMonitor] - Finished Simulation {"hostname": "edatools", "processid": 91707, "history": "Interactive.223", "testname": "TRAN", "cornername": "Nominal", "point": 1, "logfile": "/home/saul/projects/LF_BG/logs_saul/logs5/Job7.log", "simid": "5"}
[2026-09-01 04:47:57.575 Z] [PROCESS] [cadence.virtuoso.ade.simulationMonitor] - Point Finished {"hostname": "edatools", "processid": 91707, "history": "Interactive.223", "testname": "TRAN", "cornername": "Nominal", "point": 1, "logfile": "/home/saul/projects/LF_BG/logs_saul/logs5/Job7.log"}
[2026-09-01 04:48:32.839 Z] [PROCESS] [cadence.virtuoso.ade.simulationMonitor] - Started History {"hostname": "edatools", "processid": 91707, "history": "Interactive.224", "testname": "TRAN", "cornername": "Nominal", "point": 1, "logfile": "/home/saul/projects/LF_BG/logs_saul/logs5/Job7.log"}
[2026-09-01 04:48:32.840 Z] [PROCESS] [cadence.virtuoso.ade.simulationMonitor] - HostInfo:
Host name (type):	edatools (x86_64)
Operating system:	Linux 7.0.0-30-generic #30~24.04.1-Ubuntu SMP PREEMPT_DYNAMIC Fri Aug  7 13:27:52 UTC 2 {"hostname": "edatools", "processid": 91707, "history": "Interactive.224", "testname": "TRAN", "cornername": "Nominal", "point": 1, "logfile": "/home/saul/projects/LF_BG/logs_saul/logs5/Job7.log", "nodename": "edatools", "domainname": "(none)", "machine": "x86_64", "sysname": "Linux", "release": "7.0.0-30-generic", "version": "#30~24.04.1-Ubuntu SMP PREEMPT_DYNAMIC Fri Aug  7 13:27:52 UTC 2"}
[2026-09-01 04:48:32.841 Z] [PROCESS] [cadence.virtuoso.ade.simulationMonitor] - UsageInfo:
pid=91707
totalPhysicalMemory=62.541851GB,Used=21.459560GB,totalVirtualMemory=70.541847GB,Used=21.459560GB
Cpu: Cores=16, Load average:0.720000,0.550000,0.440000 {"hostname": "edatools", "processid": 91707, "history": "Interactive.224", "testname": "TRAN", "cornername": "Nominal", "point": 1, "logfile": "/home/saul/projects/LF_BG/logs_saul/logs5/Job7.log", "pid": "91707", "totalPhysicalMemory": "62.541851", "physicalMemoryUsed": "21.459560", "totalVirtualMemory": "70.541847", "virtualMemoryUsed": "21.459560", "cpuCores": "16", "processes": "2034", "loadAverage1": "0.720000", "loadAverage5": "0.550000", "loadAverage15": "0.440000", "loadAverage1Percent": "0.045000"}
[2026-09-01 04:48:32.842 Z] [EVENT] [cadence.virtuoso.ade.simulationMonitor] - NewPoint {"history": "Interactive.224", "point": 1, "testname": "TRAN", "cornername": "Nominal", "event": "NewPoint", "EventSource": "Simulation Monitor", "HistoryName": "Interactive.224", "logFile": "/home/saul/projects/LF_BG/logs_saul/logs5/Job7.log", "logFileSize": "56668"}
[2026-09-01 04:48:32.943 Z] [EVENT] [cadence.virtuoso.ade.simulationMonitor] - NewPoint {"history": "Interactive.224", "point": 1, "testname": "TRAN", "cornername": "Nominal", "event": "NewPoint", "EventSource": "spectre", "HistoryName": "Interactive.224", "logFile": "/home/saul/simulation/REF_GEN/REF_GEN_f_TB/maestro/results/maestro/Interactive.224/1/TRAN/psf/spectre.out", "logFileSize": "-1"}
[2026-09-01 04:48:32.956 Z] [PROCESS] [cadence.virtuoso.ade.simulationMonitor] - Simulator launched {"hostname": "edatools", "processid": 91707, "history": "Interactive.224", "testname": "TRAN", "cornername": "Nominal", "point": 1, "logfile": "/home/saul/projects/LF_BG/logs_saul/logs5/Job7.log", "simid": "6"}
[2026-09-01 04:48:32.957 Z] [PROCESS] [cadence.virtuoso.ade.simulationMonitor] - Expression evaluator launched {"hostname": "edatools", "processid": 91707, "history": "Interactive.224", "testname": "TRAN", "cornername": "Nominal", "point": 1, "logfile": "/home/saul/projects/LF_BG/logs_saul/logs5/Job7.log"}
[2026-09-01 04:48:32.990 Z] [PROCESS] [cadence.virtuoso.ade.simulationMonitor] - Started Simulation {"hostname": "edatools", "processid": 91707, "history": "Interactive.224", "testname": "TRAN", "cornername": "Nominal", "point": 1, "logfile": "/home/saul/projects/LF_BG/logs_saul/logs5/Job7.log", "event": "started", "task": "simulation"}
[2026-09-01 04:48:33.491 Z] [INFO] [cadence.virtuoso.ade.simulationMonitor] - Peak resident memory used = 169 Mbytes. {"history": "Interactive.224", "point": 1, "testname": "TRAN", "cornername": "Nominal"}
[2026-09-01 04:48:33.992 Z] [INFO] [cadence.virtuoso.ade.simulationMonitor] - Notice from spectre during hierarchy flattening.
    Parasitic optimization will filter out parasitic nodes, nodes only connected to RCs, by default. To view individual parasitic nodes use individual save statements (i.e. save out), or use the 'savefilter=none' option to save all parasitic nodes. Saving all parasitic nodes may slow down simulation and create large waveform files. {"history": "Interactive.224", "point": 1, "testname": "TRAN", "cornername": "Nominal"}
[2026-09-01 04:48:33.993 Z] [INFO] [cadence.virtuoso.ade.simulationMonitor] - Peak resident memory used = 179 Mbytes. {"history": "Interactive.224", "point": 1, "testname": "TRAN", "cornername": "Nominal"}
[2026-09-01 04:48:33.993 Z] [INFO] [cadence.virtuoso.ade.simulationMonitor] - Notice from spectre during hierarchy flattening.
    The value 'psf' specified for the 'checklimitdest' option will no longer be supported in future releases. Use 'spectre -h' to see other recommended values for the 'checklimitdest' option. {"history": "Interactive.224", "point": 1, "testname": "TRAN", "cornername": "Nominal"}
[2026-09-01 04:48:33.994 Z] [WARN] [cadence.virtuoso.ade.simulationMonitor] -     WARNING (SPECTRE-16718): inlinesubcktcurrent option is set as `subckt', all the inline subckts will be treated as normal subckts when you access the current of their terminals. {"history": "Interactive.224", "point": 1, "testname": "TRAN", "cornername": "Nominal"}
[2026-09-01 04:48:33.994 Z] [WARN] [cadence.virtuoso.ade.simulationMonitor] -     WARNING (SPECTRE-8527): There are some nodes and instances removed from the netlist topology check. Check the circuit and correct the topology. Or use preserve_inst to keep them if necessary. {"history": "Interactive.224", "point": 1, "testname": "TRAN", "cornername": "Nominal"}
[2026-09-01 04:48:33.995 Z] [WARN] [cadence.virtuoso.ade.simulationMonitor] -     WARNING (SPECTRE-8529): Dangling instance. V9 is removed. {"history": "Interactive.224", "point": 1, "testname": "TRAN", "cornername": "Nominal"}
[2026-09-01 04:48:33.995 Z] [WARN] [cadence.virtuoso.ade.simulationMonitor] -     WARNING (SPECTRE-8530): Dangling node. net9 is removed. {"history": "Interactive.224", "point": 1, "testname": "TRAN", "cornername": "Nominal"}
[2026-09-01 04:48:33.995 Z] [INFO] [cadence.virtuoso.ade.simulationMonitor] - Peak resident memory used = 181 Mbytes. {"history": "Interactive.224", "point": 1, "testname": "TRAN", "cornername": "Nominal"}
[2026-09-01 04:48:33.996 Z] [INFO] [cadence.virtuoso.ade.simulationMonitor] - Notice from spectre during topology check.
    No DC path from node `VbgT' to ground, Gmin installed to provide path.
    No DC path from node `V1000' to ground, Gmin installed to provide path.
    No DC path from node `V550' to ground, Gmin installed to provide path.
    No DC path from node `LVDS' to ground, Gmin installed to provide path.
    No DC path from node `LDO' to ground, Gmin installed to provide path.
        Further occurrences of this notice will be suppressed. {"history": "Interactive.224", "point": 1, "testname": "TRAN", "cornername": "Nominal"}
[2026-09-01 04:48:33.996 Z] [INFO] [cadence.virtuoso.ade.simulationMonitor] - Notice from spectre during initial setup.
    Number of thread was limited to 1 because of small circuit size. {"history": "Interactive.224", "point": 1, "testname": "TRAN", "cornername": "Nominal"}
[2026-09-01 04:48:33.997 Z] [INFO] [cadence.virtuoso.ade.simulationMonitor] -               nodes 56 {"history": "Interactive.224", "point": 1, "testname": "TRAN", "cornername": "Nominal"}
[2026-09-01 04:48:33.997 Z] [INFO] [cadence.virtuoso.ade.simulationMonitor] - Notice from spectre during initial setup.
    Parasitics reduction enabled. 
         (Resistors reduced by 0.00%  Capacitors reduced by 0.00%, 0.00% of capacitors are coupled after RC reduction).  {"history": "Interactive.224", "point": 1, "testname": "TRAN", "cornername": "Nominal"}
[2026-09-01 04:48:33.997 Z] [INFO] [cadence.virtuoso.ade.simulationMonitor] - Notice from spectre during initial setup.
    1 vsources are shorted because their absolute value is less than or equal to 'vabsshort'.
    Fast APS enabled. {"history": "Interactive.224", "point": 1, "testname": "TRAN", "cornername": "Nominal"}
[2026-09-01 04:48:33.997 Z] [INFO] [cadence.virtuoso.ade.simulationMonitor] - Peak resident memory used = 189 Mbytes. {"history": "Interactive.224", "point": 1, "testname": "TRAN", "cornername": "Nominal"}
[2026-09-01 04:48:33.997 Z] [INFO] [cadence.virtuoso.ade.simulationMonitor] -    -   (Fast APS) Multi-threading. The recommended number of threads is 1, consider adding +mt=1 on command line. {"history": "Interactive.224", "point": 1, "testname": "TRAN", "cornername": "Nominal"}
[2026-09-01 04:48:33.998 Z] [INFO] [cadence.virtuoso.ade.simulationMonitor] - Total time required for dc analysis `dcOp': CPU = 2.2 ms, elapsed = 5.48506 ms, util. = 40.1%. {"history": "Interactive.224", "point": 1, "testname": "TRAN", "cornername": "Nominal"}
[2026-09-01 04:48:33.998 Z] [INFO] [cadence.virtuoso.ade.simulationMonitor] - Peak resident memory used = 192 Mbytes. {"history": "Interactive.224", "point": 1, "testname": "TRAN", "cornername": "Nominal"}
[2026-09-01 04:48:33.998 Z] [INFO] [cadence.virtuoso.ade.simulationMonitor] - Total time required for tran analysis `tran': CPU = 46.018 ms, elapsed = 49.8271 ms, util. = 92.4%. {"history": "Interactive.224", "point": 1, "testname": "TRAN", "cornername": "Nominal"}
[2026-09-01 04:48:33.998 Z] [INFO] [cadence.virtuoso.ade.simulationMonitor] - Peak resident memory used = 196 Mbytes. {"history": "Interactive.224", "point": 1, "testname": "TRAN", "cornername": "Nominal"}
[2026-09-01 04:48:33.998 Z] [INFO] [cadence.virtuoso.ade.simulationMonitor] - Time used: CPU = 235 ms, elapsed = 466 ms, util. = 50.4%. {"history": "Interactive.224", "point": 1, "testname": "TRAN", "cornername": "Nominal"}
[2026-09-01 04:48:33.998 Z] [INFO] [cadence.virtuoso.ade.simulationMonitor] - Time spent in licensing: elapsed = 47.8 ms, percentage of total = 10.3%. {"history": "Interactive.224", "point": 1, "testname": "TRAN", "cornername": "Nominal"}
[2026-09-01 04:48:33.998 Z] [INFO] [cadence.virtuoso.ade.simulationMonitor] - Peak memory used = 196 Mbytes. {"history": "Interactive.224", "point": 1, "testname": "TRAN", "cornername": "Nominal"}
[2026-09-01 04:48:33.998 Z] [PROCESS] [cadence.virtuoso.ade.simulationMonitor] - Simulation started at: 4:48:33 AM, Tue Sep 1, 2026, ended at: 4:48:33 AM, Tue Sep 1, 2026, with elapsed time (wall clock): 466 ms. {"history": "Interactive.224", "point": 1, "testname": "TRAN", "cornername": "Nominal"}
[2026-09-01 04:48:33.998 Z] [PROCESS] [cadence.virtuoso.ade.simulationMonitor] - spectre completes with 0 errors, 4 warnings, and 12 notices. {"history": "Interactive.224", "point": 1, "testname": "TRAN", "cornername": "Nominal"}
[2026-09-01 04:48:33.998 Z] [PROCESS] [cadence.virtuoso.ade.simulationMonitor] - Finished simulating for one point {"hostname": "edatools", "processid": 91707, "history": "Interactive.224", "testname": "TRAN", "cornername": "Nominal", "point": 1, "logfile": "/home/saul/projects/LF_BG/logs_saul/logs5/Job7.log", "simid": "6"}
[2026-09-01 04:48:33.998 Z] [PROCESS] [cadence.virtuoso.ade.simulationMonitor] - Simulator exited {"hostname": "edatools", "processid": 91707, "history": "Interactive.224", "testname": "TRAN", "cornername": "Nominal", "point": 1, "logfile": "/home/saul/projects/LF_BG/logs_saul/logs5/Job7.log", "exitStatus": "0"}
[2026-09-01 04:48:33.998 Z] [PROCESS] [cadence.virtuoso.ade.simulationMonitor] - Finished Simulation {"hostname": "edatools", "processid": 91707, "history": "Interactive.224", "testname": "TRAN", "cornername": "Nominal", "point": 1, "logfile": "/home/saul/projects/LF_BG/logs_saul/logs5/Job7.log", "simid": "6"}
[2026-09-01 04:48:36.005 Z] [PROCESS] [cadence.virtuoso.ade.simulationMonitor] - Point Finished {"hostname": "edatools", "processid": 91707, "history": "Interactive.224", "testname": "TRAN", "cornername": "Nominal", "point": 1, "logfile": "/home/saul/projects/LF_BG/logs_saul/logs5/Job7.log"}
[2026-09-01 04:49:43.937 Z] [PROCESS] [cadence.virtuoso.ade.simulationMonitor] - Started History {"hostname": "edatools", "processid": 91707, "history": "Interactive.225", "testname": "TRAN", "cornername": "Nominal", "point": 1, "logfile": "/home/saul/projects/LF_BG/logs_saul/logs5/Job7.log"}
[2026-09-01 04:49:43.938 Z] [PROCESS] [cadence.virtuoso.ade.simulationMonitor] - HostInfo:
Host name (type):	edatools (x86_64)
Operating system:	Linux 7.0.0-30-generic #30~24.04.1-Ubuntu SMP PREEMPT_DYNAMIC Fri Aug  7 13:27:52 UTC 2 {"hostname": "edatools", "processid": 91707, "history": "Interactive.225", "testname": "TRAN", "cornername": "Nominal", "point": 1, "logfile": "/home/saul/projects/LF_BG/logs_saul/logs5/Job7.log", "nodename": "edatools", "domainname": "(none)", "machine": "x86_64", "sysname": "Linux", "release": "7.0.0-30-generic", "version": "#30~24.04.1-Ubuntu SMP PREEMPT_DYNAMIC Fri Aug  7 13:27:52 UTC 2"}
[2026-09-01 04:49:43.938 Z] [PROCESS] [cadence.virtuoso.ade.simulationMonitor] - UsageInfo:
pid=91707
totalPhysicalMemory=62.541851GB,Used=21.455853GB,totalVirtualMemory=70.541847GB,Used=21.455853GB
Cpu: Cores=16, Load average:0.630000,0.560000,0.450000 {"hostname": "edatools", "processid": 91707, "history": "Interactive.225", "testname": "TRAN", "cornername": "Nominal", "point": 1, "logfile": "/home/saul/projects/LF_BG/logs_saul/logs5/Job7.log", "pid": "91707", "totalPhysicalMemory": "62.541851", "physicalMemoryUsed": "21.455853", "totalVirtualMemory": "70.541847", "virtualMemoryUsed": "21.455853", "cpuCores": "16", "processes": "2001", "loadAverage1": "0.630000", "loadAverage5": "0.560000", "loadAverage15": "0.450000", "loadAverage1Percent": "0.039375"}
[2026-09-01 04:49:43.939 Z] [EVENT] [cadence.virtuoso.ade.simulationMonitor] - NewPoint {"history": "Interactive.225", "point": 1, "testname": "TRAN", "cornername": "Nominal", "event": "NewPoint", "EventSource": "Simulation Monitor", "HistoryName": "Interactive.225", "logFile": "/home/saul/projects/LF_BG/logs_saul/logs5/Job7.log", "logFileSize": "68468"}
[2026-09-01 04:49:44.041 Z] [EVENT] [cadence.virtuoso.ade.simulationMonitor] - NewPoint {"history": "Interactive.225", "point": 1, "testname": "TRAN", "cornername": "Nominal", "event": "NewPoint", "EventSource": "spectre", "HistoryName": "Interactive.225", "logFile": "/home/saul/simulation/REF_GEN/REF_GEN_f_TB/maestro/results/maestro/Interactive.225/1/TRAN/psf/spectre.out", "logFileSize": "-1"}
[2026-09-01 04:49:44.052 Z] [PROCESS] [cadence.virtuoso.ade.simulationMonitor] - Simulator launched {"hostname": "edatools", "processid": 91707, "history": "Interactive.225", "testname": "TRAN", "cornername": "Nominal", "point": 1, "logfile": "/home/saul/projects/LF_BG/logs_saul/logs5/Job7.log", "simid": "7"}
[2026-09-01 04:49:44.055 Z] [PROCESS] [cadence.virtuoso.ade.simulationMonitor] - Expression evaluator launched {"hostname": "edatools", "processid": 91707, "history": "Interactive.225", "testname": "TRAN", "cornername": "Nominal", "point": 1, "logfile": "/home/saul/projects/LF_BG/logs_saul/logs5/Job7.log"}
[2026-09-01 04:49:44.080 Z] [PROCESS] [cadence.virtuoso.ade.simulationMonitor] - Started Simulation {"hostname": "edatools", "processid": 91707, "history": "Interactive.225", "testname": "TRAN", "cornername": "Nominal", "point": 1, "logfile": "/home/saul/projects/LF_BG/logs_saul/logs5/Job7.log", "event": "started", "task": "simulation"}
[2026-09-01 04:49:44.580 Z] [INFO] [cadence.virtuoso.ade.simulationMonitor] - Peak resident memory used = 169 Mbytes. {"history": "Interactive.225", "point": 1, "testname": "TRAN", "cornername": "Nominal"}
[2026-09-01 04:49:45.580 Z] [INFO] [cadence.virtuoso.ade.simulationMonitor] - Notice from spectre during hierarchy flattening.
    Parasitic optimization will filter out parasitic nodes, nodes only connected to RCs, by default. To view individual parasitic nodes use individual save statements (i.e. save out), or use the 'savefilter=none' option to save all parasitic nodes. Saving all parasitic nodes may slow down simulation and create large waveform files. {"history": "Interactive.225", "point": 1, "testname": "TRAN", "cornername": "Nominal"}
[2026-09-01 04:49:45.581 Z] [INFO] [cadence.virtuoso.ade.simulationMonitor] - Peak resident memory used = 194 Mbytes. {"history": "Interactive.225", "point": 1, "testname": "TRAN", "cornername": "Nominal"}
[2026-09-01 04:49:45.581 Z] [INFO] [cadence.virtuoso.ade.simulationMonitor] - Notice from spectre during hierarchy flattening.
    The value 'psf' specified for the 'checklimitdest' option will no longer be supported in future releases. Use 'spectre -h' to see other recommended values for the 'checklimitdest' option. {"history": "Interactive.225", "point": 1, "testname": "TRAN", "cornername": "Nominal"}
[2026-09-01 04:49:45.581 Z] [WARN] [cadence.virtuoso.ade.simulationMonitor] -     WARNING (SPECTRE-16718): inlinesubcktcurrent option is set as `subckt', all the inline subckts will be treated as normal subckts when you access the current of their terminals. {"history": "Interactive.225", "point": 1, "testname": "TRAN", "cornername": "Nominal"}
[2026-09-01 04:49:45.581 Z] [WARN] [cadence.virtuoso.ade.simulationMonitor] -     WARNING (SPECTRE-8527): There are some nodes and instances removed from the netlist topology check. Check the circuit and correct the topology. Or use preserve_inst to keep them if necessary. {"history": "Interactive.225", "point": 1, "testname": "TRAN", "cornername": "Nominal"}
[2026-09-01 04:49:45.581 Z] [WARN] [cadence.virtuoso.ade.simulationMonitor] -     WARNING (SPECTRE-8529): Dangling instance. V9 is removed. {"history": "Interactive.225", "point": 1, "testname": "TRAN", "cornername": "Nominal"}
[2026-09-01 04:49:45.581 Z] [WARN] [cadence.virtuoso.ade.simulationMonitor] -     WARNING (SPECTRE-8530): Dangling node. net9 is removed. {"history": "Interactive.225", "point": 1, "testname": "TRAN", "cornername": "Nominal"}
[2026-09-01 04:49:45.581 Z] [INFO] [cadence.virtuoso.ade.simulationMonitor] - Peak resident memory used = 196 Mbytes. {"history": "Interactive.225", "point": 1, "testname": "TRAN", "cornername": "Nominal"}
[2026-09-01 04:49:45.581 Z] [INFO] [cadence.virtuoso.ade.simulationMonitor] - Notice from spectre during topology check.
    No DC path from node `VbgT' to ground, Gmin installed to provide path.
    No DC path from node `V1000' to ground, Gmin installed to provide path.
    No DC path from node `V550' to ground, Gmin installed to provide path.
    No DC path from node `LVDS' to ground, Gmin installed to provide path.
    No DC path from node `LDO' to ground, Gmin installed to provide path.
        Further occurrences of this notice will be suppressed. {"history": "Interactive.225", "point": 1, "testname": "TRAN", "cornername": "Nominal"}
[2026-09-01 04:49:45.581 Z] [INFO] [cadence.virtuoso.ade.simulationMonitor] - Notice from spectre during initial setup.
    Number of thread was limited to 1 because of small circuit size. {"history": "Interactive.225", "point": 1, "testname": "TRAN", "cornername": "Nominal"}
[2026-09-01 04:49:45.581 Z] [INFO] [cadence.virtuoso.ade.simulationMonitor] -               nodes 56 {"history": "Interactive.225", "point": 1, "testname": "TRAN", "cornername": "Nominal"}
[2026-09-01 04:49:45.581 Z] [INFO] [cadence.virtuoso.ade.simulationMonitor] - Notice from spectre during initial setup.
    Parasitics reduction enabled. 
         (Resistors reduced by 0.00%  Capacitors reduced by 0.00%, 0.00% of capacitors are coupled after RC reduction).  {"history": "Interactive.225", "point": 1, "testname": "TRAN", "cornername": "Nominal"}
[2026-09-01 04:49:45.581 Z] [INFO] [cadence.virtuoso.ade.simulationMonitor] - Notice from spectre during initial setup.
    1 vsources are shorted because their absolute value is less than or equal to 'vabsshort'.
    Fast APS enabled. {"history": "Interactive.225", "point": 1, "testname": "TRAN", "cornername": "Nominal"}
[2026-09-01 04:49:45.581 Z] [INFO] [cadence.virtuoso.ade.simulationMonitor] - Peak resident memory used = 202 Mbytes. {"history": "Interactive.225", "point": 1, "testname": "TRAN", "cornername": "Nominal"}
[2026-09-01 04:49:45.582 Z] [INFO] [cadence.virtuoso.ade.simulationMonitor] -    -   (Fast APS) Multi-threading. The recommended number of threads is 1, consider adding +mt=1 on command line. {"history": "Interactive.225", "point": 1, "testname": "TRAN", "cornername": "Nominal"}
[2026-09-01 04:49:45.582 Z] [INFO] [cadence.virtuoso.ade.simulationMonitor] - Total time required for dc analysis `dcOp': CPU = 1.951 ms, elapsed = 5.94497 ms, util. = 32.8%. {"history": "Interactive.225", "point": 1, "testname": "TRAN", "cornername": "Nominal"}
[2026-09-01 04:49:45.582 Z] [INFO] [cadence.virtuoso.ade.simulationMonitor] - Peak resident memory used = 202 Mbytes. {"history": "Interactive.225", "point": 1, "testname": "TRAN", "cornername": "Nominal"}
[2026-09-01 04:49:46.082 Z] [INFO] [cadence.virtuoso.ade.simulationMonitor] - Total time required for tran analysis `tran': CPU = 42.289 ms, elapsed = 46.901 ms, util. = 90.2%. {"history": "Interactive.225", "point": 1, "testname": "TRAN", "cornername": "Nominal"}
[2026-09-01 04:49:46.082 Z] [INFO] [cadence.virtuoso.ade.simulationMonitor] - Peak resident memory used = 202 Mbytes. {"history": "Interactive.225", "point": 1, "testname": "TRAN", "cornername": "Nominal"}
[2026-09-01 04:49:46.082 Z] [INFO] [cadence.virtuoso.ade.simulationMonitor] - Time used: CPU = 253 ms, elapsed = 1.37 s, util. = 18.5%. {"history": "Interactive.225", "point": 1, "testname": "TRAN", "cornername": "Nominal"}
[2026-09-01 04:49:46.083 Z] [INFO] [cadence.virtuoso.ade.simulationMonitor] - Time spent in licensing: elapsed = 23.9 ms. {"history": "Interactive.225", "point": 1, "testname": "TRAN", "cornername": "Nominal"}
[2026-09-01 04:49:46.083 Z] [INFO] [cadence.virtuoso.ade.simulationMonitor] - Peak memory used = 201 Mbytes. {"history": "Interactive.225", "point": 1, "testname": "TRAN", "cornername": "Nominal"}
[2026-09-01 04:49:46.083 Z] [PROCESS] [cadence.virtuoso.ade.simulationMonitor] - Simulation started at: 4:49:44 AM, Tue Sep 1, 2026, ended at: 4:49:45 AM, Tue Sep 1, 2026, with elapsed time (wall clock): 1.37 s. {"history": "Interactive.225", "point": 1, "testname": "TRAN", "cornername": "Nominal"}
[2026-09-01 04:49:46.083 Z] [PROCESS] [cadence.virtuoso.ade.simulationMonitor] - spectre completes with 0 errors, 4 warnings, and 12 notices. {"history": "Interactive.225", "point": 1, "testname": "TRAN", "cornername": "Nominal"}
[2026-09-01 04:49:46.083 Z] [PROCESS] [cadence.virtuoso.ade.simulationMonitor] - Finished simulating for one point {"hostname": "edatools", "processid": 91707, "history": "Interactive.225", "testname": "TRAN", "cornername": "Nominal", "point": 1, "logfile": "/home/saul/projects/LF_BG/logs_saul/logs5/Job7.log", "simid": "7"}
[2026-09-01 04:49:46.083 Z] [PROCESS] [cadence.virtuoso.ade.simulationMonitor] - Simulator exited {"hostname": "edatools", "processid": 91707, "history": "Interactive.225", "testname": "TRAN", "cornername": "Nominal", "point": 1, "logfile": "/home/saul/projects/LF_BG/logs_saul/logs5/Job7.log", "exitStatus": "0"}
[2026-09-01 04:49:46.083 Z] [PROCESS] [cadence.virtuoso.ade.simulationMonitor] - Finished Simulation {"hostname": "edatools", "processid": 91707, "history": "Interactive.225", "testname": "TRAN", "cornername": "Nominal", "point": 1, "logfile": "/home/saul/projects/LF_BG/logs_saul/logs5/Job7.log", "simid": "7"}
[2026-09-01 04:49:47.590 Z] [PROCESS] [cadence.virtuoso.ade.simulationMonitor] - Point Finished {"hostname": "edatools", "processid": 91707, "history": "Interactive.225", "testname": "TRAN", "cornername": "Nominal", "point": 1, "logfile": "/home/saul/projects/LF_BG/logs_saul/logs5/Job7.log"}
[2026-09-01 04:54:48.206 Z] [PROCESS] [cadence.virtuoso.ade.simulationMonitor] - Current memory used: 53.0039 MBytes, peak memory used: 53.0039 MBytes {"hostname": "edatools", "processid": 91707, "history": "Interactive.225", "testname": "TRAN", "cornername": "Nominal", "point": 1, "logfile": "/home/saul/projects/LF_BG/logs_saul/logs5/Job7.log"}
[2026-09-01 04:54:48.207 Z] [PROCESS] [cadence.virtuoso.ade.simulationMonitor] - Simulation Monitor process exit. {"hostname": "edatools", "processid": 91707, "history": "Interactive.225", "testname": "TRAN", "cornername": "Nominal", "point": 1, "logfile": "/home/saul/projects/LF_BG/logs_saul/logs5/Job7.log"}
