[Simulation Monitor: 9]
[2026-08-31 21:36:04.437 Z] [PROCESS] [cadence.virtuoso.ade.simulationMonitor] - Simulation Monitor has successfully started up. Trying to set up communication channels to other components ... {"hostname": "edatools", "processid": 67006, "logfile": "/home/saul/projects/LF_BG/logs_saul/logs5/Job9.log"}
[2026-08-31 21:36:04.437 Z] [PROCESS] [cadence.virtuoso.ade.simulationMonitor] - Communication channels have been successfully set up. Start processing events ... {"hostname": "edatools", "processid": 67006, "logfile": "/home/saul/projects/LF_BG/logs_saul/logs5/Job9.log"}
[2026-08-31 21:36:04.437 Z] [PROCESS] [cadence.virtuoso.ade.simulationMonitor] - Considering to start history {"hostname": "edatools", "processid": 67006, "history": "Interactive.197", "logfile": "/home/saul/projects/LF_BG/logs_saul/logs5/Job9.log"}
[2026-08-31 21:36:04.438 Z] [PROCESS] [cadence.virtuoso.ade.simulationMonitor] - Started History {"hostname": "edatools", "processid": 67006, "history": "Interactive.201", "logfile": "/home/saul/projects/LF_BG/logs_saul/logs5/Job9.log"}
[2026-08-31 21:36:04.438 Z] [PROCESS] [cadence.virtuoso.ade.simulationMonitor] - HostInfo:
Host name (type):	edatools (x86_64)
Operating system:	Linux 7.0.0-30-generic #30~24.04.1-Ubuntu SMP PREEMPT_DYNAMIC Fri Aug  7 13:27:52 UTC 2 {"hostname": "edatools", "processid": 67006, "history": "Interactive.201", "logfile": "/home/saul/projects/LF_BG/logs_saul/logs5/Job9.log", "nodename": "edatools", "domainname": "(none)", "machine": "x86_64", "sysname": "Linux", "release": "7.0.0-30-generic", "version": "#30~24.04.1-Ubuntu SMP PREEMPT_DYNAMIC Fri Aug  7 13:27:52 UTC 2"}
[2026-08-31 21:36:04.438 Z] [PROCESS] [cadence.virtuoso.ade.simulationMonitor] - UsageInfo:
pid=67006
totalPhysicalMemory=62.541851GB,Used=19.100784GB,totalVirtualMemory=70.541847GB,Used=19.100784GB
Cpu: Cores=16, Load average:0.140000,0.080000,0.090000 {"hostname": "edatools", "processid": 67006, "history": "Interactive.201", "logfile": "/home/saul/projects/LF_BG/logs_saul/logs5/Job9.log", "pid": "67006", "totalPhysicalMemory": "62.541851", "physicalMemoryUsed": "19.100784", "totalVirtualMemory": "70.541847", "virtualMemoryUsed": "19.100784", "cpuCores": "16", "processes": "1543", "loadAverage1": "0.140000", "loadAverage5": "0.080000", "loadAverage15": "0.090000", "loadAverage1Percent": "0.008750"}
[2026-08-31 21:36:04.438 Z] [EVENT] [cadence.virtuoso.ade.simulationMonitor] - NewPoint {"history": "Interactive.201", "point": 1, "testname": "TRAN", "cornername": "Nominal", "event": "NewPoint", "EventSource": "Simulation Monitor", "HistoryName": "Interactive.201", "logFile": "/home/saul/projects/LF_BG/logs_saul/logs5/Job9.log", "logFileSize": "2368"}
[2026-08-31 21:36:04.540 Z] [EVENT] [cadence.virtuoso.ade.simulationMonitor] - NewPoint {"history": "Interactive.201", "point": 1, "testname": "TRAN", "cornername": "Nominal", "event": "NewPoint", "EventSource": "spectre", "HistoryName": "Interactive.201", "logFile": "/home/saul/simulation/REF_GEN/REF_GEN_f_TB/maestro/results/maestro/Interactive.201/1/TRAN/psf/spectre.out", "logFileSize": "-1"}
[2026-08-31 21:36:04.551 Z] [PROCESS] [cadence.virtuoso.ade.simulationMonitor] - Simulator launched {"hostname": "edatools", "processid": 67006, "history": "Interactive.201", "testname": "TRAN", "cornername": "Nominal", "point": 1, "logfile": "/home/saul/projects/LF_BG/logs_saul/logs5/Job9.log", "simid": "1"}
[2026-08-31 21:36:04.551 Z] [PROCESS] [cadence.virtuoso.ade.simulationMonitor] - Expression evaluator launched {"hostname": "edatools", "processid": 67006, "history": "Interactive.201", "testname": "TRAN", "cornername": "Nominal", "point": 1, "logfile": "/home/saul/projects/LF_BG/logs_saul/logs5/Job9.log"}
[2026-08-31 21:36:04.586 Z] [PROCESS] [cadence.virtuoso.ade.simulationMonitor] - Started Simulation {"hostname": "edatools", "processid": 67006, "history": "Interactive.201", "testname": "TRAN", "cornername": "Nominal", "point": 1, "logfile": "/home/saul/projects/LF_BG/logs_saul/logs5/Job9.log", "event": "started", "task": "simulation"}
[2026-08-31 21:36:05.087 Z] [INFO] [cadence.virtuoso.ade.simulationMonitor] - Peak resident memory used = 169 Mbytes. {"history": "Interactive.201", "point": 1, "testname": "TRAN", "cornername": "Nominal"}
[2026-08-31 21:36:07.588 Z] [INFO] [cadence.virtuoso.ade.simulationMonitor] - Notice from spectre during hierarchy flattening.
    Parasitic optimization will filter out parasitic nodes, nodes only connected to RCs, by default. To view individual parasitic nodes use individual save statements (i.e. save out), or use the 'savefilter=none' option to save all parasitic nodes. Saving all parasitic nodes may slow down simulation and create large waveform files. {"history": "Interactive.201", "point": 1, "testname": "TRAN", "cornername": "Nominal"}
[2026-08-31 21:36:07.588 Z] [INFO] [cadence.virtuoso.ade.simulationMonitor] - Peak resident memory used = 193 Mbytes. {"history": "Interactive.201", "point": 1, "testname": "TRAN", "cornername": "Nominal"}
[2026-08-31 21:36:07.588 Z] [INFO] [cadence.virtuoso.ade.simulationMonitor] - Notice from spectre during hierarchy flattening.
    The value 'psf' specified for the 'checklimitdest' option will no longer be supported in future releases. Use 'spectre -h' to see other recommended values for the 'checklimitdest' option. {"history": "Interactive.201", "point": 1, "testname": "TRAN", "cornername": "Nominal"}
[2026-08-31 21:36:07.588 Z] [WARN] [cadence.virtuoso.ade.simulationMonitor] -     WARNING (SPECTRE-16718): inlinesubcktcurrent option is set as `subckt', all the inline subckts will be treated as normal subckts when you access the current of their terminals. {"history": "Interactive.201", "point": 1, "testname": "TRAN", "cornername": "Nominal"}
[2026-08-31 21:36:07.588 Z] [WARN] [cadence.virtuoso.ade.simulationMonitor] -     WARNING (SPECTRE-8527): There are some nodes and instances removed from the netlist topology check. Check the circuit and correct the topology. Or use preserve_inst to keep them if necessary. {"history": "Interactive.201", "point": 1, "testname": "TRAN", "cornername": "Nominal"}
[2026-08-31 21:36:07.588 Z] [WARN] [cadence.virtuoso.ade.simulationMonitor] -     WARNING (SPECTRE-8529): Dangling instance. V9 is removed. {"history": "Interactive.201", "point": 1, "testname": "TRAN", "cornername": "Nominal"}
[2026-08-31 21:36:07.588 Z] [WARN] [cadence.virtuoso.ade.simulationMonitor] -     WARNING (SPECTRE-8530): Dangling node. net9 is removed. {"history": "Interactive.201", "point": 1, "testname": "TRAN", "cornername": "Nominal"}
[2026-08-31 21:36:07.588 Z] [INFO] [cadence.virtuoso.ade.simulationMonitor] - Peak resident memory used = 195 Mbytes. {"history": "Interactive.201", "point": 1, "testname": "TRAN", "cornername": "Nominal"}
[2026-08-31 21:36:07.589 Z] [INFO] [cadence.virtuoso.ade.simulationMonitor] - Notice from spectre during topology check.
    No DC path from node `VbgT' to ground, Gmin installed to provide path.
    No DC path from node `V1000' to ground, Gmin installed to provide path.
    No DC path from node `V550' to ground, Gmin installed to provide path.
    No DC path from node `LVDS' to ground, Gmin installed to provide path.
    No DC path from node `LDO' to ground, Gmin installed to provide path.
        Further occurrences of this notice will be suppressed. {"history": "Interactive.201", "point": 1, "testname": "TRAN", "cornername": "Nominal"}
[2026-08-31 21:36:07.589 Z] [INFO] [cadence.virtuoso.ade.simulationMonitor] - Notice from spectre during initial setup.
    Number of thread was limited to 1 because of small circuit size. {"history": "Interactive.201", "point": 1, "testname": "TRAN", "cornername": "Nominal"}
[2026-08-31 21:36:07.589 Z] [INFO] [cadence.virtuoso.ade.simulationMonitor] -               nodes 56 {"history": "Interactive.201", "point": 1, "testname": "TRAN", "cornername": "Nominal"}
[2026-08-31 21:36:07.589 Z] [INFO] [cadence.virtuoso.ade.simulationMonitor] - Notice from spectre during initial setup.
    Parasitics reduction enabled. 
         (Resistors reduced by 0.00%  Capacitors reduced by 0.00%, 0.00% of capacitors are coupled after RC reduction).  {"history": "Interactive.201", "point": 1, "testname": "TRAN", "cornername": "Nominal"}
[2026-08-31 21:36:07.589 Z] [INFO] [cadence.virtuoso.ade.simulationMonitor] - Notice from spectre during initial setup.
    1 vsources are shorted because their absolute value is less than or equal to 'vabsshort'.
    Fast APS enabled. {"history": "Interactive.201", "point": 1, "testname": "TRAN", "cornername": "Nominal"}
[2026-08-31 21:36:07.589 Z] [INFO] [cadence.virtuoso.ade.simulationMonitor] - Peak resident memory used = 201 Mbytes. {"history": "Interactive.201", "point": 1, "testname": "TRAN", "cornername": "Nominal"}
[2026-08-31 21:36:07.589 Z] [INFO] [cadence.virtuoso.ade.simulationMonitor] -    -   (Fast APS) Multi-threading. The recommended number of threads is 1, consider adding +mt=1 on command line. {"history": "Interactive.201", "point": 1, "testname": "TRAN", "cornername": "Nominal"}
[2026-08-31 21:36:07.589 Z] [INFO] [cadence.virtuoso.ade.simulationMonitor] - Total time required for dc analysis `dcOp': CPU = 1.763 ms, elapsed = 5.67293 ms, util. = 31.1%. {"history": "Interactive.201", "point": 1, "testname": "TRAN", "cornername": "Nominal"}
[2026-08-31 21:36:07.589 Z] [INFO] [cadence.virtuoso.ade.simulationMonitor] - Peak resident memory used = 201 Mbytes. {"history": "Interactive.201", "point": 1, "testname": "TRAN", "cornername": "Nominal"}
[2026-08-31 21:36:07.589 Z] [INFO] [cadence.virtuoso.ade.simulationMonitor] - Total time required for tran analysis `tran': CPU = 24.643 ms, elapsed = 30.8669 ms, util. = 79.8%. {"history": "Interactive.201", "point": 1, "testname": "TRAN", "cornername": "Nominal"}
[2026-08-31 21:36:07.589 Z] [INFO] [cadence.virtuoso.ade.simulationMonitor] - Peak resident memory used = 201 Mbytes. {"history": "Interactive.201", "point": 1, "testname": "TRAN", "cornername": "Nominal"}
[2026-08-31 21:36:08.090 Z] [INFO] [cadence.virtuoso.ade.simulationMonitor] - Time used: CPU = 277 ms, elapsed = 2.73 s, util. = 10.2%. {"history": "Interactive.201", "point": 1, "testname": "TRAN", "cornername": "Nominal"}
[2026-08-31 21:36:08.091 Z] [INFO] [cadence.virtuoso.ade.simulationMonitor] - Time spent in licensing: elapsed = 26.7 ms. {"history": "Interactive.201", "point": 1, "testname": "TRAN", "cornername": "Nominal"}
[2026-08-31 21:36:08.091 Z] [INFO] [cadence.virtuoso.ade.simulationMonitor] - Peak memory used = 201 Mbytes. {"history": "Interactive.201", "point": 1, "testname": "TRAN", "cornername": "Nominal"}
[2026-08-31 21:36:08.092 Z] [PROCESS] [cadence.virtuoso.ade.simulationMonitor] - Simulation started at: 9:36:04 PM, Mon Aug 31, 2026, ended at: 9:36:07 PM, Mon Aug 31, 2026, with elapsed time (wall clock): 2.73 s. {"history": "Interactive.201", "point": 1, "testname": "TRAN", "cornername": "Nominal"}
[2026-08-31 21:36:08.092 Z] [PROCESS] [cadence.virtuoso.ade.simulationMonitor] - spectre completes with 0 errors, 4 warnings, and 12 notices. {"history": "Interactive.201", "point": 1, "testname": "TRAN", "cornername": "Nominal"}
[2026-08-31 21:36:08.093 Z] [PROCESS] [cadence.virtuoso.ade.simulationMonitor] - Finished simulating for one point {"hostname": "edatools", "processid": 67006, "history": "Interactive.201", "testname": "TRAN", "cornername": "Nominal", "point": 1, "logfile": "/home/saul/projects/LF_BG/logs_saul/logs5/Job9.log", "simid": "1"}
[2026-08-31 21:36:08.093 Z] [PROCESS] [cadence.virtuoso.ade.simulationMonitor] - Simulator exited {"hostname": "edatools", "processid": 67006, "history": "Interactive.201", "testname": "TRAN", "cornername": "Nominal", "point": 1, "logfile": "/home/saul/projects/LF_BG/logs_saul/logs5/Job9.log", "exitStatus": "0"}
[2026-08-31 21:36:08.094 Z] [PROCESS] [cadence.virtuoso.ade.simulationMonitor] - Finished Simulation {"hostname": "edatools", "processid": 67006, "history": "Interactive.201", "testname": "TRAN", "cornername": "Nominal", "point": 1, "logfile": "/home/saul/projects/LF_BG/logs_saul/logs5/Job9.log", "simid": "1"}
[2026-08-31 21:36:09.105 Z] [PROCESS] [cadence.virtuoso.ade.simulationMonitor] - Point Finished {"hostname": "edatools", "processid": 67006, "history": "Interactive.201", "testname": "TRAN", "cornername": "Nominal", "point": 1, "logfile": "/home/saul/projects/LF_BG/logs_saul/logs5/Job9.log"}
[2026-08-31 21:39:53.507 Z] [PROCESS] [cadence.virtuoso.ade.simulationMonitor] - Started History {"hostname": "edatools", "processid": 67006, "history": "Interactive.202", "testname": "TRAN", "cornername": "Nominal", "point": 1, "logfile": "/home/saul/projects/LF_BG/logs_saul/logs5/Job9.log"}
[2026-08-31 21:39:53.508 Z] [PROCESS] [cadence.virtuoso.ade.simulationMonitor] - HostInfo:
Host name (type):	edatools (x86_64)
Operating system:	Linux 7.0.0-30-generic #30~24.04.1-Ubuntu SMP PREEMPT_DYNAMIC Fri Aug  7 13:27:52 UTC 2 {"hostname": "edatools", "processid": 67006, "history": "Interactive.202", "testname": "TRAN", "cornername": "Nominal", "point": 1, "logfile": "/home/saul/projects/LF_BG/logs_saul/logs5/Job9.log", "nodename": "edatools", "domainname": "(none)", "machine": "x86_64", "sysname": "Linux", "release": "7.0.0-30-generic", "version": "#30~24.04.1-Ubuntu SMP PREEMPT_DYNAMIC Fri Aug  7 13:27:52 UTC 2"}
[2026-08-31 21:39:53.508 Z] [PROCESS] [cadence.virtuoso.ade.simulationMonitor] - UsageInfo:
pid=67006
totalPhysicalMemory=62.541851GB,Used=19.074009GB,totalVirtualMemory=70.541847GB,Used=19.074009GB
Cpu: Cores=16, Load average:0.150000,0.130000,0.100000 {"hostname": "edatools", "processid": 67006, "history": "Interactive.202", "testname": "TRAN", "cornername": "Nominal", "point": 1, "logfile": "/home/saul/projects/LF_BG/logs_saul/logs5/Job9.log", "pid": "67006", "totalPhysicalMemory": "62.541851", "physicalMemoryUsed": "19.074009", "totalVirtualMemory": "70.541847", "virtualMemoryUsed": "19.074009", "cpuCores": "16", "processes": "1553", "loadAverage1": "0.150000", "loadAverage5": "0.130000", "loadAverage15": "0.100000", "loadAverage1Percent": "0.009375"}
[2026-08-31 21:39:53.509 Z] [EVENT] [cadence.virtuoso.ade.simulationMonitor] - NewPoint {"history": "Interactive.202", "point": 1, "testname": "TRAN", "cornername": "Nominal", "event": "NewPoint", "EventSource": "Simulation Monitor", "HistoryName": "Interactive.202", "logFile": "/home/saul/projects/LF_BG/logs_saul/logs5/Job9.log", "logFileSize": "14142"}
[2026-08-31 21:39:53.610 Z] [EVENT] [cadence.virtuoso.ade.simulationMonitor] - NewPoint {"history": "Interactive.202", "point": 1, "testname": "TRAN", "cornername": "Nominal", "event": "NewPoint", "EventSource": "spectre", "HistoryName": "Interactive.202", "logFile": "/home/saul/simulation/REF_GEN/REF_GEN_f_TB/maestro/results/maestro/Interactive.202/1/TRAN/psf/spectre.out", "logFileSize": "-1"}
[2026-08-31 21:39:53.628 Z] [PROCESS] [cadence.virtuoso.ade.simulationMonitor] - Simulator launched {"hostname": "edatools", "processid": 67006, "history": "Interactive.202", "testname": "TRAN", "cornername": "Nominal", "point": 1, "logfile": "/home/saul/projects/LF_BG/logs_saul/logs5/Job9.log", "simid": "2"}
[2026-08-31 21:39:53.631 Z] [PROCESS] [cadence.virtuoso.ade.simulationMonitor] - Expression evaluator launched {"hostname": "edatools", "processid": 67006, "history": "Interactive.202", "testname": "TRAN", "cornername": "Nominal", "point": 1, "logfile": "/home/saul/projects/LF_BG/logs_saul/logs5/Job9.log"}
[2026-08-31 21:39:53.664 Z] [PROCESS] [cadence.virtuoso.ade.simulationMonitor] - Started Simulation {"hostname": "edatools", "processid": 67006, "history": "Interactive.202", "testname": "TRAN", "cornername": "Nominal", "point": 1, "logfile": "/home/saul/projects/LF_BG/logs_saul/logs5/Job9.log", "event": "started", "task": "simulation"}
[2026-08-31 21:39:54.165 Z] [INFO] [cadence.virtuoso.ade.simulationMonitor] - Peak resident memory used = 169 Mbytes. {"history": "Interactive.202", "point": 1, "testname": "TRAN", "cornername": "Nominal"}
[2026-08-31 21:39:55.165 Z] [INFO] [cadence.virtuoso.ade.simulationMonitor] - Notice from spectre during hierarchy flattening.
    Parasitic optimization will filter out parasitic nodes, nodes only connected to RCs, by default. To view individual parasitic nodes use individual save statements (i.e. save out), or use the 'savefilter=none' option to save all parasitic nodes. Saving all parasitic nodes may slow down simulation and create large waveform files. {"history": "Interactive.202", "point": 1, "testname": "TRAN", "cornername": "Nominal"}
[2026-08-31 21:39:55.166 Z] [INFO] [cadence.virtuoso.ade.simulationMonitor] - Peak resident memory used = 193 Mbytes. {"history": "Interactive.202", "point": 1, "testname": "TRAN", "cornername": "Nominal"}
[2026-08-31 21:39:55.166 Z] [INFO] [cadence.virtuoso.ade.simulationMonitor] - Notice from spectre during hierarchy flattening.
    The value 'psf' specified for the 'checklimitdest' option will no longer be supported in future releases. Use 'spectre -h' to see other recommended values for the 'checklimitdest' option. {"history": "Interactive.202", "point": 1, "testname": "TRAN", "cornername": "Nominal"}
[2026-08-31 21:39:55.166 Z] [WARN] [cadence.virtuoso.ade.simulationMonitor] -     WARNING (SPECTRE-16718): inlinesubcktcurrent option is set as `subckt', all the inline subckts will be treated as normal subckts when you access the current of their terminals. {"history": "Interactive.202", "point": 1, "testname": "TRAN", "cornername": "Nominal"}
[2026-08-31 21:39:55.166 Z] [WARN] [cadence.virtuoso.ade.simulationMonitor] -     WARNING (SPECTRE-8527): There are some nodes and instances removed from the netlist topology check. Check the circuit and correct the topology. Or use preserve_inst to keep them if necessary. {"history": "Interactive.202", "point": 1, "testname": "TRAN", "cornername": "Nominal"}
[2026-08-31 21:39:55.166 Z] [WARN] [cadence.virtuoso.ade.simulationMonitor] -     WARNING (SPECTRE-8529): Dangling instance. V9 is removed. {"history": "Interactive.202", "point": 1, "testname": "TRAN", "cornername": "Nominal"}
[2026-08-31 21:39:55.166 Z] [WARN] [cadence.virtuoso.ade.simulationMonitor] -     WARNING (SPECTRE-8530): Dangling node. net9 is removed. {"history": "Interactive.202", "point": 1, "testname": "TRAN", "cornername": "Nominal"}
[2026-08-31 21:39:55.166 Z] [INFO] [cadence.virtuoso.ade.simulationMonitor] - Peak resident memory used = 194 Mbytes. {"history": "Interactive.202", "point": 1, "testname": "TRAN", "cornername": "Nominal"}
[2026-08-31 21:39:55.166 Z] [INFO] [cadence.virtuoso.ade.simulationMonitor] - Notice from spectre during topology check.
    No DC path from node `VbgT' to ground, Gmin installed to provide path.
    No DC path from node `V1000' to ground, Gmin installed to provide path.
    No DC path from node `V550' to ground, Gmin installed to provide path.
    No DC path from node `LVDS' to ground, Gmin installed to provide path.
    No DC path from node `LDO' to ground, Gmin installed to provide path.
        Further occurrences of this notice will be suppressed. {"history": "Interactive.202", "point": 1, "testname": "TRAN", "cornername": "Nominal"}
[2026-08-31 21:39:55.166 Z] [INFO] [cadence.virtuoso.ade.simulationMonitor] - Notice from spectre during initial setup.
    Number of thread was limited to 1 because of small circuit size. {"history": "Interactive.202", "point": 1, "testname": "TRAN", "cornername": "Nominal"}
[2026-08-31 21:39:55.166 Z] [INFO] [cadence.virtuoso.ade.simulationMonitor] -               nodes 56 {"history": "Interactive.202", "point": 1, "testname": "TRAN", "cornername": "Nominal"}
[2026-08-31 21:39:55.166 Z] [INFO] [cadence.virtuoso.ade.simulationMonitor] - Notice from spectre during initial setup.
    Parasitics reduction enabled. 
         (Resistors reduced by 0.00%  Capacitors reduced by 0.00%, 0.00% of capacitors are coupled after RC reduction).  {"history": "Interactive.202", "point": 1, "testname": "TRAN", "cornername": "Nominal"}
[2026-08-31 21:39:55.166 Z] [INFO] [cadence.virtuoso.ade.simulationMonitor] - Notice from spectre during initial setup.
    1 vsources are shorted because their absolute value is less than or equal to 'vabsshort'.
    Fast APS enabled. {"history": "Interactive.202", "point": 1, "testname": "TRAN", "cornername": "Nominal"}
[2026-08-31 21:39:55.166 Z] [INFO] [cadence.virtuoso.ade.simulationMonitor] - Peak resident memory used = 200 Mbytes. {"history": "Interactive.202", "point": 1, "testname": "TRAN", "cornername": "Nominal"}
[2026-08-31 21:39:55.166 Z] [INFO] [cadence.virtuoso.ade.simulationMonitor] -    -   (Fast APS) Multi-threading. The recommended number of threads is 1, consider adding +mt=1 on command line. {"history": "Interactive.202", "point": 1, "testname": "TRAN", "cornername": "Nominal"}
[2026-08-31 21:39:55.167 Z] [INFO] [cadence.virtuoso.ade.simulationMonitor] - Total time required for dc analysis `dcOp': CPU = 1.63 ms, elapsed = 5.32198 ms, util. = 30.6%. {"history": "Interactive.202", "point": 1, "testname": "TRAN", "cornername": "Nominal"}
[2026-08-31 21:39:55.167 Z] [INFO] [cadence.virtuoso.ade.simulationMonitor] - Peak resident memory used = 200 Mbytes. {"history": "Interactive.202", "point": 1, "testname": "TRAN", "cornername": "Nominal"}
[2026-08-31 21:39:55.167 Z] [INFO] [cadence.virtuoso.ade.simulationMonitor] - Total time required for tran analysis `tran': CPU = 18.902 ms, elapsed = 22.351 ms, util. = 84.6%. {"history": "Interactive.202", "point": 1, "testname": "TRAN", "cornername": "Nominal"}
[2026-08-31 21:39:55.167 Z] [INFO] [cadence.virtuoso.ade.simulationMonitor] - Peak resident memory used = 200 Mbytes. {"history": "Interactive.202", "point": 1, "testname": "TRAN", "cornername": "Nominal"}
[2026-08-31 21:39:55.167 Z] [INFO] [cadence.virtuoso.ade.simulationMonitor] - Time used: CPU = 249 ms, elapsed = 1.22 s, util. = 20.4%. {"history": "Interactive.202", "point": 1, "testname": "TRAN", "cornername": "Nominal"}
[2026-08-31 21:39:55.167 Z] [INFO] [cadence.virtuoso.ade.simulationMonitor] - Time spent in licensing: elapsed = 26.1 ms. {"history": "Interactive.202", "point": 1, "testname": "TRAN", "cornername": "Nominal"}
[2026-08-31 21:39:55.167 Z] [INFO] [cadence.virtuoso.ade.simulationMonitor] - Peak memory used = 201 Mbytes. {"history": "Interactive.202", "point": 1, "testname": "TRAN", "cornername": "Nominal"}
[2026-08-31 21:39:55.167 Z] [PROCESS] [cadence.virtuoso.ade.simulationMonitor] - Simulation started at: 9:39:53 PM, Mon Aug 31, 2026, ended at: 9:39:54 PM, Mon Aug 31, 2026, with elapsed time (wall clock): 1.22 s. {"history": "Interactive.202", "point": 1, "testname": "TRAN", "cornername": "Nominal"}
[2026-08-31 21:39:55.167 Z] [PROCESS] [cadence.virtuoso.ade.simulationMonitor] - spectre completes with 0 errors, 4 warnings, and 12 notices. {"history": "Interactive.202", "point": 1, "testname": "TRAN", "cornername": "Nominal"}
[2026-08-31 21:39:55.167 Z] [PROCESS] [cadence.virtuoso.ade.simulationMonitor] - Finished simulating for one point {"hostname": "edatools", "processid": 67006, "history": "Interactive.202", "testname": "TRAN", "cornername": "Nominal", "point": 1, "logfile": "/home/saul/projects/LF_BG/logs_saul/logs5/Job9.log", "simid": "2"}
[2026-08-31 21:39:55.167 Z] [PROCESS] [cadence.virtuoso.ade.simulationMonitor] - Simulator exited {"hostname": "edatools", "processid": 67006, "history": "Interactive.202", "testname": "TRAN", "cornername": "Nominal", "point": 1, "logfile": "/home/saul/projects/LF_BG/logs_saul/logs5/Job9.log", "exitStatus": "0"}
[2026-08-31 21:39:55.167 Z] [PROCESS] [cadence.virtuoso.ade.simulationMonitor] - Finished Simulation {"hostname": "edatools", "processid": 67006, "history": "Interactive.202", "testname": "TRAN", "cornername": "Nominal", "point": 1, "logfile": "/home/saul/projects/LF_BG/logs_saul/logs5/Job9.log", "simid": "2"}
[2026-08-31 21:39:56.674 Z] [PROCESS] [cadence.virtuoso.ade.simulationMonitor] - Point Finished {"hostname": "edatools", "processid": 67006, "history": "Interactive.202", "testname": "TRAN", "cornername": "Nominal", "point": 1, "logfile": "/home/saul/projects/LF_BG/logs_saul/logs5/Job9.log"}
[2026-08-31 21:39:57.676 Z] [PROCESS] [cadence.virtuoso.ade.simulationMonitor] - Stay with the runId '5', Linger time '300', currentRunSyn '11', currentTestSyn '12' {"hostname": "edatools", "processid": 67006, "history": "Interactive.202", "testname": "TRAN", "cornername": "Nominal", "point": 1, "logfile": "/home/saul/projects/LF_BG/logs_saul/logs5/Job9.log"}
[2026-08-31 21:43:30.926 Z] [PROCESS] [cadence.virtuoso.ade.simulationMonitor] - Started History {"hostname": "edatools", "processid": 67006, "history": "Interactive.203", "testname": "TRAN", "cornername": "Nominal", "point": 1, "logfile": "/home/saul/projects/LF_BG/logs_saul/logs5/Job9.log"}
[2026-08-31 21:43:30.927 Z] [PROCESS] [cadence.virtuoso.ade.simulationMonitor] - HostInfo:
Host name (type):	edatools (x86_64)
Operating system:	Linux 7.0.0-30-generic #30~24.04.1-Ubuntu SMP PREEMPT_DYNAMIC Fri Aug  7 13:27:52 UTC 2 {"hostname": "edatools", "processid": 67006, "history": "Interactive.203", "testname": "TRAN", "cornername": "Nominal", "point": 1, "logfile": "/home/saul/projects/LF_BG/logs_saul/logs5/Job9.log", "nodename": "edatools", "domainname": "(none)", "machine": "x86_64", "sysname": "Linux", "release": "7.0.0-30-generic", "version": "#30~24.04.1-Ubuntu SMP PREEMPT_DYNAMIC Fri Aug  7 13:27:52 UTC 2"}
[2026-08-31 21:43:30.928 Z] [PROCESS] [cadence.virtuoso.ade.simulationMonitor] - UsageInfo:
pid=67006
totalPhysicalMemory=62.541851GB,Used=19.056377GB,totalVirtualMemory=70.541847GB,Used=19.056377GB
Cpu: Cores=16, Load average:0.110000,0.090000,0.090000 {"hostname": "edatools", "processid": 67006, "history": "Interactive.203", "testname": "TRAN", "cornername": "Nominal", "point": 1, "logfile": "/home/saul/projects/LF_BG/logs_saul/logs5/Job9.log", "pid": "67006", "totalPhysicalMemory": "62.541851", "physicalMemoryUsed": "19.056377", "totalVirtualMemory": "70.541847", "virtualMemoryUsed": "19.056377", "cpuCores": "16", "processes": "1555", "loadAverage1": "0.110000", "loadAverage5": "0.090000", "loadAverage15": "0.090000", "loadAverage1Percent": "0.006875"}
[2026-08-31 21:43:30.928 Z] [EVENT] [cadence.virtuoso.ade.simulationMonitor] - NewPoint {"history": "Interactive.203", "point": 1, "testname": "TRAN", "cornername": "Nominal", "event": "NewPoint", "EventSource": "Simulation Monitor", "HistoryName": "Interactive.203", "logFile": "/home/saul/projects/LF_BG/logs_saul/logs5/Job9.log", "logFileSize": "26277"}
[2026-08-31 21:43:31.030 Z] [EVENT] [cadence.virtuoso.ade.simulationMonitor] - NewPoint {"history": "Interactive.203", "point": 1, "testname": "TRAN", "cornername": "Nominal", "event": "NewPoint", "EventSource": "spectre", "HistoryName": "Interactive.203", "logFile": "/home/saul/simulation/REF_GEN/REF_GEN_f_TB/maestro/results/maestro/Interactive.203/1/TRAN/psf/spectre.out", "logFileSize": "-1"}
[2026-08-31 21:43:31.048 Z] [PROCESS] [cadence.virtuoso.ade.simulationMonitor] - Simulator launched {"hostname": "edatools", "processid": 67006, "history": "Interactive.203", "testname": "TRAN", "cornername": "Nominal", "point": 1, "logfile": "/home/saul/projects/LF_BG/logs_saul/logs5/Job9.log", "simid": "3"}
[2026-08-31 21:43:31.052 Z] [PROCESS] [cadence.virtuoso.ade.simulationMonitor] - Expression evaluator launched {"hostname": "edatools", "processid": 67006, "history": "Interactive.203", "testname": "TRAN", "cornername": "Nominal", "point": 1, "logfile": "/home/saul/projects/LF_BG/logs_saul/logs5/Job9.log"}
[2026-08-31 21:43:31.084 Z] [PROCESS] [cadence.virtuoso.ade.simulationMonitor] - Started Simulation {"hostname": "edatools", "processid": 67006, "history": "Interactive.203", "testname": "TRAN", "cornername": "Nominal", "point": 1, "logfile": "/home/saul/projects/LF_BG/logs_saul/logs5/Job9.log", "event": "started", "task": "simulation"}
[2026-08-31 21:43:31.584 Z] [INFO] [cadence.virtuoso.ade.simulationMonitor] - Peak resident memory used = 169 Mbytes. {"history": "Interactive.203", "point": 1, "testname": "TRAN", "cornername": "Nominal"}
[2026-08-31 21:43:32.584 Z] [INFO] [cadence.virtuoso.ade.simulationMonitor] - Notice from spectre during hierarchy flattening.
    Parasitic optimization will filter out parasitic nodes, nodes only connected to RCs, by default. To view individual parasitic nodes use individual save statements (i.e. save out), or use the 'savefilter=none' option to save all parasitic nodes. Saving all parasitic nodes may slow down simulation and create large waveform files. {"history": "Interactive.203", "point": 1, "testname": "TRAN", "cornername": "Nominal"}
[2026-08-31 21:43:32.585 Z] [INFO] [cadence.virtuoso.ade.simulationMonitor] - Peak resident memory used = 193 Mbytes. {"history": "Interactive.203", "point": 1, "testname": "TRAN", "cornername": "Nominal"}
[2026-08-31 21:43:32.585 Z] [INFO] [cadence.virtuoso.ade.simulationMonitor] - Notice from spectre during hierarchy flattening.
    The value 'psf' specified for the 'checklimitdest' option will no longer be supported in future releases. Use 'spectre -h' to see other recommended values for the 'checklimitdest' option. {"history": "Interactive.203", "point": 1, "testname": "TRAN", "cornername": "Nominal"}
[2026-08-31 21:43:32.585 Z] [WARN] [cadence.virtuoso.ade.simulationMonitor] -     WARNING (SPECTRE-16718): inlinesubcktcurrent option is set as `subckt', all the inline subckts will be treated as normal subckts when you access the current of their terminals. {"history": "Interactive.203", "point": 1, "testname": "TRAN", "cornername": "Nominal"}
[2026-08-31 21:43:32.585 Z] [WARN] [cadence.virtuoso.ade.simulationMonitor] -     WARNING (SPECTRE-8527): There are some nodes and instances removed from the netlist topology check. Check the circuit and correct the topology. Or use preserve_inst to keep them if necessary. {"history": "Interactive.203", "point": 1, "testname": "TRAN", "cornername": "Nominal"}
[2026-08-31 21:43:32.585 Z] [WARN] [cadence.virtuoso.ade.simulationMonitor] -     WARNING (SPECTRE-8529): Dangling instance. V9 is removed. {"history": "Interactive.203", "point": 1, "testname": "TRAN", "cornername": "Nominal"}
[2026-08-31 21:43:32.585 Z] [WARN] [cadence.virtuoso.ade.simulationMonitor] -     WARNING (SPECTRE-8530): Dangling node. net9 is removed. {"history": "Interactive.203", "point": 1, "testname": "TRAN", "cornername": "Nominal"}
[2026-08-31 21:43:32.585 Z] [INFO] [cadence.virtuoso.ade.simulationMonitor] - Peak resident memory used = 195 Mbytes. {"history": "Interactive.203", "point": 1, "testname": "TRAN", "cornername": "Nominal"}
[2026-08-31 21:43:32.585 Z] [INFO] [cadence.virtuoso.ade.simulationMonitor] - Notice from spectre during topology check.
    No DC path from node `VbgT' to ground, Gmin installed to provide path.
    No DC path from node `V1000' to ground, Gmin installed to provide path.
    No DC path from node `V550' to ground, Gmin installed to provide path.
    No DC path from node `LVDS' to ground, Gmin installed to provide path.
    No DC path from node `LDO' to ground, Gmin installed to provide path.
        Further occurrences of this notice will be suppressed. {"history": "Interactive.203", "point": 1, "testname": "TRAN", "cornername": "Nominal"}
[2026-08-31 21:43:32.585 Z] [INFO] [cadence.virtuoso.ade.simulationMonitor] - Notice from spectre during initial setup.
    Number of thread was limited to 1 because of small circuit size. {"history": "Interactive.203", "point": 1, "testname": "TRAN", "cornername": "Nominal"}
[2026-08-31 21:43:32.585 Z] [INFO] [cadence.virtuoso.ade.simulationMonitor] -               nodes 56 {"history": "Interactive.203", "point": 1, "testname": "TRAN", "cornername": "Nominal"}
[2026-08-31 21:43:32.585 Z] [INFO] [cadence.virtuoso.ade.simulationMonitor] - Notice from spectre during initial setup.
    Parasitics reduction enabled. 
         (Resistors reduced by 0.00%  Capacitors reduced by 0.00%, 0.00% of capacitors are coupled after RC reduction).  {"history": "Interactive.203", "point": 1, "testname": "TRAN", "cornername": "Nominal"}
[2026-08-31 21:43:32.585 Z] [INFO] [cadence.virtuoso.ade.simulationMonitor] - Notice from spectre during initial setup.
    1 vsources are shorted because their absolute value is less than or equal to 'vabsshort'.
    Fast APS enabled. {"history": "Interactive.203", "point": 1, "testname": "TRAN", "cornername": "Nominal"}
[2026-08-31 21:43:32.585 Z] [INFO] [cadence.virtuoso.ade.simulationMonitor] - Peak resident memory used = 201 Mbytes. {"history": "Interactive.203", "point": 1, "testname": "TRAN", "cornername": "Nominal"}
[2026-08-31 21:43:32.585 Z] [INFO] [cadence.virtuoso.ade.simulationMonitor] -    -   (Fast APS) Multi-threading. The recommended number of threads is 1, consider adding +mt=1 on command line. {"history": "Interactive.203", "point": 1, "testname": "TRAN", "cornername": "Nominal"}
[2026-08-31 21:43:32.585 Z] [INFO] [cadence.virtuoso.ade.simulationMonitor] - Total time required for dc analysis `dcOp': CPU = 1.723 ms, elapsed = 5.49388 ms, util. = 31.4%. {"history": "Interactive.203", "point": 1, "testname": "TRAN", "cornername": "Nominal"}
[2026-08-31 21:43:32.586 Z] [INFO] [cadence.virtuoso.ade.simulationMonitor] - Peak resident memory used = 201 Mbytes. {"history": "Interactive.203", "point": 1, "testname": "TRAN", "cornername": "Nominal"}
[2026-08-31 21:43:32.586 Z] [INFO] [cadence.virtuoso.ade.simulationMonitor] - Total time required for tran analysis `tran': CPU = 20.714 ms, elapsed = 24.389 ms, util. = 84.9%. {"history": "Interactive.203", "point": 1, "testname": "TRAN", "cornername": "Nominal"}
[2026-08-31 21:43:32.586 Z] [INFO] [cadence.virtuoso.ade.simulationMonitor] - Peak resident memory used = 201 Mbytes. {"history": "Interactive.203", "point": 1, "testname": "TRAN", "cornername": "Nominal"}
[2026-08-31 21:43:33.086 Z] [INFO] [cadence.virtuoso.ade.simulationMonitor] - Time used: CPU = 236 ms, elapsed = 1.33 s, util. = 17.7%. {"history": "Interactive.203", "point": 1, "testname": "TRAN", "cornername": "Nominal"}
[2026-08-31 21:43:33.086 Z] [INFO] [cadence.virtuoso.ade.simulationMonitor] - Time spent in licensing: elapsed = 23.7 ms. {"history": "Interactive.203", "point": 1, "testname": "TRAN", "cornername": "Nominal"}
[2026-08-31 21:43:33.086 Z] [INFO] [cadence.virtuoso.ade.simulationMonitor] - Peak memory used = 201 Mbytes. {"history": "Interactive.203", "point": 1, "testname": "TRAN", "cornername": "Nominal"}
[2026-08-31 21:43:33.087 Z] [PROCESS] [cadence.virtuoso.ade.simulationMonitor] - Simulation started at: 9:43:31 PM, Mon Aug 31, 2026, ended at: 9:43:32 PM, Mon Aug 31, 2026, with elapsed time (wall clock): 1.33 s. {"history": "Interactive.203", "point": 1, "testname": "TRAN", "cornername": "Nominal"}
[2026-08-31 21:43:33.087 Z] [PROCESS] [cadence.virtuoso.ade.simulationMonitor] - spectre completes with 0 errors, 4 warnings, and 12 notices. {"history": "Interactive.203", "point": 1, "testname": "TRAN", "cornername": "Nominal"}
[2026-08-31 21:43:33.087 Z] [PROCESS] [cadence.virtuoso.ade.simulationMonitor] - Finished simulating for one point {"hostname": "edatools", "processid": 67006, "history": "Interactive.203", "testname": "TRAN", "cornername": "Nominal", "point": 1, "logfile": "/home/saul/projects/LF_BG/logs_saul/logs5/Job9.log", "simid": "3"}
[2026-08-31 21:43:33.087 Z] [PROCESS] [cadence.virtuoso.ade.simulationMonitor] - Simulator exited {"hostname": "edatools", "processid": 67006, "history": "Interactive.203", "testname": "TRAN", "cornername": "Nominal", "point": 1, "logfile": "/home/saul/projects/LF_BG/logs_saul/logs5/Job9.log", "exitStatus": "0"}
[2026-08-31 21:43:33.087 Z] [PROCESS] [cadence.virtuoso.ade.simulationMonitor] - Finished Simulation {"hostname": "edatools", "processid": 67006, "history": "Interactive.203", "testname": "TRAN", "cornername": "Nominal", "point": 1, "logfile": "/home/saul/projects/LF_BG/logs_saul/logs5/Job9.log", "simid": "3"}
[2026-08-31 21:43:34.594 Z] [PROCESS] [cadence.virtuoso.ade.simulationMonitor] - Point Finished {"hostname": "edatools", "processid": 67006, "history": "Interactive.203", "testname": "TRAN", "cornername": "Nominal", "point": 1, "logfile": "/home/saul/projects/LF_BG/logs_saul/logs5/Job9.log"}
[2026-08-31 21:44:30.972 Z] [PROCESS] [cadence.virtuoso.ade.simulationMonitor] - Started History {"hostname": "edatools", "processid": 67006, "history": "Interactive.204", "testname": "TRAN", "cornername": "Nominal", "point": 1, "logfile": "/home/saul/projects/LF_BG/logs_saul/logs5/Job9.log"}
[2026-08-31 21:44:30.973 Z] [PROCESS] [cadence.virtuoso.ade.simulationMonitor] - HostInfo:
Host name (type):	edatools (x86_64)
Operating system:	Linux 7.0.0-30-generic #30~24.04.1-Ubuntu SMP PREEMPT_DYNAMIC Fri Aug  7 13:27:52 UTC 2 {"hostname": "edatools", "processid": 67006, "history": "Interactive.204", "testname": "TRAN", "cornername": "Nominal", "point": 1, "logfile": "/home/saul/projects/LF_BG/logs_saul/logs5/Job9.log", "nodename": "edatools", "domainname": "(none)", "machine": "x86_64", "sysname": "Linux", "release": "7.0.0-30-generic", "version": "#30~24.04.1-Ubuntu SMP PREEMPT_DYNAMIC Fri Aug  7 13:27:52 UTC 2"}
[2026-08-31 21:44:30.974 Z] [PROCESS] [cadence.virtuoso.ade.simulationMonitor] - UsageInfo:
pid=67006
totalPhysicalMemory=62.541851GB,Used=19.046417GB,totalVirtualMemory=70.541847GB,Used=19.046417GB
Cpu: Cores=16, Load average:0.180000,0.120000,0.090000 {"hostname": "edatools", "processid": 67006, "history": "Interactive.204", "testname": "TRAN", "cornername": "Nominal", "point": 1, "logfile": "/home/saul/projects/LF_BG/logs_saul/logs5/Job9.log", "pid": "67006", "totalPhysicalMemory": "62.541851", "physicalMemoryUsed": "19.046417", "totalVirtualMemory": "70.541847", "virtualMemoryUsed": "19.046417", "cpuCores": "16", "processes": "1550", "loadAverage1": "0.180000", "loadAverage5": "0.120000", "loadAverage15": "0.090000", "loadAverage1Percent": "0.011250"}
[2026-08-31 21:44:30.975 Z] [EVENT] [cadence.virtuoso.ade.simulationMonitor] - NewPoint {"history": "Interactive.204", "point": 1, "testname": "TRAN", "cornername": "Nominal", "event": "NewPoint", "EventSource": "Simulation Monitor", "HistoryName": "Interactive.204", "logFile": "/home/saul/projects/LF_BG/logs_saul/logs5/Job9.log", "logFileSize": "38051"}
[2026-08-31 21:44:31.077 Z] [EVENT] [cadence.virtuoso.ade.simulationMonitor] - NewPoint {"history": "Interactive.204", "point": 1, "testname": "TRAN", "cornername": "Nominal", "event": "NewPoint", "EventSource": "spectre", "HistoryName": "Interactive.204", "logFile": "/home/saul/simulation/REF_GEN/REF_GEN_f_TB/maestro/results/maestro/Interactive.204/1/TRAN/psf/spectre.out", "logFileSize": "-1"}
[2026-08-31 21:44:31.093 Z] [PROCESS] [cadence.virtuoso.ade.simulationMonitor] - Simulator launched {"hostname": "edatools", "processid": 67006, "history": "Interactive.204", "testname": "TRAN", "cornername": "Nominal", "point": 1, "logfile": "/home/saul/projects/LF_BG/logs_saul/logs5/Job9.log", "simid": "4"}
[2026-08-31 21:44:31.097 Z] [PROCESS] [cadence.virtuoso.ade.simulationMonitor] - Expression evaluator launched {"hostname": "edatools", "processid": 67006, "history": "Interactive.204", "testname": "TRAN", "cornername": "Nominal", "point": 1, "logfile": "/home/saul/projects/LF_BG/logs_saul/logs5/Job9.log"}
[2026-08-31 21:44:31.125 Z] [PROCESS] [cadence.virtuoso.ade.simulationMonitor] - Started Simulation {"hostname": "edatools", "processid": 67006, "history": "Interactive.204", "testname": "TRAN", "cornername": "Nominal", "point": 1, "logfile": "/home/saul/projects/LF_BG/logs_saul/logs5/Job9.log", "event": "started", "task": "simulation"}
[2026-08-31 21:44:31.625 Z] [INFO] [cadence.virtuoso.ade.simulationMonitor] - Peak resident memory used = 169 Mbytes. {"history": "Interactive.204", "point": 1, "testname": "TRAN", "cornername": "Nominal"}
[2026-08-31 21:44:32.627 Z] [INFO] [cadence.virtuoso.ade.simulationMonitor] - Notice from spectre during hierarchy flattening.
    Parasitic optimization will filter out parasitic nodes, nodes only connected to RCs, by default. To view individual parasitic nodes use individual save statements (i.e. save out), or use the 'savefilter=none' option to save all parasitic nodes. Saving all parasitic nodes may slow down simulation and create large waveform files. {"history": "Interactive.204", "point": 1, "testname": "TRAN", "cornername": "Nominal"}
[2026-08-31 21:44:32.627 Z] [INFO] [cadence.virtuoso.ade.simulationMonitor] - Peak resident memory used = 193 Mbytes. {"history": "Interactive.204", "point": 1, "testname": "TRAN", "cornername": "Nominal"}
[2026-08-31 21:44:32.627 Z] [INFO] [cadence.virtuoso.ade.simulationMonitor] - Notice from spectre during hierarchy flattening.
    The value 'psf' specified for the 'checklimitdest' option will no longer be supported in future releases. Use 'spectre -h' to see other recommended values for the 'checklimitdest' option. {"history": "Interactive.204", "point": 1, "testname": "TRAN", "cornername": "Nominal"}
[2026-08-31 21:44:32.627 Z] [WARN] [cadence.virtuoso.ade.simulationMonitor] -     WARNING (SPECTRE-16718): inlinesubcktcurrent option is set as `subckt', all the inline subckts will be treated as normal subckts when you access the current of their terminals. {"history": "Interactive.204", "point": 1, "testname": "TRAN", "cornername": "Nominal"}
[2026-08-31 21:44:32.627 Z] [WARN] [cadence.virtuoso.ade.simulationMonitor] -     WARNING (SPECTRE-8527): There are some nodes and instances removed from the netlist topology check. Check the circuit and correct the topology. Or use preserve_inst to keep them if necessary. {"history": "Interactive.204", "point": 1, "testname": "TRAN", "cornername": "Nominal"}
[2026-08-31 21:44:32.628 Z] [WARN] [cadence.virtuoso.ade.simulationMonitor] -     WARNING (SPECTRE-8529): Dangling instance. V9 is removed. {"history": "Interactive.204", "point": 1, "testname": "TRAN", "cornername": "Nominal"}
[2026-08-31 21:44:32.628 Z] [WARN] [cadence.virtuoso.ade.simulationMonitor] -     WARNING (SPECTRE-8530): Dangling node. net9 is removed. {"history": "Interactive.204", "point": 1, "testname": "TRAN", "cornername": "Nominal"}
[2026-08-31 21:44:32.628 Z] [INFO] [cadence.virtuoso.ade.simulationMonitor] - Peak resident memory used = 195 Mbytes. {"history": "Interactive.204", "point": 1, "testname": "TRAN", "cornername": "Nominal"}
[2026-08-31 21:44:32.628 Z] [INFO] [cadence.virtuoso.ade.simulationMonitor] - Notice from spectre during topology check.
    No DC path from node `VbgT' to ground, Gmin installed to provide path.
    No DC path from node `V1000' to ground, Gmin installed to provide path.
    No DC path from node `V550' to ground, Gmin installed to provide path.
    No DC path from node `LVDS' to ground, Gmin installed to provide path.
    No DC path from node `LDO' to ground, Gmin installed to provide path.
        Further occurrences of this notice will be suppressed. {"history": "Interactive.204", "point": 1, "testname": "TRAN", "cornername": "Nominal"}
[2026-08-31 21:44:32.628 Z] [INFO] [cadence.virtuoso.ade.simulationMonitor] - Notice from spectre during initial setup.
    Number of thread was limited to 1 because of small circuit size. {"history": "Interactive.204", "point": 1, "testname": "TRAN", "cornername": "Nominal"}
[2026-08-31 21:44:32.628 Z] [INFO] [cadence.virtuoso.ade.simulationMonitor] -               nodes 56 {"history": "Interactive.204", "point": 1, "testname": "TRAN", "cornername": "Nominal"}
[2026-08-31 21:44:32.628 Z] [INFO] [cadence.virtuoso.ade.simulationMonitor] - Notice from spectre during initial setup.
    Parasitics reduction enabled. 
         (Resistors reduced by 0.00%  Capacitors reduced by 0.00%, 0.00% of capacitors are coupled after RC reduction).  {"history": "Interactive.204", "point": 1, "testname": "TRAN", "cornername": "Nominal"}
[2026-08-31 21:44:32.628 Z] [INFO] [cadence.virtuoso.ade.simulationMonitor] - Notice from spectre during initial setup.
    1 vsources are shorted because their absolute value is less than or equal to 'vabsshort'.
    Fast APS enabled. {"history": "Interactive.204", "point": 1, "testname": "TRAN", "cornername": "Nominal"}
[2026-08-31 21:44:32.628 Z] [INFO] [cadence.virtuoso.ade.simulationMonitor] - Peak resident memory used = 201 Mbytes. {"history": "Interactive.204", "point": 1, "testname": "TRAN", "cornername": "Nominal"}
[2026-08-31 21:44:32.628 Z] [INFO] [cadence.virtuoso.ade.simulationMonitor] -    -   (Fast APS) Multi-threading. The recommended number of threads is 1, consider adding +mt=1 on command line. {"history": "Interactive.204", "point": 1, "testname": "TRAN", "cornername": "Nominal"}
[2026-08-31 21:44:32.628 Z] [INFO] [cadence.virtuoso.ade.simulationMonitor] - Total time required for dc analysis `dcOp': CPU = 1.79 ms, elapsed = 5.78594 ms, util. = 30.9%. {"history": "Interactive.204", "point": 1, "testname": "TRAN", "cornername": "Nominal"}
[2026-08-31 21:44:32.628 Z] [INFO] [cadence.virtuoso.ade.simulationMonitor] - Peak resident memory used = 201 Mbytes. {"history": "Interactive.204", "point": 1, "testname": "TRAN", "cornername": "Nominal"}
[2026-08-31 21:44:32.628 Z] [INFO] [cadence.virtuoso.ade.simulationMonitor] - Total time required for tran analysis `tran': CPU = 18.747 ms, elapsed = 22.1779 ms, util. = 84.5%. {"history": "Interactive.204", "point": 1, "testname": "TRAN", "cornername": "Nominal"}
[2026-08-31 21:44:32.629 Z] [INFO] [cadence.virtuoso.ade.simulationMonitor] - Peak resident memory used = 201 Mbytes. {"history": "Interactive.204", "point": 1, "testname": "TRAN", "cornername": "Nominal"}
[2026-08-31 21:44:32.629 Z] [INFO] [cadence.virtuoso.ade.simulationMonitor] - Time used: CPU = 228 ms, elapsed = 1.23 s, util. = 18.5%. {"history": "Interactive.204", "point": 1, "testname": "TRAN", "cornername": "Nominal"}
[2026-08-31 21:44:32.629 Z] [INFO] [cadence.virtuoso.ade.simulationMonitor] - Time spent in licensing: elapsed = 25.5 ms. {"history": "Interactive.204", "point": 1, "testname": "TRAN", "cornername": "Nominal"}
[2026-08-31 21:44:32.629 Z] [INFO] [cadence.virtuoso.ade.simulationMonitor] - Peak memory used = 201 Mbytes. {"history": "Interactive.204", "point": 1, "testname": "TRAN", "cornername": "Nominal"}
[2026-08-31 21:44:32.629 Z] [PROCESS] [cadence.virtuoso.ade.simulationMonitor] - Simulation started at: 9:44:31 PM, Mon Aug 31, 2026, ended at: 9:44:32 PM, Mon Aug 31, 2026, with elapsed time (wall clock): 1.23 s. {"history": "Interactive.204", "point": 1, "testname": "TRAN", "cornername": "Nominal"}
[2026-08-31 21:44:32.629 Z] [PROCESS] [cadence.virtuoso.ade.simulationMonitor] - spectre completes with 0 errors, 4 warnings, and 12 notices. {"history": "Interactive.204", "point": 1, "testname": "TRAN", "cornername": "Nominal"}
[2026-08-31 21:44:32.629 Z] [PROCESS] [cadence.virtuoso.ade.simulationMonitor] - Finished simulating for one point {"hostname": "edatools", "processid": 67006, "history": "Interactive.204", "testname": "TRAN", "cornername": "Nominal", "point": 1, "logfile": "/home/saul/projects/LF_BG/logs_saul/logs5/Job9.log", "simid": "4"}
[2026-08-31 21:44:32.629 Z] [PROCESS] [cadence.virtuoso.ade.simulationMonitor] - Simulator exited {"hostname": "edatools", "processid": 67006, "history": "Interactive.204", "testname": "TRAN", "cornername": "Nominal", "point": 1, "logfile": "/home/saul/projects/LF_BG/logs_saul/logs5/Job9.log", "exitStatus": "0"}
[2026-08-31 21:44:32.629 Z] [PROCESS] [cadence.virtuoso.ade.simulationMonitor] - Finished Simulation {"hostname": "edatools", "processid": 67006, "history": "Interactive.204", "testname": "TRAN", "cornername": "Nominal", "point": 1, "logfile": "/home/saul/projects/LF_BG/logs_saul/logs5/Job9.log", "simid": "4"}
[2026-08-31 21:44:34.136 Z] [PROCESS] [cadence.virtuoso.ade.simulationMonitor] - Point Finished {"hostname": "edatools", "processid": 67006, "history": "Interactive.204", "testname": "TRAN", "cornername": "Nominal", "point": 1, "logfile": "/home/saul/projects/LF_BG/logs_saul/logs5/Job9.log"}
[2026-08-31 21:45:09.331 Z] [PROCESS] [cadence.virtuoso.ade.simulationMonitor] - Started History {"hostname": "edatools", "processid": 67006, "history": "Interactive.205", "testname": "TRAN", "cornername": "Nominal", "point": 1, "logfile": "/home/saul/projects/LF_BG/logs_saul/logs5/Job9.log"}
[2026-08-31 21:45:09.332 Z] [PROCESS] [cadence.virtuoso.ade.simulationMonitor] - HostInfo:
Host name (type):	edatools (x86_64)
Operating system:	Linux 7.0.0-30-generic #30~24.04.1-Ubuntu SMP PREEMPT_DYNAMIC Fri Aug  7 13:27:52 UTC 2 {"hostname": "edatools", "processid": 67006, "history": "Interactive.205", "testname": "TRAN", "cornername": "Nominal", "point": 1, "logfile": "/home/saul/projects/LF_BG/logs_saul/logs5/Job9.log", "nodename": "edatools", "domainname": "(none)", "machine": "x86_64", "sysname": "Linux", "release": "7.0.0-30-generic", "version": "#30~24.04.1-Ubuntu SMP PREEMPT_DYNAMIC Fri Aug  7 13:27:52 UTC 2"}
[2026-08-31 21:45:09.333 Z] [PROCESS] [cadence.virtuoso.ade.simulationMonitor] - UsageInfo:
pid=67006
totalPhysicalMemory=62.541851GB,Used=19.047951GB,totalVirtualMemory=70.541847GB,Used=19.047951GB
Cpu: Cores=16, Load average:0.220000,0.140000,0.100000 {"hostname": "edatools", "processid": 67006, "history": "Interactive.205", "testname": "TRAN", "cornername": "Nominal", "point": 1, "logfile": "/home/saul/projects/LF_BG/logs_saul/logs5/Job9.log", "pid": "67006", "totalPhysicalMemory": "62.541851", "physicalMemoryUsed": "19.047951", "totalVirtualMemory": "70.541847", "virtualMemoryUsed": "19.047951", "cpuCores": "16", "processes": "1549", "loadAverage1": "0.220000", "loadAverage5": "0.140000", "loadAverage15": "0.100000", "loadAverage1Percent": "0.013750"}
[2026-08-31 21:45:09.333 Z] [EVENT] [cadence.virtuoso.ade.simulationMonitor] - NewPoint {"history": "Interactive.205", "point": 1, "testname": "TRAN", "cornername": "Nominal", "event": "NewPoint", "EventSource": "Simulation Monitor", "HistoryName": "Interactive.205", "logFile": "/home/saul/projects/LF_BG/logs_saul/logs5/Job9.log", "logFileSize": "49825"}
[2026-08-31 21:45:09.435 Z] [EVENT] [cadence.virtuoso.ade.simulationMonitor] - NewPoint {"history": "Interactive.205", "point": 1, "testname": "TRAN", "cornername": "Nominal", "event": "NewPoint", "EventSource": "spectre", "HistoryName": "Interactive.205", "logFile": "/home/saul/simulation/REF_GEN/REF_GEN_f_TB/maestro/results/maestro/Interactive.205/1/TRAN/psf/spectre.out", "logFileSize": "-1"}
[2026-08-31 21:45:09.454 Z] [PROCESS] [cadence.virtuoso.ade.simulationMonitor] - Simulator launched {"hostname": "edatools", "processid": 67006, "history": "Interactive.205", "testname": "TRAN", "cornername": "Nominal", "point": 1, "logfile": "/home/saul/projects/LF_BG/logs_saul/logs5/Job9.log", "simid": "5"}
[2026-08-31 21:45:09.457 Z] [PROCESS] [cadence.virtuoso.ade.simulationMonitor] - Expression evaluator launched {"hostname": "edatools", "processid": 67006, "history": "Interactive.205", "testname": "TRAN", "cornername": "Nominal", "point": 1, "logfile": "/home/saul/projects/LF_BG/logs_saul/logs5/Job9.log"}
[2026-08-31 21:45:09.487 Z] [PROCESS] [cadence.virtuoso.ade.simulationMonitor] - Started Simulation {"hostname": "edatools", "processid": 67006, "history": "Interactive.205", "testname": "TRAN", "cornername": "Nominal", "point": 1, "logfile": "/home/saul/projects/LF_BG/logs_saul/logs5/Job9.log", "event": "started", "task": "simulation"}
[2026-08-31 21:45:09.988 Z] [INFO] [cadence.virtuoso.ade.simulationMonitor] - Peak resident memory used = 169 Mbytes. {"history": "Interactive.205", "point": 1, "testname": "TRAN", "cornername": "Nominal"}
[2026-08-31 21:45:10.988 Z] [INFO] [cadence.virtuoso.ade.simulationMonitor] - Notice from spectre during hierarchy flattening.
    Parasitic optimization will filter out parasitic nodes, nodes only connected to RCs, by default. To view individual parasitic nodes use individual save statements (i.e. save out), or use the 'savefilter=none' option to save all parasitic nodes. Saving all parasitic nodes may slow down simulation and create large waveform files. {"history": "Interactive.205", "point": 1, "testname": "TRAN", "cornername": "Nominal"}
[2026-08-31 21:45:10.988 Z] [INFO] [cadence.virtuoso.ade.simulationMonitor] - Peak resident memory used = 193 Mbytes. {"history": "Interactive.205", "point": 1, "testname": "TRAN", "cornername": "Nominal"}
[2026-08-31 21:45:10.988 Z] [INFO] [cadence.virtuoso.ade.simulationMonitor] - Notice from spectre during hierarchy flattening.
    The value 'psf' specified for the 'checklimitdest' option will no longer be supported in future releases. Use 'spectre -h' to see other recommended values for the 'checklimitdest' option. {"history": "Interactive.205", "point": 1, "testname": "TRAN", "cornername": "Nominal"}
[2026-08-31 21:45:10.989 Z] [WARN] [cadence.virtuoso.ade.simulationMonitor] -     WARNING (SPECTRE-16718): inlinesubcktcurrent option is set as `subckt', all the inline subckts will be treated as normal subckts when you access the current of their terminals. {"history": "Interactive.205", "point": 1, "testname": "TRAN", "cornername": "Nominal"}
[2026-08-31 21:45:10.989 Z] [WARN] [cadence.virtuoso.ade.simulationMonitor] -     WARNING (SPECTRE-8527): There are some nodes and instances removed from the netlist topology check. Check the circuit and correct the topology. Or use preserve_inst to keep them if necessary. {"history": "Interactive.205", "point": 1, "testname": "TRAN", "cornername": "Nominal"}
[2026-08-31 21:45:10.989 Z] [WARN] [cadence.virtuoso.ade.simulationMonitor] -     WARNING (SPECTRE-8529): Dangling instance. V9 is removed. {"history": "Interactive.205", "point": 1, "testname": "TRAN", "cornername": "Nominal"}
[2026-08-31 21:45:10.989 Z] [WARN] [cadence.virtuoso.ade.simulationMonitor] -     WARNING (SPECTRE-8530): Dangling node. net9 is removed. {"history": "Interactive.205", "point": 1, "testname": "TRAN", "cornername": "Nominal"}
[2026-08-31 21:45:10.989 Z] [INFO] [cadence.virtuoso.ade.simulationMonitor] - Peak resident memory used = 195 Mbytes. {"history": "Interactive.205", "point": 1, "testname": "TRAN", "cornername": "Nominal"}
[2026-08-31 21:45:10.989 Z] [INFO] [cadence.virtuoso.ade.simulationMonitor] - Notice from spectre during topology check.
    No DC path from node `VbgT' to ground, Gmin installed to provide path.
    No DC path from node `V1000' to ground, Gmin installed to provide path.
    No DC path from node `V550' to ground, Gmin installed to provide path.
    No DC path from node `LVDS' to ground, Gmin installed to provide path.
    No DC path from node `LDO' to ground, Gmin installed to provide path.
        Further occurrences of this notice will be suppressed. {"history": "Interactive.205", "point": 1, "testname": "TRAN", "cornername": "Nominal"}
[2026-08-31 21:45:10.989 Z] [INFO] [cadence.virtuoso.ade.simulationMonitor] - Notice from spectre during initial setup.
    Number of thread was limited to 1 because of small circuit size. {"history": "Interactive.205", "point": 1, "testname": "TRAN", "cornername": "Nominal"}
[2026-08-31 21:45:10.989 Z] [INFO] [cadence.virtuoso.ade.simulationMonitor] -               nodes 56 {"history": "Interactive.205", "point": 1, "testname": "TRAN", "cornername": "Nominal"}
[2026-08-31 21:45:10.989 Z] [INFO] [cadence.virtuoso.ade.simulationMonitor] - Notice from spectre during initial setup.
    Parasitics reduction enabled. 
         (Resistors reduced by 0.00%  Capacitors reduced by 0.00%, 0.00% of capacitors are coupled after RC reduction).  {"history": "Interactive.205", "point": 1, "testname": "TRAN", "cornername": "Nominal"}
[2026-08-31 21:45:10.989 Z] [INFO] [cadence.virtuoso.ade.simulationMonitor] - Notice from spectre during initial setup.
    1 vsources are shorted because their absolute value is less than or equal to 'vabsshort'.
    Fast APS enabled. {"history": "Interactive.205", "point": 1, "testname": "TRAN", "cornername": "Nominal"}
[2026-08-31 21:45:10.990 Z] [INFO] [cadence.virtuoso.ade.simulationMonitor] - Peak resident memory used = 201 Mbytes. {"history": "Interactive.205", "point": 1, "testname": "TRAN", "cornername": "Nominal"}
[2026-08-31 21:45:10.990 Z] [INFO] [cadence.virtuoso.ade.simulationMonitor] -    -   (Fast APS) Multi-threading. The recommended number of threads is 1, consider adding +mt=1 on command line. {"history": "Interactive.205", "point": 1, "testname": "TRAN", "cornername": "Nominal"}
[2026-08-31 21:45:10.990 Z] [INFO] [cadence.virtuoso.ade.simulationMonitor] - Total time required for dc analysis `dcOp': CPU = 1.703 ms, elapsed = 5.66292 ms, util. = 30.1%. {"history": "Interactive.205", "point": 1, "testname": "TRAN", "cornername": "Nominal"}
[2026-08-31 21:45:10.990 Z] [INFO] [cadence.virtuoso.ade.simulationMonitor] - Peak resident memory used = 201 Mbytes. {"history": "Interactive.205", "point": 1, "testname": "TRAN", "cornername": "Nominal"}
[2026-08-31 21:45:11.490 Z] [INFO] [cadence.virtuoso.ade.simulationMonitor] - Total time required for tran analysis `tran': CPU = 18.858 ms, elapsed = 22.5549 ms, util. = 83.6%. {"history": "Interactive.205", "point": 1, "testname": "TRAN", "cornername": "Nominal"}
[2026-08-31 21:45:11.490 Z] [INFO] [cadence.virtuoso.ade.simulationMonitor] - Peak resident memory used = 201 Mbytes. {"history": "Interactive.205", "point": 1, "testname": "TRAN", "cornername": "Nominal"}
[2026-08-31 21:45:11.491 Z] [INFO] [cadence.virtuoso.ade.simulationMonitor] - Time used: CPU = 246 ms, elapsed = 1.37 s, util. = 18%. {"history": "Interactive.205", "point": 1, "testname": "TRAN", "cornername": "Nominal"}
[2026-08-31 21:45:11.491 Z] [INFO] [cadence.virtuoso.ade.simulationMonitor] - Time spent in licensing: elapsed = 27.1 ms. {"history": "Interactive.205", "point": 1, "testname": "TRAN", "cornername": "Nominal"}
[2026-08-31 21:45:11.491 Z] [INFO] [cadence.virtuoso.ade.simulationMonitor] - Peak memory used = 201 Mbytes. {"history": "Interactive.205", "point": 1, "testname": "TRAN", "cornername": "Nominal"}
[2026-08-31 21:45:11.491 Z] [PROCESS] [cadence.virtuoso.ade.simulationMonitor] - Simulation started at: 9:45:09 PM, Mon Aug 31, 2026, ended at: 9:45:10 PM, Mon Aug 31, 2026, with elapsed time (wall clock): 1.37 s. {"history": "Interactive.205", "point": 1, "testname": "TRAN", "cornername": "Nominal"}
[2026-08-31 21:45:11.491 Z] [PROCESS] [cadence.virtuoso.ade.simulationMonitor] - spectre completes with 0 errors, 4 warnings, and 12 notices. {"history": "Interactive.205", "point": 1, "testname": "TRAN", "cornername": "Nominal"}
[2026-08-31 21:45:11.491 Z] [PROCESS] [cadence.virtuoso.ade.simulationMonitor] - Finished simulating for one point {"hostname": "edatools", "processid": 67006, "history": "Interactive.205", "testname": "TRAN", "cornername": "Nominal", "point": 1, "logfile": "/home/saul/projects/LF_BG/logs_saul/logs5/Job9.log", "simid": "5"}
[2026-08-31 21:45:11.491 Z] [PROCESS] [cadence.virtuoso.ade.simulationMonitor] - Simulator exited {"hostname": "edatools", "processid": 67006, "history": "Interactive.205", "testname": "TRAN", "cornername": "Nominal", "point": 1, "logfile": "/home/saul/projects/LF_BG/logs_saul/logs5/Job9.log", "exitStatus": "0"}
[2026-08-31 21:45:11.491 Z] [PROCESS] [cadence.virtuoso.ade.simulationMonitor] - Finished Simulation {"hostname": "edatools", "processid": 67006, "history": "Interactive.205", "testname": "TRAN", "cornername": "Nominal", "point": 1, "logfile": "/home/saul/projects/LF_BG/logs_saul/logs5/Job9.log", "simid": "5"}
[2026-08-31 21:45:12.998 Z] [PROCESS] [cadence.virtuoso.ade.simulationMonitor] - Point Finished {"hostname": "edatools", "processid": 67006, "history": "Interactive.205", "testname": "TRAN", "cornername": "Nominal", "point": 1, "logfile": "/home/saul/projects/LF_BG/logs_saul/logs5/Job9.log"}
[2026-08-31 21:50:13.672 Z] [PROCESS] [cadence.virtuoso.ade.simulationMonitor] - Current memory used: 52.9297 MBytes, peak memory used: 52.9297 MBytes {"hostname": "edatools", "processid": 67006, "history": "Interactive.205", "testname": "TRAN", "cornername": "Nominal", "point": 1, "logfile": "/home/saul/projects/LF_BG/logs_saul/logs5/Job9.log"}
[2026-08-31 21:50:13.672 Z] [PROCESS] [cadence.virtuoso.ade.simulationMonitor] - Simulation Monitor process exit. {"hostname": "edatools", "processid": 67006, "history": "Interactive.205", "testname": "TRAN", "cornername": "Nominal", "point": 1, "logfile": "/home/saul/projects/LF_BG/logs_saul/logs5/Job9.log"}
