\# Program start time:     UTC 2026.08.31 21:17:38.136
\# Local time: UTC (UTC+00:00) 2026.08.31 21:17:38.136
\o Program:		@(#)$CDS: virtuoso version 6.1.8-64b 09/03/2024 19:11 (sjfhw316) $
\o Hierarchy:		/opt/tools/cadence/installs/IC618/tools.lnx86/dfII/
\o Sub version:		sub-version  IC6.1.8-64b.500.36  (64-bit addresses)
\# Command line:	/opt/tools/cadence/installs/IC618/tools.lnx86/dfII/bin/64bit/virtuoso -beanhost edatools -beanport 11300 -beanbinlog  -beanLogFile /home/saul/projects/LF_BG/logs_saul/logs5/amps_Service7.log -mpssession virtuosoEswSuTFmfJEd6uHYq_hXoK_52291 -mpshost 53625@edatools -davinciService DaVinciService_52489_1788209189 -scopedPid EswSuTFmfJEd6uHYq_hXoK.52489 -axlSession fnxSession2 -axlServiceIdFlag 7 -uuid 0faac68a-a3d4-40e0-a391-1fcf1d673695 -heartbeat /dev/shm/swift-heartbeat.laKQhKSKy7 -log /home/saul/projects/LF_BG/logs_saul/logs5/Service7.log -noautostart -nographE -lscs 000175E1894CBE06FF0966E38F1FFC06BC4D138FFC7EFC06BC4D68F886089075D3225CD1A12FD236867F66E38F1FFC06BC4D66E38F1FFC06BC4D0C76606F1376D6D800001E2B -interactive -offlineExprEval -fenixMode assembler -heartbeatTimeout  -lingerTimeout 300 -pointlifetime -1
\# Host name (type):	edatools (x86_64)
\# Operating system:	Linux 7.0.0-30-generic #30~24.04.1-Ubuntu SMP PREEMPT_DYNAMIC Fri Aug  7 13:27:52 UTC 2
\# Linux /etc/issue:	\S
\# Linux /etc/issue:	Kernel \r on an \m
\# X display name (WxH):	:1052 (1024x868)
\# Available geometry:			TL(0:0) BR(1023:867)
\# X server:			The X.Org Foundation
\# Depth of Visual (Root):	24 (24)
\# Number of Planes Used:	24
\# X version:		11.0 (vendor release 12011000)
\# X resource pool:	base 0x400000, mask 0x1fffff (2097151), shift 0
\# 			current id 0x0, current max 0x1ffffa (2097146)
\# Max data seg size:	     unlimited
\# Max process size:	     unlimited
\# Initial sbrk value:	      1,364 MB
\# Available memory:	     58,978 MB
\# System memory:	     72,235 MB
\# Maximum memory size:	     70,991 MB
\# Max mem available:	     59,097 MB
\# Initial memory used:	        120 MB
\#        process size:	      1,680 MB
\# Thread usage limits (effective/default):	maxthreads 4294967295/4294967295 maxload 16.00/16.00
\# Qt version:		5.9.1
\# Window Manager:	other
\# User Name:		saul
\o Working Directory:	edatools:/home/saul/projects/LF_BG
\# Process Id:		61654
\# Container Id:	EswSuTFmfJEd6uHYq_hXoK
\o 
\o COPYRIGHT (C) 1992-2024  CADENCE DESIGN SYSTEMS INC.  ALL RIGHTS RESERVED.
\o           (C) 1992-2024  UNIX SYSTEMS Laboratories INC.,
\o                          Reproduced with permission.
\o 
\o This Cadence Design Systems program and online documentation are
\o proprietary/confidential information and may be disclosed/used only
\o as authorized in a license agreement controlling such use and disclosure.
\o 
\o           RESTRICTED RIGHTS NOTICE (SHORT FORM)
\o Use/reproduction/disclosure is subject to restriction
\o set forth at FAR 1252.227-19 or its equivalent.
\o Loading geView.cxt 
\o Loading menuBuilder.cxt 
\o Loading schView.cxt 
\o Loading selectSv.cxt 
\o Loading pvsui.cxt
\o Loading wireEdit.cxt 
\o Loading pte2.cxt 
\o Loading xlUI.cxt 
\o Loading auCore.cxt 
\o Loading vhdl.cxt 
\o Loading seismic.cxt 
\o Loading ci.cxt 
\o Loading ams.cxt 
\o Loading oasis.cxt 
\o Loading analog.cxt 
\o Loading asimenv.cxt 
\o Loading dal.cxt 
\o Loading awv.cxt 
\o Loading socket.cxt 
\o Loading par.cxt 
\o Loading alvs.cxt 
\o Loading caa.cxt 
\o Loading amps.cxt 
\o Loading adexlCore.cxt 
\o Loading adexl.cxt 
\o *Info*    Exporting services from client ... 
\o 
\o Loading adexlDM.cxt 
\o Loading cpf.cxt 
\o Loading cli.cxt 
\o Loading lp.cxt 
\o INFO (ELI-00302) Connecting to parent process (session=virtuosoEswSuTFmfJEd6uHYq_hXoK_52291, host=53625@edatools). Connection mode is LSCS. Total timeout is 180 seconds. Connection timeout is 90 seconds.
\o INFO (ELI-00303) Step 1: Connecting to parent. Time spent is 0 seconds.
\o INFO (ELI-00304) The registration of the child 61654 within 90 seconds is being processed...
\o INFO (ELI-00305) The result of registration is true. Time spent is 0 seconds.
\o INFO (ELI-00308) The connection has ended. Result is true. Total time spent is 0 seconds.
\# [21:17:38.445362] Configured Lic search path (22.01-s002): 3000@lic08.ug.kth.se:29000@lic06.ug.kth.se
\w *WARNING* The directory: '/opt/pdk/lf11/PDK_LF11ISi_V1_3_2/tools/setup/$ASSURAHOME/tools/assura/etc/avtech/avTech' does not exist
\w 	but was defined in libFile '/opt/pdk/lf11/PDK_LF11ISi_V1_3_2/tools/setup/cds.lib' for Lib 'avTech'.
\o 
\o ----------------          LFoundry            ----------------
\o ----------------    Initializing LF11IS PDK    ----------------
\o ----------------        Version 1.3.2         ----------------
\o ----------------        Option 6metal         ----------------
\o *LF-INFO* Loading lf11is:/opt/pdk/lf11/PDK_LF11ISi_V1_3_2/analog/callbacks/lf11is_cdfCbks.il   done
\o *LF-INFO* lf11is libInit.il loaded successfully. 
\w *WARNING* Cannot find /opt/tools/cadence/installs/IC618/tools.lnx86/dfII/etc/tools/wavescan directory to load environment variables
\w *WARNING* envSetVal: could not find tool[.partition] 'wavescan.trace'
\w *WARNING* Cannot find /opt/tools/cadence/installs/IC618/tools.lnx86/dfII/etc/tools/wavescan directory to load environment variables
\w *WARNING* envSetVal: could not find tool[.partition] 'wavescan.trace'
\o *LF-INFO* .cdsinit: Loading project .cdsenv file       skipped
\o *LF-INFO* .cdsinit: Setting Spectre models                done
\o *LF-INFO* .cdsinit: Setting UltraSim models               done
\o *LF-INFO* .cdsinit: Setting AMS analog models             done
\o *LF-INFO* .cdsinit: Setting AMS netlist mode to OSS       done
\# Memory report: using         274 MB, process size 1,965 MB at UTC 2026.08.31 21:17:40.050
\o *LF-INFO* .cdsinit: Setting HSpice models                 done
\o *LF-INFO* .cdsinit: Setting CDL out keys                  done
\o *LF-INFO* .cdsinit: Loading Ciranova abut function        done
\o Loading vdsil.cxt 
\o *LF-INFO* .cdsinit: WiCkeD setup                       skipped
\o *LF-INFO* .cdsinit: Golden Gate setup                  skipped
\o *LF-INFO* .cdsinit: Loading default bindkeys              done
\o *LF-INFO* .cdsinit: PDF reader "evince" found: /bin/evince.
\o *LF-INFO* .cdsinit: Creating LF11IS PDK menus              done
\o *LF-INFO* .cdsinit: Loading LF11IS display.drf             done
\o *LF-INFO* .cdsinit: Setting PVS setup trigger      done
\o *LF-INFO* .cdsinit: Loading the user .cdsinit          skipped
\o *LF-INFO* .cdsinit: Loading ISO Ring utility              done
\o *LF-INFO* .cdsinit: Loading Layout Utilities              done
\o *LF-INFO* .cdsinit: Opening library manager 				  done
\e *Error* load: can't access file - "/opt/tools/mentor/CALIBRE_2022.4_16/aoi_cal_2022.4_16.8/lib/calibre.skl"
\p > 
\# Loading perfDiag...
\# (PerfDiag): Set GDB path to environment variable 'gdbPath' (gdb).
\w *WARNING* (PerfDiag): The GDB command 'gdb' is not found or is invalid.
\w *WARNING* (PerfDiag): The GDB-related functionality has been disabled. Use the 'gdbPath' environment variable to set a valid GDB path or set one of the SHELL environment variables CDS_DEBUGGER, DEBUGGER, or GDB, and restart Virtuoso.
\# Performance Diagnostic tool is installed. You can access PerfDiag from CIW Tools or use the shell command 'cdsPerfDiag -p 61654' to open it when Virtuoso freezes.
\# (PerfDiag): Use backtrace from GLIBC.
\w *WARNING* _perfPstackCheck: Cannot find pstack/gstack. Please setup PATH environment variable to pstack/gstack executable.
\i _axlRunServices()
\# [21:17:40.362080] Periodic Lic check successful
\# [21:17:40.362083] Feature usage summary:
\o Loading simui.cxt 
\o [2026-08-31 21:17:40.383 Z] [PROCESS] [cadence.virtuoso.ade.services] - Netlist Service has successfully started. Waiting for incoming messages ... {"hostname": "edatools", "processid": 61654, "logfile": "/home/saul/projects/LF_BG/logs_saul/logs5/Service7.log"}
\# Available memory:         58,809 MB at UTC 2026.08.31 21:17:50.441
\# Memory report: Maximum memory size now 59,116 MB at UTC 2026.08.31 21:17:50.441
\# Thread usage report: 22 active threads, active load 1.40 at UTC 2026.08.31 21:17:50.441
\# Lic Summary:
\# [21:22:43.307202] Cdslmd servers:3000@lic08.ug.kth.se:29000@lic06.ug.kth.se
\# [21:22:43.307224] Feature usage summary:
\# Memory report: on exit            307 MB, process size 2,064 MB at UTC 2026.08.31 21:22:43.831
\# Memory report: peak usage         307 MB, process size 2,064 MB
