Virtuoso Framework License (111) was checked out successfully. Total checkout time was 0.01s.
********************************************************************************
Product   : Virtuoso(R) XStream Out
Program   : @(#)$CDS: strmout version 6.1.8-64b 09/03/2024 18:58 (sjfhw317) $
          : sub-version  IC6.1.8-64b.500.36 
Started at: 06-Jul-2026  14:14:43
User Name : saul
Host Name : edatools
Directory : /home/saul/projects/LF_BG
CADENCE Design Systems, Inc.
********************************************************************************
Info: Cellview Rev Num:99,  Tech Rev Num:59

*WARNING* The directory: '/opt/pdk/lf11/PDK_LF11ISi_V1_3_2/tools/setup/$ASSURAHOME/tools/assura/etc/avtech/avTech' does not exist
	but was defined in libFile '/opt/pdk/lf11/PDK_LF11ISi_V1_3_2/tools/setup/cds.lib' for Lib 'avTech'.
*LF-INFO* Loading lf11is:/opt/pdk/lf11/PDK_LF11ISi_V1_3_2/analog/callbacks/lf11is_cdfCbks.il   done
*LF-INFO* lf11is libInit.il loaded successfully. 
WARNING (XSTRM-20): Output Stream file '/home/saul/projects/LF_BG/pvsRunDRC/REF_GEN/REF_V5_fLC/REF_V5_fLC.gds' already exists. It will be overwritten.
INFO (XSTRM-217): Reading the layer map file, /opt/pdk/lf11/PDK_LF11ISi_V1_3_2/analog/libraries/6metal/lf11is/lf11is.layermap
INFO (XSTRM-162): You have not used the '-viaMap' option. If the OpenAccess design has native oaVia instances, use the '-viaMap' option for preserving oaVia instances in a XStream Out - XStream In round trip. Using the '-viaMap' option improves performance and VM usage of applications using the Streamed-In design.

Summary of Options :
library                                 REF_GEN
strmFile                                /home/saul/projects/LF_BG/pvsRunDRC/REF_GEN/REF_V5_fLC/REF_V5_fLC.gds
topCell                                 REF_V5_fLC
view                                    layout
runDir                                  /home/saul/projects/LF_BG/pvsRunDRC/REF_GEN/REF_V5_fLC
logFile                                 /home/saul/projects/LF_BG/pvsRunDRC/REF_GEN/REF_V5_fLC/PIPO1.LOG
techLib                                 lf11is
hierDepth                               32
maxVertices                             2048
layerMap                                /opt/pdk/lf11/PDK_LF11ISi_V1_3_2/analog/libraries/6metal/lf11is/lf11is.layermap
userSkillFile                           /home/saul/projects/LF_BG/pvsRunDRC/REF_GEN/REF_V5_fLC/strmout.il
labelDepth                              32
case                                    Preserve
convertDot                              node

*WARNING* (DB-220704): The Pcell super master 'lf11is/pmos1v2hvt_4/layout' is not a SKILL super master.
                       The usage of non-SKILL Pcells in Virtuoso is not a supported feature.
*WARNING* (DB-220704): The Pcell super master 'lf11is/nmos1v2hvt_4/layout' is not a SKILL super master.
                       The usage of non-SKILL Pcells in Virtuoso is not a supported feature.
INFO (XSTRM-223): 1. Translating stdVia lf11is/M1_M2/layout as STRUCTURE M1_M2_CDNS_783347283790.
INFO (XSTRM-223): 2. Translating stdVia lf11is/M2_M3/layout as STRUCTURE M2_M3_CDNS_783347283791.
INFO (XSTRM-223): 3. Translating stdVia lf11is/M1_M2/layout as STRUCTURE M1_M2_CDNS_783347283792.
INFO (XSTRM-223): 4. Translating stdVia lf11is/M1_M2/layout as STRUCTURE M1_M2_CDNS_783347283793.
INFO (XSTRM-223): 5. Translating stdVia lf11is/PG_M1/layout as STRUCTURE PG_M1_CDNS_783347283794.
INFO (XSTRM-223): 6. Translating stdVia lf11is/M1_M2/layout as STRUCTURE M1_M2_CDNS_783347283795.
INFO (XSTRM-223): 7. Translating stdVia lf11is/M1_M2/layout as STRUCTURE M1_M2_CDNS_783347283796.
INFO (XSTRM-223): 8. Translating stdVia lf11is/M2_M3/layout as STRUCTURE M2_M3_CDNS_783347283797.
INFO (XSTRM-223): 9. Translating stdVia lf11is/M2_M3/layout as STRUCTURE M2_M3_CDNS_783347283798.
INFO (XSTRM-223): 10. Translating stdVia lf11is/M1_M2/layout as STRUCTURE M1_M2_CDNS_783347283799.
INFO (XSTRM-223): 11. Translating stdVia lf11is/M2_M3/layout as STRUCTURE M2_M3_CDNS_7833472837910.
INFO (XSTRM-223): 12. Translating stdVia lf11is/M1_M2/layout as STRUCTURE M1_M2_CDNS_7833472837911.
INFO (XSTRM-223): 13. Translating stdVia lf11is/M2_M3/layout as STRUCTURE M2_M3_CDNS_7833472837912.
INFO (XSTRM-223): 14. Translating stdVia lf11is/M1_M2/layout as STRUCTURE M1_M2_CDNS_7833472837913.
INFO (XSTRM-223): 15. Translating stdVia lf11is/M1_M2/layout as STRUCTURE M1_M2_CDNS_7833472837914.
INFO (XSTRM-223): 16. Translating stdVia lf11is/M1_M2/layout as STRUCTURE M1_M2_CDNS_7833472837915.
INFO (XSTRM-223): 17. Translating stdVia lf11is/M1_M2/layout as STRUCTURE M1_M2_CDNS_7833472837916.
INFO (XSTRM-223): 18. Translating stdVia lf11is/M1_M2/layout as STRUCTURE M1_M2_CDNS_7833472837917.
*WARNING* (DB-220704): The Pcell super master 'lf11is/rnpolym/layout' is not a SKILL super master.
                       The usage of non-SKILL Pcells in Virtuoso is not a supported feature.
*WARNING* (DB-220704): The Pcell super master 'lf11is/Contact/layout' is not a SKILL super master.
                       The usage of non-SKILL Pcells in Virtuoso is not a supported feature.
INFO (XSTRM-223): 19. Translating cellView lf11is/Contact/layout as STRUCTURE Contact_CDNS_783347283791.
INFO (XSTRM-223): 20. Translating cellView lf11is/Contact/layout as STRUCTURE Contact_CDNS_783347283792.
INFO (XSTRM-223): 21. Translating cellView lf11is/Contact/layout as STRUCTURE Contact_CDNS_783347283793.
INFO (XSTRM-223): 22. Translating cellView lf11is/AbutContact/layout as STRUCTURE AbutContact_CDNS_783347283794.
INFO (XSTRM-223): 23. Translating cellView lf11is/pmos1v2hvt_4/layout as STRUCTURE pmos1v2hvt_4_CDNS_783347283790.
INFO (XSTRM-223): 24. Translating cellView lf11is/Contact/layout as STRUCTURE Contact_CDNS_783347283796.
INFO (XSTRM-223): 25. Translating cellView lf11is/AbutContact/layout as STRUCTURE AbutContact_CDNS_783347283797.
INFO (XSTRM-223): 26. Translating cellView lf11is/pmos1v2hvt_4/layout as STRUCTURE pmos1v2hvt_4_CDNS_783347283795.
INFO (XSTRM-223): 27. Translating cellView lf11is/AbutContact/layout as STRUCTURE AbutContact_CDNS_783347283799.
INFO (XSTRM-223): 28. Translating cellView lf11is/Contact/layout as STRUCTURE Contact_CDNS_7833472837910.
INFO (XSTRM-223): 29. Translating cellView lf11is/nmos1v2hvt_4/layout as STRUCTURE nmos1v2hvt_4_CDNS_783347283798.
INFO (XSTRM-223): 30. Translating cellView lf11is/Contact/layout as STRUCTURE Contact_CDNS_7833472837912.
INFO (XSTRM-223): 31. Translating cellView lf11is/pmos1v2hvt_4/layout as STRUCTURE pmos1v2hvt_4_CDNS_7833472837911.
INFO (XSTRM-223): 32. Translating cellView lf11is/Contact/layout as STRUCTURE Contact_CDNS_7833472837914.
INFO (XSTRM-223): 33. Translating cellView lf11is/rnpolym/layout as STRUCTURE rnpolym_CDNS_7833472837913.
INFO (XSTRM-223): 34. Translating cellView lf11is/rnpolym/layout as STRUCTURE rnpolym_CDNS_7833472837915.
INFO (XSTRM-223): 35. Translating cellView lf11is/rnpolym/layout as STRUCTURE rnpolym_CDNS_7833472837916.
INFO (XSTRM-223): 36. Translating cellView lf11is/rnpolym/layout as STRUCTURE rnpolym_CDNS_7833472837917.
INFO (XSTRM-223): 37. Translating cellView lf11is/rnpolym/layout as STRUCTURE rnpolym_CDNS_7833472837918.
INFO (XSTRM-223): 38. Translating cellView lf11is/Contact/layout as STRUCTURE Contact_CDNS_7833472837920.
INFO (XSTRM-223): 39. Translating cellView lf11is/AbutContact/layout as STRUCTURE AbutContact_CDNS_7833472837921.
INFO (XSTRM-223): 40. Translating cellView lf11is/pmos1v2hvt_4/layout as STRUCTURE pmos1v2hvt_4_CDNS_7833472837919.
INFO (XSTRM-223): 41. Translating cellView REF_GEN/mux8_1p_fL/layout as STRUCTURE mux8_1p_fL.
INFO (XSTRM-180): You have not used the '-objectMap' option. The design has instance(s) of at least one of following OpenAccess objects: oaBlockage, oaBoundary, oaRow, and oaMarker. Any information about these objects will not be translated into the generated stream file. Use the '-objectMap' option to translate/preserve these objects using XStream.
INFO (XSTRM-223): 42. Translating cellView lf11is/rnpolym/layout as STRUCTURE rnpolym_CDNS_7833472837922.
INFO (XSTRM-223): 43. Translating cellView REF_GEN/trim_res_rnpolyn_2_fL/layout as STRUCTURE trim_res_rnpolyn_2_fL.
INFO (XSTRM-223): 44. Translating cellView REF_GEN/trim_res_array_rn_2_fL/layout as STRUCTURE trim_res_array_rn_2_fL.
INFO (XSTRM-223): 45. Translating stdVia lf11is/M2_M3/layout as STRUCTURE M2_M3_CDNS_7833472837918.
INFO (XSTRM-223): 46. Translating cellView lf11is/Contact/layout as STRUCTURE Contact_CDNS_7833472837924.
INFO (XSTRM-223): 47. Translating cellView lf11is/nmos1v2hvt_4/layout as STRUCTURE nmos1v2hvt_4_CDNS_7833472837923.
INFO (XSTRM-223): 48. Translating cellView REF_GEN/mux8_1_fL/layout as STRUCTURE mux8_1_fL.
INFO (XSTRM-223): 49. Translating cellView lf11is/pmos1v2hvt_4/layout as STRUCTURE pmos1v2hvt_4_CDNS_7833472837925.
INFO (XSTRM-223): 50. Translating cellView Si3/IN2/layout as STRUCTURE IN2.
INFO (XSTRM-223): 51. Translating cellView REF_GEN/inv8_fL/layout as STRUCTURE inv8_fL.
INFO (XSTRM-223): 52. Translating cellView lf11is/Contact/layout as STRUCTURE Contact_CDNS_7833472837927.
INFO (XSTRM-223): 53. Translating cellView lf11is/Contact/layout as STRUCTURE Contact_CDNS_7833472837928.
INFO (XSTRM-223): 54. Translating cellView lf11is/Contact/layout as STRUCTURE Contact_CDNS_7833472837929.
INFO (XSTRM-223): 55. Translating cellView lf11is/AbutContact/layout as STRUCTURE AbutContact_CDNS_7833472837930.
INFO (XSTRM-223): 56. Translating cellView lf11is/pmos1v2hvt_4/layout as STRUCTURE pmos1v2hvt_4_CDNS_7833472837926.
INFO (XSTRM-223): 57. Translating cellView lf11is/rnpolym/layout as STRUCTURE rnpolym_CDNS_7833472837931.
INFO (XSTRM-223): 58. Translating cellView lf11is/Contact/layout as STRUCTURE Contact_CDNS_7833472837933.
INFO (XSTRM-223): 59. Translating cellView lf11is/Contact/layout as STRUCTURE Contact_CDNS_7833472837934.
INFO (XSTRM-223): 60. Translating cellView lf11is/Contact/layout as STRUCTURE Contact_CDNS_7833472837935.
INFO (XSTRM-223): 61. Translating cellView lf11is/AbutContact/layout as STRUCTURE AbutContact_CDNS_7833472837936.
INFO (XSTRM-223): 62. Translating cellView lf11is/nmos1v2hvt_4/layout as STRUCTURE nmos1v2hvt_4_CDNS_7833472837932.
INFO (XSTRM-223): 63. Translating cellView lf11is/Contact/layout as STRUCTURE Contact_CDNS_7833472837938.
INFO (XSTRM-223): 64. Translating cellView lf11is/Contact/layout as STRUCTURE Contact_CDNS_7833472837939.
INFO (XSTRM-223): 65. Translating cellView lf11is/AbutContact/layout as STRUCTURE AbutContact_CDNS_7833472837940.
INFO (XSTRM-223): 66. Translating cellView lf11is/nmos1v2hvt_4/layout as STRUCTURE nmos1v2hvt_4_CDNS_7833472837937.
INFO (XSTRM-223): 67. Translating cellView lf11is/pmos1v2hvt_4/layout as STRUCTURE pmos1v2hvt_4_CDNS_7833472837941.
INFO (XSTRM-223): 68. Translating cellView lf11is/Contact/layout as STRUCTURE Contact_CDNS_7833472837943.
INFO (XSTRM-223): 69. Translating cellView lf11is/AbutContact/layout as STRUCTURE AbutContact_CDNS_7833472837944.
INFO (XSTRM-223): 70. Translating cellView lf11is/nmos1v2hvt_4/layout as STRUCTURE nmos1v2hvt_4_CDNS_7833472837942.
INFO (XSTRM-223): 71. Translating cellView lf11is/rnpolym/layout as STRUCTURE rnpolym_CDNS_7833472837945.
INFO (XSTRM-223): 72. Translating cellView lf11is/Contact/layout as STRUCTURE Contact_CDNS_7833472837947.
INFO (XSTRM-223): 73. Translating cellView lf11is/AbutContact/layout as STRUCTURE AbutContact_CDNS_7833472837948.
INFO (XSTRM-223): 74. Translating cellView lf11is/pmos1v2hvt_4/layout as STRUCTURE pmos1v2hvt_4_CDNS_7833472837946.
INFO (XSTRM-223): 75. Translating cellView lf11is/Contact/layout as STRUCTURE Contact_CDNS_7833472837950.
INFO (XSTRM-223): 76. Translating cellView lf11is/pmos1v2hvt_4/layout as STRUCTURE pmos1v2hvt_4_CDNS_7833472837949.
INFO (XSTRM-223): 77. Translating cellView lf11is/Contact/layout as STRUCTURE Contact_CDNS_7833472837952.
INFO (XSTRM-223): 78. Translating cellView lf11is/pmos1v2hvt_4/layout as STRUCTURE pmos1v2hvt_4_CDNS_7833472837951.
INFO (XSTRM-223): 79. Translating cellView REF_GEN/REF_V5_fLC/layout as STRUCTURE REF_V5_fLC.

Summary of Objects Translated:
	Scalar Instances:                       507
	Array Instances:                        0
	Polygons:                               4
	Paths:                                  16
	Rectangles:                             6417
	Lines:                                  0
	Arcs:                                   0
	Donuts:                                 0
	Dots:                                   0
	Ellipses:                               0
	Boundaries:                             0
	Area Blockages:                         0
	Layer Blockages:                        0
	Area Halos:                             0
	Markers:                                0
	Rows:                                   0
	Standard Vias                           357
	Custom Vias:                            0
	CdsGen Vias:                            0
	Pathsegs:                               1374
	Text:                                   125
	TextDisplay:                            0
	Cells:                                  79

Elapsed Time: 0.6s   User Time: 0.6s   CPU Time: 0.0s   Peak VM: 35076KB
INFO (XSTRM-234): Translation completed. '0' error(s) and '1' warning(s) found.
