rnpolyh_CDNS_782306781575 RNPOLYHNW1V2,METAL1a,PSUB,POLYG3,NW1V2 POLYCONT
BG_TRIM_4_fL VIA1,METAL5a,PW1V2,NDIFFCONT,METALFa,PDIFF,NMOS1V2HVT,NGATE,VIA4,VIA2,METAL3a,PTAP,METAL1a,PSUB,VIA3,POLYG3,METAL2a,NDIFF,PDIFFCONT,NTAP,NW1V2,VIAF2,METAL4a,POLYCONT PNPBASE,PGATE,VIAM,PNP5UX5U,TOPMIMS2,RNPOLYHNW1V2,PMOS1V2HVT,PNPEMIT5UX5U,CMIMS2
cmims_CDNS_782306781570 METAL5a,METALFa,VIAM,TOPMIMS2,CMIMS2 NULL
PG_M1_CDNS_782306781578 METAL1a,POLYG3,POLYCONT NULL
trim_res_bg_2_fL NDIFFCONT,METAL1a,PSUB,NDIFF,NTAP,NW1V2 METAL5a,RNPOLYHNW1V2,POLYG3,POLYCONT
trim_res_bg_sl_fL METAL5a,NDIFFCONT,RNPOLYHNW1V2,METAL1a,PSUB,POLYG3,NDIFF,NTAP,NW1V2 POLYCONT
AbutContact_CDNS_782306781574 NDIFFCONT,METAL1a,PSUB,NDIFF NULL
pmos1v2hvt_4_CDNS_7823067815712 PGATE,NDIFFCONT,PDIFF,METAL1a,PSUB,PMOS1V2HVT,POLYG3,METAL2a,NDIFF,NTAP,NW1V2 VIA1,PDIFFCONT,POLYCONT
pnp5ux5u_CDNS_7823067815774 PNPBASE,PDIFF,PTAP,METAL1a,PSUB,PNPEMIT5UX5U,METAL2a,NTAP,NW1V2 VIA1,PW1V2,NDIFFCONT,NDIFF,PDIFFCONT
pmos1v2hvt_4_CDNS_7823067815720 PGATE,PDIFF,METAL1a,PSUB,PMOS1V2HVT,POLYG3,PDIFFCONT,NTAP,NW1V2 NDIFFCONT,NDIFF
MASCO__Y1 METAL1a POLYG3,POLYCONT
MASCO__Y2 METAL1a POLYG3,POLYCONT
Contact_CDNS_782306781572 METAL1a NULL
MASCO__Y3 METAL1a POLYG3,POLYCONT
Contact_CDNS_782306781573 METAL1a,POLYG3,POLYCONT NULL
Contact_CDNS_782306781576 METAL1a,POLYG3,POLYCONT NULL
pnp5ux5u_CDNS_7823067815783 PNPBASE,METAL5a,PDIFF,PNP5UX5U,PTAP,METAL1a,PSUB,PNPEMIT5UX5U,METAL2a,NTAP,NW1V2 VIA1,PW1V2,NDIFFCONT,NDIFF,PDIFFCONT
Contact_CDNS_782306781578 NDIFFCONT,METAL1a,PSUB,NDIFF NULL
pnp5ux5u_CDNS_7823067815784 PNPBASE,PDIFF,PTAP,METAL1a,PSUB,PNPEMIT5UX5U,METAL2a,NTAP,NW1V2 VIA1,PW1V2,NDIFFCONT,NDIFF,PDIFFCONT
Contact_CDNS_782306781579 VIA1,METAL1a,METAL2a NULL
pmos1v2hvt_4_CDNS_7823067815730 PGATE,PDIFF,METAL1a,PSUB,PMOS1V2HVT,POLYG3,PDIFFCONT,NTAP,NW1V2 NDIFFCONT,NDIFF,POLYCONT
pmos1v2hvt_4_CDNS_7823067815732 PGATE,NDIFFCONT,PDIFF,METAL1a,PSUB,PMOS1V2HVT,POLYG3,NDIFF,PDIFFCONT,NTAP,NW1V2 POLYCONT
pmos1v2hvt_4_CDNS_7823067815736 PGATE,PDIFF,METAL1a,PSUB,PMOS1V2HVT,POLYG3,METAL2a,NTAP,NW1V2,POLYCONT VIA1,NDIFFCONT,NDIFF,PDIFFCONT
pmos1v2hvt_4_CDNS_7823067815739 PGATE,PDIFF,METAL1a,PSUB,PMOS1V2HVT,POLYG3,METAL2a,NTAP,NW1V2 VIA1,NDIFFCONT,NDIFF,PDIFFCONT,POLYCONT
rnpolyh_CDNS_7823067815711 RNPOLYHNW1V2,METAL1a,PSUB,POLYG3,NW1V2 POLYCONT
pmos1v2hvt_4_CDNS_7823067815740 PGATE,PDIFF,METAL1a,PSUB,PMOS1V2HVT,POLYG3,NTAP,NW1V2,POLYCONT NDIFFCONT,NDIFF,PDIFFCONT
M2_M3_CDNS_7823067815718 VIA2,METAL3a,METAL2a NULL
M2_M3_CDNS_7823067815721 VIA2,METAL3a,METAL2a NULL
M2_M3_CDNS_7823067815727 VIA2,METAL3a,METAL2a NULL
M2_M3_CDNS_7823067815728 VIA2,METAL3a,METAL2a NULL
pmos1v2hvt_4_CDNS_7823067815754 PGATE,PDIFF,METAL1a,PSUB,PMOS1V2HVT,POLYG3,NTAP,NW1V2 NDIFFCONT,NDIFF,PDIFFCONT
pmos1v2hvt_4_CDNS_7823067815756 PGATE,PDIFF,METAL1a,PSUB,PMOS1V2HVT,POLYG3,NTAP,NW1V2 NDIFFCONT,NDIFF,PDIFFCONT
pmos1v2hvt_4_CDNS_7823067815758 PGATE,PDIFF,METAL1a,PSUB,PMOS1V2HVT,POLYG3,NTAP,NW1V2 NDIFFCONT,NDIFF,PDIFFCONT,POLYCONT
MASCO__A12 METAL1a VIA1,PNPBASE,PW1V2,NDIFFCONT,PDIFF,PTAP,PSUB,PNPEMIT5UX5U,METAL2a,NDIFF,PDIFFCONT,NTAP,NW1V2
MASCO__A14 PNP5UX5U,METAL1a,METAL2a VIA1,PNPBASE,PW1V2,NDIFFCONT,PDIFF,PTAP,PSUB,PNPEMIT5UX5U,NDIFF,PDIFFCONT,NTAP,NW1V2
pmos1v2hvt_4_CDNS_782306781571 PGATE,PDIFF,METAL1a,PSUB,PMOS1V2HVT,POLYG3,PDIFFCONT,NTAP,NW1V2 NDIFFCONT,NDIFF,POLYCONT
M1_M2_CDNS_7823067815710 VIA1,METAL1a,METAL2a NULL
M1_M2_CDNS_7823067815711 VIA1,METAL1a,METAL2a NULL
M2_M3_CDNS_7823067815732 VIA2,METAL3a,METAL2a NULL
pmos1v2hvt_4_CDNS_7823067815760 PGATE,NDIFFCONT,PDIFF,METAL1a,PSUB,PMOS1V2HVT,POLYG3,METAL2a,NDIFF,NTAP,NW1V2 VIA1,PDIFFCONT,POLYCONT
M2_M3_CDNS_7823067815735 VIA2,METAL3a,METAL2a NULL
M1_M2_CDNS_7823067815716 VIA1,METAL1a,METAL2a NULL
pmos1v2hvt_4_CDNS_7823067815766 PGATE,NDIFFCONT,PDIFF,METAL1a,PSUB,PMOS1V2HVT,POLYG3,METAL2a,NDIFF,PDIFFCONT,NTAP,NW1V2,POLYCONT VIA1
rnpolyh_CDNS_7823067815749 RNPOLYHNW1V2,METAL1a,PSUB,POLYG3,NW1V2 POLYCONT
M1_M2_CDNS_7823067815722 VIA1,METAL1a,METAL2a NULL
M1_M2_CDNS_7823067815723 VIA1,METAL1a,METAL2a NULL
M1_M2_CDNS_7823067815724 VIA1,METAL1a,METAL2a NULL
M1_M2_CDNS_7823067815725 VIA1,METAL1a,METAL2a NULL
nmos1v2hvt_4_CDNS_782306781577 PW1V2,NMOS1V2HVT,NGATE,METAL1a,PSUB,POLYG3,METAL2a,NDIFF,POLYCONT VIA1,NDIFFCONT
MASCO__B10 METAL1a,METAL2a VIA1,PW1V2,NDIFFCONT,PDIFF,NMOS1V2HVT,NGATE,PTAP,PSUB,POLYG3,NDIFF,PDIFFCONT,POLYCONT
MASCO__B11 METAL5a,METAL1a PGATE,NDIFFCONT,PDIFF,PSUB,PMOS1V2HVT,POLYG3,NDIFF,PDIFFCONT,NTAP,NW1V2,POLYCONT
MASCO__B13 METAL1a VIA1,PNPBASE,PW1V2,NDIFFCONT,PDIFF,PTAP,PSUB,PNPEMIT5UX5U,METAL2a,NDIFF,PDIFFCONT,NTAP,NW1V2
MASCO__B15 PNP5UX5U,METAL1a,METAL2a VIA1,PNPBASE,PW1V2,NDIFFCONT,PDIFF,PTAP,PSUB,PNPEMIT5UX5U,NDIFF,PDIFFCONT,NTAP,NW1V2
rnpolyh_CDNS_7823067815750 RNPOLYHNW1V2,METAL1a,PSUB,POLYG3,NW1V2 POLYCONT
rnpolyh_CDNS_7823067815751 METAL5a,RNPOLYHNW1V2,METAL1a,PSUB,POLYG3,NW1V2 POLYCONT
rnpolyh_CDNS_7823067815752 RNPOLYHNW1V2,METAL1a,PSUB,POLYG3,NW1V2 POLYCONT
M1_M2_CDNS_7823067815734 VIA1,METAL1a,METAL2a NULL
M2_M3_CDNS_7823067815754 VIA2,METAL3a,METAL2a NULL
M1_M2_CDNS_7823067815737 VIA1,METAL1a,METAL2a NULL
pmos1v2hvt_4_CDNS_7823067815785 PGATE,PDIFF,METAL1a,PSUB,PMOS1V2HVT,POLYG3,METAL2a,NTAP,NW1V2,POLYCONT VIA1,NDIFFCONT,NDIFF,PDIFFCONT
M1_M2_CDNS_7823067815753 VIA1,METAL1a,METAL2a NULL
MASCO__B5 METAL1a PGATE,NDIFFCONT,PDIFF,PSUB,PMOS1V2HVT,POLYG3,NDIFF,PDIFFCONT,NTAP,NW1V2,POLYCONT
MASCO__B6 METAL1a VIA1,PW1V2,NDIFFCONT,PDIFF,NMOS1V2HVT,NGATE,PTAP,PSUB,METAL2a,POLYG3,NDIFF,PDIFFCONT,POLYCONT
MASCO__B7 METAL1a VIA1,PW1V2,NDIFFCONT,PDIFF,NMOS1V2HVT,NGATE,PTAP,PSUB,METAL2a,POLYG3,NDIFF,PDIFFCONT,POLYCONT
MASCO__B8 METAL1a PGATE,NDIFFCONT,PDIFF,PSUB,PMOS1V2HVT,POLYG3,NDIFF,PDIFFCONT,NTAP,NW1V2,POLYCONT
MASCO__B9 METAL1a,METAL2a VIA1,PW1V2,NDIFFCONT,PDIFF,NMOS1V2HVT,NGATE,PTAP,PSUB,POLYG3,NDIFF,PDIFFCONT,POLYCONT
M1_M2_CDNS_782306781571 VIA1,METAL1a,METAL2a NULL
M1_M2_CDNS_782306781572 VIA1,METAL1a,METAL2a NULL
M1_M2_CDNS_782306781573 VIA1,METAL1a,METAL2a NULL
M1_M2_CDNS_782306781574 VIA1,METAL1a,METAL2a NULL
M1_M2_CDNS_782306781575 VIA1,METAL1a,METAL2a NULL
M1_M2_CDNS_782306781579 VIA1,METAL1a,METAL2a NULL
PG_M1_CDNS_7823067815712 METAL1a,POLYG3,POLYCONT NULL
PG_M1_CDNS_7823067815717 METAL1a,POLYG3,POLYCONT NULL
nmos1v2hvt_4_CDNS_7823067815717 PW1V2,NDIFFCONT,PDIFF,NMOS1V2HVT,NGATE,PTAP,METAL1a,PSUB,POLYG3,NDIFF,PDIFFCONT POLYCONT
M2_M3_CDNS_782306781570 VIA2,METAL3a,METAL2a NULL
nmos1v2hvt_4_CDNS_7823067815723 PW1V2,NDIFFCONT,PDIFF,NMOS1V2HVT,NGATE,PTAP,METAL1a,PSUB,POLYG3,NDIFF,PDIFFCONT,POLYCONT NULL
M2_M3_CDNS_782306781576 VIA2,METAL3a,METAL2a NULL
nmos1v2hvt_4_CDNS_7823067815726 PW1V2,NDIFFCONT,PDIFF,NMOS1V2HVT,NGATE,PTAP,METAL1a,PSUB,POLYG3,METAL2a,NDIFF,PDIFFCONT VIA1,POLYCONT
nmos1v2hvt_4_CDNS_7823067815734 PW1V2,NDIFFCONT,PDIFF,NMOS1V2HVT,NGATE,PTAP,METAL1a,PSUB,POLYG3,NDIFF,PDIFFCONT NULL
Contact_CDNS_7823067815713 PDIFF,METAL1a,PDIFFCONT NULL
Contact_CDNS_7823067815714 METAL1a,POLYG3,POLYCONT NULL
Contact_CDNS_7823067815715 VIA1,METAL1a,METAL2a NULL
Contact_CDNS_7823067815718 METAL1a,POLYG3,POLYCONT NULL
mux8_1_fL PW1V2,PDIFF,PTAP,METAL1a,PSUB,METAL2a,PDIFFCONT VIA1,NDIFFCONT,NMOS1V2HVT,NGATE,VIA2,METAL3a,POLYG3,NDIFF,POLYCONT
AbutContact_CDNS_7823067815722 NDIFFCONT,METAL1a,NDIFF NULL
nmos1v2hvt_4_CDNS_7823067815743 PW1V2,NDIFFCONT,PDIFF,NMOS1V2HVT,NGATE,PTAP,METAL1a,PSUB,POLYG3,METAL2a,NDIFF,PDIFFCONT,POLYCONT VIA1
nmos1v2hvt_4_CDNS_7823067815747 PW1V2,NDIFFCONT,PDIFF,NMOS1V2HVT,NGATE,PTAP,METAL1a,PSUB,POLYG3,NDIFF,PDIFFCONT NULL
Contact_CDNS_7823067815721 METAL1a NULL
Contact_CDNS_7823067815727 METAL1a NULL
Contact_CDNS_7823067815728 VIA1,METAL1a,METAL2a NULL
AbutContact_CDNS_7823067815738 NDIFFCONT,METAL1a,PSUB,NDIFF NULL
Contact_CDNS_7823067815731 METAL1a,POLYG3,POLYCONT NULL
BG_STARTUP_fL2 VIA1,PW1V2,METAL3a,METAL1a,PSUB,POLYG3,METAL2a,POLYCONT PGATE,NDIFFCONT,PDIFF,NMOS1V2HVT,NGATE,VIA2,PTAP,PMOS1V2HVT,NDIFF,PDIFFCONT,NTAP,NW1V2
AbutContact_CDNS_7823067815742 NDIFFCONT,METAL1a,NDIFF NULL
nmos1v2hvt_4_CDNS_7823067815769 PW1V2,NMOS1V2HVT,NGATE,METAL1a,PSUB,POLYG3,METAL2a,NDIFF,POLYCONT VIA1,NDIFFCONT,PDIFF,PTAP,PDIFFCONT
Contact_CDNS_7823067815745 VIA1,METAL1a,METAL2a NULL
Contact_CDNS_7823067815755 PDIFF,METAL1a,PDIFFCONT NULL
Contact_CDNS_7823067815757 PDIFF,METAL1a,PDIFFCONT NULL
Contact_CDNS_7823067815759 PDIFF,METAL1a,PSUB,PDIFFCONT NULL
Contact_CDNS_7823067815761 VIA1,METAL1a,METAL2a NULL
Contact_CDNS_7823067815762 METAL1a,POLYG3,POLYCONT NULL
AbutContact_CDNS_7823067815773 PDIFF,PTAP,METAL1a,PSUB,PDIFFCONT NULL
AbutContact_CDNS_7823067815778 NDIFFCONT,METAL1a,PSUB,NDIFF NULL
AbutContact_CDNS_7823067815779 NDIFFCONT,METAL1a,PSUB,NDIFF NULL
Contact_CDNS_7823067815770 NDIFFCONT,METAL1a,PSUB,NDIFF NULL
Contact_CDNS_7823067815772 VIA1,METAL1a,METAL2a NULL
Contact_CDNS_7823067815775 PDIFF,METAL1a,PSUB,PDIFFCONT NULL
Contact_CDNS_7823067815776 VIA1,METAL1a,METAL2a NULL
Contact_CDNS_7823067815777 PDIFF,PTAP,METAL1a,PDIFFCONT NULL
AbutContact_CDNS_7823067815780 PW1V2,PDIFF NULL
AbutContact_CDNS_7823067815781 PW1V2,PDIFF NULL
BG_PNP_array METAL5a,PNP5UX5U,METAL1a,METAL2a VIA1,PNPBASE,PW1V2,NDIFFCONT,PDIFF,PTAP,PSUB,PNPEMIT5UX5U,NDIFF,PDIFFCONT,NTAP,NW1V2
Contact_CDNS_7823067815782 METAL1a,PDIFFCONT NULL
