\# Program start time:     UTC 2026.07.06 14:26:13.748
\# Local time: UTC (UTC+00:00) 2026.07.06 14:26:13.748
\o Program:		@(#)$CDS: virtuoso version 6.1.8-64b 09/03/2024 19:11 (sjfhw316) $
\o Hierarchy:		/opt/tools/cadence/installs/IC618/tools.lnx86/dfII/
\o Sub version:		sub-version  IC6.1.8-64b.500.36  (64-bit addresses)
\# Command line:	/opt/tools/cadence/installs/IC618/tools.lnx86/dfII/bin/64bit/virtuoso -noautostart -mpssession virtuosoEGnQsS4uCoj0DfOzdOw8cK_337645 -mpshost 40105@edatools -davinciService DaVinciService_337842_1782396200 -log /home/saul/projects/LF_BG/logs_saul/logs4/Job111.log -licenseLockFileName /home/saul/projects/LF_BG/.tmp_saul/.edatools_337842 -interactiveA -interactiveE -interactiveRTT -nostdin -nographE -axlChildIdFlag 111
\# Host name (type):	edatools (x86_64)
\# Operating system:	Linux 6.17.0-35-generic #35~24.04.1-Ubuntu SMP PREEMPT_DYNAMIC Tue May 26 19:30:42 UTC 2
\# Linux /etc/issue:	\S
\# Linux /etc/issue:	Kernel \r on an \m
\# X display name (WxH):	:6240 (1024x868)
\# Available geometry:			TL(0:0) BR(1023:867)
\# X server:			The X.Org Foundation
\# Depth of Visual (Root):	24 (24)
\# Number of Planes Used:	24
\# X version:		11.0 (vendor release 12011000)
\# X resource pool:	base 0x400000, mask 0x1fffff (2097151), shift 0
\# 			current id 0x0, current max 0x1ffffa (2097146)
\# Max data seg size:	     unlimited
\# Max process size:	     unlimited
\# Initial sbrk value:	        746 MB
\# Available memory:	     50,307 MB
\# System memory:	     72,238 MB
\# Maximum memory size:	     71,612 MB
\# Max mem available:	     50,426 MB
\# Initial memory used:	        120 MB
\#        process size:	      1,680 MB
\# Thread usage limits (effective/default):	maxthreads 4294967295/4294967295 maxload 16.00/16.00
\# Qt version:		5.9.1
\# Window Manager:	other
\# User Name:		saul
\o Working Directory:	edatools:/home/saul/projects/LF_BG
\# Process Id:		657733
\# Container Id:	EGnQsS4uCoj0DfOzdOw8cK
\o 
\o COPYRIGHT (C) 1992-2024  CADENCE DESIGN SYSTEMS INC.  ALL RIGHTS RESERVED.
\o           (C) 1992-2024  UNIX SYSTEMS Laboratories INC.,
\o                          Reproduced with permission.
\o 
\o This Cadence Design Systems program and online documentation are
\o proprietary/confidential information and may be disclosed/used only
\o as authorized in a license agreement controlling such use and disclosure.
\o 
\o           RESTRICTED RIGHTS NOTICE (SHORT FORM)
\o Use/reproduction/disclosure is subject to restriction
\o set forth at FAR 1252.227-19 or its equivalent.
\o Loading geView.cxt 
\o Loading menuBuilder.cxt 
\o Loading schView.cxt 
\o Loading selectSv.cxt 
\o Loading pvsui.cxt
\o Loading wireEdit.cxt 
\o Loading pte2.cxt 
\o Loading xlUI.cxt 
\o Loading auCore.cxt 
\o Loading vhdl.cxt 
\o Loading seismic.cxt 
\o Loading ci.cxt 
\o Loading ams.cxt 
\o Loading oasis.cxt 
\o Loading analog.cxt 
\o Loading asimenv.cxt 
\o Loading dal.cxt 
\o Loading awv.cxt 
\o Loading socket.cxt 
\o Loading par.cxt 
\o Loading alvs.cxt 
\o Loading caa.cxt 
\o Loading amps.cxt 
\o Loading adexlCore.cxt 
\o Loading adexl.cxt 
\o *Info*    Exporting services from client ... 
\o 
\o Loading adexlDM.cxt 
\o Loading cpf.cxt 
\o Loading cli.cxt 
\o Loading lp.cxt 
\o INFO (ELI-00302) Connecting to parent process (session=virtuosoEGnQsS4uCoj0DfOzdOw8cK_337645, host=40105@edatools). Connection mode is ICRP. Total timeout is 180 seconds. Connection timeout is 90 seconds.
\o INFO (ELI-00303) Step 1: Connecting to parent. Time spent is 0 seconds.
\o INFO (ELI-00304) The registration of the child 657733 within 90 seconds is being processed...
\o INFO (ELI-00305) The result of registration is true. Time spent is 0 seconds.
\o INFO (ELI-00308) The connection has ended. Result is true. Total time spent is 0 seconds.
\# [14:26:13.445322] Configured Lic search path (22.01-s002): 3000@lic08.ug.kth.se:29000@lic06.ug.kth.se
\# Memory report: using         272 MB, process size 1,963 MB at UTC 2026.07.06 14:26:15.248
\w *WARNING* The directory: '/opt/pdk/lf11/PDK_LF11ISi_V1_3_2/tools/setup/$ASSURAHOME/tools/assura/etc/avtech/avTech' does not exist
\w 	but was defined in libFile '/opt/pdk/lf11/PDK_LF11ISi_V1_3_2/tools/setup/cds.lib' for Lib 'avTech'.
\o 
\o ----------------          LFoundry            ----------------
\o ----------------    Initializing LF11IS PDK    ----------------
\o ----------------        Version 1.3.2         ----------------
\o ----------------        Option 6metal         ----------------
\o *LF-INFO* Loading lf11is:/opt/pdk/lf11/PDK_LF11ISi_V1_3_2/analog/callbacks/lf11is_cdfCbks.il   done
\o *LF-INFO* lf11is libInit.il loaded successfully. 
\w *WARNING* Cannot find /opt/tools/cadence/installs/IC618/tools.lnx86/dfII/etc/tools/wavescan directory to load environment variables
\w *WARNING* envSetVal: could not find tool[.partition] 'wavescan.trace'
\w *WARNING* Cannot find /opt/tools/cadence/installs/IC618/tools.lnx86/dfII/etc/tools/wavescan directory to load environment variables
\w *WARNING* envSetVal: could not find tool[.partition] 'wavescan.trace'
\o *LF-INFO* .cdsinit: Loading project .cdsenv file       skipped
\o *LF-INFO* .cdsinit: Setting Spectre models                done
\o *LF-INFO* .cdsinit: Setting UltraSim models               done
\o *LF-INFO* .cdsinit: Setting AMS analog models             done
\o *LF-INFO* .cdsinit: Setting AMS netlist mode to OSS       done
\o *LF-INFO* .cdsinit: Setting HSpice models                 done
\o *LF-INFO* .cdsinit: Setting CDL out keys                  done
\o *LF-INFO* .cdsinit: Loading Ciranova abut function        done
\o *LF-INFO* .cdsinit: WiCkeD setup                       skipped
\o *LF-INFO* .cdsinit: Golden Gate setup                  skipped
\o *LF-INFO* .cdsinit: Loading default bindkeys              done
\o *LF-INFO* .cdsinit: PDF reader "evince" found: /bin/evince.
\o *LF-INFO* .cdsinit: Creating LF11IS PDK menus              done
\o *LF-INFO* .cdsinit: Loading LF11IS display.drf             done
\o *LF-INFO* .cdsinit: Setting PVS setup trigger      done
\o *LF-INFO* .cdsinit: Loading the user .cdsinit          skipped
\o *LF-INFO* .cdsinit: Loading ISO Ring utility              done
\o *LF-INFO* .cdsinit: Loading Layout Utilities              done
\o *LF-INFO* .cdsinit: Opening library manager 				  done
\e *Error* load: can't access file - "/opt/tools/mentor/CALIBRE_2022.4_16/aoi_cal_2022.4_16.8/lib/calibre.skl"
\o *Info*    Client has finished starting ... 
\o 
\o Loading vdsil.cxt 
\p > 
\# Loading perfDiag...
\# (PerfDiag): Set GDB path to environment variable 'gdbPath' (gdb).
\w *WARNING* (PerfDiag): The GDB command 'gdb' is not found or is invalid.
\w *WARNING* (PerfDiag): The GDB-related functionality has been disabled. Use the 'gdbPath' environment variable to set a valid GDB path or set one of the SHELL environment variables CDS_DEBUGGER, DEBUGGER, or GDB, and restart Virtuoso.
\# Performance Diagnostic tool is installed. You can access PerfDiag from CIW Tools or use the shell command 'cdsPerfDiag -p 657733' to open it when Virtuoso freezes.
\# (PerfDiag): Use backtrace from GLIBC.
\w *WARNING* _perfPstackCheck: Cannot find pstack/gstack. Please setup PATH environment variable to pstack/gstack executable.
\o Loading vqp.cxt 
\o Loading hdlPkg.cxt 
\o 
\o 
\o *Info*    Configuring the session ...
\o 
\o Loading simui.cxt 
\o 	Library      = REF_GEN
\o 	Cell         = REF_GEN_f_TB
\o 	View         = config
\o 	Simulator    = spectre
\o 	State Path   = $AXL_SETUPDB_DIR/test_states
\o 	State Name   = TRAN_BANDGAP:REF_GEN_TB:1:1_state_Interactive.139
\o 	Results DB   = /home/saul/projects/LF_BG/REF_GEN/REF_GEN_f_TB/adexl/results/data/Interactive.139.rdb
\o 	Results Dir  = /home/saul/simulation/REF_GEN/REF_GEN_f_TB/adexl/results/data/Interactive.139/1/TRAN
\o 	Results Loc  = /home/saul/simulation/REF_GEN/REF_GEN_f_TB/adexl/results/data
\o 	Project Dir  = /home/saul/simulation
\o 	Setup DB loc = /home/saul/projects/LF_BG/REF_GEN/REF_GEN_f_TB/adexl
\o 	File Encoding = 0
\o 
\o 
\o Loading viva.cxt 
\w *WARNING* The directory: '/opt/pdk/lf11/PDK_LF11ISi_V1_3_2/tools/setup/$ASSURAHOME/tools/assura/etc/avtech/avTech' does not exist
\w 	but was defined in libFile '/opt/pdk/lf11/PDK_LF11ISi_V1_3_2/tools/setup/cds.lib' for Lib 'avTech'.
\o Loading spectrei.cxt 
\o Loading devCheck.cxt 
\o Loading relXpert.cxt 
\o WARNING (ADE-7017): The Spectre run mode needs to be 'batch' when EM/IR analysis is enabled. Automatically setting the run mode to 'batch'.
\o Loading hspiceD.cxt 
\o Loading spectreinl.cxt 
\o Loading msgHandler.cxt 
\o Loading UltraSim.cxt 
\o Loading AMSOSS.cxt 
\o Loading AMS.cxt 
\o 
\o *Info*    The auto suspension is disabled.
\o 
\o Loading monte.cxt 
\o 
\o 
\o 
\o 
\o 
\o *Info*    Run start for Point ID (35 5) on testbench [ TRAN ].
\o 
\o Resetting statistical vars
\o 
\o *Info*    Setting parameter values ...
\o 
\o Setting var CL = "150f"
\o Setting var CL2 = "3p"
\o Setting var CONF_BG_SL_TRIM = "3"
\o Setting var CONF_BG_TRIM = "3"
\o Setting var CONF_LDO_SEL = "0"
\o Setting var CONF_LVDS_SEL = "0"
\o Setting var CONF_REF_TRIM = "3"
\o Setting var EN = "0"
\o Setting var EN_PULSE = "1.2"
\o Setting var PD = "0"
\o Setting var PD_PULSE = "0"
\o Setting var TT = "1u"
\o Setting var VDD = "0"
\o Setting var VDD_PULSE = "1.2"
\o Setting var temperature = "85"
\o Setting temp(T) = 85
\o 
\o *Info*    Netlist Directory =
\o           /home/saul/simulation/REF_GEN/REF_GEN_f_TB/adexl/results/data/Interactive.139/5/TRAN/netlist
\o 
\o 
\o *Info*    Data Directory    =
\o           /home/saul/simulation/REF_GEN/REF_GEN_f_TB/adexl/results/data/Interactive.139/5/TRAN
\o 
\o 
\o *Info*    Creating Netlist for Point ID (35 5)
\o 
\o generate netlist...
\o Loading hnlInit.cxt 
\o Loading seCore.cxt 
\# [14:26:16.100632] periodic Lic check successful
\# [14:26:16.100635] Feature usage summary:
\o Begin Incremental Netlisting Jul  6 14:26:16 2026
\# Memory report: using         452 MB, process size 2,209 MB at UTC 2026.07.06 14:26:17.239
\o End netlisting Jul  6 14:26:17 2026
\o 
\o 	The netlist is up to date.
\o 	Time taken to compare the design with netlist:   1.0s
\o       ...successful.
\o compose simulator input file...
\o       ...successful.
\o 
\o *Info*    Running simulation on testbench [ TRAN ] for Point ID (35
\o           5).
\o 
\o Delete psf data in /home/saul/simulation/REF_GEN/REF_GEN_f_TB/adexl/results/data/Interactive.139/5/TRAN/psf.
\o compose simulator input file...
\o       ...successful.
\o start simulator if needed...
\o       ...successful.
\o simulate...
\o To view the simulator output, right-click on the test name, result 
\o name, or any value in the "Results" tab of the Outputs section and 
\o choose "Output Log" menu option.
\o Loading paraplot.cxt 
\# Available memory:         46,660 MB at UTC 2026.07.06 14:26:23.985
\# Memory report: Maximum memory size now 47,188 MB at UTC 2026.07.06 14:26:23.985
\# Thread usage report: 22 active threads, active load 1.40 at UTC 2026.07.06 14:26:23.985
\o INFO (ADE-3071): Simulation completed successfully.
\o reading simulation data...
\o       ...successful.
\o *Info*    Client has finished evaluating ... 
\o 
\o ERROR (WIA-1006): Unable to plot expression <VT("/I8/I0/PRN")>
\o            because it does not evaluate to an object that can be plotted, like a waveform or
\o            parametric wave. See the Visualization & Analysis Tool documentation for information
\o            about the types of objects that can be plotted in Visualization & Analysis Tool. Only
\o            the expressions that evaluate to those objects can be plotted.
\o ERROR (WIA-1006): Unable to plot expression <VT("/PRN")>
\o            because it does not evaluate to an object that can be plotted, like a waveform or
\o            parametric wave. See the Visualization & Analysis Tool documentation for information
\o            about the types of objects that can be plotted in Visualization & Analysis Tool. Only
\o            the expressions that evaluate to those objects can be plotted.
\o ERROR (WIA-1006): Unable to plot expression <VT("/I8/I0/P")>
\o            because it does not evaluate to an object that can be plotted, like a waveform or
\o            parametric wave. See the Visualization & Analysis Tool documentation for information
\o            about the types of objects that can be plotted in Visualization & Analysis Tool. Only
\o            the expressions that evaluate to those objects can be plotted.
\# Memory report: using         570 MB, process size 2,377 MB at UTC 2026.07.06 14:29:43.713
\o 
\o *Info*    Run complete for Point ID (35 5) on testbench [ TRAN ].
\o 
\o 
\o 
\o 
\o 
\o 
\o 
\o 
\o 
\o 
\o *Info*    Run start for Point ID (35 7) on testbench [ TRAN ].
\o 
\o Resetting statistical vars
\o 
\o *Info*    Setting parameter values ...
\o 
\o 
\o *Info*    Netlist Directory =
\o           /home/saul/simulation/REF_GEN/REF_GEN_f_TB/adexl/results/data/Interactive.139/7/TRAN/netlist
\o 
\o 
\o *Info*    Data Directory    =
\o           /home/saul/simulation/REF_GEN/REF_GEN_f_TB/adexl/results/data/Interactive.139/7/TRAN
\o 
\o 
\o *Info*    Creating Netlist for Point ID (35 7)
\o 
\o generate netlist...
\o Begin Incremental Netlisting Jul  6 14:29:51 2026
\o End netlisting Jul  6 14:30:11 2026
\o 
\o 	The netlist is up to date.
\o 	Time taken to compare the design with netlist:  20.0s
\o       ...successful.
\o compose simulator input file...
\o       ...successful.
\o 
\o *Info*    Running simulation on testbench [ TRAN ] for Point ID (35
\o           7).
\o 
\o Delete psf data in /home/saul/simulation/REF_GEN/REF_GEN_f_TB/adexl/results/data/Interactive.139/7/TRAN/psf.
\o compose simulator input file...
\o       ...successful.
\o start simulator if needed...
\o       ...successful.
\o simulate...
\o To view the simulator output, right-click on the test name, result 
\o name, or any value in the "Results" tab of the Outputs section and 
\o choose "Output Log" menu option.
\o INFO (ADE-3071): Simulation completed successfully.
\o reading simulation data...
\o       ...successful.
\o *Info*    Client has finished evaluating ... 
\o 
\o ERROR (WIA-1006): Unable to plot expression <VT("/I8/I0/PRN")>
\o            because it does not evaluate to an object that can be plotted, like a waveform or
\o            parametric wave. See the Visualization & Analysis Tool documentation for information
\o            about the types of objects that can be plotted in Visualization & Analysis Tool. Only
\o            the expressions that evaluate to those objects can be plotted.
\o ERROR (WIA-1006): Unable to plot expression <VT("/PRN")>
\o            because it does not evaluate to an object that can be plotted, like a waveform or
\o            parametric wave. See the Visualization & Analysis Tool documentation for information
\o            about the types of objects that can be plotted in Visualization & Analysis Tool. Only
\o            the expressions that evaluate to those objects can be plotted.
\o ERROR (WIA-1006): Unable to plot expression <VT("/I8/I0/P")>
\o            because it does not evaluate to an object that can be plotted, like a waveform or
\o            parametric wave. See the Visualization & Analysis Tool documentation for information
\o            about the types of objects that can be plotted in Visualization & Analysis Tool. Only
\o            the expressions that evaluate to those objects can be plotted.
\o 
\o *Info*    Run complete for Point ID (35 7) on testbench [ TRAN ].
\o 
\o 
\o 
\o 
\o 
\o 
\o 
\o 
\o 
\o 
\o *Info*    Run start for Point ID (35 13) on testbench [ TRAN ].
\o 
\o Resetting statistical vars
\o 
\o *Info*    Setting parameter values ...
\o 
\o 
\o *Info*    Netlist Directory =
\o           /home/saul/simulation/REF_GEN/REF_GEN_f_TB/adexl/results/data/Interactive.139/13/TRAN/netlist
\o 
\o 
\o *Info*    Data Directory    =
\o           /home/saul/simulation/REF_GEN/REF_GEN_f_TB/adexl/results/data/Interactive.139/13/TRAN
\o 
\o 
\o *Info*    Creating Netlist for Point ID (35 13)
\o 
\o generate netlist...
\o Begin Incremental Netlisting Jul  6 14:33:19 2026
\o End netlisting Jul  6 14:33:44 2026
\o 
\o 	The netlist is up to date.
\o 	Time taken to compare the design with netlist:  25.0s
\o       ...successful.
\o compose simulator input file...
\o       ...successful.
\o 
\o *Info*    Running simulation on testbench [ TRAN ] for Point ID (35
\o           13).
\o 
\o Delete psf data in /home/saul/simulation/REF_GEN/REF_GEN_f_TB/adexl/results/data/Interactive.139/13/TRAN/psf.
\o compose simulator input file...
\o       ...successful.
\o start simulator if needed...
\o       ...successful.
\o simulate...
\o To view the simulator output, right-click on the test name, result 
\o name, or any value in the "Results" tab of the Outputs section and 
\o choose "Output Log" menu option.
\o INFO (ADE-3071): Simulation completed successfully.
\o reading simulation data...
\o       ...successful.
\o *Info*    Client has finished evaluating ... 
\o 
\o ERROR (WIA-1006): Unable to plot expression <VT("/I8/I0/PRN")>
\o            because it does not evaluate to an object that can be plotted, like a waveform or
\o            parametric wave. See the Visualization & Analysis Tool documentation for information
\o            about the types of objects that can be plotted in Visualization & Analysis Tool. Only
\o            the expressions that evaluate to those objects can be plotted.
\o ERROR (WIA-1006): Unable to plot expression <VT("/PRN")>
\o            because it does not evaluate to an object that can be plotted, like a waveform or
\o            parametric wave. See the Visualization & Analysis Tool documentation for information
\o            about the types of objects that can be plotted in Visualization & Analysis Tool. Only
\o            the expressions that evaluate to those objects can be plotted.
\o ERROR (WIA-1006): Unable to plot expression <VT("/I8/I0/P")>
\o            because it does not evaluate to an object that can be plotted, like a waveform or
\o            parametric wave. See the Visualization & Analysis Tool documentation for information
\o            about the types of objects that can be plotted in Visualization & Analysis Tool. Only
\o            the expressions that evaluate to those objects can be plotted.
\# Memory report: using         677 MB, process size 2,484 MB at UTC 2026.07.06 14:36:33.000
\o 
\o *Info*    Run complete for Point ID (35 13) on testbench [ TRAN ].
\o 
\o 
\o 
\o 
\o 
\o 
\o 
\o 
\o 
\o 
\o *Info*    Run start for Point ID (35 19) on testbench [ TRAN ].
\o 
\o Resetting statistical vars
\o 
\o *Info*    Setting parameter values ...
\o 
\o 
\o *Info*    Netlist Directory =
\o           /home/saul/simulation/REF_GEN/REF_GEN_f_TB/adexl/results/data/Interactive.139/19/TRAN/netlist
\o 
\o 
\o *Info*    Data Directory    =
\o           /home/saul/simulation/REF_GEN/REF_GEN_f_TB/adexl/results/data/Interactive.139/19/TRAN
\o 
\o 
\o *Info*    Creating Netlist for Point ID (35 19)
\o 
\o generate netlist...
\o Begin Incremental Netlisting Jul  6 14:36:36 2026
\o End netlisting Jul  6 14:37:01 2026
\o 
\o 	The netlist is up to date.
\o 	Time taken to compare the design with netlist:  25.0s
\o       ...successful.
\o compose simulator input file...
\o       ...successful.
\o 
\o *Info*    Running simulation on testbench [ TRAN ] for Point ID (35
\o           19).
\o 
\o Delete psf data in /home/saul/simulation/REF_GEN/REF_GEN_f_TB/adexl/results/data/Interactive.139/19/TRAN/psf.
\o compose simulator input file...
\o       ...successful.
\o start simulator if needed...
\o       ...successful.
\o simulate...
\o To view the simulator output, right-click on the test name, result 
\o name, or any value in the "Results" tab of the Outputs section and 
\o choose "Output Log" menu option.
\# Memory report: Maximum memory size now 46,213 MB at UTC 2026.07.06 14:37:55.984
\# Memory report: Maximum memory size now 47,233 MB at UTC 2026.07.06 14:38:55.984
\o INFO (ADE-3071): Simulation completed successfully.
\o reading simulation data...
\o       ...successful.
\o *Info*    Client has finished evaluating ... 
\o 
\o ERROR (WIA-1006): Unable to plot expression <VT("/I8/I0/PRN")>
\o            because it does not evaluate to an object that can be plotted, like a waveform or
\o            parametric wave. See the Visualization & Analysis Tool documentation for information
\o            about the types of objects that can be plotted in Visualization & Analysis Tool. Only
\o            the expressions that evaluate to those objects can be plotted.
\o ERROR (WIA-1006): Unable to plot expression <VT("/PRN")>
\o            because it does not evaluate to an object that can be plotted, like a waveform or
\o            parametric wave. See the Visualization & Analysis Tool documentation for information
\o            about the types of objects that can be plotted in Visualization & Analysis Tool. Only
\o            the expressions that evaluate to those objects can be plotted.
\o ERROR (WIA-1006): Unable to plot expression <VT("/I8/I0/P")>
\o            because it does not evaluate to an object that can be plotted, like a waveform or
\o            parametric wave. See the Visualization & Analysis Tool documentation for information
\o            about the types of objects that can be plotted in Visualization & Analysis Tool. Only
\o            the expressions that evaluate to those objects can be plotted.
\o 
\o *Info*    Run complete for Point ID (35 19) on testbench [ TRAN ].
\o 
\o 
\o 
\o 
\o 
\o 
\o 
\o 
\o 
\o 
\o *Info*    Run start for Point ID (35 25) on testbench [ TRAN ].
\o 
\o Resetting statistical vars
\o 
\o *Info*    Setting parameter values ...
\o 
\o 
\o *Info*    Netlist Directory =
\o           /home/saul/simulation/REF_GEN/REF_GEN_f_TB/adexl/results/data/Interactive.139/25/TRAN/netlist
\o 
\o 
\o *Info*    Data Directory    =
\o           /home/saul/simulation/REF_GEN/REF_GEN_f_TB/adexl/results/data/Interactive.139/25/TRAN
\o 
\o 
\o *Info*    Creating Netlist for Point ID (35 25)
\o 
\o generate netlist...
\o Begin Incremental Netlisting Jul  6 14:40:36 2026
\o End netlisting Jul  6 14:40:56 2026
\o 
\o 	The netlist is up to date.
\o 	Time taken to compare the design with netlist:  20.0s
\o       ...successful.
\o compose simulator input file...
\o       ...successful.
\o 
\o *Info*    Running simulation on testbench [ TRAN ] for Point ID (35
\o           25).
\o 
\o Delete psf data in /home/saul/simulation/REF_GEN/REF_GEN_f_TB/adexl/results/data/Interactive.139/25/TRAN/psf.
\o compose simulator input file...
\o       ...successful.
\o start simulator if needed...
\o       ...successful.
\o simulate...
\o To view the simulator output, right-click on the test name, result 
\o name, or any value in the "Results" tab of the Outputs section and 
\o choose "Output Log" menu option.
\# Memory report: Maximum memory size now 46,248 MB at UTC 2026.07.06 14:41:43.984
\o INFO (ADE-3071): Simulation completed successfully.
\o reading simulation data...
\o       ...successful.
\o *Info*    Client has finished evaluating ... 
\o 
\o ERROR (WIA-1006): Unable to plot expression <VT("/I8/I0/PRN")>
\o            because it does not evaluate to an object that can be plotted, like a waveform or
\o            parametric wave. See the Visualization & Analysis Tool documentation for information
\o            about the types of objects that can be plotted in Visualization & Analysis Tool. Only
\o            the expressions that evaluate to those objects can be plotted.
\o ERROR (WIA-1006): Unable to plot expression <VT("/PRN")>
\o            because it does not evaluate to an object that can be plotted, like a waveform or
\o            parametric wave. See the Visualization & Analysis Tool documentation for information
\o            about the types of objects that can be plotted in Visualization & Analysis Tool. Only
\o            the expressions that evaluate to those objects can be plotted.
\o ERROR (WIA-1006): Unable to plot expression <VT("/I8/I0/P")>
\o            because it does not evaluate to an object that can be plotted, like a waveform or
\o            parametric wave. See the Visualization & Analysis Tool documentation for information
\o            about the types of objects that can be plotted in Visualization & Analysis Tool. Only
\o            the expressions that evaluate to those objects can be plotted.
\o 
\o *Info*    Run complete for Point ID (35 25) on testbench [ TRAN ].
\o 
\o 
\o 
\o 
\o 
\o 
\o 
\o 
\o 
\o 
\o *Info*    Run start for Point ID (35 31) on testbench [ TRAN ].
\o 
\o Resetting statistical vars
\o 
\o *Info*    Setting parameter values ...
\o 
\o 
\o *Info*    Netlist Directory =
\o           /home/saul/simulation/REF_GEN/REF_GEN_f_TB/adexl/results/data/Interactive.139/31/TRAN/netlist
\o 
\o 
\o *Info*    Data Directory    =
\o           /home/saul/simulation/REF_GEN/REF_GEN_f_TB/adexl/results/data/Interactive.139/31/TRAN
\o 
\o 
\o *Info*    Creating Netlist for Point ID (35 31)
\o 
\o generate netlist...
\o Begin Incremental Netlisting Jul  6 14:45:02 2026
\o End netlisting Jul  6 14:45:10 2026
\o 
\o 	The netlist is up to date.
\o 	Time taken to compare the design with netlist:   8.0s
\o       ...successful.
\o compose simulator input file...
\o       ...successful.
\o 
\o *Info*    Running simulation on testbench [ TRAN ] for Point ID (35
\o           31).
\o 
\o Delete psf data in /home/saul/simulation/REF_GEN/REF_GEN_f_TB/adexl/results/data/Interactive.139/31/TRAN/psf.
\o compose simulator input file...
\o       ...successful.
\o start simulator if needed...
\o       ...successful.
\o simulate...
\o To view the simulator output, right-click on the test name, result 
\o name, or any value in the "Results" tab of the Outputs section and 
\o choose "Output Log" menu option.
\o INFO (ADE-3071): Simulation completed successfully.
\o reading simulation data...
\o       ...successful.
\o *Info*    Client has finished evaluating ... 
\o 
\o ERROR (WIA-1006): Unable to plot expression <VT("/I8/I0/PRN")>
\o            because it does not evaluate to an object that can be plotted, like a waveform or
\o            parametric wave. See the Visualization & Analysis Tool documentation for information
\o            about the types of objects that can be plotted in Visualization & Analysis Tool. Only
\o            the expressions that evaluate to those objects can be plotted.
\o ERROR (WIA-1006): Unable to plot expression <VT("/PRN")>
\o            because it does not evaluate to an object that can be plotted, like a waveform or
\o            parametric wave. See the Visualization & Analysis Tool documentation for information
\o            about the types of objects that can be plotted in Visualization & Analysis Tool. Only
\o            the expressions that evaluate to those objects can be plotted.
\o ERROR (WIA-1006): Unable to plot expression <VT("/I8/I0/P")>
\o            because it does not evaluate to an object that can be plotted, like a waveform or
\o            parametric wave. See the Visualization & Analysis Tool documentation for information
\o            about the types of objects that can be plotted in Visualization & Analysis Tool. Only
\o            the expressions that evaluate to those objects can be plotted.
\o 
\o *Info*    Run complete for Point ID (35 31) on testbench [ TRAN ].
\o 
\o 
\o 
\o 
\o 
\o 
\o 
\o 
\o 
\o 
\o *Info*    Run start for Point ID (35 37) on testbench [ TRAN ].
\o 
\o Resetting statistical vars
\o 
\o *Info*    Setting parameter values ...
\o 
\o 
\o *Info*    Netlist Directory =
\o           /home/saul/simulation/REF_GEN/REF_GEN_f_TB/adexl/results/data/Interactive.139/37/TRAN/netlist
\o 
\o 
\o *Info*    Data Directory    =
\o           /home/saul/simulation/REF_GEN/REF_GEN_f_TB/adexl/results/data/Interactive.139/37/TRAN
\o 
\o 
\o *Info*    Creating Netlist for Point ID (35 37)
\o 
\o generate netlist...
\o Begin Incremental Netlisting Jul  6 14:49:20 2026
\# Memory report: using         784 MB, process size 2,591 MB at UTC 2026.07.06 14:49:20.429
\o End netlisting Jul  6 14:49:21 2026
\o 
\o 	The netlist is up to date.
\o 	Time taken to compare the design with netlist:   1.0s
\o       ...successful.
\o compose simulator input file...
\o       ...successful.
\o 
\o *Info*    Running simulation on testbench [ TRAN ] for Point ID (35
\o           37).
\o 
\o Delete psf data in /home/saul/simulation/REF_GEN/REF_GEN_f_TB/adexl/results/data/Interactive.139/37/TRAN/psf.
\o compose simulator input file...
\o       ...successful.
\o start simulator if needed...
\o       ...successful.
\o simulate...
\o To view the simulator output, right-click on the test name, result 
\o name, or any value in the "Results" tab of the Outputs section and 
\o choose "Output Log" menu option.
\o INFO (ADE-3071): Simulation completed successfully.
\o reading simulation data...
\o       ...successful.
\o *Info*    Client has finished evaluating ... 
\o 
\o ERROR (WIA-1006): Unable to plot expression <VT("/I8/I0/PRN")>
\o            because it does not evaluate to an object that can be plotted, like a waveform or
\o            parametric wave. See the Visualization & Analysis Tool documentation for information
\o            about the types of objects that can be plotted in Visualization & Analysis Tool. Only
\o            the expressions that evaluate to those objects can be plotted.
\o ERROR (WIA-1006): Unable to plot expression <VT("/PRN")>
\o            because it does not evaluate to an object that can be plotted, like a waveform or
\o            parametric wave. See the Visualization & Analysis Tool documentation for information
\o            about the types of objects that can be plotted in Visualization & Analysis Tool. Only
\o            the expressions that evaluate to those objects can be plotted.
\o ERROR (WIA-1006): Unable to plot expression <VT("/I8/I0/P")>
\o            because it does not evaluate to an object that can be plotted, like a waveform or
\o            parametric wave. See the Visualization & Analysis Tool documentation for information
\o            about the types of objects that can be plotted in Visualization & Analysis Tool. Only
\o            the expressions that evaluate to those objects can be plotted.
\o 
\o *Info*    Run complete for Point ID (35 37) on testbench [ TRAN ].
\o 
\o 
\o 
\o 
\o 
\o 
\o 
\o 
\o 
\o 
\o *Info*    Run start for Point ID (35 41) on testbench [ TRAN ].
\o 
\o Resetting statistical vars
\o 
\o *Info*    Setting parameter values ...
\o 
\o 
\o *Info*    Netlist Directory =
\o           /home/saul/simulation/REF_GEN/REF_GEN_f_TB/adexl/results/data/Interactive.139/41/TRAN/netlist
\o 
\o 
\o *Info*    Data Directory    =
\o           /home/saul/simulation/REF_GEN/REF_GEN_f_TB/adexl/results/data/Interactive.139/41/TRAN
\o 
\o 
\o *Info*    Creating Netlist for Point ID (35 41)
\o 
\o generate netlist...
\o Begin Incremental Netlisting Jul  6 14:53:38 2026
\o End netlisting Jul  6 14:53:45 2026
\o 
\o 	The netlist is up to date.
\o 	Time taken to compare the design with netlist:   7.0s
\o       ...successful.
\o compose simulator input file...
\o       ...successful.
\o 
\o *Info*    Running simulation on testbench [ TRAN ] for Point ID (35
\o           41).
\o 
\o Delete psf data in /home/saul/simulation/REF_GEN/REF_GEN_f_TB/adexl/results/data/Interactive.139/41/TRAN/psf.
\o compose simulator input file...
\o       ...successful.
\o start simulator if needed...
\o       ...successful.
\o simulate...
\o To view the simulator output, right-click on the test name, result 
\o name, or any value in the "Results" tab of the Outputs section and 
\o choose "Output Log" menu option.
\# Memory report: Maximum memory size now 45,340 MB at UTC 2026.07.06 14:55:55.984
\o INFO (ADE-3071): Simulation completed successfully.
\o reading simulation data...
\o       ...successful.
\o *Info*    Client has finished evaluating ... 
\o 
\o ERROR (WIA-1006): Unable to plot expression <VT("/I8/I0/PRN")>
\o            because it does not evaluate to an object that can be plotted, like a waveform or
\o            parametric wave. See the Visualization & Analysis Tool documentation for information
\o            about the types of objects that can be plotted in Visualization & Analysis Tool. Only
\o            the expressions that evaluate to those objects can be plotted.
\o ERROR (WIA-1006): Unable to plot expression <VT("/PRN")>
\o            because it does not evaluate to an object that can be plotted, like a waveform or
\o            parametric wave. See the Visualization & Analysis Tool documentation for information
\o            about the types of objects that can be plotted in Visualization & Analysis Tool. Only
\o            the expressions that evaluate to those objects can be plotted.
\o ERROR (WIA-1006): Unable to plot expression <VT("/I8/I0/P")>
\o            because it does not evaluate to an object that can be plotted, like a waveform or
\o            parametric wave. See the Visualization & Analysis Tool documentation for information
\o            about the types of objects that can be plotted in Visualization & Analysis Tool. Only
\o            the expressions that evaluate to those objects can be plotted.
\o 
\o *Info*    Run complete for Point ID (35 41) on testbench [ TRAN ].
\o 
\o 
\o 
\o 
\o 
\o 
\o 
\o 
\o 
\o 
\o *Info*    Run start for Point ID (35 46) on testbench [ TRAN ].
\o 
\o Resetting statistical vars
\o 
\o *Info*    Setting parameter values ...
\o 
\o Setting var temperature = "-40"
\o Setting temp(T) = -40
\o 
\o *Info*    Netlist Directory =
\o           /home/saul/simulation/REF_GEN/REF_GEN_f_TB/adexl/results/data/Interactive.139/46/TRAN/netlist
\o 
\o 
\o *Info*    Data Directory    =
\o           /home/saul/simulation/REF_GEN/REF_GEN_f_TB/adexl/results/data/Interactive.139/46/TRAN
\o 
\o 
\o *Info*    Creating Netlist for Point ID (35 46)
\o 
\o generate netlist...
\o Begin Incremental Netlisting Jul  6 14:57:47 2026
\# Memory report: Maximum memory size now 46,616 MB at UTC 2026.07.06 14:57:56.111
\o End netlisting Jul  6 14:58:04 2026
\o 
\o 	The netlist is up to date.
\o 	Time taken to compare the design with netlist:  17.0s
\o       ...successful.
\o compose simulator input file...
\o       ...successful.
\o 
\o *Info*    Running simulation on testbench [ TRAN ] for Point ID (35
\o           46).
\o 
\o Delete psf data in /home/saul/simulation/REF_GEN/REF_GEN_f_TB/adexl/results/data/Interactive.139/46/TRAN/psf.
\o compose simulator input file...
\o       ...successful.
\o start simulator if needed...
\o       ...successful.
\o simulate...
\o To view the simulator output, right-click on the test name, result 
\o name, or any value in the "Results" tab of the Outputs section and 
\o choose "Output Log" menu option.
\# Memory report: Maximum memory size now 45,691 MB at UTC 2026.07.06 14:58:24.984
\o INFO (ADE-3071): Simulation completed successfully.
\o reading simulation data...
\o       ...successful.
\o *Info*    Client has finished evaluating ... 
\o 
\o ERROR (WIA-1006): Unable to plot expression <VT("/I8/I0/PRN")>
\o            because it does not evaluate to an object that can be plotted, like a waveform or
\o            parametric wave. See the Visualization & Analysis Tool documentation for information
\o            about the types of objects that can be plotted in Visualization & Analysis Tool. Only
\o            the expressions that evaluate to those objects can be plotted.
\o ERROR (WIA-1006): Unable to plot expression <VT("/PRN")>
\o            because it does not evaluate to an object that can be plotted, like a waveform or
\o            parametric wave. See the Visualization & Analysis Tool documentation for information
\o            about the types of objects that can be plotted in Visualization & Analysis Tool. Only
\o            the expressions that evaluate to those objects can be plotted.
\o ERROR (WIA-1006): Unable to plot expression <VT("/I8/I0/P")>
\o            because it does not evaluate to an object that can be plotted, like a waveform or
\o            parametric wave. See the Visualization & Analysis Tool documentation for information
\o            about the types of objects that can be plotted in Visualization & Analysis Tool. Only
\o            the expressions that evaluate to those objects can be plotted.
\# Memory report: using         890 MB, process size 2,697 MB at UTC 2026.07.06 15:01:56.323
\o 
\o *Info*    Run complete for Point ID (35 46) on testbench [ TRAN ].
\o 
\o 
\o 
\o 
\o 
\o 
\o 
\o 
\o 
\o 
\o *Info*    Run start for Point ID (35 52) on testbench [ TRAN ].
\o 
\o Resetting statistical vars
\o 
\o *Info*    Setting parameter values ...
\o 
\o 
\o *Info*    Netlist Directory =
\o           /home/saul/simulation/REF_GEN/REF_GEN_f_TB/adexl/results/data/Interactive.139/52/TRAN/netlist
\o 
\o 
\o *Info*    Data Directory    =
\o           /home/saul/simulation/REF_GEN/REF_GEN_f_TB/adexl/results/data/Interactive.139/52/TRAN
\o 
\o 
\o *Info*    Creating Netlist for Point ID (35 52)
\o 
\o generate netlist...
\o Begin Incremental Netlisting Jul  6 15:01:58 2026
\o End netlisting Jul  6 15:02:07 2026
\o 
\o 	The netlist is up to date.
\o 	Time taken to compare the design with netlist:   9.0s
\o       ...successful.
\o compose simulator input file...
\o       ...successful.
\o 
\o *Info*    Running simulation on testbench [ TRAN ] for Point ID (35
\o           52).
\o 
\o Delete psf data in /home/saul/simulation/REF_GEN/REF_GEN_f_TB/adexl/results/data/Interactive.139/52/TRAN/psf.
\o compose simulator input file...
\o       ...successful.
\o start simulator if needed...
\o       ...successful.
\o simulate...
\o To view the simulator output, right-click on the test name, result 
\o name, or any value in the "Results" tab of the Outputs section and 
\o choose "Output Log" menu option.
\o INFO (ADE-3071): Simulation completed successfully.
\o reading simulation data...
\o       ...successful.
\o *Info*    Client has finished evaluating ... 
\o 
\o ERROR (WIA-1006): Unable to plot expression <VT("/I8/I0/PRN")>
\o            because it does not evaluate to an object that can be plotted, like a waveform or
\o            parametric wave. See the Visualization & Analysis Tool documentation for information
\o            about the types of objects that can be plotted in Visualization & Analysis Tool. Only
\o            the expressions that evaluate to those objects can be plotted.
\o ERROR (WIA-1006): Unable to plot expression <VT("/PRN")>
\o            because it does not evaluate to an object that can be plotted, like a waveform or
\o            parametric wave. See the Visualization & Analysis Tool documentation for information
\o            about the types of objects that can be plotted in Visualization & Analysis Tool. Only
\o            the expressions that evaluate to those objects can be plotted.
\o ERROR (WIA-1006): Unable to plot expression <VT("/I8/I0/P")>
\o            because it does not evaluate to an object that can be plotted, like a waveform or
\o            parametric wave. See the Visualization & Analysis Tool documentation for information
\o            about the types of objects that can be plotted in Visualization & Analysis Tool. Only
\o            the expressions that evaluate to those objects can be plotted.
\o 
\o *Info*    Run complete for Point ID (35 52) on testbench [ TRAN ].
\o 
\o 
\o 
\o 
\o 
\o 
\o 
\o 
\o 
\o 
\o *Info*    Run start for Point ID (35 60) on testbench [ TRAN ].
\o 
\o Resetting statistical vars
\o 
\o *Info*    Setting parameter values ...
\o 
\o 
\o *Info*    Netlist Directory =
\o           /home/saul/simulation/REF_GEN/REF_GEN_f_TB/adexl/results/data/Interactive.139/60/TRAN/netlist
\o 
\o 
\o *Info*    Data Directory    =
\o           /home/saul/simulation/REF_GEN/REF_GEN_f_TB/adexl/results/data/Interactive.139/60/TRAN
\o 
\o 
\o *Info*    Creating Netlist for Point ID (35 60)
\o 
\o generate netlist...
\o Begin Incremental Netlisting Jul  6 15:06:24 2026
\o End netlisting Jul  6 15:06:25 2026
\o 
\o 	The netlist is up to date.
\o 	Time taken to compare the design with netlist:   1.0s
\o       ...successful.
\o compose simulator input file...
\o       ...successful.
\o 
\o *Info*    Running simulation on testbench [ TRAN ] for Point ID (35
\o           60).
\o 
\o Delete psf data in /home/saul/simulation/REF_GEN/REF_GEN_f_TB/adexl/results/data/Interactive.139/60/TRAN/psf.
\o compose simulator input file...
\o       ...successful.
\o start simulator if needed...
\o       ...successful.
\o simulate...
\o To view the simulator output, right-click on the test name, result 
\o name, or any value in the "Results" tab of the Outputs section and 
\o choose "Output Log" menu option.
\# Memory report: Maximum memory size now 44,791 MB at UTC 2026.07.06 15:08:24.984
\# Memory report: Maximum memory size now 46,383 MB at UTC 2026.07.06 15:10:34.216
\o INFO (ADE-3071): Simulation completed successfully.
\o reading simulation data...
\o       ...successful.
\o *Info*    Client has finished evaluating ... 
\o 
\o ERROR (WIA-1006): Unable to plot expression <VT("/I8/I0/PRN")>
\o            because it does not evaluate to an object that can be plotted, like a waveform or
\o            parametric wave. See the Visualization & Analysis Tool documentation for information
\o            about the types of objects that can be plotted in Visualization & Analysis Tool. Only
\o            the expressions that evaluate to those objects can be plotted.
\o ERROR (WIA-1006): Unable to plot expression <VT("/PRN")>
\o            because it does not evaluate to an object that can be plotted, like a waveform or
\o            parametric wave. See the Visualization & Analysis Tool documentation for information
\o            about the types of objects that can be plotted in Visualization & Analysis Tool. Only
\o            the expressions that evaluate to those objects can be plotted.
\o ERROR (WIA-1006): Unable to plot expression <VT("/I8/I0/P")>
\o            because it does not evaluate to an object that can be plotted, like a waveform or
\o            parametric wave. See the Visualization & Analysis Tool documentation for information
\o            about the types of objects that can be plotted in Visualization & Analysis Tool. Only
\o            the expressions that evaluate to those objects can be plotted.
\o 
\o *Info*    Run complete for Point ID (35 60) on testbench [ TRAN ].
\o 
\o 
\o 
\o 
\o 
\# Memory report: Maximum memory size now 45,427 MB at UTC 2026.07.06 15:11:03.984
\# Memory report: Maximum memory size now 46,558 MB at UTC 2026.07.06 15:13:33.953
\o Simulation design variables differ from those on the cellView,
\o they have been saved in the file "/tmp/saved-design-variables".
\o To save future changes, copy variables to cellView before exiting.
\# Lic Summary:
\# [15:18:38.017521] Cdslmd servers:3000@lic08.ug.kth.se:29000@lic06.ug.kth.se
\# [15:18:38.021611] Feature usage summary:
\# Memory report: on exit            977 MB, process size 2,783 MB at UTC 2026.07.06 15:18:38.023
\# Memory report: peak usage         977 MB, process size 2,783 MB
