*Info*    Exporting services from client ... 

*Info*    Client has finished starting ... 



*Info*    Configuring the session ...

	Library      = BANDGAP
	Cell         = REF_GEN_TB
	View         = schematic
	Simulator    = spectre
	State Path   = $AXL_SETUPDB_DIR/test_states
	State Name   = OP_BG_OP:1_state_Interactive.202
	Results DB   = /home/saul/projects/LF_BG/BANDGAP/REF_GEN_TB/adexl/results/data/Interactive.202.rdb
	Results Dir  = /home/saul/simulation/BANDGAP/REF_GEN_TB/adexl/results/data/Interactive.202/1/OP_BG
	Results Loc  = /home/saul/simulation/BANDGAP/REF_GEN_TB/adexl/results/data
	Project Dir  = /home/saul/simulation
	Setup DB loc = /home/saul/projects/LF_BG/BANDGAP/REF_GEN_TB/adexl
	File Encoding = 0



*Info*    The auto suspension is disabled.






*Info*    Run start for Point ID (17 1) on testbench [ OP_BG ].

Resetting statistical vars

*Info*    Setting parameter values ...

Setting var CL = "150f"
Setting var CL2 = "3p"
Setting var CONF_BG_SL_TRIM = "3"
Setting var CONF_BG_TRIM = "3"
Setting var CONF_LDO_SEL = "0"
Setting var CONF_LVDS_SEL = "0"
Setting var CONF_REF_TRIM = "3"
Setting var EN = "1.2"
Setting var EN_PULSE = "0"
Setting var PD = "0"
Setting var PD_PULSE = "0"
Setting var TT = "1u"
Setting var VDD = "1.2"
Setting var VDD_PULSE = "0"
Setting var temperature = "50C"
Setting temp(T) = 50C

*Info*    Netlist Directory =
          /home/saul/simulation/BANDGAP/REF_GEN_TB/adexl/results/data/Interactive.202/1/OP_BG/netlist


*Info*    Data Directory    =
          /home/saul/simulation/BANDGAP/REF_GEN_TB/adexl/results/data/Interactive.202/1/OP_BG


*Info*    Creating Netlist for Point ID (17 1)

generate netlist...
Begin Incremental Netlisting Feb 24 18:03:20 2026
WARNING (OSSHNL-941): Failed to open the sameCellNamesInMultipleLibs file '/home/saul/simulation/BANDGAP/REF_GEN_TB/adexl/results/data/Interactive.189/1/TRAN/netlist/ihnl/sameCellNamesInMultipleLibs', in the append mode.
Ensure that you have the write permission for the mentioned file.

Loading json.cxt 
End netlisting Feb 24 18:03:21 2026

Netlisting Statistics:
	Number of components:  142

	Elapsed time:          1.0s (142.00/s)
Errors: 0	Warnings: 0
      ...successful.
compose simulator input file...
      ...successful.

*Info*    Running simulation on testbench [ OP_BG ] for Point ID (17
          1).

Delete psf data in /home/saul/simulation/BANDGAP/REF_GEN_TB/adexl/results/data/Interactive.202/1/OP_BG/psf.
compose simulator input file...
      ...successful.
start simulator if needed...
      ...successful.
simulate...
To view the simulator output, right-click on the test name, result 
name, or any value in the "Results" tab of the Outputs section and 
choose "Output Log" menu option.
INFO (ADE-3071): Simulation completed successfully.
reading simulation data...
      ...successful.
*Info*    Client has finished evaluating ... 


*Info*    Run complete for Point ID (17 1) on testbench [ OP_BG ].





Simulation design variables differ from those on the cellView,
they have been saved in the file "/tmp/saved-design-variables".
To save future changes, copy variables to cellView before exiting.
