[ADE GUI: 87dfa2f6-ef7f-483d-a02f-ebcaed5f7cd4]
[2026-05-04 18:15:09.840 Z] [PROCESS] [cadence.virtuoso.ade.gui] - /home/saul/projects/LF_BG/.tmp_saul/.cmddir4/swiftLoggingService0 is starting {"logfile": "/home/saul/projects/LF_BG/logs_saul/logs4/LoggingService0.log"}
[2026-05-04 18:15:09.945 Z] [PROCESS] [cadence.virtuoso.ade.gui] - /home/saul/projects/LF_BG/.tmp_saul/.cmddir4/swiftNetlistService1 is starting {"logfile": "/home/saul/projects/LF_BG/logs_saul/logs4/Service1.log"}
[2026-05-04 18:15:09.946 Z] [PROCESS] [cadence.virtuoso.ade.gui] - Logging Service '210134' is starting up on host 'edatools' {"logfile": "/home/saul/projects/LF_BG/logs_saul/logs4/LoggingService0.log"}
[2026-05-04 18:15:10.818 Z] [PROCESS] [cadence.virtuoso.ade.gui] - Netlist Service '210152' is starting up on host 'edatools' {"logfile": "/home/saul/projects/LF_BG/logs_saul/logs4/Service1.log"}
[2026-05-04 18:15:43.418 Z] [WARN] [cadence.virtuoso.ade.gui] - Following tests do not have any outputs selected for plotting:
REF_GEN_CONSTANT_GM_f_TB_1
 {"detailed_message": "", "message_id": "ASSEMBLER-1617"}
[2026-05-04 18:15:44.176 Z] [EVENT] [cadence.virtuoso.ade.gui] - NewHistoryCreated {"history": "Interactive.0", "event": "NewHistoryCreated", "EventSource": "ADE GUI", "HistoryName": "Interactive.0", "WorkDir": "/home/saul/projects/LF_BG", "HistorySimDir": "/home/saul/simulation/REF_GEN/CONSTANT_GM_f_TB/maestro/results/maestro/Interactive.0", "HistoryResultsDir": "/home/saul/projects/LF_BG/REF_GEN/CONSTANT_GM_f_TB/maestro/results/maestro"}
[2026-05-04 18:15:44.176 Z] [PROCESS] [cadence.virtuoso.ade.gui] - History Setup {"hostname": "edatools", "processid": 208657, "history": "Interactive.0", "logfile": "/home/saul/projects/LF_BG/logs_saul/logs4/virtuoso_ade_debug.log", "jobmode": "LSCS", "runmode": "Single Run, Sweeps and Corners", "lib": "REF_GEN", "cell": "CONSTANT_GM_f_TB", "view": "maestro", "icversion": "sub-version  IC6.1.8-64b.500.36 ", "runstart": "Mon May  4 18:15:44 2026\n", "timezonelocal": "+000", "spectreversion": "unknown", "jobpolicyname": "", "maxjobs": "unknown", "ncjobpolicyname": "", "ncmaxjobs": "unknown", "numtests": "1", "runfinished": "unknown", "runelapsed": "-1", "numcorners": "10"}
[2026-05-04 18:15:44.442 Z] [INFO] [cadence.virtuoso.ade.pointevaluator] - Submitted {"history": "Interactive.0"}
[2026-05-04 18:15:49.203 Z] [PROCESS] [cadence.virtuoso.ade.gui] - /home/saul/projects/LF_BG/.tmp_saul/.cmddir4/swiftJob2 is starting {"logfile": "/home/saul/projects/LF_BG/logs_saul/logs4/Job2.log2"}
[2026-05-04 18:15:49.313 Z] [PROCESS] [cadence.virtuoso.ade.gui] - Simulation Monitor process '210765' is starting up on host 'edatools' {"logfile": "/home/saul/projects/LF_BG/logs_saul/logs4/Job2.log2"}
[2026-05-04 18:15:51.711 Z] [ERROR] [cadence.virtuoso.ade.gui] - Simulation error {"history": "Interactive.0", "point": 1, "testname": "REF_GEN_CONSTANT_GM_f_TB_1"}
[2026-05-04 18:15:53.600 Z] [ERROR] [cadence.virtuoso.ade.gui] - Simulation error {"history": "Interactive.0", "point": 2, "testname": "REF_GEN_CONSTANT_GM_f_TB_1"}
[2026-05-04 18:15:55.600 Z] [ERROR] [cadence.virtuoso.ade.gui] - Simulation error {"history": "Interactive.0", "point": 3, "testname": "REF_GEN_CONSTANT_GM_f_TB_1"}
[2026-05-04 18:15:56.604 Z] [ERROR] [cadence.virtuoso.ade.gui] - Simulation error {"history": "Interactive.0", "point": 4, "testname": "REF_GEN_CONSTANT_GM_f_TB_1"}
[2026-05-04 18:15:58.601 Z] [ERROR] [cadence.virtuoso.ade.gui] - Simulation error {"history": "Interactive.0", "point": 5, "testname": "REF_GEN_CONSTANT_GM_f_TB_1"}
[2026-05-04 18:16:00.599 Z] [ERROR] [cadence.virtuoso.ade.gui] - Simulation error {"history": "Interactive.0", "point": 6, "testname": "REF_GEN_CONSTANT_GM_f_TB_1"}
[2026-05-04 18:16:01.609 Z] [ERROR] [cadence.virtuoso.ade.gui] - Simulation error {"history": "Interactive.0", "point": 7, "testname": "REF_GEN_CONSTANT_GM_f_TB_1"}
[2026-05-04 18:16:02.894 Z] [EVENT] [cadence.virtuoso.ade.gui] - HistoryFinished {"history": "Interactive.0", "event": "HistoryFinished", "EventSource": "ADE GUI", "HistoryName": "Interactive.0"}
[2026-05-04 18:16:03.598 Z] [INFO] [cadence.virtuoso.ade.gui] - Canceled simulation of points {"history": "Interactive.0", "point": 8, "testname": "REF_GEN_CONSTANT_GM_f_TB_1"}
[2026-05-04 18:16:30.909 Z] [WARN] [cadence.virtuoso.ade.gui] - Following tests do not have any outputs selected for plotting:
REF_GEN_CONSTANT_GM_f_TB_1
 {"history": "Interactive.0", "detailed_message": "", "message_id": "ASSEMBLER-1617"}
[2026-05-04 18:16:30.952 Z] [EVENT] [cadence.virtuoso.ade.gui] - NewHistoryCreated {"history": "Interactive.1", "event": "NewHistoryCreated", "EventSource": "ADE GUI", "HistoryName": "Interactive.1", "WorkDir": "/home/saul/projects/LF_BG", "HistorySimDir": "/home/saul/simulation/REF_GEN/CONSTANT_GM_f_TB/maestro/results/maestro/Interactive.1", "HistoryResultsDir": "/home/saul/projects/LF_BG/REF_GEN/CONSTANT_GM_f_TB/maestro/results/maestro"}
[2026-05-04 18:16:30.952 Z] [PROCESS] [cadence.virtuoso.ade.gui] - History Setup {"hostname": "edatools", "processid": 208657, "history": "Interactive.1", "logfile": "/home/saul/projects/LF_BG/logs_saul/logs4/virtuoso_ade_debug.log", "jobmode": "LSCS", "runmode": "Single Run, Sweeps and Corners", "lib": "REF_GEN", "cell": "CONSTANT_GM_f_TB", "view": "maestro", "icversion": "sub-version  IC6.1.8-64b.500.36 ", "runstart": "Mon May  4 18:16:30 2026\n", "timezonelocal": "+000", "spectreversion": "unknown", "jobpolicyname": "", "maxjobs": "unknown", "ncjobpolicyname": "", "ncmaxjobs": "unknown", "numtests": "1", "runfinished": "unknown", "runelapsed": "-1", "numcorners": "1"}
[2026-05-04 18:16:31.266 Z] [WARN] [cadence.virtuoso.ade.gui] - Could not find log file for Same Process Job 0. Log message for this job will be printed in the CDS log file. {"history": "Interactive.1", "testname": "REF_GEN_CONSTANT_GM_f_TB_1", "detailed_message": "", "message_id": "ASSEMBLER-5028"}
[2026-05-04 18:16:31.850 Z] [INFO] [cadence.virtuoso.ade.gui] - Simulation will use spectre batch mode because the GCC version used by Spectre and Virtuoso are not compatible. {"history": "Interactive.1", "testname": "REF_GEN_CONSTANT_GM_f_TB_1", "detailed_message": "", "message_id": "ASSEMBLER-5024"}
[2026-05-04 18:16:31.883 Z] [EVENT] [cadence.virtuoso.ade.pointevaluator] - NewPoint {"history": "Interactive.1", "point": 1, "testname": "REF_GEN_CONSTANT_GM_f_TB_1", "event": "NewPoint", "EventSource": "ADE GUI", "HistoryName": "Interactive.1", "logFile": "/home/saul/projects/LF_BG/logs_saul/logs4/virtuoso_ade_debug.log", "logFileSize": "6236"}
[2026-05-04 18:16:31.883 Z] [INFO] [cadence.virtuoso.ade.pointevaluator] - Started netlisting {"history": "Interactive.1", "point": 1, "testname": "REF_GEN_CONSTANT_GM_f_TB_1"}
[2026-05-04 18:16:32.571 Z] [INFO] [cadence.virtuoso.ade.pointevaluator] - Finished netlisting {"history": "Interactive.1", "point": 1, "testname": "REF_GEN_CONSTANT_GM_f_TB_1"}
[2026-05-04 18:16:32.571 Z] [INFO] [cadence.virtuoso.ade.pointevaluator] - Submitted {"history": "Interactive.1", "point": 1, "testname": "REF_GEN_CONSTANT_GM_f_TB_1"}
[2026-05-04 18:16:34.815 Z] [PROCESS] [cadence.virtuoso.ade.gui] - ln: failed to create symbolic link '/home/saul/simulation/REF_GEN/CONSTANT_GM_f_TB/maestro/results/maestro/Interactive.1/1/REF_GEN_CONSTANT_GM_f_TB_1/netlist/exprOutputs.log': File exists
 {"logfile": "/home/saul/projects/LF_BG/logs_saul/logs4/Job2.log2"}
[2026-05-04 18:16:34.818 Z] [PROCESS] [cadence.virtuoso.ade.gui] - ln: failed to create symbolic link '/home/saul/simulation/REF_GEN/CONSTANT_GM_f_TB/maestro/results/maestro/Interactive.1/1/REF_GEN_CONSTANT_GM_f_TB_1/netlist/amps_evaluator.log': File exists
 {"logfile": "/home/saul/projects/LF_BG/logs_saul/logs4/Job2.log2"}
[2026-05-04 18:16:35.603 Z] [INFO] [cadence.virtuoso.ade.gui] - Point completed {"history": "Interactive.1", "point": 1, "testname": "REF_GEN_CONSTANT_GM_f_TB_1"}
[2026-05-04 18:16:35.647 Z] [EVENT] [cadence.virtuoso.ade.gui] - HistoryFinished {"history": "Interactive.1", "point": 1, "testname": "REF_GEN_CONSTANT_GM_f_TB_1", "event": "HistoryFinished", "EventSource": "ADE GUI", "HistoryName": "Interactive.1"}
[2026-05-04 18:17:26.386 Z] [PROCESS] [cadence.virtuoso.ade.gui] - Logging Service '210134' stopped with exit code '0' {"logfile": "/home/saul/projects/LF_BG/logs_saul/logs4/LoggingService0.log"}
[2026-05-04 18:17:26.387 Z] [PROCESS] [cadence.virtuoso.ade.gui] - Netlist Service '210152' stopped with exit code '0' {"logfile": "/home/saul/projects/LF_BG/logs_saul/logs4/Service1.log"}
[2026-05-04 18:35:11.985 Z] [EVENT] [cadence.virtuoso.ade.gui] - NewHistoryCreated {"history": "Interactive.145", "event": "NewHistoryCreated", "EventSource": "ADE GUI", "HistoryName": "Interactive.145", "WorkDir": "/home/saul/projects/LF_BG", "HistorySimDir": "/home/saul/simulation/REF_GEN/BG_f_TB/adexl/results/data/Interactive.145", "HistoryResultsDir": "/home/saul/projects/LF_BG/REF_GEN/BG_f_TB/adexl/results/data"}
[2026-05-04 18:35:18.150 Z] [EVENT] [cadence.virtuoso.ade.gui] - HistoryFinished {"history": "Interactive.145", "event": "HistoryFinished", "EventSource": "ADE GUI", "HistoryName": "Interactive.145"}
[2026-05-04 18:36:33.248 Z] [EVENT] [cadence.virtuoso.ade.gui] - NewHistoryCreated {"history": "Interactive.146", "event": "NewHistoryCreated", "EventSource": "ADE GUI", "HistoryName": "Interactive.146", "WorkDir": "/home/saul/projects/LF_BG", "HistorySimDir": "/home/saul/simulation/REF_GEN/BG_f_TB/adexl/results/data/Interactive.146", "HistoryResultsDir": "/home/saul/projects/LF_BG/REF_GEN/BG_f_TB/adexl/results/data"}
[2026-05-04 18:36:35.747 Z] [EVENT] [cadence.virtuoso.ade.gui] - HistoryFinished {"history": "Interactive.146", "event": "HistoryFinished", "EventSource": "ADE GUI", "HistoryName": "Interactive.146"}
[2026-05-04 18:37:23.354 Z] [EVENT] [cadence.virtuoso.ade.gui] - NewHistoryCreated {"history": "Interactive.147", "event": "NewHistoryCreated", "EventSource": "ADE GUI", "HistoryName": "Interactive.147", "WorkDir": "/home/saul/projects/LF_BG", "HistorySimDir": "/home/saul/simulation/REF_GEN/BG_f_TB/adexl/results/data/Interactive.147", "HistoryResultsDir": "/home/saul/projects/LF_BG/REF_GEN/BG_f_TB/adexl/results/data"}
[2026-05-04 18:37:28.106 Z] [EVENT] [cadence.virtuoso.ade.gui] - HistoryFinished {"history": "Interactive.147", "event": "HistoryFinished", "EventSource": "ADE GUI", "HistoryName": "Interactive.147"}
[2026-05-04 18:44:11.169 Z] [EVENT] [cadence.virtuoso.ade.gui] - NewHistoryCreated {"history": "Interactive.148", "event": "NewHistoryCreated", "EventSource": "ADE GUI", "HistoryName": "Interactive.148", "WorkDir": "/home/saul/projects/LF_BG", "HistorySimDir": "/home/saul/simulation/REF_GEN/BG_f_TB/adexl/results/data/Interactive.148", "HistoryResultsDir": "/home/saul/projects/LF_BG/REF_GEN/BG_f_TB/adexl/results/data"}
[2026-05-04 18:44:16.085 Z] [EVENT] [cadence.virtuoso.ade.gui] - HistoryFinished {"history": "Interactive.148", "event": "HistoryFinished", "EventSource": "ADE GUI", "HistoryName": "Interactive.148"}
[2026-05-04 18:44:55.382 Z] [EVENT] [cadence.virtuoso.ade.gui] - NewHistoryCreated {"history": "Interactive.149", "event": "NewHistoryCreated", "EventSource": "ADE GUI", "HistoryName": "Interactive.149", "WorkDir": "/home/saul/projects/LF_BG", "HistorySimDir": "/home/saul/simulation/REF_GEN/BG_f_TB/adexl/results/data/Interactive.149", "HistoryResultsDir": "/home/saul/projects/LF_BG/REF_GEN/BG_f_TB/adexl/results/data"}
[2026-05-04 18:45:00.204 Z] [EVENT] [cadence.virtuoso.ade.gui] - HistoryFinished {"history": "Interactive.149", "event": "HistoryFinished", "EventSource": "ADE GUI", "HistoryName": "Interactive.149"}
[2026-05-04 19:55:24.625 Z] [EVENT] [cadence.virtuoso.ade.gui] - NewHistoryCreated {"history": "Interactive.13", "event": "NewHistoryCreated", "EventSource": "ADE GUI", "HistoryName": "Interactive.13", "WorkDir": "/home/saul/projects/LF_BG", "HistorySimDir": "/home/saul/simulation/REF_GEN/REF_GEN_f_TB/adexl/results/data/Interactive.13", "HistoryResultsDir": "/home/saul/projects/LF_BG/REF_GEN/REF_GEN_f_TB/adexl/results/data"}
[2026-05-04 19:55:30.422 Z] [EVENT] [cadence.virtuoso.ade.gui] - HistoryFinished {"history": "Interactive.13", "event": "HistoryFinished", "EventSource": "ADE GUI", "HistoryName": "Interactive.13"}
