********************************************************************************
Product   : Virtuoso(R) XStream Out
Program   : @(#)$CDS: strmout version 6.1.8-64b 09/03/2024 18:58 (sjfhw317) $
          : sub-version  IC6.1.8-64b.500.36 
Started at: 30-Jul-2026  11:29:11
User Name : saul
Host Name : edatools
Directory : /home/saul/projects/LF_BG
CADENCE Design Systems, Inc.
********************************************************************************
Info: Cellview Rev Num:99,  Tech Rev Num:59

WARNING (XSTRM-20): Output Stream file '/home/saul/projects/LF_BG/pvsRunDRC/REF_GEN/REF_GEN_fL/REF_GEN_fL.gds' already exists. It will be overwritten.
INFO (XSTRM-217): Reading the layer map file, /opt/pdk/lf11/PDK_LF11ISi_V1_3_2/analog/libraries/6metal/lf11is/lf11is.layermap
INFO (XSTRM-162): You have not used the '-viaMap' option. If the OpenAccess design has native oaVia instances, use the '-viaMap' option for preserving oaVia instances in a XStream Out - XStream In round trip. Using the '-viaMap' option improves performance and VM usage of applications using the Streamed-In design.

Summary of Options :
library                                 REF_GEN
strmFile                                /home/saul/projects/LF_BG/pvsRunDRC/REF_GEN/REF_GEN_fL/REF_GEN_fL.gds
topCell                                 REF_GEN_fL
view                                    layout
runDir                                  /home/saul/projects/LF_BG/pvsRunDRC/REF_GEN/REF_GEN_fL
logFile                                 /home/saul/projects/LF_BG/pvsRunDRC/REF_GEN/REF_GEN_fL/PIPO1.LOG
techLib                                 lf11is
hierDepth                               32
maxVertices                             2048
layerMap                                /opt/pdk/lf11/PDK_LF11ISi_V1_3_2/analog/libraries/6metal/lf11is/lf11is.layermap
userSkillFile                           /home/saul/projects/LF_BG/pvsRunDRC/REF_GEN/REF_GEN_fL/strmout.il
labelDepth                              32
case                                    Preserve
convertDot                              node

INFO (XSTRM-223): 1. Translating stdVia lf11is/M1_M2/layout as STRUCTURE M1_M2_CDNS_785410951460.
INFO (XSTRM-223): 2. Translating stdVia lf11is/M1_M2/layout as STRUCTURE M1_M2_CDNS_785410951461.
INFO (XSTRM-223): 3. Translating stdVia lf11is/M1_M2/layout as STRUCTURE M1_M2_CDNS_785410951462.
INFO (XSTRM-223): 4. Translating stdVia lf11is/M2_M3/layout as STRUCTURE M2_M3_CDNS_785410951463.
INFO (XSTRM-223): 5. Translating stdVia lf11is/M2_M3/layout as STRUCTURE M2_M3_CDNS_785410951464.
INFO (XSTRM-223): 6. Translating stdVia lf11is/M2_M3/layout as STRUCTURE M2_M3_CDNS_785410951465.
INFO (XSTRM-223): 7. Translating stdVia lf11is/M1_M2/layout as STRUCTURE M1_M2_CDNS_785410951466.
INFO (XSTRM-223): 8. Translating stdVia lf11is/M1_M2/layout as STRUCTURE M1_M2_CDNS_785410951467.
INFO (XSTRM-223): 9. Translating stdVia lf11is/M2_M3/layout as STRUCTURE M2_M3_CDNS_785410951468.
INFO (XSTRM-223): 10. Translating stdVia lf11is/M1_M2/layout as STRUCTURE M1_M2_CDNS_785410951469.
INFO (XSTRM-223): 11. Translating stdVia lf11is/M2_M3/layout as STRUCTURE M2_M3_CDNS_7854109514610.
INFO (XSTRM-223): 12. Translating stdVia lf11is/M2_M3/layout as STRUCTURE M2_M3_CDNS_7854109514611.
INFO (XSTRM-223): 13. Translating stdVia lf11is/M2_M3/layout as STRUCTURE M2_M3_CDNS_7854109514612.
INFO (XSTRM-223): 14. Translating stdVia lf11is/M2_M3/layout as STRUCTURE M2_M3_CDNS_7854109514613.
INFO (XSTRM-223): 15. Translating stdVia lf11is/M1_M2/layout as STRUCTURE M1_M2_CDNS_7854109514614.
INFO (XSTRM-223): 16. Translating stdVia lf11is/M2_M3/layout as STRUCTURE M2_M3_CDNS_7854109514615.
INFO (XSTRM-223): 17. Translating stdVia lf11is/M1_M2/layout as STRUCTURE M1_M2_CDNS_7854109514616.
INFO (XSTRM-223): 18. Translating stdVia lf11is/M1_M2/layout as STRUCTURE M1_M2_CDNS_7854109514617.
INFO (XSTRM-223): 19. Translating stdVia lf11is/M2_M3/layout as STRUCTURE M2_M3_CDNS_7854109514618.
INFO (XSTRM-223): 20. Translating stdVia lf11is/M1_M2/layout as STRUCTURE M1_M2_CDNS_7854109514619.
INFO (XSTRM-223): 21. Translating stdVia lf11is/M1_M2/layout as STRUCTURE M1_M2_CDNS_7854109514620.
INFO (XSTRM-223): 22. Translating stdVia lf11is/M2_M3/layout as STRUCTURE M2_M3_CDNS_7854109514621.
INFO (XSTRM-223): 23. Translating stdVia lf11is/M1_M2/layout as STRUCTURE M1_M2_CDNS_7854109514622.
INFO (XSTRM-223): 24. Translating stdVia lf11is/M2_M3/layout as STRUCTURE M2_M3_CDNS_7854109514623.
INFO (XSTRM-223): 25. Translating stdVia lf11is/M1_M2/layout as STRUCTURE M1_M2_CDNS_7854109514624.
INFO (XSTRM-223): 26. Translating stdVia lf11is/M2_M3/layout as STRUCTURE M2_M3_CDNS_7854109514625.
INFO (XSTRM-223): 27. Translating stdVia lf11is/M2_M3/layout as STRUCTURE M2_M3_CDNS_7854109514626.
INFO (XSTRM-223): 28. Translating stdVia lf11is/M2_M3/layout as STRUCTURE M2_M3_CDNS_7854109514627.
INFO (XSTRM-223): 29. Translating stdVia lf11is/M1_M2/layout as STRUCTURE M1_M2_CDNS_7854109514628.
INFO (XSTRM-223): 30. Translating stdVia lf11is/PG_M1/layout as STRUCTURE PG_M1_CDNS_7854109514629.
INFO (XSTRM-223): 31. Translating stdVia lf11is/M1_M2/layout as STRUCTURE M1_M2_CDNS_7854109514630.
INFO (XSTRM-223): 32. Translating stdVia lf11is/M1_M2/layout as STRUCTURE M1_M2_CDNS_7854109514631.
INFO (XSTRM-223): 33. Translating stdVia lf11is/M1_M2/layout as STRUCTURE M1_M2_CDNS_7854109514632.
INFO (XSTRM-223): 34. Translating stdVia lf11is/M2_M3/layout as STRUCTURE M2_M3_CDNS_7854109514633.
INFO (XSTRM-223): 35. Translating stdVia lf11is/M1_M2/layout as STRUCTURE M1_M2_CDNS_7854109514634.
INFO (XSTRM-223): 36. Translating stdVia lf11is/M2_M3/layout as STRUCTURE M2_M3_CDNS_7854109514635.
INFO (XSTRM-223): 37. Translating stdVia lf11is/M2_M3/layout as STRUCTURE M2_M3_CDNS_7854109514636.
INFO (XSTRM-223): 38. Translating cellView lf11is/Contact/layout as STRUCTURE Contact_CDNS_785410951461.
INFO (XSTRM-223): 39. Translating cellView lf11is/Contact/layout as STRUCTURE Contact_CDNS_785410951462.
INFO (XSTRM-223): 40. Translating cellView lf11is/Contact/layout as STRUCTURE Contact_CDNS_785410951463.
INFO (XSTRM-223): 41. Translating cellView lf11is/AbutContact/layout as STRUCTURE AbutContact_CDNS_785410951464.
INFO (XSTRM-223): 42. Translating cellView lf11is/nmos1v2hvt_4/layout as STRUCTURE nmos1v2hvt_4_CDNS_785410951460.
INFO (XSTRM-223): 43. Translating cellView lf11is/AbutContact/layout as STRUCTURE AbutContact_CDNS_785410951466.
INFO (XSTRM-223): 44. Translating cellView lf11is/Contact/layout as STRUCTURE Contact_CDNS_785410951467.
INFO (XSTRM-223): 45. Translating cellView lf11is/nmos1v2hvt_4/layout as STRUCTURE nmos1v2hvt_4_CDNS_785410951465.
INFO (XSTRM-223): 46. Translating cellView lf11is/Contact/layout as STRUCTURE Contact_CDNS_785410951469.
INFO (XSTRM-223): 47. Translating cellView lf11is/AbutContact/layout as STRUCTURE AbutContact_CDNS_7854109514610.
INFO (XSTRM-223): 48. Translating cellView lf11is/nmos1v2hvt_4/layout as STRUCTURE nmos1v2hvt_4_CDNS_785410951468.
INFO (XSTRM-223): 49. Translating cellView lf11is/Contact/layout as STRUCTURE Contact_CDNS_7854109514612.
INFO (XSTRM-223): 50. Translating cellView lf11is/AbutContact/layout as STRUCTURE AbutContact_CDNS_7854109514613.
INFO (XSTRM-223): 51. Translating cellView lf11is/pmos1v2hvt_4/layout as STRUCTURE pmos1v2hvt_4_CDNS_7854109514611.
INFO (XSTRM-223): 52. Translating cellView lf11is/AbutContact/layout as STRUCTURE AbutContact_CDNS_7854109514615.
INFO (XSTRM-223): 53. Translating cellView lf11is/pmos1v2hvt_4/layout as STRUCTURE pmos1v2hvt_4_CDNS_7854109514614.
INFO (XSTRM-223): 54. Translating cellView lf11is/nmos1v2hvt_4/layout as STRUCTURE nmos1v2hvt_4_CDNS_7854109514616.
INFO (XSTRM-223): 55. Translating cellView lf11is/Contact/layout as STRUCTURE Contact_CDNS_7854109514618.
INFO (XSTRM-223): 56. Translating cellView lf11is/pmos1v2hvt_4/layout as STRUCTURE pmos1v2hvt_4_CDNS_7854109514617.
INFO (XSTRM-223): 57. Translating cellView lf11is/AbutContact/layout as STRUCTURE AbutContact_CDNS_7854109514620.
INFO (XSTRM-223): 58. Translating cellView lf11is/nmos1v2hvt_4/layout as STRUCTURE nmos1v2hvt_4_CDNS_7854109514619.
INFO (XSTRM-223): 59. Translating cellView lf11is/AbutContact/layout as STRUCTURE AbutContact_CDNS_7854109514622.
INFO (XSTRM-223): 60. Translating cellView lf11is/pmos1v2hvt_4/layout as STRUCTURE pmos1v2hvt_4_CDNS_7854109514621.
INFO (XSTRM-223): 61. Translating cellView lf11is/Contact/layout as STRUCTURE Contact_CDNS_7854109514624.
INFO (XSTRM-223): 62. Translating cellView lf11is/Contact/layout as STRUCTURE Contact_CDNS_7854109514625.
INFO (XSTRM-223): 63. Translating cellView lf11is/ncap1v2hvt/layout as STRUCTURE ncap1v2hvt_CDNS_7854109514623.
INFO (XSTRM-223): 64. Translating cellView lf11is/Contact/layout as STRUCTURE Contact_CDNS_7854109514627.
INFO (XSTRM-223): 65. Translating cellView lf11is/rnpolym/layout as STRUCTURE rnpolym_CDNS_7854109514626.
INFO (XSTRM-223): 66. Translating cellView lf11is/pmos1v2hvt_4/layout as STRUCTURE pmos1v2hvt_4_CDNS_7854109514628.
INFO (XSTRM-223): 67. Translating cellView lf11is/Contact/layout as STRUCTURE Contact_CDNS_7854109514630.
INFO (XSTRM-223): 68. Translating cellView lf11is/AbutContact/layout as STRUCTURE AbutContact_CDNS_7854109514631.
INFO (XSTRM-223): 69. Translating cellView lf11is/pmos1v2hvt_4/layout as STRUCTURE pmos1v2hvt_4_CDNS_7854109514629.
INFO (XSTRM-223): 70. Translating cellView REF_GEN/CONSTANT_GM_2_fL/layout as STRUCTURE CONSTANT_GM_2_fL.
INFO (XSTRM-180): You have not used the '-objectMap' option. The design has instance(s) of at least one of following OpenAccess objects: oaBlockage, oaBoundary, oaRow, and oaMarker. Any information about these objects will not be translated into the generated stream file. Use the '-objectMap' option to translate/preserve these objects using XStream.
INFO (XSTRM-223): 71. Translating stdVia lf11is/M1_M2/layout as STRUCTURE M1_M2_CDNS_7854109514637.
INFO (XSTRM-223): 72. Translating stdVia lf11is/M1_M2/layout as STRUCTURE M1_M2_CDNS_7854109514638.
INFO (XSTRM-223): 73. Translating stdVia lf11is/M1_M2/layout as STRUCTURE M1_M2_CDNS_7854109514639.
INFO (XSTRM-223): 74. Translating stdVia lf11is/M1_M2/layout as STRUCTURE M1_M2_CDNS_7854109514640.
INFO (XSTRM-223): 75. Translating stdVia lf11is/M1_M2/layout as STRUCTURE M1_M2_CDNS_7854109514641.
INFO (XSTRM-223): 76. Translating stdVia lf11is/M2_M3/layout as STRUCTURE M2_M3_CDNS_7854109514642.
INFO (XSTRM-223): 77. Translating stdVia lf11is/M1_M2/layout as STRUCTURE M1_M2_CDNS_7854109514643.
INFO (XSTRM-223): 78. Translating stdVia lf11is/PG_M1/layout as STRUCTURE PG_M1_CDNS_7854109514644.
INFO (XSTRM-223): 79. Translating stdVia lf11is/M2_M3/layout as STRUCTURE M2_M3_CDNS_7854109514645.
INFO (XSTRM-223): 80. Translating stdVia lf11is/M2_M3/layout as STRUCTURE M2_M3_CDNS_7854109514646.
INFO (XSTRM-223): 81. Translating stdVia lf11is/M2_M3/layout as STRUCTURE M2_M3_CDNS_7854109514647.
INFO (XSTRM-223): 82. Translating stdVia lf11is/M1_M2/layout as STRUCTURE M1_M2_CDNS_7854109514648.
INFO (XSTRM-223): 83. Translating stdVia lf11is/PG_M1/layout as STRUCTURE PG_M1_CDNS_7854109514649.
INFO (XSTRM-223): 84. Translating stdVia lf11is/M2_M3/layout as STRUCTURE M2_M3_CDNS_7854109514650.
INFO (XSTRM-223): 85. Translating stdVia lf11is/M2_M3/layout as STRUCTURE M2_M3_CDNS_7854109514651.
INFO (XSTRM-223): 86. Translating stdVia lf11is/M1_M2/layout as STRUCTURE M1_M2_CDNS_7854109514652.
INFO (XSTRM-223): 87. Translating stdVia lf11is/M1_M2/layout as STRUCTURE M1_M2_CDNS_7854109514653.
INFO (XSTRM-223): 88. Translating stdVia lf11is/M1_M2/layout as STRUCTURE M1_M2_CDNS_7854109514654.
INFO (XSTRM-223): 89. Translating stdVia lf11is/M1_M2/layout as STRUCTURE M1_M2_CDNS_7854109514655.
INFO (XSTRM-223): 90. Translating stdVia lf11is/M2_M3/layout as STRUCTURE M2_M3_CDNS_7854109514656.
INFO (XSTRM-223): 91. Translating stdVia lf11is/M1_M2/layout as STRUCTURE M1_M2_CDNS_7854109514657.
INFO (XSTRM-223): 92. Translating stdVia lf11is/M2_M3/layout as STRUCTURE M2_M3_CDNS_7854109514658.
INFO (XSTRM-223): 93. Translating stdVia lf11is/M1_M2/layout as STRUCTURE M1_M2_CDNS_7854109514659.
INFO (XSTRM-223): 94. Translating stdVia lf11is/M1_M2/layout as STRUCTURE M1_M2_CDNS_7854109514660.
INFO (XSTRM-223): 95. Translating stdVia lf11is/M2_M3/layout as STRUCTURE M2_M3_CDNS_7854109514661.
INFO (XSTRM-223): 96. Translating stdVia lf11is/M2_M3/layout as STRUCTURE M2_M3_CDNS_7854109514662.
INFO (XSTRM-223): 97. Translating stdVia lf11is/M1_M2/layout as STRUCTURE M1_M2_CDNS_7854109514663.
INFO (XSTRM-223): 98. Translating stdVia lf11is/M2_M3/layout as STRUCTURE M2_M3_CDNS_7854109514664.
INFO (XSTRM-223): 99. Translating stdVia lf11is/M1_M2/layout as STRUCTURE M1_M2_CDNS_7854109514665.
INFO (XSTRM-223): 100. Translating stdVia lf11is/M2_M3/layout as STRUCTURE M2_M3_CDNS_7854109514666.
INFO (XSTRM-223): 101. Translating stdVia lf11is/M5_MF/layout as STRUCTURE M5_MF_CDNS_7854109514667.
INFO (XSTRM-223): 102. Translating stdVia lf11is/M4_M5/layout as STRUCTURE M4_M5_CDNS_7854109514668.
INFO (XSTRM-223): 103. Translating stdVia lf11is/M3_M4/layout as STRUCTURE M3_M4_CDNS_7854109514669.
INFO (XSTRM-223): 104. Translating stdVia lf11is/M2_M3/layout as STRUCTURE M2_M3_CDNS_7854109514670.
INFO (XSTRM-223): 105. Translating stdVia lf11is/M5_MF/layout as STRUCTURE M5_MF_CDNS_7854109514671.
INFO (XSTRM-223): 106. Translating stdVia lf11is/M4_M5/layout as STRUCTURE M4_M5_CDNS_7854109514672.
INFO (XSTRM-223): 107. Translating stdVia lf11is/M3_M4/layout as STRUCTURE M3_M4_CDNS_7854109514673.
INFO (XSTRM-223): 108. Translating stdVia lf11is/M4_M5/layout as STRUCTURE M4_M5_CDNS_7854109514674.
INFO (XSTRM-223): 109. Translating stdVia lf11is/M3_M4/layout as STRUCTURE M3_M4_CDNS_7854109514675.
INFO (XSTRM-223): 110. Translating stdVia lf11is/M2_M3/layout as STRUCTURE M2_M3_CDNS_7854109514676.
INFO (XSTRM-223): 111. Translating stdVia lf11is/M1_M2/layout as STRUCTURE M1_M2_CDNS_7854109514677.
INFO (XSTRM-223): 112. Translating stdVia lf11is/M1_M2/layout as STRUCTURE M1_M2_CDNS_7854109514678.
INFO (XSTRM-223): 113. Translating cellView lf11is/cmims/layout as STRUCTURE cmims_CDNS_7854109514632.
INFO (XSTRM-223): 114. Translating cellView lf11is/AbutContact/layout as STRUCTURE AbutContact_CDNS_7854109514634.
INFO (XSTRM-223): 115. Translating cellView lf11is/pmos1v2hvt_4/layout as STRUCTURE pmos1v2hvt_4_CDNS_7854109514633.
INFO (XSTRM-223): 116. Translating cellView lf11is/rnpolyh/layout as STRUCTURE rnpolyh_CDNS_7854109514635.
INFO (XSTRM-223): 117. Translating cellView lf11is/Contact/layout as STRUCTURE Contact_CDNS_7854109514637.
INFO (XSTRM-223): 118. Translating cellView lf11is/nmos1v2hvt_4/layout as STRUCTURE nmos1v2hvt_4_CDNS_7854109514636.
INFO (XSTRM-223): 119. Translating cellView REF_GEN/mux8_1_fL/layout as STRUCTURE mux8_1_fL.
INFO (XSTRM-223): 120. Translating cellView lf11is/rnpolyh/layout as STRUCTURE rnpolyh_CDNS_7854109514638.
INFO (XSTRM-223): 121. Translating stdVia lf11is/M2_M3/layout as STRUCTURE M2_M3_CDNS_7854109514679.
INFO (XSTRM-223): 122. Translating stdVia lf11is/M1_M2/layout as STRUCTURE M1_M2_CDNS_7854109514680.
INFO (XSTRM-223): 123. Translating stdVia lf11is/PG_M1/layout as STRUCTURE PG_M1_CDNS_7854109514681.
INFO (XSTRM-223): 124. Translating cellView lf11is/Contact/layout as STRUCTURE Contact_CDNS_7854109514640.
INFO (XSTRM-223): 125. Translating cellView lf11is/Contact/layout as STRUCTURE Contact_CDNS_7854109514641.
INFO (XSTRM-223): 126. Translating cellView lf11is/Contact/layout as STRUCTURE Contact_CDNS_7854109514642.
INFO (XSTRM-223): 127. Translating cellView lf11is/AbutContact/layout as STRUCTURE AbutContact_CDNS_7854109514643.
INFO (XSTRM-223): 128. Translating cellView lf11is/pmos1v2hvt_4/layout as STRUCTURE pmos1v2hvt_4_CDNS_7854109514639.
INFO (XSTRM-223): 129. Translating cellView lf11is/Contact/layout as STRUCTURE Contact_CDNS_7854109514645.
INFO (XSTRM-223): 130. Translating cellView lf11is/AbutContact/layout as STRUCTURE AbutContact_CDNS_7854109514646.
INFO (XSTRM-223): 131. Translating cellView lf11is/nmos1v2hvt_4/layout as STRUCTURE nmos1v2hvt_4_CDNS_7854109514644.
INFO (XSTRM-223): 132. Translating cellView lf11is/Contact/layout as STRUCTURE Contact_CDNS_7854109514648.
INFO (XSTRM-223): 133. Translating cellView lf11is/nmos1v2hvt_4/layout as STRUCTURE nmos1v2hvt_4_CDNS_7854109514647.
INFO (XSTRM-223): 134. Translating cellView lf11is/Contact/layout as STRUCTURE Contact_CDNS_7854109514650.
INFO (XSTRM-223): 135. Translating cellView lf11is/Contact/layout as STRUCTURE Contact_CDNS_7854109514651.
INFO (XSTRM-223): 136. Translating cellView lf11is/AbutContact/layout as STRUCTURE AbutContact_CDNS_7854109514652.
INFO (XSTRM-223): 137. Translating cellView lf11is/nmos1v2hvt_4/layout as STRUCTURE nmos1v2hvt_4_CDNS_7854109514649.
INFO (XSTRM-223): 138. Translating cellView lf11is/Contact/layout as STRUCTURE Contact_CDNS_7854109514654.
INFO (XSTRM-223): 139. Translating cellView lf11is/pmos1v2hvt_4/layout as STRUCTURE pmos1v2hvt_4_CDNS_7854109514653.
INFO (XSTRM-223): 140. Translating cellView lf11is/AbutContact/layout as STRUCTURE AbutContact_CDNS_7854109514656.
INFO (XSTRM-223): 141. Translating cellView lf11is/pmos1v2hvt_4/layout as STRUCTURE pmos1v2hvt_4_CDNS_7854109514655.
INFO (XSTRM-223): 142. Translating cellView lf11is/Contact/layout as STRUCTURE Contact_CDNS_7854109514658.
INFO (XSTRM-223): 143. Translating cellView lf11is/AbutContact/layout as STRUCTURE AbutContact_CDNS_7854109514659.
INFO (XSTRM-223): 144. Translating cellView lf11is/pmos1v2hvt_4/layout as STRUCTURE pmos1v2hvt_4_CDNS_7854109514657.
INFO (XSTRM-223): 145. Translating cellView lf11is/pmos1v2hvt_4/layout as STRUCTURE pmos1v2hvt_4_CDNS_7854109514660.
INFO (XSTRM-223): 146. Translating cellView lf11is/pmos1v2hvt_4/layout as STRUCTURE pmos1v2hvt_4_CDNS_7854109514661.
INFO (XSTRM-223): 147. Translating cellView lf11is/Contact/layout as STRUCTURE Contact_CDNS_7854109514663.
INFO (XSTRM-223): 148. Translating cellView lf11is/Contact/layout as STRUCTURE Contact_CDNS_7854109514664.
INFO (XSTRM-223): 149. Translating cellView lf11is/AbutContact/layout as STRUCTURE AbutContact_CDNS_7854109514665.
INFO (XSTRM-223): 150. Translating cellView lf11is/nmos1v2hvt_4/layout as STRUCTURE nmos1v2hvt_4_CDNS_7854109514662.
INFO (XSTRM-223): 151. Translating cellView REF_GEN/BG_STARTUP_fL2/layout as STRUCTURE BG_STARTUP_fL2.
INFO (XSTRM-223): 152. Translating cellView lf11is/AbutContact/layout as STRUCTURE AbutContact_CDNS_7854109514667.
INFO (XSTRM-223): 153. Translating cellView lf11is/nmos1v2hvt_4/layout as STRUCTURE nmos1v2hvt_4_CDNS_7854109514666.
INFO (XSTRM-223): 154. Translating cellView lf11is/rnpolyh/layout as STRUCTURE rnpolyh_CDNS_7854109514668.
INFO (XSTRM-223): 155. Translating cellView lf11is/rnpolyh/layout as STRUCTURE rnpolyh_CDNS_7854109514669.
INFO (XSTRM-223): 156. Translating cellView lf11is/rnpolyh/layout as STRUCTURE rnpolyh_CDNS_7854109514670.
INFO (XSTRM-223): 157. Translating cellView lf11is/rnpolyh/layout as STRUCTURE rnpolyh_CDNS_7854109514671.
INFO (XSTRM-223): 158. Translating cellView REF_GEN/trim_res_bg_2_fL/layout as STRUCTURE trim_res_bg_2_fL.
INFO (XSTRM-223): 159. Translating cellView lf11is/rnpolyh/layout as STRUCTURE rnpolyh_CDNS_7854109514672.
INFO (XSTRM-223): 160. Translating cellView REF_GEN/trim_res_bg_sl_fL/layout as STRUCTURE trim_res_bg_sl_fL.
INFO (XSTRM-223): 161. Translating cellView lf11is/Contact/layout as STRUCTURE Contact_CDNS_7854109514674.
INFO (XSTRM-223): 162. Translating cellView lf11is/pmos1v2hvt_4/layout as STRUCTURE pmos1v2hvt_4_CDNS_7854109514673.
INFO (XSTRM-223): 163. Translating cellView lf11is/Contact/layout as STRUCTURE Contact_CDNS_7854109514676.
INFO (XSTRM-223): 164. Translating cellView lf11is/pmos1v2hvt_4/layout as STRUCTURE pmos1v2hvt_4_CDNS_7854109514675.
INFO (XSTRM-223): 165. Translating cellView lf11is/Contact/layout as STRUCTURE Contact_CDNS_7854109514678.
INFO (XSTRM-223): 166. Translating cellView lf11is/pmos1v2hvt_4/layout as STRUCTURE pmos1v2hvt_4_CDNS_7854109514677.
INFO (XSTRM-223): 167. Translating cellView lf11is/Contact/layout as STRUCTURE Contact_CDNS_7854109514680.
INFO (XSTRM-223): 168. Translating cellView lf11is/Contact/layout as STRUCTURE Contact_CDNS_7854109514681.
INFO (XSTRM-223): 169. Translating cellView lf11is/AbutContact/layout as STRUCTURE AbutContact_CDNS_7854109514682.
INFO (XSTRM-223): 170. Translating cellView lf11is/pmos1v2hvt_4/layout as STRUCTURE pmos1v2hvt_4_CDNS_7854109514679.
INFO (XSTRM-223): 171. Translating cellView lf11is/Contact/layout as STRUCTURE Contact_CDNS_7854109514684.
INFO (XSTRM-223): 172. Translating cellView lf11is/nmos1v2hvt_4/layout as STRUCTURE nmos1v2hvt_4_CDNS_7854109514683.
INFO (XSTRM-223): 173. Translating cellView lf11is/Contact/layout as STRUCTURE Contact_CDNS_7854109514686.
INFO (XSTRM-223): 174. Translating cellView lf11is/AbutContact/layout as STRUCTURE AbutContact_CDNS_7854109514687.
INFO (XSTRM-223): 175. Translating cellView lf11is/pmos1v2hvt_4/layout as STRUCTURE pmos1v2hvt_4_CDNS_7854109514685.
INFO (XSTRM-223): 176. Translating cellView lf11is/Contact/layout as STRUCTURE Contact_CDNS_7854109514689.
INFO (XSTRM-223): 177. Translating cellView lf11is/Contact/layout as STRUCTURE Contact_CDNS_7854109514690.
INFO (XSTRM-223): 178. Translating cellView lf11is/nmos1v2hvt_4/layout as STRUCTURE nmos1v2hvt_4_CDNS_7854109514688.
INFO (XSTRM-223): 179. Translating cellView lf11is/Contact/layout as STRUCTURE Contact_CDNS_7854109514692.
INFO (XSTRM-223): 180. Translating cellView lf11is/Contact/layout as STRUCTURE Contact_CDNS_7854109514693.
INFO (XSTRM-223): 181. Translating cellView lf11is/Contact/layout as STRUCTURE Contact_CDNS_7854109514694.
INFO (XSTRM-223): 182. Translating cellView lf11is/AbutContact/layout as STRUCTURE AbutContact_CDNS_7854109514695.
INFO (XSTRM-223): 183. Translating cellView lf11is/AbutContact/layout as STRUCTURE AbutContact_CDNS_7854109514696.
INFO (XSTRM-223): 184. Translating cellView lf11is/AbutContact/layout as STRUCTURE AbutContact_CDNS_7854109514697.
INFO (XSTRM-223): 185. Translating cellView lf11is/AbutContact/layout as STRUCTURE AbutContact_CDNS_7854109514698.
INFO (XSTRM-223): 186. Translating cellView lf11is/Contact/layout as STRUCTURE Contact_CDNS_7854109514699.
INFO (XSTRM-223): 187. Translating cellView lf11is/pnp5ux5u/layout as STRUCTURE pnp5ux5u_CDNS_7854109514691.
INFO (XSTRM-223): 188. Translating cellView lf11is/pnp5ux5u/layout as STRUCTURE pnp5ux5u_CDNS_78541095146100.
INFO (XSTRM-223): 189. Translating cellView lf11is/pnp5ux5u/layout as STRUCTURE pnp5ux5u_CDNS_78541095146101.
INFO (XSTRM-223): 190. Translating cellView REF_GEN/BG_PNP_array/layout as STRUCTURE BG_PNP_array.
INFO (XSTRM-223): 191. Translating cellView lf11is/Contact/layout as STRUCTURE Contact_CDNS_78541095146103.
INFO (XSTRM-223): 192. Translating cellView lf11is/pmos1v2hvt_4/layout as STRUCTURE pmos1v2hvt_4_CDNS_78541095146102.
INFO (XSTRM-223): 193. Translating cellView REF_GEN/BG_TRIM_4_fL/layout as STRUCTURE BG_TRIM_4_fL.
INFO (XSTRM-223): 194. Translating cellView AnaCommon/LS/layout as STRUCTURE LS.
INFO (XSTRM-223): 195. Translating cellView REF_GEN/LS2/layout as STRUCTURE LS2.
INFO (XSTRM-223): 196. Translating cellView REF_GEN/LS3/layout as STRUCTURE LS3.
INFO (XSTRM-223): 197. Translating cellView AnaCommon/Tsw/layout as STRUCTURE Tsw.
INFO (XSTRM-223): 198. Translating stdVia lf11is/M1_M2/layout as STRUCTURE M1_M2_CDNS_7854109514682.
INFO (XSTRM-223): 199. Translating cellView Si3/NO2/layout as STRUCTURE NO2.
INFO (XSTRM-223): 200. Translating cellView lf11is/Contact/layout as STRUCTURE Contact_CDNS_78541095146105.
INFO (XSTRM-223): 201. Translating cellView lf11is/pmos1v2hvt_4/layout as STRUCTURE pmos1v2hvt_4_CDNS_78541095146104.
INFO (XSTRM-223): 202. Translating cellView Si3/IN/layout as STRUCTURE IN.
INFO (XSTRM-223): 203. Translating cellView lf11is/nmos1v2hvt_4/layout as STRUCTURE nmos1v2hvt_4_CDNS_78541095146106.
INFO (XSTRM-223): 204. Translating cellView lf11is/pmos1v2hvt_4/layout as STRUCTURE pmos1v2hvt_4_CDNS_78541095146107.
INFO (XSTRM-223): 205. Translating cellView lf11is/nmos1v2hvt_4/layout as STRUCTURE nmos1v2hvt_4_CDNS_78541095146108.
INFO (XSTRM-223): 206. Translating cellView Si3/NA3/layout as STRUCTURE NA3.
INFO (XSTRM-223): 207. Translating cellView lf11is/pmos1v2hvt_4/layout as STRUCTURE pmos1v2hvt_4_CDNS_78541095146109.
INFO (XSTRM-223): 208. Translating cellView lf11is/pmos1v2hvt_4/layout as STRUCTURE pmos1v2hvt_4_CDNS_78541095146110.
INFO (XSTRM-223): 209. Translating cellView lf11is/nmos1v2hvt_4/layout as STRUCTURE nmos1v2hvt_4_CDNS_78541095146111.
INFO (XSTRM-223): 210. Translating cellView REF_GEN/3to8DeMuxSel/layout as STRUCTURE 3to8DeMuxSel.
INFO (XSTRM-236): A path with a rounded extension, an acute angle or a length segment less than half width is encountered at (9460, 440). This path will be written as a boundary record in the GDS file.
INFO (XSTRM-223): 211. Translating stdVia lf11is/M1_M2/layout as STRUCTURE M1_M2_CDNS_7854109514683.
INFO (XSTRM-223): 212. Translating stdVia lf11is/M1_M2/layout as STRUCTURE M1_M2_CDNS_7854109514684.
INFO (XSTRM-223): 213. Translating stdVia lf11is/M1_M2/layout as STRUCTURE M1_M2_CDNS_7854109514685.
INFO (XSTRM-223): 214. Translating stdVia lf11is/M1_M2/layout as STRUCTURE M1_M2_CDNS_7854109514686.
INFO (XSTRM-223): 215. Translating cellView lf11is/pmos1v2hvt_4/layout as STRUCTURE pmos1v2hvt_4_CDNS_78541095146112.
INFO (XSTRM-223): 216. Translating cellView lf11is/pmos1v2hvt_4/layout as STRUCTURE pmos1v2hvt_4_CDNS_78541095146113.
INFO (XSTRM-223): 217. Translating cellView lf11is/nmos1v2hvt_4/layout as STRUCTURE nmos1v2hvt_4_CDNS_78541095146114.
INFO (XSTRM-223): 218. Translating cellView lf11is/nmos1v2hvt_4/layout as STRUCTURE nmos1v2hvt_4_CDNS_78541095146115.
INFO (XSTRM-223): 219. Translating cellView REF_GEN/mux2_1_fL/layout as STRUCTURE mux2_1_fL.
INFO (XSTRM-223): 220. Translating stdVia lf11is/M2_M3/layout as STRUCTURE M2_M3_CDNS_7854109514687.
INFO (XSTRM-223): 221. Translating stdVia lf11is/M2_M3/layout as STRUCTURE M2_M3_CDNS_7854109514688.
INFO (XSTRM-223): 222. Translating stdVia lf11is/M2_M3/layout as STRUCTURE M2_M3_CDNS_7854109514689.
INFO (XSTRM-223): 223. Translating stdVia lf11is/M1_M2/layout as STRUCTURE M1_M2_CDNS_7854109514690.
INFO (XSTRM-223): 224. Translating stdVia lf11is/M2_M3/layout as STRUCTURE M2_M3_CDNS_7854109514691.
INFO (XSTRM-223): 225. Translating stdVia lf11is/M1_M2/layout as STRUCTURE M1_M2_CDNS_7854109514692.
INFO (XSTRM-223): 226. Translating stdVia lf11is/M1_M2/layout as STRUCTURE M1_M2_CDNS_7854109514693.
INFO (XSTRM-223): 227. Translating stdVia lf11is/M1_M2/layout as STRUCTURE M1_M2_CDNS_7854109514694.
INFO (XSTRM-223): 228. Translating cellView lf11is/pmos1v2hvt_4/layout as STRUCTURE pmos1v2hvt_4_CDNS_78541095146116.
INFO (XSTRM-223): 229. Translating cellView lf11is/pmos1v2hvt_4/layout as STRUCTURE pmos1v2hvt_4_CDNS_78541095146117.
INFO (XSTRM-223): 230. Translating cellView lf11is/rnpolym/layout as STRUCTURE rnpolym_CDNS_78541095146118.
INFO (XSTRM-223): 231. Translating cellView lf11is/rnpolym/layout as STRUCTURE rnpolym_CDNS_78541095146119.
INFO (XSTRM-223): 232. Translating cellView lf11is/rnpolym/layout as STRUCTURE rnpolym_CDNS_78541095146120.
INFO (XSTRM-223): 233. Translating cellView lf11is/rnpolym/layout as STRUCTURE rnpolym_CDNS_78541095146121.
INFO (XSTRM-223): 234. Translating cellView lf11is/rnpolym/layout as STRUCTURE rnpolym_CDNS_78541095146122.
INFO (XSTRM-223): 235. Translating cellView lf11is/pmos1v2hvt_4/layout as STRUCTURE pmos1v2hvt_4_CDNS_78541095146123.
INFO (XSTRM-223): 236. Translating cellView REF_GEN/mux8_1p_fL/layout as STRUCTURE mux8_1p_fL.
INFO (XSTRM-223): 237. Translating cellView lf11is/rnpolym/layout as STRUCTURE rnpolym_CDNS_78541095146124.
INFO (XSTRM-223): 238. Translating cellView REF_GEN/trim_res_rnpolyn_2_fL/layout as STRUCTURE trim_res_rnpolyn_2_fL.
INFO (XSTRM-223): 239. Translating cellView REF_GEN/trim_res_array_rn_2_fL/layout as STRUCTURE trim_res_array_rn_2_fL.
INFO (XSTRM-223): 240. Translating cellView lf11is/pmos1v2hvt_4/layout as STRUCTURE pmos1v2hvt_4_CDNS_78541095146125.
INFO (XSTRM-223): 241. Translating cellView Si3/IN2/layout as STRUCTURE IN2.
INFO (XSTRM-223): 242. Translating cellView REF_GEN/inv8_fL/layout as STRUCTURE inv8_fL.
INFO (XSTRM-223): 243. Translating cellView lf11is/Contact/layout as STRUCTURE Contact_CDNS_78541095146127.
INFO (XSTRM-223): 244. Translating cellView lf11is/Contact/layout as STRUCTURE Contact_CDNS_78541095146128.
INFO (XSTRM-223): 245. Translating cellView lf11is/pmos1v2hvt_4/layout as STRUCTURE pmos1v2hvt_4_CDNS_78541095146126.
INFO (XSTRM-223): 246. Translating cellView lf11is/rnpolym/layout as STRUCTURE rnpolym_CDNS_78541095146129.
INFO (XSTRM-223): 247. Translating cellView lf11is/nmos1v2hvt_4/layout as STRUCTURE nmos1v2hvt_4_CDNS_78541095146130.
INFO (XSTRM-223): 248. Translating cellView lf11is/Contact/layout as STRUCTURE Contact_CDNS_78541095146132.
INFO (XSTRM-223): 249. Translating cellView lf11is/Contact/layout as STRUCTURE Contact_CDNS_78541095146133.
INFO (XSTRM-223): 250. Translating cellView lf11is/nmos1v2hvt_4/layout as STRUCTURE nmos1v2hvt_4_CDNS_78541095146131.
INFO (XSTRM-223): 251. Translating cellView lf11is/pmos1v2hvt_4/layout as STRUCTURE pmos1v2hvt_4_CDNS_78541095146134.
INFO (XSTRM-223): 252. Translating cellView lf11is/Contact/layout as STRUCTURE Contact_CDNS_78541095146136.
INFO (XSTRM-223): 253. Translating cellView lf11is/AbutContact/layout as STRUCTURE AbutContact_CDNS_78541095146137.
INFO (XSTRM-223): 254. Translating cellView lf11is/nmos1v2hvt_4/layout as STRUCTURE nmos1v2hvt_4_CDNS_78541095146135.
INFO (XSTRM-223): 255. Translating cellView lf11is/rnpolym/layout as STRUCTURE rnpolym_CDNS_78541095146138.
INFO (XSTRM-223): 256. Translating cellView lf11is/Contact/layout as STRUCTURE Contact_CDNS_78541095146140.
INFO (XSTRM-223): 257. Translating cellView lf11is/AbutContact/layout as STRUCTURE AbutContact_CDNS_78541095146141.
INFO (XSTRM-223): 258. Translating cellView lf11is/pmos1v2hvt_4/layout as STRUCTURE pmos1v2hvt_4_CDNS_78541095146139.
INFO (XSTRM-223): 259. Translating cellView lf11is/Contact/layout as STRUCTURE Contact_CDNS_78541095146143.
INFO (XSTRM-223): 260. Translating cellView lf11is/pmos1v2hvt_4/layout as STRUCTURE pmos1v2hvt_4_CDNS_78541095146142.
INFO (XSTRM-223): 261. Translating cellView lf11is/Contact/layout as STRUCTURE Contact_CDNS_78541095146145.
INFO (XSTRM-223): 262. Translating cellView lf11is/pmos1v2hvt_4/layout as STRUCTURE pmos1v2hvt_4_CDNS_78541095146144.
INFO (XSTRM-223): 263. Translating cellView REF_GEN/REF_V5_fLC/layout as STRUCTURE REF_V5_fLC.
INFO (XSTRM-223): 264. Translating cellView REF_GEN/LS1/layout as STRUCTURE LS1.
INFO (XSTRM-223): 265. Translating cellView REF_GEN/REF_GEN_fL/layout as STRUCTURE REF_GEN_fL.

Summary of Objects Translated:
	Scalar Instances:                       1867
	Array Instances:                        0
	Polygons:                               116
	Paths:                                  51
	Rectangles:                             22735
	Lines:                                  0
	Arcs:                                   0
	Donuts:                                 0
	Dots:                                   0
	Ellipses:                               0
	Boundaries:                             0
	Area Blockages:                         0
	Layer Blockages:                        0
	Area Halos:                             0
	Markers:                                0
	Rows:                                   0
	Standard Vias                           1282
	Custom Vias:                            0
	CdsGen Vias:                            0
	Pathsegs:                               3498
	Text:                                   339
	TextDisplay:                            0
	Cells:                                  265

Elapsed Time: 1.7s   User Time: 1.6s   CPU Time: 0.0s   Peak VM: 49748KB
INFO (XSTRM-234): Translation completed. '0' error(s) and '1' warning(s) found.
