********************************************************************************
Product   : Virtuoso(R) XStream Out
Program   : @(#)$CDS: strmout version 6.1.8-64b 09/03/2024 18:58 (sjfhw317) $
          : sub-version  IC6.1.8-64b.500.36 
Started at: 04-Aug-2026  13:22:30
User Name : saul
Host Name : edatools
Directory : /home/saul/projects/LF_BG
CADENCE Design Systems, Inc.
********************************************************************************
Info: Cellview Rev Num:99,  Tech Rev Num:59

WARNING (XSTRM-20): Output Stream file '/home/saul/projects/LF_BG/pvsRunLVS/REF_GEN/REF_GEN_fL_2/REF_GEN_fL_2.gds' already exists. It will be overwritten.
INFO (XSTRM-217): Reading the layer map file, /opt/pdk/lf11/PDK_LF11ISi_V1_3_2/analog/libraries/6metal/lf11is/lf11is.layermap
INFO (XSTRM-162): You have not used the '-viaMap' option. If the OpenAccess design has native oaVia instances, use the '-viaMap' option for preserving oaVia instances in a XStream Out - XStream In round trip. Using the '-viaMap' option improves performance and VM usage of applications using the Streamed-In design.

Summary of Options :
library                                 REF_GEN
strmFile                                /home/saul/projects/LF_BG/pvsRunLVS/REF_GEN/REF_GEN_fL_2/REF_GEN_fL_2.gds
topCell                                 REF_GEN_fL_2
view                                    layout
runDir                                  /home/saul/projects/LF_BG/pvsRunLVS/REF_GEN/REF_GEN_fL_2
logFile                                 /home/saul/projects/LF_BG/pvsRunLVS/REF_GEN/REF_GEN_fL_2/PIPO1.LOG
techLib                                 lf11is
hierDepth                               32
maxVertices                             2048
layerMap                                /opt/pdk/lf11/PDK_LF11ISi_V1_3_2/analog/libraries/6metal/lf11is/lf11is.layermap
userSkillFile                           /home/saul/projects/LF_BG/pvsRunLVS/REF_GEN/REF_GEN_fL_2/strmout.il
labelDepth                              32
case                                    Preserve
convertDot                              node

INFO (XSTRM-223): 1. Translating stdVia lf11is/M1_M2/layout as STRUCTURE M1_M2_CDNS_785849750460.
INFO (XSTRM-223): 2. Translating stdVia lf11is/M1_M2/layout as STRUCTURE M1_M2_CDNS_785849750461.
INFO (XSTRM-223): 3. Translating stdVia lf11is/M1_M2/layout as STRUCTURE M1_M2_CDNS_785849750462.
INFO (XSTRM-223): 4. Translating stdVia lf11is/M2_M3/layout as STRUCTURE M2_M3_CDNS_785849750463.
INFO (XSTRM-223): 5. Translating stdVia lf11is/M2_M3/layout as STRUCTURE M2_M3_CDNS_785849750464.
INFO (XSTRM-223): 6. Translating stdVia lf11is/M2_M3/layout as STRUCTURE M2_M3_CDNS_785849750465.
INFO (XSTRM-223): 7. Translating stdVia lf11is/M1_M2/layout as STRUCTURE M1_M2_CDNS_785849750466.
INFO (XSTRM-223): 8. Translating stdVia lf11is/M1_M2/layout as STRUCTURE M1_M2_CDNS_785849750467.
INFO (XSTRM-223): 9. Translating stdVia lf11is/M2_M3/layout as STRUCTURE M2_M3_CDNS_785849750468.
INFO (XSTRM-223): 10. Translating stdVia lf11is/M1_M2/layout as STRUCTURE M1_M2_CDNS_785849750469.
INFO (XSTRM-223): 11. Translating stdVia lf11is/M2_M3/layout as STRUCTURE M2_M3_CDNS_7858497504610.
INFO (XSTRM-223): 12. Translating stdVia lf11is/M2_M3/layout as STRUCTURE M2_M3_CDNS_7858497504611.
INFO (XSTRM-223): 13. Translating stdVia lf11is/M2_M3/layout as STRUCTURE M2_M3_CDNS_7858497504612.
INFO (XSTRM-223): 14. Translating stdVia lf11is/M2_M3/layout as STRUCTURE M2_M3_CDNS_7858497504613.
INFO (XSTRM-223): 15. Translating stdVia lf11is/M1_M2/layout as STRUCTURE M1_M2_CDNS_7858497504614.
INFO (XSTRM-223): 16. Translating stdVia lf11is/M2_M3/layout as STRUCTURE M2_M3_CDNS_7858497504615.
INFO (XSTRM-223): 17. Translating stdVia lf11is/M1_M2/layout as STRUCTURE M1_M2_CDNS_7858497504616.
INFO (XSTRM-223): 18. Translating stdVia lf11is/M1_M2/layout as STRUCTURE M1_M2_CDNS_7858497504617.
INFO (XSTRM-223): 19. Translating stdVia lf11is/M2_M3/layout as STRUCTURE M2_M3_CDNS_7858497504618.
INFO (XSTRM-223): 20. Translating stdVia lf11is/M1_M2/layout as STRUCTURE M1_M2_CDNS_7858497504619.
INFO (XSTRM-223): 21. Translating stdVia lf11is/M1_M2/layout as STRUCTURE M1_M2_CDNS_7858497504620.
INFO (XSTRM-223): 22. Translating stdVia lf11is/M2_M3/layout as STRUCTURE M2_M3_CDNS_7858497504621.
INFO (XSTRM-223): 23. Translating stdVia lf11is/M1_M2/layout as STRUCTURE M1_M2_CDNS_7858497504622.
INFO (XSTRM-223): 24. Translating stdVia lf11is/M2_M3/layout as STRUCTURE M2_M3_CDNS_7858497504623.
INFO (XSTRM-223): 25. Translating stdVia lf11is/M1_M2/layout as STRUCTURE M1_M2_CDNS_7858497504624.
INFO (XSTRM-223): 26. Translating stdVia lf11is/M2_M3/layout as STRUCTURE M2_M3_CDNS_7858497504625.
INFO (XSTRM-223): 27. Translating stdVia lf11is/M2_M3/layout as STRUCTURE M2_M3_CDNS_7858497504626.
INFO (XSTRM-223): 28. Translating stdVia lf11is/M2_M3/layout as STRUCTURE M2_M3_CDNS_7858497504627.
INFO (XSTRM-223): 29. Translating stdVia lf11is/M1_M2/layout as STRUCTURE M1_M2_CDNS_7858497504628.
INFO (XSTRM-223): 30. Translating stdVia lf11is/M1_M2/layout as STRUCTURE M1_M2_CDNS_7858497504629.
INFO (XSTRM-223): 31. Translating stdVia lf11is/M2_M3/layout as STRUCTURE M2_M3_CDNS_7858497504630.
INFO (XSTRM-223): 32. Translating stdVia lf11is/PG_M1/layout as STRUCTURE PG_M1_CDNS_7858497504631.
INFO (XSTRM-223): 33. Translating stdVia lf11is/M1_M2/layout as STRUCTURE M1_M2_CDNS_7858497504632.
INFO (XSTRM-223): 34. Translating stdVia lf11is/M1_M2/layout as STRUCTURE M1_M2_CDNS_7858497504633.
INFO (XSTRM-223): 35. Translating stdVia lf11is/M2_M3/layout as STRUCTURE M2_M3_CDNS_7858497504634.
INFO (XSTRM-223): 36. Translating stdVia lf11is/M1_M2/layout as STRUCTURE M1_M2_CDNS_7858497504635.
INFO (XSTRM-223): 37. Translating stdVia lf11is/M2_M3/layout as STRUCTURE M2_M3_CDNS_7858497504636.
INFO (XSTRM-223): 38. Translating stdVia lf11is/M2_M3/layout as STRUCTURE M2_M3_CDNS_7858497504637.
INFO (XSTRM-223): 39. Translating cellView lf11is/Contact/layout as STRUCTURE Contact_CDNS_785849750461.
INFO (XSTRM-223): 40. Translating cellView lf11is/Contact/layout as STRUCTURE Contact_CDNS_785849750462.
INFO (XSTRM-223): 41. Translating cellView lf11is/Contact/layout as STRUCTURE Contact_CDNS_785849750463.
INFO (XSTRM-223): 42. Translating cellView lf11is/AbutContact/layout as STRUCTURE AbutContact_CDNS_785849750464.
INFO (XSTRM-223): 43. Translating cellView lf11is/nmos1v2hvt_4/layout as STRUCTURE nmos1v2hvt_4_CDNS_785849750460.
INFO (XSTRM-223): 44. Translating cellView lf11is/AbutContact/layout as STRUCTURE AbutContact_CDNS_785849750466.
INFO (XSTRM-223): 45. Translating cellView lf11is/Contact/layout as STRUCTURE Contact_CDNS_785849750467.
INFO (XSTRM-223): 46. Translating cellView lf11is/nmos1v2hvt_4/layout as STRUCTURE nmos1v2hvt_4_CDNS_785849750465.
INFO (XSTRM-223): 47. Translating cellView lf11is/Contact/layout as STRUCTURE Contact_CDNS_785849750469.
INFO (XSTRM-223): 48. Translating cellView lf11is/AbutContact/layout as STRUCTURE AbutContact_CDNS_7858497504610.
INFO (XSTRM-223): 49. Translating cellView lf11is/nmos1v2hvt_4/layout as STRUCTURE nmos1v2hvt_4_CDNS_785849750468.
INFO (XSTRM-223): 50. Translating cellView lf11is/Contact/layout as STRUCTURE Contact_CDNS_7858497504612.
INFO (XSTRM-223): 51. Translating cellView lf11is/AbutContact/layout as STRUCTURE AbutContact_CDNS_7858497504613.
INFO (XSTRM-223): 52. Translating cellView lf11is/pmos1v2hvt_4/layout as STRUCTURE pmos1v2hvt_4_CDNS_7858497504611.
INFO (XSTRM-223): 53. Translating cellView lf11is/AbutContact/layout as STRUCTURE AbutContact_CDNS_7858497504615.
INFO (XSTRM-223): 54. Translating cellView lf11is/pmos1v2hvt_4/layout as STRUCTURE pmos1v2hvt_4_CDNS_7858497504614.
INFO (XSTRM-223): 55. Translating cellView lf11is/nmos1v2hvt_4/layout as STRUCTURE nmos1v2hvt_4_CDNS_7858497504616.
INFO (XSTRM-223): 56. Translating cellView lf11is/Contact/layout as STRUCTURE Contact_CDNS_7858497504618.
INFO (XSTRM-223): 57. Translating cellView lf11is/pmos1v2hvt_4/layout as STRUCTURE pmos1v2hvt_4_CDNS_7858497504617.
INFO (XSTRM-223): 58. Translating cellView lf11is/AbutContact/layout as STRUCTURE AbutContact_CDNS_7858497504620.
INFO (XSTRM-223): 59. Translating cellView lf11is/nmos1v2hvt_4/layout as STRUCTURE nmos1v2hvt_4_CDNS_7858497504619.
INFO (XSTRM-223): 60. Translating cellView lf11is/AbutContact/layout as STRUCTURE AbutContact_CDNS_7858497504622.
INFO (XSTRM-223): 61. Translating cellView lf11is/pmos1v2hvt_4/layout as STRUCTURE pmos1v2hvt_4_CDNS_7858497504621.
INFO (XSTRM-223): 62. Translating cellView lf11is/Contact/layout as STRUCTURE Contact_CDNS_7858497504624.
INFO (XSTRM-223): 63. Translating cellView lf11is/Contact/layout as STRUCTURE Contact_CDNS_7858497504625.
INFO (XSTRM-223): 64. Translating cellView lf11is/ncap1v2hvt/layout as STRUCTURE ncap1v2hvt_CDNS_7858497504623.
INFO (XSTRM-223): 65. Translating cellView lf11is/Contact/layout as STRUCTURE Contact_CDNS_7858497504627.
INFO (XSTRM-223): 66. Translating cellView lf11is/rnpolym/layout as STRUCTURE rnpolym_CDNS_7858497504626.
INFO (XSTRM-223): 67. Translating cellView lf11is/pmos1v2hvt_4/layout as STRUCTURE pmos1v2hvt_4_CDNS_7858497504628.
INFO (XSTRM-223): 68. Translating cellView lf11is/Contact/layout as STRUCTURE Contact_CDNS_7858497504630.
INFO (XSTRM-223): 69. Translating cellView lf11is/AbutContact/layout as STRUCTURE AbutContact_CDNS_7858497504631.
INFO (XSTRM-223): 70. Translating cellView lf11is/pmos1v2hvt_4/layout as STRUCTURE pmos1v2hvt_4_CDNS_7858497504629.
INFO (XSTRM-223): 71. Translating cellView REF_GEN/CONSTANT_GM_2_fL/layout as STRUCTURE CONSTANT_GM_2_fL.
INFO (XSTRM-180): You have not used the '-objectMap' option. The design has instance(s) of at least one of following OpenAccess objects: oaBlockage, oaBoundary, oaRow, and oaMarker. Any information about these objects will not be translated into the generated stream file. Use the '-objectMap' option to translate/preserve these objects using XStream.
INFO (XSTRM-223): 72. Translating stdVia lf11is/M1_M2/layout as STRUCTURE M1_M2_CDNS_7858497504638.
INFO (XSTRM-223): 73. Translating stdVia lf11is/M1_M2/layout as STRUCTURE M1_M2_CDNS_7858497504639.
INFO (XSTRM-223): 74. Translating stdVia lf11is/M1_M2/layout as STRUCTURE M1_M2_CDNS_7858497504640.
INFO (XSTRM-223): 75. Translating stdVia lf11is/M1_M2/layout as STRUCTURE M1_M2_CDNS_7858497504641.
INFO (XSTRM-223): 76. Translating stdVia lf11is/M1_M2/layout as STRUCTURE M1_M2_CDNS_7858497504642.
INFO (XSTRM-223): 77. Translating stdVia lf11is/M2_M3/layout as STRUCTURE M2_M3_CDNS_7858497504643.
INFO (XSTRM-223): 78. Translating stdVia lf11is/M1_M2/layout as STRUCTURE M1_M2_CDNS_7858497504644.
INFO (XSTRM-223): 79. Translating stdVia lf11is/PG_M1/layout as STRUCTURE PG_M1_CDNS_7858497504645.
INFO (XSTRM-223): 80. Translating stdVia lf11is/M2_M3/layout as STRUCTURE M2_M3_CDNS_7858497504646.
INFO (XSTRM-223): 81. Translating stdVia lf11is/M2_M3/layout as STRUCTURE M2_M3_CDNS_7858497504647.
INFO (XSTRM-223): 82. Translating stdVia lf11is/M2_M3/layout as STRUCTURE M2_M3_CDNS_7858497504648.
INFO (XSTRM-223): 83. Translating stdVia lf11is/M1_M2/layout as STRUCTURE M1_M2_CDNS_7858497504649.
INFO (XSTRM-223): 84. Translating stdVia lf11is/PG_M1/layout as STRUCTURE PG_M1_CDNS_7858497504650.
INFO (XSTRM-223): 85. Translating stdVia lf11is/M2_M3/layout as STRUCTURE M2_M3_CDNS_7858497504651.
INFO (XSTRM-223): 86. Translating stdVia lf11is/M2_M3/layout as STRUCTURE M2_M3_CDNS_7858497504652.
INFO (XSTRM-223): 87. Translating stdVia lf11is/M1_M2/layout as STRUCTURE M1_M2_CDNS_7858497504653.
INFO (XSTRM-223): 88. Translating stdVia lf11is/M1_M2/layout as STRUCTURE M1_M2_CDNS_7858497504654.
INFO (XSTRM-223): 89. Translating stdVia lf11is/M1_M2/layout as STRUCTURE M1_M2_CDNS_7858497504655.
INFO (XSTRM-223): 90. Translating stdVia lf11is/M1_M2/layout as STRUCTURE M1_M2_CDNS_7858497504656.
INFO (XSTRM-223): 91. Translating stdVia lf11is/M2_M3/layout as STRUCTURE M2_M3_CDNS_7858497504657.
INFO (XSTRM-223): 92. Translating stdVia lf11is/M1_M2/layout as STRUCTURE M1_M2_CDNS_7858497504658.
INFO (XSTRM-223): 93. Translating stdVia lf11is/M2_M3/layout as STRUCTURE M2_M3_CDNS_7858497504659.
INFO (XSTRM-223): 94. Translating stdVia lf11is/M1_M2/layout as STRUCTURE M1_M2_CDNS_7858497504660.
INFO (XSTRM-223): 95. Translating stdVia lf11is/M1_M2/layout as STRUCTURE M1_M2_CDNS_7858497504661.
INFO (XSTRM-223): 96. Translating stdVia lf11is/M2_M3/layout as STRUCTURE M2_M3_CDNS_7858497504662.
INFO (XSTRM-223): 97. Translating stdVia lf11is/M2_M3/layout as STRUCTURE M2_M3_CDNS_7858497504663.
INFO (XSTRM-223): 98. Translating stdVia lf11is/M1_M2/layout as STRUCTURE M1_M2_CDNS_7858497504664.
INFO (XSTRM-223): 99. Translating stdVia lf11is/M2_M3/layout as STRUCTURE M2_M3_CDNS_7858497504665.
INFO (XSTRM-223): 100. Translating stdVia lf11is/M1_M2/layout as STRUCTURE M1_M2_CDNS_7858497504666.
INFO (XSTRM-223): 101. Translating stdVia lf11is/M2_M3/layout as STRUCTURE M2_M3_CDNS_7858497504667.
INFO (XSTRM-223): 102. Translating stdVia lf11is/M5_MF/layout as STRUCTURE M5_MF_CDNS_7858497504668.
INFO (XSTRM-223): 103. Translating stdVia lf11is/M4_M5/layout as STRUCTURE M4_M5_CDNS_7858497504669.
INFO (XSTRM-223): 104. Translating stdVia lf11is/M3_M4/layout as STRUCTURE M3_M4_CDNS_7858497504670.
INFO (XSTRM-223): 105. Translating stdVia lf11is/M2_M3/layout as STRUCTURE M2_M3_CDNS_7858497504671.
INFO (XSTRM-223): 106. Translating stdVia lf11is/M5_MF/layout as STRUCTURE M5_MF_CDNS_7858497504672.
INFO (XSTRM-223): 107. Translating stdVia lf11is/M4_M5/layout as STRUCTURE M4_M5_CDNS_7858497504673.
INFO (XSTRM-223): 108. Translating stdVia lf11is/M3_M4/layout as STRUCTURE M3_M4_CDNS_7858497504674.
INFO (XSTRM-223): 109. Translating stdVia lf11is/M4_M5/layout as STRUCTURE M4_M5_CDNS_7858497504675.
INFO (XSTRM-223): 110. Translating stdVia lf11is/M3_M4/layout as STRUCTURE M3_M4_CDNS_7858497504676.
INFO (XSTRM-223): 111. Translating stdVia lf11is/M2_M3/layout as STRUCTURE M2_M3_CDNS_7858497504677.
INFO (XSTRM-223): 112. Translating stdVia lf11is/M1_M2/layout as STRUCTURE M1_M2_CDNS_7858497504678.
INFO (XSTRM-223): 113. Translating stdVia lf11is/M1_M2/layout as STRUCTURE M1_M2_CDNS_7858497504679.
INFO (XSTRM-223): 114. Translating cellView lf11is/cmims/layout as STRUCTURE cmims_CDNS_7858497504632.
INFO (XSTRM-223): 115. Translating cellView lf11is/AbutContact/layout as STRUCTURE AbutContact_CDNS_7858497504634.
INFO (XSTRM-223): 116. Translating cellView lf11is/pmos1v2hvt_4/layout as STRUCTURE pmos1v2hvt_4_CDNS_7858497504633.
INFO (XSTRM-223): 117. Translating cellView lf11is/rnpolyh/layout as STRUCTURE rnpolyh_CDNS_7858497504635.
INFO (XSTRM-223): 118. Translating cellView lf11is/Contact/layout as STRUCTURE Contact_CDNS_7858497504637.
INFO (XSTRM-223): 119. Translating cellView lf11is/nmos1v2hvt_4/layout as STRUCTURE nmos1v2hvt_4_CDNS_7858497504636.
INFO (XSTRM-223): 120. Translating cellView REF_GEN/mux8_1_fL/layout as STRUCTURE mux8_1_fL.
INFO (XSTRM-223): 121. Translating cellView lf11is/rnpolyh/layout as STRUCTURE rnpolyh_CDNS_7858497504638.
INFO (XSTRM-223): 122. Translating stdVia lf11is/M2_M3/layout as STRUCTURE M2_M3_CDNS_7858497504680.
INFO (XSTRM-223): 123. Translating stdVia lf11is/M1_M2/layout as STRUCTURE M1_M2_CDNS_7858497504681.
INFO (XSTRM-223): 124. Translating stdVia lf11is/PG_M1/layout as STRUCTURE PG_M1_CDNS_7858497504682.
INFO (XSTRM-223): 125. Translating cellView lf11is/Contact/layout as STRUCTURE Contact_CDNS_7858497504640.
INFO (XSTRM-223): 126. Translating cellView lf11is/Contact/layout as STRUCTURE Contact_CDNS_7858497504641.
INFO (XSTRM-223): 127. Translating cellView lf11is/Contact/layout as STRUCTURE Contact_CDNS_7858497504642.
INFO (XSTRM-223): 128. Translating cellView lf11is/AbutContact/layout as STRUCTURE AbutContact_CDNS_7858497504643.
INFO (XSTRM-223): 129. Translating cellView lf11is/pmos1v2hvt_4/layout as STRUCTURE pmos1v2hvt_4_CDNS_7858497504639.
INFO (XSTRM-223): 130. Translating cellView lf11is/Contact/layout as STRUCTURE Contact_CDNS_7858497504645.
INFO (XSTRM-223): 131. Translating cellView lf11is/AbutContact/layout as STRUCTURE AbutContact_CDNS_7858497504646.
INFO (XSTRM-223): 132. Translating cellView lf11is/nmos1v2hvt_4/layout as STRUCTURE nmos1v2hvt_4_CDNS_7858497504644.
INFO (XSTRM-223): 133. Translating cellView lf11is/Contact/layout as STRUCTURE Contact_CDNS_7858497504648.
INFO (XSTRM-223): 134. Translating cellView lf11is/nmos1v2hvt_4/layout as STRUCTURE nmos1v2hvt_4_CDNS_7858497504647.
INFO (XSTRM-223): 135. Translating cellView lf11is/Contact/layout as STRUCTURE Contact_CDNS_7858497504650.
INFO (XSTRM-223): 136. Translating cellView lf11is/Contact/layout as STRUCTURE Contact_CDNS_7858497504651.
INFO (XSTRM-223): 137. Translating cellView lf11is/AbutContact/layout as STRUCTURE AbutContact_CDNS_7858497504652.
INFO (XSTRM-223): 138. Translating cellView lf11is/nmos1v2hvt_4/layout as STRUCTURE nmos1v2hvt_4_CDNS_7858497504649.
INFO (XSTRM-223): 139. Translating cellView lf11is/Contact/layout as STRUCTURE Contact_CDNS_7858497504654.
INFO (XSTRM-223): 140. Translating cellView lf11is/pmos1v2hvt_4/layout as STRUCTURE pmos1v2hvt_4_CDNS_7858497504653.
INFO (XSTRM-223): 141. Translating cellView lf11is/AbutContact/layout as STRUCTURE AbutContact_CDNS_7858497504656.
INFO (XSTRM-223): 142. Translating cellView lf11is/pmos1v2hvt_4/layout as STRUCTURE pmos1v2hvt_4_CDNS_7858497504655.
INFO (XSTRM-223): 143. Translating cellView lf11is/Contact/layout as STRUCTURE Contact_CDNS_7858497504658.
INFO (XSTRM-223): 144. Translating cellView lf11is/AbutContact/layout as STRUCTURE AbutContact_CDNS_7858497504659.
INFO (XSTRM-223): 145. Translating cellView lf11is/pmos1v2hvt_4/layout as STRUCTURE pmos1v2hvt_4_CDNS_7858497504657.
INFO (XSTRM-223): 146. Translating cellView lf11is/pmos1v2hvt_4/layout as STRUCTURE pmos1v2hvt_4_CDNS_7858497504660.
INFO (XSTRM-223): 147. Translating cellView lf11is/pmos1v2hvt_4/layout as STRUCTURE pmos1v2hvt_4_CDNS_7858497504661.
INFO (XSTRM-223): 148. Translating cellView lf11is/Contact/layout as STRUCTURE Contact_CDNS_7858497504663.
INFO (XSTRM-223): 149. Translating cellView lf11is/Contact/layout as STRUCTURE Contact_CDNS_7858497504664.
INFO (XSTRM-223): 150. Translating cellView lf11is/AbutContact/layout as STRUCTURE AbutContact_CDNS_7858497504665.
INFO (XSTRM-223): 151. Translating cellView lf11is/nmos1v2hvt_4/layout as STRUCTURE nmos1v2hvt_4_CDNS_7858497504662.
INFO (XSTRM-223): 152. Translating cellView REF_GEN/BG_STARTUP_fL2/layout as STRUCTURE BG_STARTUP_fL2.
INFO (XSTRM-223): 153. Translating cellView lf11is/AbutContact/layout as STRUCTURE AbutContact_CDNS_7858497504667.
INFO (XSTRM-223): 154. Translating cellView lf11is/nmos1v2hvt_4/layout as STRUCTURE nmos1v2hvt_4_CDNS_7858497504666.
INFO (XSTRM-223): 155. Translating cellView lf11is/rnpolyh/layout as STRUCTURE rnpolyh_CDNS_7858497504668.
INFO (XSTRM-223): 156. Translating cellView lf11is/rnpolyh/layout as STRUCTURE rnpolyh_CDNS_7858497504669.
INFO (XSTRM-223): 157. Translating cellView lf11is/rnpolyh/layout as STRUCTURE rnpolyh_CDNS_7858497504670.
INFO (XSTRM-223): 158. Translating cellView lf11is/rnpolyh/layout as STRUCTURE rnpolyh_CDNS_7858497504671.
INFO (XSTRM-223): 159. Translating cellView REF_GEN/trim_res_bg_2_fL/layout as STRUCTURE trim_res_bg_2_fL.
INFO (XSTRM-223): 160. Translating cellView lf11is/rnpolyh/layout as STRUCTURE rnpolyh_CDNS_7858497504672.
INFO (XSTRM-223): 161. Translating cellView REF_GEN/trim_res_bg_sl_fL/layout as STRUCTURE trim_res_bg_sl_fL.
INFO (XSTRM-223): 162. Translating cellView lf11is/Contact/layout as STRUCTURE Contact_CDNS_7858497504674.
INFO (XSTRM-223): 163. Translating cellView lf11is/pmos1v2hvt_4/layout as STRUCTURE pmos1v2hvt_4_CDNS_7858497504673.
INFO (XSTRM-223): 164. Translating cellView lf11is/Contact/layout as STRUCTURE Contact_CDNS_7858497504676.
INFO (XSTRM-223): 165. Translating cellView lf11is/pmos1v2hvt_4/layout as STRUCTURE pmos1v2hvt_4_CDNS_7858497504675.
INFO (XSTRM-223): 166. Translating cellView lf11is/Contact/layout as STRUCTURE Contact_CDNS_7858497504678.
INFO (XSTRM-223): 167. Translating cellView lf11is/pmos1v2hvt_4/layout as STRUCTURE pmos1v2hvt_4_CDNS_7858497504677.
INFO (XSTRM-223): 168. Translating cellView lf11is/Contact/layout as STRUCTURE Contact_CDNS_7858497504680.
INFO (XSTRM-223): 169. Translating cellView lf11is/Contact/layout as STRUCTURE Contact_CDNS_7858497504681.
INFO (XSTRM-223): 170. Translating cellView lf11is/AbutContact/layout as STRUCTURE AbutContact_CDNS_7858497504682.
INFO (XSTRM-223): 171. Translating cellView lf11is/pmos1v2hvt_4/layout as STRUCTURE pmos1v2hvt_4_CDNS_7858497504679.
INFO (XSTRM-223): 172. Translating cellView lf11is/Contact/layout as STRUCTURE Contact_CDNS_7858497504684.
INFO (XSTRM-223): 173. Translating cellView lf11is/nmos1v2hvt_4/layout as STRUCTURE nmos1v2hvt_4_CDNS_7858497504683.
INFO (XSTRM-223): 174. Translating cellView lf11is/Contact/layout as STRUCTURE Contact_CDNS_7858497504686.
INFO (XSTRM-223): 175. Translating cellView lf11is/AbutContact/layout as STRUCTURE AbutContact_CDNS_7858497504687.
INFO (XSTRM-223): 176. Translating cellView lf11is/pmos1v2hvt_4/layout as STRUCTURE pmos1v2hvt_4_CDNS_7858497504685.
INFO (XSTRM-223): 177. Translating cellView lf11is/Contact/layout as STRUCTURE Contact_CDNS_7858497504689.
INFO (XSTRM-223): 178. Translating cellView lf11is/Contact/layout as STRUCTURE Contact_CDNS_7858497504690.
INFO (XSTRM-223): 179. Translating cellView lf11is/nmos1v2hvt_4/layout as STRUCTURE nmos1v2hvt_4_CDNS_7858497504688.
INFO (XSTRM-223): 180. Translating cellView lf11is/Contact/layout as STRUCTURE Contact_CDNS_7858497504692.
INFO (XSTRM-223): 181. Translating cellView lf11is/Contact/layout as STRUCTURE Contact_CDNS_7858497504693.
INFO (XSTRM-223): 182. Translating cellView lf11is/Contact/layout as STRUCTURE Contact_CDNS_7858497504694.
INFO (XSTRM-223): 183. Translating cellView lf11is/AbutContact/layout as STRUCTURE AbutContact_CDNS_7858497504695.
INFO (XSTRM-223): 184. Translating cellView lf11is/AbutContact/layout as STRUCTURE AbutContact_CDNS_7858497504696.
INFO (XSTRM-223): 185. Translating cellView lf11is/AbutContact/layout as STRUCTURE AbutContact_CDNS_7858497504697.
INFO (XSTRM-223): 186. Translating cellView lf11is/AbutContact/layout as STRUCTURE AbutContact_CDNS_7858497504698.
INFO (XSTRM-223): 187. Translating cellView lf11is/Contact/layout as STRUCTURE Contact_CDNS_7858497504699.
INFO (XSTRM-223): 188. Translating cellView lf11is/pnp5ux5u/layout as STRUCTURE pnp5ux5u_CDNS_7858497504691.
INFO (XSTRM-223): 189. Translating cellView lf11is/pnp5ux5u/layout as STRUCTURE pnp5ux5u_CDNS_78584975046100.
INFO (XSTRM-223): 190. Translating cellView lf11is/pnp5ux5u/layout as STRUCTURE pnp5ux5u_CDNS_78584975046101.
INFO (XSTRM-223): 191. Translating cellView REF_GEN/BG_PNP_array/layout as STRUCTURE BG_PNP_array.
INFO (XSTRM-223): 192. Translating cellView lf11is/Contact/layout as STRUCTURE Contact_CDNS_78584975046103.
INFO (XSTRM-223): 193. Translating cellView lf11is/pmos1v2hvt_4/layout as STRUCTURE pmos1v2hvt_4_CDNS_78584975046102.
INFO (XSTRM-223): 194. Translating cellView REF_GEN/BG_TRIM_4_fL/layout as STRUCTURE BG_TRIM_4_fL.
INFO (XSTRM-223): 195. Translating cellView AnaCommon/LS/layout as STRUCTURE LS.
INFO (XSTRM-223): 196. Translating cellView REF_GEN/LS2/layout as STRUCTURE LS2.
INFO (XSTRM-223): 197. Translating cellView REF_GEN/LS3/layout as STRUCTURE LS3.
INFO (XSTRM-223): 198. Translating cellView AnaCommon/Tsw/layout as STRUCTURE Tsw.
INFO (XSTRM-223): 199. Translating stdVia lf11is/M1_M2/layout as STRUCTURE M1_M2_CDNS_7858497504683.
INFO (XSTRM-223): 200. Translating cellView Si3/NO2/layout as STRUCTURE NO2.
INFO (XSTRM-223): 201. Translating cellView lf11is/Contact/layout as STRUCTURE Contact_CDNS_78584975046105.
INFO (XSTRM-223): 202. Translating cellView lf11is/pmos1v2hvt_4/layout as STRUCTURE pmos1v2hvt_4_CDNS_78584975046104.
INFO (XSTRM-223): 203. Translating cellView Si3/IN/layout as STRUCTURE IN.
INFO (XSTRM-223): 204. Translating cellView lf11is/nmos1v2hvt_4/layout as STRUCTURE nmos1v2hvt_4_CDNS_78584975046106.
INFO (XSTRM-223): 205. Translating cellView lf11is/pmos1v2hvt_4/layout as STRUCTURE pmos1v2hvt_4_CDNS_78584975046107.
INFO (XSTRM-223): 206. Translating cellView lf11is/nmos1v2hvt_4/layout as STRUCTURE nmos1v2hvt_4_CDNS_78584975046108.
INFO (XSTRM-223): 207. Translating cellView Si3/NA3/layout as STRUCTURE NA3.
INFO (XSTRM-223): 208. Translating cellView lf11is/pmos1v2hvt_4/layout as STRUCTURE pmos1v2hvt_4_CDNS_78584975046109.
INFO (XSTRM-223): 209. Translating cellView lf11is/pmos1v2hvt_4/layout as STRUCTURE pmos1v2hvt_4_CDNS_78584975046110.
INFO (XSTRM-223): 210. Translating cellView lf11is/nmos1v2hvt_4/layout as STRUCTURE nmos1v2hvt_4_CDNS_78584975046111.
INFO (XSTRM-223): 211. Translating cellView REF_GEN/3to8DeMuxSel/layout as STRUCTURE 3to8DeMuxSel.
INFO (XSTRM-236): A path with a rounded extension, an acute angle or a length segment less than half width is encountered at (9460, 440). This path will be written as a boundary record in the GDS file.
INFO (XSTRM-223): 212. Translating stdVia lf11is/M1_M2/layout as STRUCTURE M1_M2_CDNS_7858497504684.
INFO (XSTRM-223): 213. Translating stdVia lf11is/M1_M2/layout as STRUCTURE M1_M2_CDNS_7858497504685.
INFO (XSTRM-223): 214. Translating stdVia lf11is/M1_M2/layout as STRUCTURE M1_M2_CDNS_7858497504686.
INFO (XSTRM-223): 215. Translating stdVia lf11is/M1_M2/layout as STRUCTURE M1_M2_CDNS_7858497504687.
INFO (XSTRM-223): 216. Translating cellView lf11is/pmos1v2hvt_4/layout as STRUCTURE pmos1v2hvt_4_CDNS_78584975046112.
INFO (XSTRM-223): 217. Translating cellView lf11is/pmos1v2hvt_4/layout as STRUCTURE pmos1v2hvt_4_CDNS_78584975046113.
INFO (XSTRM-223): 218. Translating cellView lf11is/nmos1v2hvt_4/layout as STRUCTURE nmos1v2hvt_4_CDNS_78584975046114.
INFO (XSTRM-223): 219. Translating cellView lf11is/nmos1v2hvt_4/layout as STRUCTURE nmos1v2hvt_4_CDNS_78584975046115.
INFO (XSTRM-223): 220. Translating cellView REF_GEN/mux2_1_fL/layout as STRUCTURE mux2_1_fL.
INFO (XSTRM-223): 221. Translating stdVia lf11is/M2_M3/layout as STRUCTURE M2_M3_CDNS_7858497504688.
INFO (XSTRM-223): 222. Translating stdVia lf11is/M2_M3/layout as STRUCTURE M2_M3_CDNS_7858497504689.
INFO (XSTRM-223): 223. Translating stdVia lf11is/M1_M2/layout as STRUCTURE M1_M2_CDNS_7858497504690.
INFO (XSTRM-223): 224. Translating stdVia lf11is/M2_M3/layout as STRUCTURE M2_M3_CDNS_7858497504691.
INFO (XSTRM-223): 225. Translating stdVia lf11is/M1_M2/layout as STRUCTURE M1_M2_CDNS_7858497504692.
INFO (XSTRM-223): 226. Translating stdVia lf11is/M1_M2/layout as STRUCTURE M1_M2_CDNS_7858497504693.
INFO (XSTRM-223): 227. Translating stdVia lf11is/M1_M2/layout as STRUCTURE M1_M2_CDNS_7858497504694.
INFO (XSTRM-223): 228. Translating cellView lf11is/pmos1v2hvt_4/layout as STRUCTURE pmos1v2hvt_4_CDNS_78584975046116.
INFO (XSTRM-223): 229. Translating cellView lf11is/pmos1v2hvt_4/layout as STRUCTURE pmos1v2hvt_4_CDNS_78584975046117.
INFO (XSTRM-223): 230. Translating cellView lf11is/rnpolym/layout as STRUCTURE rnpolym_CDNS_78584975046118.
INFO (XSTRM-223): 231. Translating cellView lf11is/rnpolym/layout as STRUCTURE rnpolym_CDNS_78584975046119.
INFO (XSTRM-223): 232. Translating cellView lf11is/rnpolym/layout as STRUCTURE rnpolym_CDNS_78584975046120.
INFO (XSTRM-223): 233. Translating cellView lf11is/rnpolym/layout as STRUCTURE rnpolym_CDNS_78584975046121.
INFO (XSTRM-223): 234. Translating cellView lf11is/rnpolym/layout as STRUCTURE rnpolym_CDNS_78584975046122.
INFO (XSTRM-223): 235. Translating cellView lf11is/pmos1v2hvt_4/layout as STRUCTURE pmos1v2hvt_4_CDNS_78584975046123.
INFO (XSTRM-223): 236. Translating cellView REF_GEN/mux8_1p_fL/layout as STRUCTURE mux8_1p_fL.
INFO (XSTRM-223): 237. Translating cellView lf11is/rnpolym/layout as STRUCTURE rnpolym_CDNS_78584975046124.
INFO (XSTRM-223): 238. Translating cellView REF_GEN/trim_res_rnpolyn_2_fL/layout as STRUCTURE trim_res_rnpolyn_2_fL.
INFO (XSTRM-223): 239. Translating cellView REF_GEN/trim_res_array_rn_2_fL/layout as STRUCTURE trim_res_array_rn_2_fL.
INFO (XSTRM-223): 240. Translating cellView lf11is/pmos1v2hvt_4/layout as STRUCTURE pmos1v2hvt_4_CDNS_78584975046125.
INFO (XSTRM-223): 241. Translating cellView Si3/IN2/layout as STRUCTURE IN2.
INFO (XSTRM-223): 242. Translating cellView REF_GEN/inv8_fL/layout as STRUCTURE inv8_fL.
INFO (XSTRM-223): 243. Translating cellView lf11is/Contact/layout as STRUCTURE Contact_CDNS_78584975046127.
INFO (XSTRM-223): 244. Translating cellView lf11is/Contact/layout as STRUCTURE Contact_CDNS_78584975046128.
INFO (XSTRM-223): 245. Translating cellView lf11is/pmos1v2hvt_4/layout as STRUCTURE pmos1v2hvt_4_CDNS_78584975046126.
INFO (XSTRM-223): 246. Translating cellView lf11is/rnpolym/layout as STRUCTURE rnpolym_CDNS_78584975046129.
INFO (XSTRM-223): 247. Translating cellView lf11is/nmos1v2hvt_4/layout as STRUCTURE nmos1v2hvt_4_CDNS_78584975046130.
INFO (XSTRM-223): 248. Translating cellView lf11is/Contact/layout as STRUCTURE Contact_CDNS_78584975046132.
INFO (XSTRM-223): 249. Translating cellView lf11is/Contact/layout as STRUCTURE Contact_CDNS_78584975046133.
INFO (XSTRM-223): 250. Translating cellView lf11is/nmos1v2hvt_4/layout as STRUCTURE nmos1v2hvt_4_CDNS_78584975046131.
INFO (XSTRM-223): 251. Translating cellView lf11is/pmos1v2hvt_4/layout as STRUCTURE pmos1v2hvt_4_CDNS_78584975046134.
INFO (XSTRM-223): 252. Translating cellView lf11is/Contact/layout as STRUCTURE Contact_CDNS_78584975046136.
INFO (XSTRM-223): 253. Translating cellView lf11is/AbutContact/layout as STRUCTURE AbutContact_CDNS_78584975046137.
INFO (XSTRM-223): 254. Translating cellView lf11is/nmos1v2hvt_4/layout as STRUCTURE nmos1v2hvt_4_CDNS_78584975046135.
INFO (XSTRM-223): 255. Translating cellView lf11is/rnpolym/layout as STRUCTURE rnpolym_CDNS_78584975046138.
INFO (XSTRM-223): 256. Translating cellView lf11is/Contact/layout as STRUCTURE Contact_CDNS_78584975046140.
INFO (XSTRM-223): 257. Translating cellView lf11is/AbutContact/layout as STRUCTURE AbutContact_CDNS_78584975046141.
INFO (XSTRM-223): 258. Translating cellView lf11is/pmos1v2hvt_4/layout as STRUCTURE pmos1v2hvt_4_CDNS_78584975046139.
INFO (XSTRM-223): 259. Translating cellView lf11is/Contact/layout as STRUCTURE Contact_CDNS_78584975046143.
INFO (XSTRM-223): 260. Translating cellView lf11is/pmos1v2hvt_4/layout as STRUCTURE pmos1v2hvt_4_CDNS_78584975046142.
INFO (XSTRM-223): 261. Translating cellView lf11is/Contact/layout as STRUCTURE Contact_CDNS_78584975046145.
INFO (XSTRM-223): 262. Translating cellView lf11is/pmos1v2hvt_4/layout as STRUCTURE pmos1v2hvt_4_CDNS_78584975046144.
INFO (XSTRM-223): 263. Translating cellView REF_GEN/REF_V5_fLC/layout as STRUCTURE REF_V5_fLC.
INFO (XSTRM-223): 264. Translating cellView REF_GEN/LS1/layout as STRUCTURE LS1.
INFO (XSTRM-223): 265. Translating cellView lf11is/RectC/layout as STRUCTURE RectC_CDNS_78584975046148.
INFO (XSTRM-223): 266. Translating cellView lf11is/ArrayInstContact/layout as STRUCTURE ArrayInstContact_CDNS_78584975046147.
INFO (XSTRM-223): 267. Translating cellView lf11is/dnppw1v2/layout as STRUCTURE dnppw1v2_CDNS_78584975046146.
INFO (XSTRM-223): 268. Translating cellView REF_GEN/REF_GEN_fL_2/layout as STRUCTURE REF_GEN_fL_2.

Summary of Objects Translated:
	Scalar Instances:                       1870
	Array Instances:                        1
	Polygons:                               116
	Paths:                                  51
	Rectangles:                             22742
	Lines:                                  0
	Arcs:                                   0
	Donuts:                                 0
	Dots:                                   0
	Ellipses:                               0
	Boundaries:                             0
	Area Blockages:                         0
	Layer Blockages:                        0
	Area Halos:                             0
	Markers:                                0
	Rows:                                   0
	Standard Vias                           1292
	Custom Vias:                            0
	CdsGen Vias:                            0
	Pathsegs:                               3508
	Text:                                   338
	TextDisplay:                            0
	Cells:                                  268

Elapsed Time: 1.7s   User Time: 1.6s   CPU Time: 0.1s   Peak VM: 49640KB
INFO (XSTRM-234): Translation completed. '0' error(s) and '1' warning(s) found.
