Virtuoso Framework License (111) was checked out successfully. Total checkout time was 0.01s.

Running simulation in directory: "/home/saul/projects/LF_BG/pvsRunLVS/REF_GEN/REF_GEN_fL_2/".

*WARNING* The directory: '/opt/pdk/lf11/PDK_LF11ISi_V1_3_2/tools/setup/$ASSURAHOME/tools/assura/etc/avtech/avTech' does not exist
	but was defined in libFile '/opt/pdk/lf11/PDK_LF11ISi_V1_3_2/tools/setup/cds.lib' for Lib 'avTech'.
*WARNING* The directory: '/opt/pdk/lf11/PDK_LF11ISi_V1_3_2/tools/setup/$ASSURAHOME/tools/assura/etc/avtech/avTech' does not exist
	but was defined in libFile '/opt/pdk/lf11/PDK_LF11ISi_V1_3_2/tools/setup/cds.lib' for Lib 'avTech'.
*LF-INFO* Loading lf11is:/opt/pdk/lf11/PDK_LF11ISi_V1_3_2/analog/callbacks/lf11is_cdfCbks.il   done
*LF-INFO* lf11is libInit.il loaded successfully. 
Loading hnlInit.cxt 
Running Artist Hierarchical Netlisting ...
*WARNING* (DB-220704): The Pcell super master 'lf11is/rnpolyh/schematic' is not a SKILL super master.
                       The usage of non-SKILL Pcells in Virtuoso is not a supported feature.
Loading cdf.cxt 
WARNING (AUCDL-42): Terminal IN1 appearing in CDF termOrder for 
		component   : LS1
		in cellview : schematic
		of library  : REF_GEN
is either invalid or duplicated. CDF termOrder for this component will be ignored.
Ensure that termOrder matches actual terminals in cellview and re-netlist to reflect any change in termOrder.
Nets will be printed in default terminal order for this component.

WARNING (AUCDL-42): Terminal D0N appearing in CDF termOrder for 
		component   : 3to8DeMuxSel
		in cellview : schematic
		of library  : REF_GEN
is either invalid or duplicated. CDF termOrder for this component will be ignored.
Ensure that termOrder matches actual terminals in cellview and re-netlist to reflect any change in termOrder.
Nets will be printed in default terminal order for this component.

WARNING (AUCDL-42): Terminal IN2 appearing in CDF termOrder for 
		component   : LS2
		in cellview : schematic
		of library  : REF_GEN
is either invalid or duplicated. CDF termOrder for this component will be ignored.
Ensure that termOrder matches actual terminals in cellview and re-netlist to reflect any change in termOrder.
Nets will be printed in default terminal order for this component.

End netlisting Aug  4 13:22:32 2026

Running simin

Running runSim()...


Running runsim with simulator: "auCdl"
Begin simulation:    Aug  4 13:22:32 2026

auCdl netlisting completed
End simulation:      Aug  4 13:22:32 2026
INFO (AUCDL-21): (Analog) CDL netlisting completed successfully.