********************************************************************************
Product   : Virtuoso(R) XStream Out
Program   : @(#)$CDS: strmout version 6.1.8-64b 09/03/2024 18:58 (sjfhw317) $
          : sub-version  IC6.1.8-64b.500.36 
Started at: 04-Aug-2026  13:20:18
User Name : saul
Host Name : edatools
Directory : /home/saul/projects/LF_BG
CADENCE Design Systems, Inc.
********************************************************************************
Info: Cellview Rev Num:99,  Tech Rev Num:59

WARNING (XSTRM-20): Output Stream file '/home/saul/projects/LF_BG/pvsRunDRC/REF_GEN/REF_GEN_fL_2/REF_GEN_fL_2.gds' already exists. It will be overwritten.
INFO (XSTRM-217): Reading the layer map file, /opt/pdk/lf11/PDK_LF11ISi_V1_3_2/analog/libraries/6metal/lf11is/lf11is.layermap
INFO (XSTRM-162): You have not used the '-viaMap' option. If the OpenAccess design has native oaVia instances, use the '-viaMap' option for preserving oaVia instances in a XStream Out - XStream In round trip. Using the '-viaMap' option improves performance and VM usage of applications using the Streamed-In design.

Summary of Options :
library                                 REF_GEN
strmFile                                /home/saul/projects/LF_BG/pvsRunDRC/REF_GEN/REF_GEN_fL_2/REF_GEN_fL_2.gds
topCell                                 REF_GEN_fL_2
view                                    layout
runDir                                  /home/saul/projects/LF_BG/pvsRunDRC/REF_GEN/REF_GEN_fL_2
logFile                                 /home/saul/projects/LF_BG/pvsRunDRC/REF_GEN/REF_GEN_fL_2/PIPO1.LOG
techLib                                 lf11is
hierDepth                               32
maxVertices                             2048
layerMap                                /opt/pdk/lf11/PDK_LF11ISi_V1_3_2/analog/libraries/6metal/lf11is/lf11is.layermap
userSkillFile                           /home/saul/projects/LF_BG/pvsRunDRC/REF_GEN/REF_GEN_fL_2/strmout.il
labelDepth                              32
case                                    Preserve
convertDot                              node

INFO (XSTRM-223): 1. Translating stdVia lf11is/M1_M2/layout as STRUCTURE M1_M2_CDNS_785849618960.
INFO (XSTRM-223): 2. Translating stdVia lf11is/M1_M2/layout as STRUCTURE M1_M2_CDNS_785849618961.
INFO (XSTRM-223): 3. Translating stdVia lf11is/M1_M2/layout as STRUCTURE M1_M2_CDNS_785849618962.
INFO (XSTRM-223): 4. Translating stdVia lf11is/M2_M3/layout as STRUCTURE M2_M3_CDNS_785849618963.
INFO (XSTRM-223): 5. Translating stdVia lf11is/M2_M3/layout as STRUCTURE M2_M3_CDNS_785849618964.
INFO (XSTRM-223): 6. Translating stdVia lf11is/M2_M3/layout as STRUCTURE M2_M3_CDNS_785849618965.
INFO (XSTRM-223): 7. Translating stdVia lf11is/M1_M2/layout as STRUCTURE M1_M2_CDNS_785849618966.
INFO (XSTRM-223): 8. Translating stdVia lf11is/M1_M2/layout as STRUCTURE M1_M2_CDNS_785849618967.
INFO (XSTRM-223): 9. Translating stdVia lf11is/M2_M3/layout as STRUCTURE M2_M3_CDNS_785849618968.
INFO (XSTRM-223): 10. Translating stdVia lf11is/M1_M2/layout as STRUCTURE M1_M2_CDNS_785849618969.
INFO (XSTRM-223): 11. Translating stdVia lf11is/M2_M3/layout as STRUCTURE M2_M3_CDNS_7858496189610.
INFO (XSTRM-223): 12. Translating stdVia lf11is/M2_M3/layout as STRUCTURE M2_M3_CDNS_7858496189611.
INFO (XSTRM-223): 13. Translating stdVia lf11is/M2_M3/layout as STRUCTURE M2_M3_CDNS_7858496189612.
INFO (XSTRM-223): 14. Translating stdVia lf11is/M2_M3/layout as STRUCTURE M2_M3_CDNS_7858496189613.
INFO (XSTRM-223): 15. Translating stdVia lf11is/M1_M2/layout as STRUCTURE M1_M2_CDNS_7858496189614.
INFO (XSTRM-223): 16. Translating stdVia lf11is/M2_M3/layout as STRUCTURE M2_M3_CDNS_7858496189615.
INFO (XSTRM-223): 17. Translating stdVia lf11is/M1_M2/layout as STRUCTURE M1_M2_CDNS_7858496189616.
INFO (XSTRM-223): 18. Translating stdVia lf11is/M1_M2/layout as STRUCTURE M1_M2_CDNS_7858496189617.
INFO (XSTRM-223): 19. Translating stdVia lf11is/M2_M3/layout as STRUCTURE M2_M3_CDNS_7858496189618.
INFO (XSTRM-223): 20. Translating stdVia lf11is/M1_M2/layout as STRUCTURE M1_M2_CDNS_7858496189619.
INFO (XSTRM-223): 21. Translating stdVia lf11is/M1_M2/layout as STRUCTURE M1_M2_CDNS_7858496189620.
INFO (XSTRM-223): 22. Translating stdVia lf11is/M2_M3/layout as STRUCTURE M2_M3_CDNS_7858496189621.
INFO (XSTRM-223): 23. Translating stdVia lf11is/M1_M2/layout as STRUCTURE M1_M2_CDNS_7858496189622.
INFO (XSTRM-223): 24. Translating stdVia lf11is/M2_M3/layout as STRUCTURE M2_M3_CDNS_7858496189623.
INFO (XSTRM-223): 25. Translating stdVia lf11is/M1_M2/layout as STRUCTURE M1_M2_CDNS_7858496189624.
INFO (XSTRM-223): 26. Translating stdVia lf11is/M2_M3/layout as STRUCTURE M2_M3_CDNS_7858496189625.
INFO (XSTRM-223): 27. Translating stdVia lf11is/M2_M3/layout as STRUCTURE M2_M3_CDNS_7858496189626.
INFO (XSTRM-223): 28. Translating stdVia lf11is/M2_M3/layout as STRUCTURE M2_M3_CDNS_7858496189627.
INFO (XSTRM-223): 29. Translating stdVia lf11is/M1_M2/layout as STRUCTURE M1_M2_CDNS_7858496189628.
INFO (XSTRM-223): 30. Translating stdVia lf11is/M1_M2/layout as STRUCTURE M1_M2_CDNS_7858496189629.
INFO (XSTRM-223): 31. Translating stdVia lf11is/M2_M3/layout as STRUCTURE M2_M3_CDNS_7858496189630.
INFO (XSTRM-223): 32. Translating stdVia lf11is/PG_M1/layout as STRUCTURE PG_M1_CDNS_7858496189631.
INFO (XSTRM-223): 33. Translating stdVia lf11is/M1_M2/layout as STRUCTURE M1_M2_CDNS_7858496189632.
INFO (XSTRM-223): 34. Translating stdVia lf11is/M1_M2/layout as STRUCTURE M1_M2_CDNS_7858496189633.
INFO (XSTRM-223): 35. Translating stdVia lf11is/M2_M3/layout as STRUCTURE M2_M3_CDNS_7858496189634.
INFO (XSTRM-223): 36. Translating stdVia lf11is/M1_M2/layout as STRUCTURE M1_M2_CDNS_7858496189635.
INFO (XSTRM-223): 37. Translating stdVia lf11is/M2_M3/layout as STRUCTURE M2_M3_CDNS_7858496189636.
INFO (XSTRM-223): 38. Translating stdVia lf11is/M2_M3/layout as STRUCTURE M2_M3_CDNS_7858496189637.
INFO (XSTRM-223): 39. Translating cellView lf11is/Contact/layout as STRUCTURE Contact_CDNS_785849618961.
INFO (XSTRM-223): 40. Translating cellView lf11is/Contact/layout as STRUCTURE Contact_CDNS_785849618962.
INFO (XSTRM-223): 41. Translating cellView lf11is/Contact/layout as STRUCTURE Contact_CDNS_785849618963.
INFO (XSTRM-223): 42. Translating cellView lf11is/AbutContact/layout as STRUCTURE AbutContact_CDNS_785849618964.
INFO (XSTRM-223): 43. Translating cellView lf11is/nmos1v2hvt_4/layout as STRUCTURE nmos1v2hvt_4_CDNS_785849618960.
INFO (XSTRM-223): 44. Translating cellView lf11is/AbutContact/layout as STRUCTURE AbutContact_CDNS_785849618966.
INFO (XSTRM-223): 45. Translating cellView lf11is/Contact/layout as STRUCTURE Contact_CDNS_785849618967.
INFO (XSTRM-223): 46. Translating cellView lf11is/nmos1v2hvt_4/layout as STRUCTURE nmos1v2hvt_4_CDNS_785849618965.
INFO (XSTRM-223): 47. Translating cellView lf11is/Contact/layout as STRUCTURE Contact_CDNS_785849618969.
INFO (XSTRM-223): 48. Translating cellView lf11is/AbutContact/layout as STRUCTURE AbutContact_CDNS_7858496189610.
INFO (XSTRM-223): 49. Translating cellView lf11is/nmos1v2hvt_4/layout as STRUCTURE nmos1v2hvt_4_CDNS_785849618968.
INFO (XSTRM-223): 50. Translating cellView lf11is/Contact/layout as STRUCTURE Contact_CDNS_7858496189612.
INFO (XSTRM-223): 51. Translating cellView lf11is/AbutContact/layout as STRUCTURE AbutContact_CDNS_7858496189613.
INFO (XSTRM-223): 52. Translating cellView lf11is/pmos1v2hvt_4/layout as STRUCTURE pmos1v2hvt_4_CDNS_7858496189611.
INFO (XSTRM-223): 53. Translating cellView lf11is/AbutContact/layout as STRUCTURE AbutContact_CDNS_7858496189615.
INFO (XSTRM-223): 54. Translating cellView lf11is/pmos1v2hvt_4/layout as STRUCTURE pmos1v2hvt_4_CDNS_7858496189614.
INFO (XSTRM-223): 55. Translating cellView lf11is/nmos1v2hvt_4/layout as STRUCTURE nmos1v2hvt_4_CDNS_7858496189616.
INFO (XSTRM-223): 56. Translating cellView lf11is/Contact/layout as STRUCTURE Contact_CDNS_7858496189618.
INFO (XSTRM-223): 57. Translating cellView lf11is/pmos1v2hvt_4/layout as STRUCTURE pmos1v2hvt_4_CDNS_7858496189617.
INFO (XSTRM-223): 58. Translating cellView lf11is/AbutContact/layout as STRUCTURE AbutContact_CDNS_7858496189620.
INFO (XSTRM-223): 59. Translating cellView lf11is/nmos1v2hvt_4/layout as STRUCTURE nmos1v2hvt_4_CDNS_7858496189619.
INFO (XSTRM-223): 60. Translating cellView lf11is/AbutContact/layout as STRUCTURE AbutContact_CDNS_7858496189622.
INFO (XSTRM-223): 61. Translating cellView lf11is/pmos1v2hvt_4/layout as STRUCTURE pmos1v2hvt_4_CDNS_7858496189621.
INFO (XSTRM-223): 62. Translating cellView lf11is/Contact/layout as STRUCTURE Contact_CDNS_7858496189624.
INFO (XSTRM-223): 63. Translating cellView lf11is/Contact/layout as STRUCTURE Contact_CDNS_7858496189625.
INFO (XSTRM-223): 64. Translating cellView lf11is/ncap1v2hvt/layout as STRUCTURE ncap1v2hvt_CDNS_7858496189623.
INFO (XSTRM-223): 65. Translating cellView lf11is/Contact/layout as STRUCTURE Contact_CDNS_7858496189627.
INFO (XSTRM-223): 66. Translating cellView lf11is/rnpolym/layout as STRUCTURE rnpolym_CDNS_7858496189626.
INFO (XSTRM-223): 67. Translating cellView lf11is/pmos1v2hvt_4/layout as STRUCTURE pmos1v2hvt_4_CDNS_7858496189628.
INFO (XSTRM-223): 68. Translating cellView lf11is/Contact/layout as STRUCTURE Contact_CDNS_7858496189630.
INFO (XSTRM-223): 69. Translating cellView lf11is/AbutContact/layout as STRUCTURE AbutContact_CDNS_7858496189631.
INFO (XSTRM-223): 70. Translating cellView lf11is/pmos1v2hvt_4/layout as STRUCTURE pmos1v2hvt_4_CDNS_7858496189629.
INFO (XSTRM-223): 71. Translating cellView REF_GEN/CONSTANT_GM_2_fL/layout as STRUCTURE CONSTANT_GM_2_fL.
INFO (XSTRM-180): You have not used the '-objectMap' option. The design has instance(s) of at least one of following OpenAccess objects: oaBlockage, oaBoundary, oaRow, and oaMarker. Any information about these objects will not be translated into the generated stream file. Use the '-objectMap' option to translate/preserve these objects using XStream.
INFO (XSTRM-223): 72. Translating stdVia lf11is/M1_M2/layout as STRUCTURE M1_M2_CDNS_7858496189638.
INFO (XSTRM-223): 73. Translating stdVia lf11is/M1_M2/layout as STRUCTURE M1_M2_CDNS_7858496189639.
INFO (XSTRM-223): 74. Translating stdVia lf11is/M1_M2/layout as STRUCTURE M1_M2_CDNS_7858496189640.
INFO (XSTRM-223): 75. Translating stdVia lf11is/M1_M2/layout as STRUCTURE M1_M2_CDNS_7858496189641.
INFO (XSTRM-223): 76. Translating stdVia lf11is/M1_M2/layout as STRUCTURE M1_M2_CDNS_7858496189642.
INFO (XSTRM-223): 77. Translating stdVia lf11is/M2_M3/layout as STRUCTURE M2_M3_CDNS_7858496189643.
INFO (XSTRM-223): 78. Translating stdVia lf11is/M1_M2/layout as STRUCTURE M1_M2_CDNS_7858496189644.
INFO (XSTRM-223): 79. Translating stdVia lf11is/PG_M1/layout as STRUCTURE PG_M1_CDNS_7858496189645.
INFO (XSTRM-223): 80. Translating stdVia lf11is/M2_M3/layout as STRUCTURE M2_M3_CDNS_7858496189646.
INFO (XSTRM-223): 81. Translating stdVia lf11is/M2_M3/layout as STRUCTURE M2_M3_CDNS_7858496189647.
INFO (XSTRM-223): 82. Translating stdVia lf11is/M2_M3/layout as STRUCTURE M2_M3_CDNS_7858496189648.
INFO (XSTRM-223): 83. Translating stdVia lf11is/M1_M2/layout as STRUCTURE M1_M2_CDNS_7858496189649.
INFO (XSTRM-223): 84. Translating stdVia lf11is/PG_M1/layout as STRUCTURE PG_M1_CDNS_7858496189650.
INFO (XSTRM-223): 85. Translating stdVia lf11is/M2_M3/layout as STRUCTURE M2_M3_CDNS_7858496189651.
INFO (XSTRM-223): 86. Translating stdVia lf11is/M2_M3/layout as STRUCTURE M2_M3_CDNS_7858496189652.
INFO (XSTRM-223): 87. Translating stdVia lf11is/M1_M2/layout as STRUCTURE M1_M2_CDNS_7858496189653.
INFO (XSTRM-223): 88. Translating stdVia lf11is/M1_M2/layout as STRUCTURE M1_M2_CDNS_7858496189654.
INFO (XSTRM-223): 89. Translating stdVia lf11is/M1_M2/layout as STRUCTURE M1_M2_CDNS_7858496189655.
INFO (XSTRM-223): 90. Translating stdVia lf11is/M1_M2/layout as STRUCTURE M1_M2_CDNS_7858496189656.
INFO (XSTRM-223): 91. Translating stdVia lf11is/M2_M3/layout as STRUCTURE M2_M3_CDNS_7858496189657.
INFO (XSTRM-223): 92. Translating stdVia lf11is/M1_M2/layout as STRUCTURE M1_M2_CDNS_7858496189658.
INFO (XSTRM-223): 93. Translating stdVia lf11is/M2_M3/layout as STRUCTURE M2_M3_CDNS_7858496189659.
INFO (XSTRM-223): 94. Translating stdVia lf11is/M1_M2/layout as STRUCTURE M1_M2_CDNS_7858496189660.
INFO (XSTRM-223): 95. Translating stdVia lf11is/M1_M2/layout as STRUCTURE M1_M2_CDNS_7858496189661.
INFO (XSTRM-223): 96. Translating stdVia lf11is/M2_M3/layout as STRUCTURE M2_M3_CDNS_7858496189662.
INFO (XSTRM-223): 97. Translating stdVia lf11is/M2_M3/layout as STRUCTURE M2_M3_CDNS_7858496189663.
INFO (XSTRM-223): 98. Translating stdVia lf11is/M1_M2/layout as STRUCTURE M1_M2_CDNS_7858496189664.
INFO (XSTRM-223): 99. Translating stdVia lf11is/M2_M3/layout as STRUCTURE M2_M3_CDNS_7858496189665.
INFO (XSTRM-223): 100. Translating stdVia lf11is/M1_M2/layout as STRUCTURE M1_M2_CDNS_7858496189666.
INFO (XSTRM-223): 101. Translating stdVia lf11is/M2_M3/layout as STRUCTURE M2_M3_CDNS_7858496189667.
INFO (XSTRM-223): 102. Translating stdVia lf11is/M5_MF/layout as STRUCTURE M5_MF_CDNS_7858496189668.
INFO (XSTRM-223): 103. Translating stdVia lf11is/M4_M5/layout as STRUCTURE M4_M5_CDNS_7858496189669.
INFO (XSTRM-223): 104. Translating stdVia lf11is/M3_M4/layout as STRUCTURE M3_M4_CDNS_7858496189670.
INFO (XSTRM-223): 105. Translating stdVia lf11is/M2_M3/layout as STRUCTURE M2_M3_CDNS_7858496189671.
INFO (XSTRM-223): 106. Translating stdVia lf11is/M5_MF/layout as STRUCTURE M5_MF_CDNS_7858496189672.
INFO (XSTRM-223): 107. Translating stdVia lf11is/M4_M5/layout as STRUCTURE M4_M5_CDNS_7858496189673.
INFO (XSTRM-223): 108. Translating stdVia lf11is/M3_M4/layout as STRUCTURE M3_M4_CDNS_7858496189674.
INFO (XSTRM-223): 109. Translating stdVia lf11is/M4_M5/layout as STRUCTURE M4_M5_CDNS_7858496189675.
INFO (XSTRM-223): 110. Translating stdVia lf11is/M3_M4/layout as STRUCTURE M3_M4_CDNS_7858496189676.
INFO (XSTRM-223): 111. Translating stdVia lf11is/M2_M3/layout as STRUCTURE M2_M3_CDNS_7858496189677.
INFO (XSTRM-223): 112. Translating stdVia lf11is/M1_M2/layout as STRUCTURE M1_M2_CDNS_7858496189678.
INFO (XSTRM-223): 113. Translating stdVia lf11is/M1_M2/layout as STRUCTURE M1_M2_CDNS_7858496189679.
INFO (XSTRM-223): 114. Translating cellView lf11is/cmims/layout as STRUCTURE cmims_CDNS_7858496189632.
INFO (XSTRM-223): 115. Translating cellView lf11is/AbutContact/layout as STRUCTURE AbutContact_CDNS_7858496189634.
INFO (XSTRM-223): 116. Translating cellView lf11is/pmos1v2hvt_4/layout as STRUCTURE pmos1v2hvt_4_CDNS_7858496189633.
INFO (XSTRM-223): 117. Translating cellView lf11is/rnpolyh/layout as STRUCTURE rnpolyh_CDNS_7858496189635.
INFO (XSTRM-223): 118. Translating cellView lf11is/Contact/layout as STRUCTURE Contact_CDNS_7858496189637.
INFO (XSTRM-223): 119. Translating cellView lf11is/nmos1v2hvt_4/layout as STRUCTURE nmos1v2hvt_4_CDNS_7858496189636.
INFO (XSTRM-223): 120. Translating cellView REF_GEN/mux8_1_fL/layout as STRUCTURE mux8_1_fL.
INFO (XSTRM-223): 121. Translating cellView lf11is/rnpolyh/layout as STRUCTURE rnpolyh_CDNS_7858496189638.
INFO (XSTRM-223): 122. Translating stdVia lf11is/M2_M3/layout as STRUCTURE M2_M3_CDNS_7858496189680.
INFO (XSTRM-223): 123. Translating stdVia lf11is/M1_M2/layout as STRUCTURE M1_M2_CDNS_7858496189681.
INFO (XSTRM-223): 124. Translating stdVia lf11is/PG_M1/layout as STRUCTURE PG_M1_CDNS_7858496189682.
INFO (XSTRM-223): 125. Translating cellView lf11is/Contact/layout as STRUCTURE Contact_CDNS_7858496189640.
INFO (XSTRM-223): 126. Translating cellView lf11is/Contact/layout as STRUCTURE Contact_CDNS_7858496189641.
INFO (XSTRM-223): 127. Translating cellView lf11is/Contact/layout as STRUCTURE Contact_CDNS_7858496189642.
INFO (XSTRM-223): 128. Translating cellView lf11is/AbutContact/layout as STRUCTURE AbutContact_CDNS_7858496189643.
INFO (XSTRM-223): 129. Translating cellView lf11is/pmos1v2hvt_4/layout as STRUCTURE pmos1v2hvt_4_CDNS_7858496189639.
INFO (XSTRM-223): 130. Translating cellView lf11is/Contact/layout as STRUCTURE Contact_CDNS_7858496189645.
INFO (XSTRM-223): 131. Translating cellView lf11is/AbutContact/layout as STRUCTURE AbutContact_CDNS_7858496189646.
INFO (XSTRM-223): 132. Translating cellView lf11is/nmos1v2hvt_4/layout as STRUCTURE nmos1v2hvt_4_CDNS_7858496189644.
INFO (XSTRM-223): 133. Translating cellView lf11is/Contact/layout as STRUCTURE Contact_CDNS_7858496189648.
INFO (XSTRM-223): 134. Translating cellView lf11is/nmos1v2hvt_4/layout as STRUCTURE nmos1v2hvt_4_CDNS_7858496189647.
INFO (XSTRM-223): 135. Translating cellView lf11is/Contact/layout as STRUCTURE Contact_CDNS_7858496189650.
INFO (XSTRM-223): 136. Translating cellView lf11is/Contact/layout as STRUCTURE Contact_CDNS_7858496189651.
INFO (XSTRM-223): 137. Translating cellView lf11is/AbutContact/layout as STRUCTURE AbutContact_CDNS_7858496189652.
INFO (XSTRM-223): 138. Translating cellView lf11is/nmos1v2hvt_4/layout as STRUCTURE nmos1v2hvt_4_CDNS_7858496189649.
INFO (XSTRM-223): 139. Translating cellView lf11is/Contact/layout as STRUCTURE Contact_CDNS_7858496189654.
INFO (XSTRM-223): 140. Translating cellView lf11is/pmos1v2hvt_4/layout as STRUCTURE pmos1v2hvt_4_CDNS_7858496189653.
INFO (XSTRM-223): 141. Translating cellView lf11is/AbutContact/layout as STRUCTURE AbutContact_CDNS_7858496189656.
INFO (XSTRM-223): 142. Translating cellView lf11is/pmos1v2hvt_4/layout as STRUCTURE pmos1v2hvt_4_CDNS_7858496189655.
INFO (XSTRM-223): 143. Translating cellView lf11is/Contact/layout as STRUCTURE Contact_CDNS_7858496189658.
INFO (XSTRM-223): 144. Translating cellView lf11is/AbutContact/layout as STRUCTURE AbutContact_CDNS_7858496189659.
INFO (XSTRM-223): 145. Translating cellView lf11is/pmos1v2hvt_4/layout as STRUCTURE pmos1v2hvt_4_CDNS_7858496189657.
INFO (XSTRM-223): 146. Translating cellView lf11is/pmos1v2hvt_4/layout as STRUCTURE pmos1v2hvt_4_CDNS_7858496189660.
INFO (XSTRM-223): 147. Translating cellView lf11is/pmos1v2hvt_4/layout as STRUCTURE pmos1v2hvt_4_CDNS_7858496189661.
INFO (XSTRM-223): 148. Translating cellView lf11is/Contact/layout as STRUCTURE Contact_CDNS_7858496189663.
INFO (XSTRM-223): 149. Translating cellView lf11is/Contact/layout as STRUCTURE Contact_CDNS_7858496189664.
INFO (XSTRM-223): 150. Translating cellView lf11is/AbutContact/layout as STRUCTURE AbutContact_CDNS_7858496189665.
INFO (XSTRM-223): 151. Translating cellView lf11is/nmos1v2hvt_4/layout as STRUCTURE nmos1v2hvt_4_CDNS_7858496189662.
INFO (XSTRM-223): 152. Translating cellView REF_GEN/BG_STARTUP_fL2/layout as STRUCTURE BG_STARTUP_fL2.
INFO (XSTRM-223): 153. Translating cellView lf11is/AbutContact/layout as STRUCTURE AbutContact_CDNS_7858496189667.
INFO (XSTRM-223): 154. Translating cellView lf11is/nmos1v2hvt_4/layout as STRUCTURE nmos1v2hvt_4_CDNS_7858496189666.
INFO (XSTRM-223): 155. Translating cellView lf11is/rnpolyh/layout as STRUCTURE rnpolyh_CDNS_7858496189668.
INFO (XSTRM-223): 156. Translating cellView lf11is/rnpolyh/layout as STRUCTURE rnpolyh_CDNS_7858496189669.
INFO (XSTRM-223): 157. Translating cellView lf11is/rnpolyh/layout as STRUCTURE rnpolyh_CDNS_7858496189670.
INFO (XSTRM-223): 158. Translating cellView lf11is/rnpolyh/layout as STRUCTURE rnpolyh_CDNS_7858496189671.
INFO (XSTRM-223): 159. Translating cellView REF_GEN/trim_res_bg_2_fL/layout as STRUCTURE trim_res_bg_2_fL.
INFO (XSTRM-223): 160. Translating cellView lf11is/rnpolyh/layout as STRUCTURE rnpolyh_CDNS_7858496189672.
INFO (XSTRM-223): 161. Translating cellView REF_GEN/trim_res_bg_sl_fL/layout as STRUCTURE trim_res_bg_sl_fL.
INFO (XSTRM-223): 162. Translating cellView lf11is/Contact/layout as STRUCTURE Contact_CDNS_7858496189674.
INFO (XSTRM-223): 163. Translating cellView lf11is/pmos1v2hvt_4/layout as STRUCTURE pmos1v2hvt_4_CDNS_7858496189673.
INFO (XSTRM-223): 164. Translating cellView lf11is/Contact/layout as STRUCTURE Contact_CDNS_7858496189676.
INFO (XSTRM-223): 165. Translating cellView lf11is/pmos1v2hvt_4/layout as STRUCTURE pmos1v2hvt_4_CDNS_7858496189675.
INFO (XSTRM-223): 166. Translating cellView lf11is/Contact/layout as STRUCTURE Contact_CDNS_7858496189678.
INFO (XSTRM-223): 167. Translating cellView lf11is/pmos1v2hvt_4/layout as STRUCTURE pmos1v2hvt_4_CDNS_7858496189677.
INFO (XSTRM-223): 168. Translating cellView lf11is/Contact/layout as STRUCTURE Contact_CDNS_7858496189680.
INFO (XSTRM-223): 169. Translating cellView lf11is/Contact/layout as STRUCTURE Contact_CDNS_7858496189681.
INFO (XSTRM-223): 170. Translating cellView lf11is/AbutContact/layout as STRUCTURE AbutContact_CDNS_7858496189682.
INFO (XSTRM-223): 171. Translating cellView lf11is/pmos1v2hvt_4/layout as STRUCTURE pmos1v2hvt_4_CDNS_7858496189679.
INFO (XSTRM-223): 172. Translating cellView lf11is/Contact/layout as STRUCTURE Contact_CDNS_7858496189684.
INFO (XSTRM-223): 173. Translating cellView lf11is/nmos1v2hvt_4/layout as STRUCTURE nmos1v2hvt_4_CDNS_7858496189683.
INFO (XSTRM-223): 174. Translating cellView lf11is/Contact/layout as STRUCTURE Contact_CDNS_7858496189686.
INFO (XSTRM-223): 175. Translating cellView lf11is/AbutContact/layout as STRUCTURE AbutContact_CDNS_7858496189687.
INFO (XSTRM-223): 176. Translating cellView lf11is/pmos1v2hvt_4/layout as STRUCTURE pmos1v2hvt_4_CDNS_7858496189685.
INFO (XSTRM-223): 177. Translating cellView lf11is/Contact/layout as STRUCTURE Contact_CDNS_7858496189689.
INFO (XSTRM-223): 178. Translating cellView lf11is/Contact/layout as STRUCTURE Contact_CDNS_7858496189690.
INFO (XSTRM-223): 179. Translating cellView lf11is/nmos1v2hvt_4/layout as STRUCTURE nmos1v2hvt_4_CDNS_7858496189688.
INFO (XSTRM-223): 180. Translating cellView lf11is/Contact/layout as STRUCTURE Contact_CDNS_7858496189692.
INFO (XSTRM-223): 181. Translating cellView lf11is/Contact/layout as STRUCTURE Contact_CDNS_7858496189693.
INFO (XSTRM-223): 182. Translating cellView lf11is/Contact/layout as STRUCTURE Contact_CDNS_7858496189694.
INFO (XSTRM-223): 183. Translating cellView lf11is/AbutContact/layout as STRUCTURE AbutContact_CDNS_7858496189695.
INFO (XSTRM-223): 184. Translating cellView lf11is/AbutContact/layout as STRUCTURE AbutContact_CDNS_7858496189696.
INFO (XSTRM-223): 185. Translating cellView lf11is/AbutContact/layout as STRUCTURE AbutContact_CDNS_7858496189697.
INFO (XSTRM-223): 186. Translating cellView lf11is/AbutContact/layout as STRUCTURE AbutContact_CDNS_7858496189698.
INFO (XSTRM-223): 187. Translating cellView lf11is/Contact/layout as STRUCTURE Contact_CDNS_7858496189699.
INFO (XSTRM-223): 188. Translating cellView lf11is/pnp5ux5u/layout as STRUCTURE pnp5ux5u_CDNS_7858496189691.
INFO (XSTRM-223): 189. Translating cellView lf11is/pnp5ux5u/layout as STRUCTURE pnp5ux5u_CDNS_78584961896100.
INFO (XSTRM-223): 190. Translating cellView lf11is/pnp5ux5u/layout as STRUCTURE pnp5ux5u_CDNS_78584961896101.
INFO (XSTRM-223): 191. Translating cellView REF_GEN/BG_PNP_array/layout as STRUCTURE BG_PNP_array.
INFO (XSTRM-223): 192. Translating cellView lf11is/Contact/layout as STRUCTURE Contact_CDNS_78584961896103.
INFO (XSTRM-223): 193. Translating cellView lf11is/pmos1v2hvt_4/layout as STRUCTURE pmos1v2hvt_4_CDNS_78584961896102.
INFO (XSTRM-223): 194. Translating cellView REF_GEN/BG_TRIM_4_fL/layout as STRUCTURE BG_TRIM_4_fL.
INFO (XSTRM-223): 195. Translating cellView AnaCommon/LS/layout as STRUCTURE LS.
INFO (XSTRM-223): 196. Translating cellView REF_GEN/LS2/layout as STRUCTURE LS2.
INFO (XSTRM-223): 197. Translating cellView REF_GEN/LS3/layout as STRUCTURE LS3.
INFO (XSTRM-223): 198. Translating cellView AnaCommon/Tsw/layout as STRUCTURE Tsw.
INFO (XSTRM-223): 199. Translating stdVia lf11is/M1_M2/layout as STRUCTURE M1_M2_CDNS_7858496189683.
INFO (XSTRM-223): 200. Translating cellView Si3/NO2/layout as STRUCTURE NO2.
INFO (XSTRM-223): 201. Translating cellView lf11is/Contact/layout as STRUCTURE Contact_CDNS_78584961896105.
INFO (XSTRM-223): 202. Translating cellView lf11is/pmos1v2hvt_4/layout as STRUCTURE pmos1v2hvt_4_CDNS_78584961896104.
INFO (XSTRM-223): 203. Translating cellView Si3/IN/layout as STRUCTURE IN.
INFO (XSTRM-223): 204. Translating cellView lf11is/nmos1v2hvt_4/layout as STRUCTURE nmos1v2hvt_4_CDNS_78584961896106.
INFO (XSTRM-223): 205. Translating cellView lf11is/pmos1v2hvt_4/layout as STRUCTURE pmos1v2hvt_4_CDNS_78584961896107.
INFO (XSTRM-223): 206. Translating cellView lf11is/nmos1v2hvt_4/layout as STRUCTURE nmos1v2hvt_4_CDNS_78584961896108.
INFO (XSTRM-223): 207. Translating cellView Si3/NA3/layout as STRUCTURE NA3.
INFO (XSTRM-223): 208. Translating cellView lf11is/pmos1v2hvt_4/layout as STRUCTURE pmos1v2hvt_4_CDNS_78584961896109.
INFO (XSTRM-223): 209. Translating cellView lf11is/pmos1v2hvt_4/layout as STRUCTURE pmos1v2hvt_4_CDNS_78584961896110.
INFO (XSTRM-223): 210. Translating cellView lf11is/nmos1v2hvt_4/layout as STRUCTURE nmos1v2hvt_4_CDNS_78584961896111.
INFO (XSTRM-223): 211. Translating cellView REF_GEN/3to8DeMuxSel/layout as STRUCTURE 3to8DeMuxSel.
INFO (XSTRM-236): A path with a rounded extension, an acute angle or a length segment less than half width is encountered at (9460, 440). This path will be written as a boundary record in the GDS file.
INFO (XSTRM-223): 212. Translating stdVia lf11is/M1_M2/layout as STRUCTURE M1_M2_CDNS_7858496189684.
INFO (XSTRM-223): 213. Translating stdVia lf11is/M1_M2/layout as STRUCTURE M1_M2_CDNS_7858496189685.
INFO (XSTRM-223): 214. Translating stdVia lf11is/M1_M2/layout as STRUCTURE M1_M2_CDNS_7858496189686.
INFO (XSTRM-223): 215. Translating stdVia lf11is/M1_M2/layout as STRUCTURE M1_M2_CDNS_7858496189687.
INFO (XSTRM-223): 216. Translating cellView lf11is/pmos1v2hvt_4/layout as STRUCTURE pmos1v2hvt_4_CDNS_78584961896112.
INFO (XSTRM-223): 217. Translating cellView lf11is/pmos1v2hvt_4/layout as STRUCTURE pmos1v2hvt_4_CDNS_78584961896113.
INFO (XSTRM-223): 218. Translating cellView lf11is/nmos1v2hvt_4/layout as STRUCTURE nmos1v2hvt_4_CDNS_78584961896114.
INFO (XSTRM-223): 219. Translating cellView lf11is/nmos1v2hvt_4/layout as STRUCTURE nmos1v2hvt_4_CDNS_78584961896115.
INFO (XSTRM-223): 220. Translating cellView REF_GEN/mux2_1_fL/layout as STRUCTURE mux2_1_fL.
INFO (XSTRM-223): 221. Translating stdVia lf11is/M2_M3/layout as STRUCTURE M2_M3_CDNS_7858496189688.
INFO (XSTRM-223): 222. Translating stdVia lf11is/M2_M3/layout as STRUCTURE M2_M3_CDNS_7858496189689.
INFO (XSTRM-223): 223. Translating stdVia lf11is/M1_M2/layout as STRUCTURE M1_M2_CDNS_7858496189690.
INFO (XSTRM-223): 224. Translating stdVia lf11is/M2_M3/layout as STRUCTURE M2_M3_CDNS_7858496189691.
INFO (XSTRM-223): 225. Translating stdVia lf11is/M1_M2/layout as STRUCTURE M1_M2_CDNS_7858496189692.
INFO (XSTRM-223): 226. Translating stdVia lf11is/M1_M2/layout as STRUCTURE M1_M2_CDNS_7858496189693.
INFO (XSTRM-223): 227. Translating stdVia lf11is/M1_M2/layout as STRUCTURE M1_M2_CDNS_7858496189694.
INFO (XSTRM-223): 228. Translating cellView lf11is/pmos1v2hvt_4/layout as STRUCTURE pmos1v2hvt_4_CDNS_78584961896116.
INFO (XSTRM-223): 229. Translating cellView lf11is/pmos1v2hvt_4/layout as STRUCTURE pmos1v2hvt_4_CDNS_78584961896117.
INFO (XSTRM-223): 230. Translating cellView lf11is/rnpolym/layout as STRUCTURE rnpolym_CDNS_78584961896118.
INFO (XSTRM-223): 231. Translating cellView lf11is/rnpolym/layout as STRUCTURE rnpolym_CDNS_78584961896119.
INFO (XSTRM-223): 232. Translating cellView lf11is/rnpolym/layout as STRUCTURE rnpolym_CDNS_78584961896120.
INFO (XSTRM-223): 233. Translating cellView lf11is/rnpolym/layout as STRUCTURE rnpolym_CDNS_78584961896121.
INFO (XSTRM-223): 234. Translating cellView lf11is/rnpolym/layout as STRUCTURE rnpolym_CDNS_78584961896122.
INFO (XSTRM-223): 235. Translating cellView lf11is/pmos1v2hvt_4/layout as STRUCTURE pmos1v2hvt_4_CDNS_78584961896123.
INFO (XSTRM-223): 236. Translating cellView REF_GEN/mux8_1p_fL/layout as STRUCTURE mux8_1p_fL.
INFO (XSTRM-223): 237. Translating cellView lf11is/rnpolym/layout as STRUCTURE rnpolym_CDNS_78584961896124.
INFO (XSTRM-223): 238. Translating cellView REF_GEN/trim_res_rnpolyn_2_fL/layout as STRUCTURE trim_res_rnpolyn_2_fL.
INFO (XSTRM-223): 239. Translating cellView REF_GEN/trim_res_array_rn_2_fL/layout as STRUCTURE trim_res_array_rn_2_fL.
INFO (XSTRM-223): 240. Translating cellView lf11is/pmos1v2hvt_4/layout as STRUCTURE pmos1v2hvt_4_CDNS_78584961896125.
INFO (XSTRM-223): 241. Translating cellView Si3/IN2/layout as STRUCTURE IN2.
INFO (XSTRM-223): 242. Translating cellView REF_GEN/inv8_fL/layout as STRUCTURE inv8_fL.
INFO (XSTRM-223): 243. Translating cellView lf11is/Contact/layout as STRUCTURE Contact_CDNS_78584961896127.
INFO (XSTRM-223): 244. Translating cellView lf11is/Contact/layout as STRUCTURE Contact_CDNS_78584961896128.
INFO (XSTRM-223): 245. Translating cellView lf11is/pmos1v2hvt_4/layout as STRUCTURE pmos1v2hvt_4_CDNS_78584961896126.
INFO (XSTRM-223): 246. Translating cellView lf11is/rnpolym/layout as STRUCTURE rnpolym_CDNS_78584961896129.
INFO (XSTRM-223): 247. Translating cellView lf11is/nmos1v2hvt_4/layout as STRUCTURE nmos1v2hvt_4_CDNS_78584961896130.
INFO (XSTRM-223): 248. Translating cellView lf11is/Contact/layout as STRUCTURE Contact_CDNS_78584961896132.
INFO (XSTRM-223): 249. Translating cellView lf11is/Contact/layout as STRUCTURE Contact_CDNS_78584961896133.
INFO (XSTRM-223): 250. Translating cellView lf11is/nmos1v2hvt_4/layout as STRUCTURE nmos1v2hvt_4_CDNS_78584961896131.
INFO (XSTRM-223): 251. Translating cellView lf11is/pmos1v2hvt_4/layout as STRUCTURE pmos1v2hvt_4_CDNS_78584961896134.
INFO (XSTRM-223): 252. Translating cellView lf11is/Contact/layout as STRUCTURE Contact_CDNS_78584961896136.
INFO (XSTRM-223): 253. Translating cellView lf11is/AbutContact/layout as STRUCTURE AbutContact_CDNS_78584961896137.
INFO (XSTRM-223): 254. Translating cellView lf11is/nmos1v2hvt_4/layout as STRUCTURE nmos1v2hvt_4_CDNS_78584961896135.
INFO (XSTRM-223): 255. Translating cellView lf11is/rnpolym/layout as STRUCTURE rnpolym_CDNS_78584961896138.
INFO (XSTRM-223): 256. Translating cellView lf11is/Contact/layout as STRUCTURE Contact_CDNS_78584961896140.
INFO (XSTRM-223): 257. Translating cellView lf11is/AbutContact/layout as STRUCTURE AbutContact_CDNS_78584961896141.
INFO (XSTRM-223): 258. Translating cellView lf11is/pmos1v2hvt_4/layout as STRUCTURE pmos1v2hvt_4_CDNS_78584961896139.
INFO (XSTRM-223): 259. Translating cellView lf11is/Contact/layout as STRUCTURE Contact_CDNS_78584961896143.
INFO (XSTRM-223): 260. Translating cellView lf11is/pmos1v2hvt_4/layout as STRUCTURE pmos1v2hvt_4_CDNS_78584961896142.
INFO (XSTRM-223): 261. Translating cellView lf11is/Contact/layout as STRUCTURE Contact_CDNS_78584961896145.
INFO (XSTRM-223): 262. Translating cellView lf11is/pmos1v2hvt_4/layout as STRUCTURE pmos1v2hvt_4_CDNS_78584961896144.
INFO (XSTRM-223): 263. Translating cellView REF_GEN/REF_V5_fLC/layout as STRUCTURE REF_V5_fLC.
INFO (XSTRM-223): 264. Translating cellView REF_GEN/LS1/layout as STRUCTURE LS1.
INFO (XSTRM-223): 265. Translating cellView lf11is/RectC/layout as STRUCTURE RectC_CDNS_78584961896148.
INFO (XSTRM-223): 266. Translating cellView lf11is/ArrayInstContact/layout as STRUCTURE ArrayInstContact_CDNS_78584961896147.
INFO (XSTRM-223): 267. Translating cellView lf11is/dnppw1v2/layout as STRUCTURE dnppw1v2_CDNS_78584961896146.
INFO (XSTRM-223): 268. Translating cellView REF_GEN/REF_GEN_fL_2/layout as STRUCTURE REF_GEN_fL_2.

Summary of Objects Translated:
	Scalar Instances:                       1870
	Array Instances:                        1
	Polygons:                               116
	Paths:                                  51
	Rectangles:                             22742
	Lines:                                  0
	Arcs:                                   0
	Donuts:                                 0
	Dots:                                   0
	Ellipses:                               0
	Boundaries:                             0
	Area Blockages:                         0
	Layer Blockages:                        0
	Area Halos:                             0
	Markers:                                0
	Rows:                                   0
	Standard Vias                           1292
	Custom Vias:                            0
	CdsGen Vias:                            0
	Pathsegs:                               3508
	Text:                                   338
	TextDisplay:                            0
	Cells:                                  268

Elapsed Time: 1.7s   User Time: 1.6s   CPU Time: 0.1s   Peak VM: 49596KB
INFO (XSTRM-234): Translation completed. '0' error(s) and '1' warning(s) found.
